159.89.143.221 - - [19/Aug/2023:00:00:20 +0000] "CONNECT k9win.agency:443:443 HTTP/1.1" 400 -
138.197.28.9 - - [19/Aug/2023:00:00:25 +0000] "CONNECT play.rikvip.net:443:443 HTTP/1.1" 400 -
159.89.136.29 - - [19/Aug/2023:00:00:37 +0000] "CONNECT test.lo88.org:443:443 HTTP/1.1" 400 -
159.89.136.29 - - [19/Aug/2023:00:00:47 +0000] "CONNECT test.lo88.org:443:443 HTTP/1.1" 400 -
159.89.143.238 - - [19/Aug/2023:00:00:56 +0000] "CONNECT vnew88.com:443:443 HTTP/1.1" 400 -
159.89.136.29 - - [19/Aug/2023:00:01:07 +0000] "CONNECT shop2fa.com:443:443 HTTP/1.1" 400 -
159.89.136.29 - - [19/Aug/2023:00:02:15 +0000] "CONNECT lo88.org:443:443 HTTP/1.1" 400 -
159.89.143.238 - - [19/Aug/2023:00:02:17 +0000] "CONNECT vnew88.com:443:443 HTTP/1.1" 400 -
138.197.28.9 - - [19/Aug/2023:00:02:24 +0000] "CONNECT play.rikvip.net:443:443 HTTP/1.1" 400 -
159.89.136.29 - - [19/Aug/2023:00:02:44 +0000] "CONNECT sumvip3.club:443:443 HTTP/1.1" 400 -
159.89.136.29 - - [19/Aug/2023:00:02:59 +0000] "CONNECT sumvip3.club:443:443 HTTP/1.1" 400 -
138.197.28.9 - - [19/Aug/2023:00:03:15 +0000] "CONNECT play.rikvip.net:443:443 HTTP/1.1" 400 -
159.89.143.221 - - [19/Aug/2023:00:03:25 +0000] "CONNECT k9win.agency:443:443 HTTP/1.1" 400 -
159.89.143.238 - - [19/Aug/2023:00:03:33 +0000] "CONNECT vnew88.com:443:443 HTTP/1.1" 400 -
159.89.143.238 - - [19/Aug/2023:00:03:34 +0000] "CONNECT vnew88.com:443:443 HTTP/1.1" 400 -
159.89.136.29 - - [19/Aug/2023:00:03:57 +0000] "CONNECT k9win.agency:443:443 HTTP/1.1" 400 -
159.89.136.29 - - [19/Aug/2023:00:03:59 +0000] "CONNECT sumvip3.club:443:443 HTTP/1.1" 400 -
159.89.136.29 - - [19/Aug/2023:00:04:00 +0000] "CONNECT k9win.agency:443:443 HTTP/1.1" 400 -
159.89.136.29 - - [19/Aug/2023:00:04:08 +0000] "CONNECT test.lo88.org:443:443 HTTP/1.1" 400 -
138.197.28.9 - - [19/Aug/2023:00:04:12 +0000] "CONNECT play.rikvip.net:443:443 HTTP/1.1" 400 -
159.89.136.29 - - [19/Aug/2023:00:04:20 +0000] "CONNECT lo88.org:443:443 HTTP/1.1" 400 -
159.89.143.221 - - [19/Aug/2023:00:04:20 +0000] "CONNECT sumvip3.club:443:443 HTTP/1.1" 400 -
159.89.143.221 - - [19/Aug/2023:00:04:46 +0000] "CONNECT jokercard.net:443:443 HTTP/1.1" 400 -
159.89.143.221 - - [19/Aug/2023:00:04:51 +0000] "CONNECT lo88.org:443:443 HTTP/1.1" 400 -
159.89.136.29 - - [19/Aug/2023:00:05:03 +0000] "CONNECT sumvip3.club:443:443 HTTP/1.1" 400 -
159.89.136.29 - - [19/Aug/2023:00:05:03 +0000] "CONNECT sumvip3.club:443:443 HTTP/1.1" 400 -
159.89.143.221 - - [19/Aug/2023:00:05:03 +0000] "CONNECT sumvip3.club:443:443 HTTP/1.1" 400 -
159.89.136.29 - - [19/Aug/2023:00:05:25 +0000] "CONNECT jokercard.net:443:443 HTTP/1.1" 400 -
138.197.28.9 - - [19/Aug/2023:00:05:26 +0000] "CONNECT play.rikvip.net:443:443 HTTP/1.1" 400 -
159.89.136.29 - - [19/Aug/2023:00:05:41 +0000] "CONNECT lo88.org:443:443 HTTP/1.1" 400 -
138.197.28.9 - - [19/Aug/2023:00:05:49 +0000] "CONNECT play.rikvip.net:443:443 HTTP/1.1" 400 -
159.89.136.29 - - [19/Aug/2023:00:06:02 +0000] "CONNECT k9win.agency:443:443 HTTP/1.1" 400 -
159.89.143.238 - - [19/Aug/2023:00:06:20 +0000] "CONNECT vnew88.com:443:443 HTTP/1.1" 400 -
159.89.143.221 - - [19/Aug/2023:00:06:22 +0000] "CONNECT jokercard.net:443:443 HTTP/1.1" 400 -
159.89.143.221 - - [19/Aug/2023:00:06:23 +0000] "CONNECT sumvip3.club:443:443 HTTP/1.1" 400 -
159.89.143.238 - - [19/Aug/2023:00:06:29 +0000] "CONNECT vnew88.com:443:443 HTTP/1.1" 400 -
138.197.28.9 - - [19/Aug/2023:00:06:35 +0000] "CONNECT play.rikvip.net:443:443 HTTP/1.1" 400 -
159.89.143.221 - - [19/Aug/2023:00:06:53 +0000] "CONNECT k9win.agency:443:443 HTTP/1.1" 400 -
159.89.143.221 - - [19/Aug/2023:00:06:59 +0000] "CONNECT sumvip3.club:443:443 HTTP/1.1" 400 -
159.89.143.238 - - [19/Aug/2023:00:07:11 +0000] "CONNECT vnew88.com:443:443 HTTP/1.1" 400 -
159.89.136.29 - - [19/Aug/2023:00:07:14 +0000] "CONNECT jokercard.net:443:443 HTTP/1.1" 400 -
159.89.143.238 - - [19/Aug/2023:00:07:24 +0000] "CONNECT vnew88.com:443:443 HTTP/1.1" 400 -
159.89.143.238 - - [19/Aug/2023:00:07:30 +0000] "CONNECT vnew88.com:443:443 HTTP/1.1" 400 -
159.89.143.221 - - [19/Aug/2023:00:08:05 +0000] "CONNECT k9win.agency:443:443 HTTP/1.1" 400 -
159.89.143.238 - - [19/Aug/2023:00:08:09 +0000] "CONNECT vnew88.com:443:443 HTTP/1.1" 400 -
159.89.143.238 - - [19/Aug/2023:00:08:31 +0000] "CONNECT vnew88.com:443:443 HTTP/1.1" 400 -
159.89.143.238 - - [19/Aug/2023:00:08:51 +0000] "CONNECT vnew88.com:443:443 HTTP/1.1" 400 -
159.89.143.238 - - [19/Aug/2023:00:09:04 +0000] "CONNECT vnew88.com:443:443 HTTP/1.1" 400 -
159.89.143.221 - - [19/Aug/2023:00:09:10 +0000] "CONNECT k9win.agency:443:443 HTTP/1.1" 400 -
138.197.28.9 - - [19/Aug/2023:00:09:43 +0000] "CONNECT play.rikvip.net:443:443 HTTP/1.1" 400 -
159.89.136.29 - - [19/Aug/2023:00:10:22 +0000] "CONNECT sumvip3.club:443:443 HTTP/1.1" 400 -
159.89.143.238 - - [19/Aug/2023:00:10:33 +0000] "CONNECT lo88.org:443:443 HTTP/1.1" 400 -
159.89.136.29 - - [19/Aug/2023:00:10:34 +0000] "CONNECT lo88.org:443:443 HTTP/1.1" 400 -
159.89.143.238 - - [19/Aug/2023:00:10:42 +0000] "CONNECT sumvip3.club:443:443 HTTP/1.1" 400 -
159.89.143.221 - - [19/Aug/2023:00:10:55 +0000] "CONNECT test.lo88.org:443:443 HTTP/1.1" 400 -
159.89.143.238 - - [19/Aug/2023:00:10:58 +0000] "CONNECT vnew88.com:443:443 HTTP/1.1" 400 -
159.89.143.221 - - [19/Aug/2023:00:11:08 +0000] "CONNECT lo88.org:443:443 HTTP/1.1" 400 -
159.89.143.221 - - [19/Aug/2023:00:11:10 +0000] "CONNECT k9win.agency:443:443 HTTP/1.1" 400 -
159.89.136.29 - - [19/Aug/2023:00:11:12 +0000] "CONNECT jokercard.net:443:443 HTTP/1.1" 400 -
159.89.143.238 - - [19/Aug/2023:00:11:14 +0000] "CONNECT vnew88.com:443:443 HTTP/1.1" 400 -
159.89.143.238 - - [19/Aug/2023:00:11:25 +0000] "CONNECT vnew88.com:443:443 HTTP/1.1" 400 -
159.89.143.238 - - [19/Aug/2023:00:11:42 +0000] "CONNECT vnew88.com:443:443 HTTP/1.1" 400 -
138.197.28.9 - - [19/Aug/2023:00:11:55 +0000] "CONNECT play.rikvip.net:443:443 HTTP/1.1" 400 -
159.89.143.238 - - [19/Aug/2023:00:11:57 +0000] "CONNECT vnew88.com:443:443 HTTP/1.1" 400 -
159.89.143.221 - - [19/Aug/2023:00:12:09 +0000] "CONNECT lo88.org:443:443 HTTP/1.1" 400 -
159.89.143.238 - - [19/Aug/2023:00:12:13 +0000] "CONNECT vnew88.com:443:443 HTTP/1.1" 400 -
138.197.28.9 - - [19/Aug/2023:00:12:46 +0000] "CONNECT play.rikvip.net:443:443 HTTP/1.1" 400 -
159.89.143.221 - - [19/Aug/2023:00:12:57 +0000] "CONNECT sumvip3.club:443:443 HTTP/1.1" 400 -
159.89.143.221 - - [19/Aug/2023:00:13:02 +0000] "CONNECT lo88.org:443:443 HTTP/1.1" 400 -
159.89.143.221 - - [19/Aug/2023:00:13:10 +0000] "CONNECT lo88.org:443:443 HTTP/1.1" 400 -
159.89.143.221 - - [19/Aug/2023:00:13:17 +0000] "CONNECT k9win.agency:443:443 HTTP/1.1" 400 -
159.89.143.221 - - [19/Aug/2023:00:13:17 +0000] "CONNECT lo88.org:443:443 HTTP/1.1" 400 -
159.89.136.29 - - [19/Aug/2023:00:13:40 +0000] "CONNECT k9win.agency:443:443 HTTP/1.1" 400 -
159.89.136.29 - - [19/Aug/2023:00:13:49 +0000] "CONNECT lo88.org:443:443 HTTP/1.1" 400 -
159.89.143.238 - - [19/Aug/2023:00:14:04 +0000] "CONNECT vnew88.com:443:443 HTTP/1.1" 400 -
198.235.24.26 - - [19/Aug/2023:00:14:15 +0000] "-" 400 -
159.89.143.238 - - [19/Aug/2023:00:14:33 +0000] "CONNECT vnew88.com:443:443 HTTP/1.1" 400 -
138.197.28.9 - - [19/Aug/2023:00:14:44 +0000] "CONNECT play.rikvip.net:443:443 HTTP/1.1" 400 -
159.89.143.221 - - [19/Aug/2023:00:14:55 +0000] "CONNECT test.lo88.org:443:443 HTTP/1.1" 400 -
159.89.143.238 - - [19/Aug/2023:00:15:09 +0000] "CONNECT test.lo88.org:443:443 HTTP/1.1" 400 -
159.89.136.29 - - [19/Aug/2023:00:15:13 +0000] "CONNECT shop2fa.com:443:443 HTTP/1.1" 400 -
138.197.28.9 - - [19/Aug/2023:00:15:24 +0000] "CONNECT play.rikvip.net:443:443 HTTP/1.1" 400 -
159.89.143.238 - - [19/Aug/2023:00:15:31 +0000] "CONNECT test.lo88.org:443:443 HTTP/1.1" 400 -
159.89.136.29 - - [19/Aug/2023:00:15:40 +0000] "CONNECT shop2fa.com:443:443 HTTP/1.1" 400 -
138.197.28.9 - - [19/Aug/2023:00:15:46 +0000] "CONNECT play.rikvip.net:443:443 HTTP/1.1" 400 -
159.89.136.29 - - [19/Aug/2023:00:15:49 +0000] "CONNECT lo88.org:443:443 HTTP/1.1" 400 -
159.89.136.29 - - [19/Aug/2023:00:15:56 +0000] "CONNECT k9win.agency:443:443 HTTP/1.1" 400 -
159.89.143.238 - - [19/Aug/2023:00:16:06 +0000] "CONNECT vnew88.com:443:443 HTTP/1.1" 400 -
159.89.143.238 - - [19/Aug/2023:00:16:09 +0000] "CONNECT vnew88.com:443:443 HTTP/1.1" 400 -
159.89.136.29 - - [19/Aug/2023:00:16:10 +0000] "CONNECT test.lo88.org:443:443 HTTP/1.1" 400 -
159.89.143.238 - - [19/Aug/2023:00:16:11 +0000] "CONNECT vnew88.com:443:443 HTTP/1.1" 400 -
159.89.143.238 - - [19/Aug/2023:00:16:33 +0000] "CONNECT vnew88.com:443:443 HTTP/1.1" 400 -
159.89.143.238 - - [19/Aug/2023:00:16:34 +0000] "CONNECT vnew88.com:443:443 HTTP/1.1" 400 -
159.89.136.29 - - [19/Aug/2023:00:16:35 +0000] "CONNECT test.lo88.org:443:443 HTTP/1.1" 400 -
159.89.143.238 - - [19/Aug/2023:00:16:43 +0000] "CONNECT vnew88.com:443:443 HTTP/1.1" 400 -
159.89.143.221 - - [19/Aug/2023:00:16:46 +0000] "CONNECT sumvip3.club:443:443 HTTP/1.1" 400 -
159.89.136.29 - - [19/Aug/2023:00:17:02 +0000] "CONNECT k9win.agency:443:443 HTTP/1.1" 400 -
159.89.143.221 - - [19/Aug/2023:00:17:20 +0000] "CONNECT lo88.org:443:443 HTTP/1.1" 400 -
159.89.143.238 - - [19/Aug/2023:00:17:48 +0000] "CONNECT vnew88.com:443:443 HTTP/1.1" 400 -
159.89.143.238 - - [19/Aug/2023:00:18:18 +0000] "CONNECT vnew88.com:443:443 HTTP/1.1" 400 -
138.197.28.9 - - [19/Aug/2023:00:18:18 +0000] "CONNECT play.rikvip.net:443:443 HTTP/1.1" 400 -
159.89.136.29 - - [19/Aug/2023:00:18:50 +0000] "CONNECT lo88.org:443:443 HTTP/1.1" 400 -
159.89.136.29 - - [19/Aug/2023:00:18:59 +0000] "CONNECT app.level.finance:443:443 HTTP/1.1" 400 -
159.89.143.221 - - [19/Aug/2023:00:18:59 +0000] "CONNECT sumvip3.club:443:443 HTTP/1.1" 400 -
159.89.136.29 - - [19/Aug/2023:00:19:09 +0000] "CONNECT lo88.org:443:443 HTTP/1.1" 400 -
159.89.143.221 - - [19/Aug/2023:00:19:17 +0000] "CONNECT app.level.finance:443:443 HTTP/1.1" 400 -
159.89.143.238 - - [19/Aug/2023:00:19:29 +0000] "CONNECT vnew88.com:443:443 HTTP/1.1" 400 -
159.89.136.29 - - [19/Aug/2023:00:19:35 +0000] "CONNECT app.level.finance:443:443 HTTP/1.1" 400 -
159.89.143.221 - - [19/Aug/2023:00:19:45 +0000] "CONNECT app.level.finance:443:443 HTTP/1.1" 400 -
159.89.143.221 - - [19/Aug/2023:00:19:49 +0000] "CONNECT lo88.org:443:443 HTTP/1.1" 400 -
159.89.143.238 - - [19/Aug/2023:00:19:59 +0000] "CONNECT vnew88.com:443:443 HTTP/1.1" 400 -
159.89.143.238 - - [19/Aug/2023:00:20:23 +0000] "CONNECT vnew88.com:443:443 HTTP/1.1" 400 -
159.89.136.29 - - [19/Aug/2023:00:20:26 +0000] "CONNECT test.lo88.org:443:443 HTTP/1.1" 400 -
159.89.143.221 - - [19/Aug/2023:00:20:57 +0000] "CONNECT test.lo88.org:443:443 HTTP/1.1" 400 -
159.89.143.238 - - [19/Aug/2023:00:21:00 +0000] "CONNECT vnew88.com:443:443 HTTP/1.1" 400 -
159.89.143.238 - - [19/Aug/2023:00:21:09 +0000] "CONNECT vnew88.com:443:443 HTTP/1.1" 400 -
159.89.143.238 - - [19/Aug/2023:00:21:13 +0000] "CONNECT vnew88.com:443:443 HTTP/1.1" 400 -
159.89.143.238 - - [19/Aug/2023:00:21:18 +0000] "CONNECT vnew88.com:443:443 HTTP/1.1" 400 -
159.89.143.238 - - [19/Aug/2023:00:21:25 +0000] "CONNECT vnew88.com:443:443 HTTP/1.1" 400 -
159.89.143.238 - - [19/Aug/2023:00:21:36 +0000] "CONNECT vnew88.com:443:443 HTTP/1.1" 400 -
159.89.143.238 - - [19/Aug/2023:00:21:59 +0000] "CONNECT vnew88.com:443:443 HTTP/1.1" 400 -
159.89.143.238 - - [19/Aug/2023:00:22:01 +0000] "CONNECT vnew88.com:443:443 HTTP/1.1" 400 -
159.89.143.221 - - [19/Aug/2023:00:22:03 +0000] "CONNECT test.lo88.org:443:443 HTTP/1.1" 400 -
159.89.136.29 - - [19/Aug/2023:00:22:24 +0000] "CONNECT sumvip3.club:443:443 HTTP/1.1" 400 -
159.89.143.238 - - [19/Aug/2023:00:23:01 +0000] "CONNECT vnew88.com:443:443 HTTP/1.1" 400 -
159.89.143.221 - - [19/Aug/2023:00:23:27 +0000] "CONNECT test.lo88.org:443:443 HTTP/1.1" 400 -
159.89.143.238 - - [19/Aug/2023:00:23:44 +0000] "CONNECT vnew88.com:443:443 HTTP/1.1" 400 -
159.89.136.29 - - [19/Aug/2023:00:23:48 +0000] "CONNECT k9win.agency:443:443 HTTP/1.1" 400 -
159.89.143.221 - - [19/Aug/2023:00:23:48 +0000] "CONNECT test.lo88.org:443:443 HTTP/1.1" 400 -
159.89.136.29 - - [19/Aug/2023:00:24:01 +0000] "CONNECT test.lo88.org:443:443 HTTP/1.1" 400 -
138.197.28.9 - - [19/Aug/2023:00:24:04 +0000] "CONNECT play.rikvip.net:443:443 HTTP/1.1" 400 -
138.197.28.9 - - [19/Aug/2023:00:24:05 +0000] "CONNECT play.rikvip.net:443:443 HTTP/1.1" 400 -
159.89.143.238 - - [19/Aug/2023:00:24:08 +0000] "CONNECT www.jeancoutu.com:443:443 HTTP/1.1" 400 -
159.89.143.221 - - [19/Aug/2023:00:24:29 +0000] "CONNECT k9win.agency:443:443 HTTP/1.1" 400 -
159.89.136.29 - - [19/Aug/2023:00:24:37 +0000] "CONNECT lo88.org:443:443 HTTP/1.1" 400 -
138.197.28.9 - - [19/Aug/2023:00:24:46 +0000] "CONNECT play.rikvip.net:443:443 HTTP/1.1" 400 -
138.197.28.9 - - [19/Aug/2023:00:24:47 +0000] "CONNECT play.rikvip.net:443:443 HTTP/1.1" 400 -
159.89.143.221 - - [19/Aug/2023:00:24:50 +0000] "CONNECT lo88.org:443:443 HTTP/1.1" 400 -
159.89.143.238 - - [19/Aug/2023:00:24:52 +0000] "CONNECT vnew88.com:443:443 HTTP/1.1" 400 -
159.89.143.221 - - [19/Aug/2023:00:24:57 +0000] "CONNECT sumvip3.club:443:443 HTTP/1.1" 400 -
159.89.143.238 - - [19/Aug/2023:00:25:01 +0000] "CONNECT vnew88.com:443:443 HTTP/1.1" 400 -
159.89.143.238 - - [19/Aug/2023:00:25:04 +0000] "CONNECT vnew88.com:443:443 HTTP/1.1" 400 -
159.89.143.221 - - [19/Aug/2023:00:25:13 +0000] "CONNECT test.lo88.org:443:443 HTTP/1.1" 400 -
159.89.143.238 - - [19/Aug/2023:00:25:24 +0000] "CONNECT vnew88.com:443:443 HTTP/1.1" 400 -
125.167.116.46 - - [19/Aug/2023:00:25:36 +0000] "GET / HTTP/1.1" 200 11217
159.89.143.221 - - [19/Aug/2023:00:25:37 +0000] "CONNECT k9win.agency:443:443 HTTP/1.1" 400 -
159.89.143.238 - - [19/Aug/2023:00:25:38 +0000] "CONNECT lo88.org:443:443 HTTP/1.1" 400 -
159.89.136.29 - - [19/Aug/2023:00:25:39 +0000] "CONNECT sumvip3.club:443:443 HTTP/1.1" 400 -
159.89.136.29 - - [19/Aug/2023:00:25:43 +0000] "CONNECT lo88.org:443:443 HTTP/1.1" 400 -
159.89.136.29 - - [19/Aug/2023:00:25:47 +0000] "CONNECT jokercard.net:443:443 HTTP/1.1" 400 -
159.89.143.238 - - [19/Aug/2023:00:26:01 +0000] "CONNECT vnew88.com:443:443 HTTP/1.1" 400 -
159.89.143.221 - - [19/Aug/2023:00:26:07 +0000] "CONNECT test.lo88.org:443:443 HTTP/1.1" 400 -
159.89.143.238 - - [19/Aug/2023:00:26:11 +0000] "CONNECT vnew88.com:443:443 HTTP/1.1" 400 -
159.89.136.29 - - [19/Aug/2023:00:26:22 +0000] "CONNECT lo88.org:443:443 HTTP/1.1" 400 -
138.197.28.9 - - [19/Aug/2023:00:26:24 +0000] "CONNECT play.rikvip.net:443:443 HTTP/1.1" 400 -
159.89.143.238 - - [19/Aug/2023:00:26:31 +0000] "CONNECT vnew88.com:443:443 HTTP/1.1" 400 -
159.89.143.238 - - [19/Aug/2023:00:26:33 +0000] "CONNECT vnew88.com:443:443 HTTP/1.1" 400 -
159.89.136.29 - - [19/Aug/2023:00:26:37 +0000] "CONNECT jokercard.net:443:443 HTTP/1.1" 400 -
138.197.28.9 - - [19/Aug/2023:00:26:47 +0000] "CONNECT play.rikvip.net:443:443 HTTP/1.1" 400 -
159.89.143.221 - - [19/Aug/2023:00:27:28 +0000] "CONNECT lo88.org:443:443 HTTP/1.1" 400 -
159.89.136.29 - - [19/Aug/2023:00:27:39 +0000] "CONNECT sumvip3.club:443:443 HTTP/1.1" 400 -
159.89.143.238 - - [19/Aug/2023:00:27:54 +0000] "CONNECT vnew88.com:443:443 HTTP/1.1" 400 -
159.89.136.29 - - [19/Aug/2023:00:28:07 +0000] "CONNECT k9win.agency:443:443 HTTP/1.1" 400 -
159.89.136.29 - - [19/Aug/2023:00:28:09 +0000] "CONNECT k9win.agency:443:443 HTTP/1.1" 400 -
159.89.143.221 - - [19/Aug/2023:00:28:17 +0000] "CONNECT test.lo88.org:443:443 HTTP/1.1" 400 -
159.89.143.238 - - [19/Aug/2023:00:28:30 +0000] "CONNECT vnew88.com:443:443 HTTP/1.1" 400 -
159.89.136.29 - - [19/Aug/2023:00:28:45 +0000] "CONNECT lo88.org:443:443 HTTP/1.1" 400 -
159.89.143.238 - - [19/Aug/2023:00:29:15 +0000] "CONNECT vnew88.com:443:443 HTTP/1.1" 400 -
159.89.143.238 - - [19/Aug/2023:00:29:39 +0000] "CONNECT vnew88.com:443:443 HTTP/1.1" 400 -
159.89.143.238 - - [19/Aug/2023:00:30:06 +0000] "CONNECT vnew88.com:443:443 HTTP/1.1" 400 -
138.197.28.9 - - [19/Aug/2023:00:30:19 +0000] "CONNECT play.rikvip.net:443:443 HTTP/1.1" 400 -
159.89.136.29 - - [19/Aug/2023:00:30:22 +0000] "CONNECT lo88.org:443:443 HTTP/1.1" 400 -
159.89.143.238 - - [19/Aug/2023:00:30:27 +0000] "CONNECT vnew88.com:443:443 HTTP/1.1" 400 -
159.89.143.238 - - [19/Aug/2023:00:30:27 +0000] "CONNECT test.lo88.org:443:443 HTTP/1.1" 400 -
159.89.143.238 - - [19/Aug/2023:00:30:36 +0000] "CONNECT lo88.org:443:443 HTTP/1.1" 400 -
159.89.143.221 - - [19/Aug/2023:00:30:37 +0000] "CONNECT anonfiles.com:443:443 HTTP/1.1" 400 -
159.89.143.221 - - [19/Aug/2023:00:30:48 +0000] "CONNECT shop2fa.com:443:443 HTTP/1.1" 400 -
159.89.143.238 - - [19/Aug/2023:00:30:51 +0000] "CONNECT vnew88.com:443:443 HTTP/1.1" 400 -
159.89.143.221 - - [19/Aug/2023:00:30:51 +0000] "CONNECT k9win.agency:443:443 HTTP/1.1" 400 -
159.89.136.29 - - [19/Aug/2023:00:30:59 +0000] "CONNECT test.lo88.org:443:443 HTTP/1.1" 400 -
159.89.143.238 - - [19/Aug/2023:00:31:03 +0000] "CONNECT vnew88.com:443:443 HTTP/1.1" 400 -
159.89.136.29 - - [19/Aug/2023:00:31:33 +0000] "CONNECT k9win.agency:443:443 HTTP/1.1" 400 -
159.89.143.238 - - [19/Aug/2023:00:31:42 +0000] "CONNECT vnew88.com:443:443 HTTP/1.1" 400 -
159.89.143.238 - - [19/Aug/2023:00:32:20 +0000] "CONNECT vnew88.com:443:443 HTTP/1.1" 400 -
159.89.143.238 - - [19/Aug/2023:00:32:24 +0000] "CONNECT 4glade.xyz:443:443 HTTP/1.1" 400 -
159.89.143.238 - - [19/Aug/2023:00:32:24 +0000] "CONNECT vnew88.com:443:443 HTTP/1.1" 400 -
159.89.143.221 - - [19/Aug/2023:00:32:36 +0000] "CONNECT test.lo88.org:443:443 HTTP/1.1" 400 -
159.89.143.238 - - [19/Aug/2023:00:32:39 +0000] "CONNECT vnew88.com:443:443 HTTP/1.1" 400 -
159.89.136.29 - - [19/Aug/2023:00:32:47 +0000] "CONNECT 4glade.xyz:443:443 HTTP/1.1" 400 -
159.89.143.238 - - [19/Aug/2023:00:32:56 +0000] "CONNECT vnew88.com:443:443 HTTP/1.1" 400 -
159.89.143.221 - - [19/Aug/2023:00:33:04 +0000] "CONNECT 4glade.xyz:443:443 HTTP/1.1" 400 -
159.89.143.221 - - [19/Aug/2023:00:33:04 +0000] "CONNECT 4glade.xyz:443:443 HTTP/1.1" 400 -
159.89.136.29 - - [19/Aug/2023:00:33:10 +0000] "CONNECT lo88.org:443:443 HTTP/1.1" 400 -
138.197.28.9 - - [19/Aug/2023:00:33:14 +0000] "CONNECT play.rikvip.net:443:443 HTTP/1.1" 400 -
159.89.143.221 - - [19/Aug/2023:00:33:22 +0000] "CONNECT sumvip3.club:443:443 HTTP/1.1" 400 -
209.141.40.248 - - [19/Aug/2023:00:33:26 +0000] "CONNECT ip138.com:443 HTTP/1.1" 400 -
159.89.143.238 - - [19/Aug/2023:00:33:29 +0000] "CONNECT vnew88.com:443:443 HTTP/1.1" 400 -
159.89.143.221 - - [19/Aug/2023:00:33:35 +0000] "CONNECT 4glade.xyz:443:443 HTTP/1.1" 400 -
159.89.143.221 - - [19/Aug/2023:00:33:50 +0000] "CONNECT 4glade.xyz:443:443 HTTP/1.1" 400 -
159.89.143.221 - - [19/Aug/2023:00:33:52 +0000] "CONNECT lo88.org:443:443 HTTP/1.1" 400 -
159.89.143.238 - - [19/Aug/2023:00:34:02 +0000] "CONNECT vnew88.com:443:443 HTTP/1.1" 400 -
159.89.136.29 - - [19/Aug/2023:00:34:33 +0000] "CONNECT 4glade.xyz:443:443 HTTP/1.1" 400 -
159.89.143.221 - - [19/Aug/2023:00:34:44 +0000] "CONNECT k9win.agency:443:443 HTTP/1.1" 400 -
138.197.28.9 - - [19/Aug/2023:00:35:02 +0000] "CONNECT play.rikvip.net:443:443 HTTP/1.1" 400 -
159.89.143.238 - - [19/Aug/2023:00:35:10 +0000] "CONNECT vnew88.com:443:443 HTTP/1.1" 400 -
159.89.143.221 - - [19/Aug/2023:00:35:14 +0000] "CONNECT k9win.agency:443:443 HTTP/1.1" 400 -
159.89.136.29 - - [19/Aug/2023:00:35:14 +0000] "CONNECT test.lo88.org:443:443 HTTP/1.1" 400 -
138.197.28.9 - - [19/Aug/2023:00:35:19 +0000] "CONNECT play.rikvip.net:443:443 HTTP/1.1" 400 -
159.89.143.238 - - [19/Aug/2023:00:35:26 +0000] "CONNECT vnew88.com:443:443 HTTP/1.1" 400 -
159.89.136.29 - - [19/Aug/2023:00:35:38 +0000] "CONNECT jokercard.net:443:443 HTTP/1.1" 400 -
159.89.136.29 - - [19/Aug/2023:00:35:55 +0000] "CONNECT test.lo88.org:443:443 HTTP/1.1" 400 -
159.89.136.29 - - [19/Aug/2023:00:35:57 +0000] "CONNECT k9win.agency:443:443 HTTP/1.1" 400 -
159.89.143.238 - - [19/Aug/2023:00:36:01 +0000] "CONNECT vnew88.com:443:443 HTTP/1.1" 400 -
159.89.143.238 - - [19/Aug/2023:00:36:03 +0000] "CONNECT vnew88.com:443:443 HTTP/1.1" 400 -
138.197.28.9 - - [19/Aug/2023:00:36:11 +0000] "CONNECT play.rikvip.net:443:443 HTTP/1.1" 400 -
159.89.143.221 - - [19/Aug/2023:00:36:15 +0000] "CONNECT jokercard.net:443:443 HTTP/1.1" 400 -
138.197.28.9 - - [19/Aug/2023:00:36:16 +0000] "CONNECT play.rikvip.net:443:443 HTTP/1.1" 400 -
159.89.143.221 - - [19/Aug/2023:00:36:19 +0000] "CONNECT sumvip3.club:443:443 HTTP/1.1" 400 -
159.89.143.238 - - [19/Aug/2023:00:36:24 +0000] "CONNECT vnew88.com:443:443 HTTP/1.1" 400 -
159.89.143.221 - - [19/Aug/2023:00:36:29 +0000] "CONNECT jokercard.net:443:443 HTTP/1.1" 400 -
159.89.136.29 - - [19/Aug/2023:00:36:30 +0000] "CONNECT jokercard.net:443:443 HTTP/1.1" 400 -
159.89.143.221 - - [19/Aug/2023:00:36:37 +0000] "CONNECT k9win.agency:443:443 HTTP/1.1" 400 -
159.89.143.238 - - [19/Aug/2023:00:36:41 +0000] "CONNECT vnew88.com:443:443 HTTP/1.1" 400 -
159.89.143.238 - - [19/Aug/2023:00:36:43 +0000] "CONNECT vnew88.com:443:443 HTTP/1.1" 400 -
159.89.136.29 - - [19/Aug/2023:00:36:49 +0000] "CONNECT jokercard.net:443:443 HTTP/1.1" 400 -
138.197.28.9 - - [19/Aug/2023:00:36:50 +0000] "CONNECT play.rikvip.net:443:443 HTTP/1.1" 400 -
159.89.143.238 - - [19/Aug/2023:00:36:53 +0000] "CONNECT vnew88.com:443:443 HTTP/1.1" 400 -
159.89.143.238 - - [19/Aug/2023:00:37:00 +0000] "CONNECT vnew88.com:443:443 HTTP/1.1" 400 -
159.89.136.33 - - [19/Aug/2023:00:37:19 +0000] "CONNECT 51.79.243.160:443:443 HTTP/1.1" 400 -
159.89.136.33 - - [19/Aug/2023:00:37:26 +0000] "CONNECT 51.79.243.160:443:443 HTTP/1.1" 400 -
159.89.143.238 - - [19/Aug/2023:00:37:36 +0000] "CONNECT vnew88.com:443:443 HTTP/1.1" 400 -
159.89.143.221 - - [19/Aug/2023:00:37:39 +0000] "CONNECT jokercard.net:443:443 HTTP/1.1" 400 -
159.89.136.33 - - [19/Aug/2023:00:38:17 +0000] "CONNECT 51.79.243.160:443:443 HTTP/1.1" 400 -
159.89.143.238 - - [19/Aug/2023:00:38:19 +0000] "CONNECT vnew88.com:443:443 HTTP/1.1" 400 -
159.89.136.33 - - [19/Aug/2023:00:38:28 +0000] "CONNECT 51.79.243.160:443:443 HTTP/1.1" 400 -
159.89.136.33 - - [19/Aug/2023:00:38:28 +0000] "CONNECT 51.79.243.160:443:443 HTTP/1.1" 400 -
138.197.28.9 - - [19/Aug/2023:00:38:33 +0000] "CONNECT play.rikvip.net:443:443 HTTP/1.1" 400 -
159.89.136.33 - - [19/Aug/2023:00:38:40 +0000] "CONNECT 51.79.243.160:443:443 HTTP/1.1" 400 -
159.89.136.33 - - [19/Aug/2023:00:38:43 +0000] "CONNECT 51.79.243.160:443:443 HTTP/1.1" 400 -
159.89.136.33 - - [19/Aug/2023:00:39:00 +0000] "CONNECT 51.79.243.160:443:443 HTTP/1.1" 400 -
159.89.143.238 - - [19/Aug/2023:00:39:05 +0000] "CONNECT vnew88.com:443:443 HTTP/1.1" 400 -
138.197.28.9 - - [19/Aug/2023:00:39:13 +0000] "CONNECT play.rikvip.net:443:443 HTTP/1.1" 400 -
159.89.136.33 - - [19/Aug/2023:00:39:15 +0000] "CONNECT 51.79.243.160:443:443 HTTP/1.1" 400 -
159.89.143.238 - - [19/Aug/2023:00:39:23 +0000] "CONNECT vnew88.com:443:443 HTTP/1.1" 400 -
159.89.136.33 - - [19/Aug/2023:00:39:29 +0000] "CONNECT 51.79.243.160:443:443 HTTP/1.1" 400 -
159.89.136.29 - - [19/Aug/2023:00:39:36 +0000] "CONNECT test.lo88.org:443:443 HTTP/1.1" 400 -
159.89.143.221 - - [19/Aug/2023:00:39:40 +0000] "CONNECT k9win.agency:443:443 HTTP/1.1" 400 -
159.89.136.33 - - [19/Aug/2023:00:39:40 +0000] "CONNECT 51.79.243.160:443:443 HTTP/1.1" 400 -
159.89.136.29 - - [19/Aug/2023:00:39:41 +0000] "CONNECT jokercard.net:443:443 HTTP/1.1" 400 -
159.89.143.221 - - [19/Aug/2023:00:39:45 +0000] "CONNECT k9win.agency:443:443 HTTP/1.1" 400 -
138.197.28.9 - - [19/Aug/2023:00:39:46 +0000] "CONNECT play.rikvip.net:443:443 HTTP/1.1" 400 -
138.197.28.9 - - [19/Aug/2023:00:39:47 +0000] "CONNECT play.rikvip.net:443:443 HTTP/1.1" 400 -
159.89.143.221 - - [19/Aug/2023:00:39:47 +0000] "CONNECT test.lo88.org:443:443 HTTP/1.1" 400 -
159.89.136.29 - - [19/Aug/2023:00:39:52 +0000] "CONNECT jokercard.net:443:443 HTTP/1.1" 400 -
159.89.136.33 - - [19/Aug/2023:00:40:00 +0000] "CONNECT 51.79.243.160:443:443 HTTP/1.1" 400 -
159.89.143.238 - - [19/Aug/2023:00:40:08 +0000] "CONNECT k9win.agency:443:443 HTTP/1.1" 400 -
159.89.143.221 - - [19/Aug/2023:00:40:16 +0000] "CONNECT lo88.org:443:443 HTTP/1.1" 400 -
159.89.136.33 - - [19/Aug/2023:00:40:18 +0000] "CONNECT 51.79.243.160:443:443 HTTP/1.1" 400 -
159.89.136.29 - - [19/Aug/2023:00:40:41 +0000] "CONNECT k9win.agency:443:443 HTTP/1.1" 400 -
159.89.136.33 - - [19/Aug/2023:00:40:50 +0000] "CONNECT 51.79.243.160:443:443 HTTP/1.1" 400 -
159.89.143.221 - - [19/Aug/2023:00:40:57 +0000] "CONNECT test.lo88.org:443:443 HTTP/1.1" 400 -
159.89.136.33 - - [19/Aug/2023:00:41:00 +0000] "CONNECT 51.79.243.160:443:443 HTTP/1.1" 400 -
159.89.143.221 - - [19/Aug/2023:00:41:03 +0000] "CONNECT www.bulk.com:443:443 HTTP/1.1" 400 -
159.89.143.238 - - [19/Aug/2023:00:41:08 +0000] "CONNECT vnew88.com:443:443 HTTP/1.1" 400 -
159.89.136.33 - - [19/Aug/2023:00:41:09 +0000] "CONNECT 51.79.243.160:443:443 HTTP/1.1" 400 -
159.89.143.238 - - [19/Aug/2023:00:41:11 +0000] "CONNECT vnew88.com:443:443 HTTP/1.1" 400 -
159.89.136.33 - - [19/Aug/2023:00:41:19 +0000] "CONNECT 51.79.243.160:443:443 HTTP/1.1" 400 -
159.89.136.33 - - [19/Aug/2023:00:41:20 +0000] "CONNECT 51.79.243.160:443:443 HTTP/1.1" 400 -
159.89.136.29 - - [19/Aug/2023:00:41:22 +0000] "CONNECT test.lo88.org:443:443 HTTP/1.1" 400 -
159.89.143.238 - - [19/Aug/2023:00:41:34 +0000] "CONNECT vnew88.com:443:443 HTTP/1.1" 400 -
159.89.136.29 - - [19/Aug/2023:00:41:53 +0000] "CONNECT test.lo88.org:443:443 HTTP/1.1" 400 -
159.89.143.238 - - [19/Aug/2023:00:41:57 +0000] "CONNECT vnew88.com:443:443 HTTP/1.1" 400 -
159.89.136.33 - - [19/Aug/2023:00:42:00 +0000] "CONNECT 51.79.243.160:443:443 HTTP/1.1" 400 -
159.89.136.33 - - [19/Aug/2023:00:42:00 +0000] "CONNECT 51.79.243.160:443:443 HTTP/1.1" 400 -
159.89.136.33 - - [19/Aug/2023:00:42:01 +0000] "CONNECT 51.79.243.160:443:443 HTTP/1.1" 400 -
159.89.143.238 - - [19/Aug/2023:00:42:02 +0000] "CONNECT vnew88.com:443:443 HTTP/1.1" 400 -
159.89.136.29 - - [19/Aug/2023:00:42:02 +0000] "CONNECT test.lo88.org:443:443 HTTP/1.1" 400 -
159.89.143.238 - - [19/Aug/2023:00:42:02 +0000] "CONNECT vnew88.com:443:443 HTTP/1.1" 400 -
159.89.143.221 - - [19/Aug/2023:00:42:06 +0000] "CONNECT lo88.org:443:443 HTTP/1.1" 400 -
159.89.136.33 - - [19/Aug/2023:00:42:13 +0000] "CONNECT 51.79.243.160:443:443 HTTP/1.1" 400 -
159.89.136.29 - - [19/Aug/2023:00:42:16 +0000] "CONNECT lo88.org:443:443 HTTP/1.1" 400 -
159.89.136.33 - - [19/Aug/2023:00:42:17 +0000] "CONNECT 51.79.243.160:443:443 HTTP/1.1" 400 -
159.89.143.238 - - [19/Aug/2023:00:42:20 +0000] "CONNECT vnew88.com:443:443 HTTP/1.1" 400 -
159.89.143.221 - - [19/Aug/2023:00:42:30 +0000] "CONNECT sumvip3.club:443:443 HTTP/1.1" 400 -
159.89.136.33 - - [19/Aug/2023:00:42:33 +0000] "CONNECT 51.79.243.160:443:443 HTTP/1.1" 400 -
159.89.136.33 - - [19/Aug/2023:00:42:41 +0000] "CONNECT 51.79.243.160:443:443 HTTP/1.1" 400 -
159.89.143.238 - - [19/Aug/2023:00:42:43 +0000] "CONNECT vnew88.com:443:443 HTTP/1.1" 400 -
159.89.143.238 - - [19/Aug/2023:00:42:53 +0000] "CONNECT vnew88.com:443:443 HTTP/1.1" 400 -
138.197.28.9 - - [19/Aug/2023:00:42:58 +0000] "CONNECT play.rikvip.net:443:443 HTTP/1.1" 400 -
159.89.136.33 - - [19/Aug/2023:00:43:03 +0000] "CONNECT 51.79.243.160:443:443 HTTP/1.1" 400 -
159.89.136.33 - - [19/Aug/2023:00:43:10 +0000] "CONNECT 51.79.243.160:443:443 HTTP/1.1" 400 -
159.89.143.238 - - [19/Aug/2023:00:43:13 +0000] "CONNECT vnew88.com:443:443 HTTP/1.1" 400 -
159.89.136.33 - - [19/Aug/2023:00:43:14 +0000] "CONNECT 51.79.243.160:443:443 HTTP/1.1" 400 -
159.89.136.33 - - [19/Aug/2023:00:43:26 +0000] "CONNECT 51.79.243.160:443:443 HTTP/1.1" 400 -
159.89.136.33 - - [19/Aug/2023:00:43:28 +0000] "CONNECT 51.79.243.160:443:443 HTTP/1.1" 400 -
159.89.136.33 - - [19/Aug/2023:00:43:32 +0000] "CONNECT 51.79.243.160:443:443 HTTP/1.1" 400 -
159.89.136.33 - - [19/Aug/2023:00:44:06 +0000] "CONNECT 51.79.243.160:443:443 HTTP/1.1" 400 -
159.89.136.33 - - [19/Aug/2023:00:44:12 +0000] "CONNECT 51.79.243.160:443:443 HTTP/1.1" 400 -
159.89.136.29 - - [19/Aug/2023:00:44:24 +0000] "CONNECT k9win.agency:443:443 HTTP/1.1" 400 -
159.89.143.221 - - [19/Aug/2023:00:44:38 +0000] "CONNECT lo88.org:443:443 HTTP/1.1" 400 -
159.89.136.33 - - [19/Aug/2023:00:44:42 +0000] "CONNECT 51.79.243.160:443:443 HTTP/1.1" 400 -
159.89.143.238 - - [19/Aug/2023:00:44:55 +0000] "CONNECT vnew88.com:443:443 HTTP/1.1" 400 -
159.89.136.33 - - [19/Aug/2023:00:44:58 +0000] "CONNECT 51.79.243.160:443:443 HTTP/1.1" 400 -
159.89.136.29 - - [19/Aug/2023:00:45:09 +0000] "CONNECT sumvip3.club:443:443 HTTP/1.1" 400 -
159.89.136.33 - - [19/Aug/2023:00:45:09 +0000] "CONNECT 51.79.243.160:443:443 HTTP/1.1" 400 -
159.89.136.29 - - [19/Aug/2023:00:45:12 +0000] "CONNECT shop2fa.com:443:443 HTTP/1.1" 400 -
159.89.143.238 - - [19/Aug/2023:00:45:19 +0000] "CONNECT vnew88.com:443:443 HTTP/1.1" 400 -
159.89.143.221 - - [19/Aug/2023:00:45:21 +0000] "CONNECT k9win.agency:443:443 HTTP/1.1" 400 -
159.89.143.221 - - [19/Aug/2023:00:45:28 +0000] "CONNECT shop2fa.com:443:443 HTTP/1.1" 400 -
159.89.143.238 - - [19/Aug/2023:00:45:35 +0000] "CONNECT shop2fa.com:443:443 HTTP/1.1" 400 -
159.89.136.29 - - [19/Aug/2023:00:45:43 +0000] "CONNECT k9win.agency:443:443 HTTP/1.1" 400 -
159.89.136.33 - - [19/Aug/2023:00:45:43 +0000] "CONNECT 51.79.243.160:443:443 HTTP/1.1" 400 -
159.89.143.238 - - [19/Aug/2023:00:45:43 +0000] "CONNECT lo88.org:443:443 HTTP/1.1" 400 -
159.89.136.33 - - [19/Aug/2023:00:45:46 +0000] "CONNECT 51.79.243.160:443:443 HTTP/1.1" 400 -
138.197.28.9 - - [19/Aug/2023:00:45:52 +0000] "CONNECT play.rikvip.net:443:443 HTTP/1.1" 400 -
159.89.136.29 - - [19/Aug/2023:00:45:52 +0000] "CONNECT k9win.agency:443:443 HTTP/1.1" 400 -
159.89.143.238 - - [19/Aug/2023:00:46:14 +0000] "CONNECT vnew88.com:443:443 HTTP/1.1" 400 -
159.89.136.33 - - [19/Aug/2023:00:46:15 +0000] "CONNECT 51.79.243.160:443:443 HTTP/1.1" 400 -
138.197.28.9 - - [19/Aug/2023:00:46:31 +0000] "CONNECT play.rikvip.net:443:443 HTTP/1.1" 400 -
159.89.136.33 - - [19/Aug/2023:00:46:40 +0000] "CONNECT 51.79.243.160:443:443 HTTP/1.1" 400 -
159.89.136.33 - - [19/Aug/2023:00:46:54 +0000] "CONNECT 51.79.243.160:443:443 HTTP/1.1" 400 -
138.197.28.9 - - [19/Aug/2023:00:46:59 +0000] "CONNECT play.rikvip.net:443:443 HTTP/1.1" 400 -
159.89.136.33 - - [19/Aug/2023:00:47:05 +0000] "CONNECT 51.79.243.160:443:443 HTTP/1.1" 400 -
159.89.143.221 - - [19/Aug/2023:00:47:12 +0000] "CONNECT test.lo88.org:443:443 HTTP/1.1" 400 -
159.89.143.238 - - [19/Aug/2023:00:47:12 +0000] "CONNECT vnew88.com:443:443 HTTP/1.1" 400 -
138.197.28.9 - - [19/Aug/2023:00:47:16 +0000] "CONNECT play.rikvip.net:443:443 HTTP/1.1" 400 -
159.89.136.33 - - [19/Aug/2023:00:47:18 +0000] "CONNECT 51.79.243.160:443:443 HTTP/1.1" 400 -
159.89.143.221 - - [19/Aug/2023:00:47:19 +0000] "CONNECT k9win.agency:443:443 HTTP/1.1" 400 -
159.89.136.33 - - [19/Aug/2023:00:47:25 +0000] "CONNECT 51.79.243.160:443:443 HTTP/1.1" 400 -
159.89.136.29 - - [19/Aug/2023:00:47:26 +0000] "CONNECT sumvip3.club:443:443 HTTP/1.1" 400 -
159.89.143.221 - - [19/Aug/2023:00:47:30 +0000] "CONNECT lo88.org:443:443 HTTP/1.1" 400 -
159.89.143.221 - - [19/Aug/2023:00:47:36 +0000] "CONNECT lo88.org:443:443 HTTP/1.1" 400 -
138.197.28.9 - - [19/Aug/2023:00:47:43 +0000] "CONNECT play.rikvip.net:443:443 HTTP/1.1" 400 -
159.89.143.238 - - [19/Aug/2023:00:47:48 +0000] "CONNECT vnew88.com:443:443 HTTP/1.1" 400 -
138.197.28.9 - - [19/Aug/2023:00:47:48 +0000] "CONNECT play.rikvip.net:443:443 HTTP/1.1" 400 -
159.89.136.33 - - [19/Aug/2023:00:47:52 +0000] "CONNECT 51.79.243.160:443:443 HTTP/1.1" 400 -
159.89.143.221 - - [19/Aug/2023:00:48:00 +0000] "CONNECT k9win.agency:443:443 HTTP/1.1" 400 -
159.89.143.238 - - [19/Aug/2023:00:48:08 +0000] "CONNECT vnew88.com:443:443 HTTP/1.1" 400 -
138.197.28.9 - - [19/Aug/2023:00:48:09 +0000] "CONNECT play.rikvip.net:443:443 HTTP/1.1" 400 -
159.89.143.238 - - [19/Aug/2023:00:48:14 +0000] "CONNECT vnew88.com:443:443 HTTP/1.1" 400 -
159.89.143.221 - - [19/Aug/2023:00:48:19 +0000] "CONNECT sumvip3.club:443:443 HTTP/1.1" 400 -
159.89.143.238 - - [19/Aug/2023:00:48:31 +0000] "CONNECT vnew88.com:443:443 HTTP/1.1" 400 -
159.89.136.33 - - [19/Aug/2023:00:48:39 +0000] "CONNECT 51.79.243.160:443:443 HTTP/1.1" 400 -
138.197.28.9 - - [19/Aug/2023:00:48:48 +0000] "CONNECT play.rikvip.net:443:443 HTTP/1.1" 400 -
159.89.136.33 - - [19/Aug/2023:00:48:59 +0000] "CONNECT 51.79.243.160:443:443 HTTP/1.1" 400 -
159.89.143.238 - - [19/Aug/2023:00:49:01 +0000] "CONNECT vnew88.com:443:443 HTTP/1.1" 400 -
159.89.143.238 - - [19/Aug/2023:00:49:02 +0000] "CONNECT vnew88.com:443:443 HTTP/1.1" 400 -
159.89.136.33 - - [19/Aug/2023:00:49:07 +0000] "CONNECT 51.79.243.160:443:443 HTTP/1.1" 400 -
159.89.136.33 - - [19/Aug/2023:00:49:11 +0000] "CONNECT 51.79.243.160:443:443 HTTP/1.1" 400 -
159.89.143.238 - - [19/Aug/2023:00:49:11 +0000] "CONNECT vnew88.com:443:443 HTTP/1.1" 400 -
159.89.136.33 - - [19/Aug/2023:00:49:17 +0000] "CONNECT 51.79.243.160:443:443 HTTP/1.1" 400 -
159.89.136.29 - - [19/Aug/2023:00:49:18 +0000] "CONNECT k9win.agency:443:443 HTTP/1.1" 400 -
159.89.136.33 - - [19/Aug/2023:00:49:24 +0000] "CONNECT 51.79.243.160:443:443 HTTP/1.1" 400 -
159.89.136.29 - - [19/Aug/2023:00:49:29 +0000] "CONNECT sumvip3.club:443:443 HTTP/1.1" 400 -
159.89.136.33 - - [19/Aug/2023:00:49:34 +0000] "CONNECT 51.79.243.160:443:443 HTTP/1.1" 400 -
159.89.136.29 - - [19/Aug/2023:00:49:35 +0000] "CONNECT k9win.agency:443:443 HTTP/1.1" 400 -
159.89.136.29 - - [19/Aug/2023:00:49:40 +0000] "CONNECT sumvip3.club:443:443 HTTP/1.1" 400 -
159.89.143.221 - - [19/Aug/2023:00:49:40 +0000] "CONNECT sumvip3.club:443:443 HTTP/1.1" 400 -
159.89.136.33 - - [19/Aug/2023:00:49:40 +0000] "CONNECT 51.79.243.160:443:443 HTTP/1.1" 400 -
159.89.143.238 - - [19/Aug/2023:00:49:49 +0000] "CONNECT vnew88.com:443:443 HTTP/1.1" 400 -
159.89.136.33 - - [19/Aug/2023:00:49:51 +0000] "CONNECT 51.79.243.160:443:443 HTTP/1.1" 400 -
159.89.136.33 - - [19/Aug/2023:00:49:53 +0000] "CONNECT 51.79.243.160:443:443 HTTP/1.1" 400 -
159.89.136.29 - - [19/Aug/2023:00:50:07 +0000] "CONNECT sumvip3.club:443:443 HTTP/1.1" 400 -
159.89.136.29 - - [19/Aug/2023:00:50:11 +0000] "CONNECT sumvip3.club:443:443 HTTP/1.1" 400 -
159.89.136.33 - - [19/Aug/2023:00:50:20 +0000] "CONNECT 51.79.243.160:443:443 HTTP/1.1" 400 -
159.89.136.33 - - [19/Aug/2023:00:50:40 +0000] "CONNECT 51.79.243.160:443:443 HTTP/1.1" 400 -
159.89.136.29 - - [19/Aug/2023:00:50:42 +0000] "CONNECT sumvip3.club:443:443 HTTP/1.1" 400 -
159.89.136.33 - - [19/Aug/2023:00:51:00 +0000] "CONNECT 51.79.243.160:443:443 HTTP/1.1" 400 -
159.89.136.33 - - [19/Aug/2023:00:51:00 +0000] "CONNECT 51.79.243.160:443:443 HTTP/1.1" 400 -
159.89.136.33 - - [19/Aug/2023:00:51:04 +0000] "CONNECT 51.79.243.160:443:443 HTTP/1.1" 400 -
159.89.143.221 - - [19/Aug/2023:00:51:19 +0000] "CONNECT sumvip3.club:443:443 HTTP/1.1" 400 -
159.89.136.33 - - [19/Aug/2023:00:51:21 +0000] "CONNECT 51.79.243.160:443:443 HTTP/1.1" 400 -
138.197.28.9 - - [19/Aug/2023:00:51:25 +0000] "CONNECT play.rikvip.net:443:443 HTTP/1.1" 400 -
159.89.143.238 - - [19/Aug/2023:00:51:32 +0000] "CONNECT vnew88.com:443:443 HTTP/1.1" 400 -
159.89.143.238 - - [19/Aug/2023:00:51:33 +0000] "CONNECT vnew88.com:443:443 HTTP/1.1" 400 -
159.89.143.238 - - [19/Aug/2023:00:51:39 +0000] "CONNECT vnew88.com:443:443 HTTP/1.1" 400 -
159.89.136.33 - - [19/Aug/2023:00:51:39 +0000] "CONNECT 51.79.243.160:443:443 HTTP/1.1" 400 -
159.89.143.238 - - [19/Aug/2023:00:51:42 +0000] "CONNECT vnew88.com:443:443 HTTP/1.1" 400 -
159.89.143.238 - - [19/Aug/2023:00:51:51 +0000] "CONNECT vnew88.com:443:443 HTTP/1.1" 400 -
159.89.136.33 - - [19/Aug/2023:00:51:57 +0000] "CONNECT 51.79.243.160:443:443 HTTP/1.1" 400 -
159.89.143.221 - - [19/Aug/2023:00:52:04 +0000] "CONNECT sumvip3.club:443:443 HTTP/1.1" 400 -
159.89.143.221 - - [19/Aug/2023:00:52:17 +0000] "CONNECT eneba.com:443:443 HTTP/1.1" 400 -
159.89.136.33 - - [19/Aug/2023:00:52:27 +0000] "CONNECT 51.79.243.160:443:443 HTTP/1.1" 400 -
159.89.136.33 - - [19/Aug/2023:00:52:45 +0000] "CONNECT 51.79.243.160:443:443 HTTP/1.1" 400 -
159.89.136.29 - - [19/Aug/2023:00:52:52 +0000] "CONNECT sumvip3.club:443:443 HTTP/1.1" 400 -
159.89.136.33 - - [19/Aug/2023:00:52:53 +0000] "CONNECT 51.79.243.160:443:443 HTTP/1.1" 400 -
159.89.143.238 - - [19/Aug/2023:00:52:57 +0000] "CONNECT eneba.com:443:443 HTTP/1.1" 400 -
138.197.28.9 - - [19/Aug/2023:00:53:02 +0000] "CONNECT play.rikvip.net:443:443 HTTP/1.1" 400 -
159.89.143.238 - - [19/Aug/2023:00:53:03 +0000] "CONNECT vnew88.com:443:443 HTTP/1.1" 400 -
159.89.143.238 - - [19/Aug/2023:00:53:03 +0000] "CONNECT vnew88.com:443:443 HTTP/1.1" 400 -
159.89.143.238 - - [19/Aug/2023:00:53:04 +0000] "CONNECT jokercard.net:443:443 HTTP/1.1" 400 -
159.89.143.238 - - [19/Aug/2023:00:53:09 +0000] "CONNECT jokercard.net:443:443 HTTP/1.1" 400 -
159.89.143.238 - - [19/Aug/2023:00:53:11 +0000] "CONNECT jokercard.net:443:443 HTTP/1.1" 400 -
159.89.136.33 - - [19/Aug/2023:00:53:14 +0000] "CONNECT 51.79.243.160:443:443 HTTP/1.1" 400 -
159.89.143.221 - - [19/Aug/2023:00:53:23 +0000] "CONNECT sumvip3.club:443:443 HTTP/1.1" 400 -
159.89.143.238 - - [19/Aug/2023:00:53:28 +0000] "CONNECT jokercard.net:443:443 HTTP/1.1" 400 -
159.89.136.33 - - [19/Aug/2023:00:53:28 +0000] "CONNECT 51.79.243.160:443:443 HTTP/1.1" 400 -
159.89.143.221 - - [19/Aug/2023:00:53:38 +0000] "CONNECT sumvip3.club:443:443 HTTP/1.1" 400 -
159.89.136.33 - - [19/Aug/2023:00:53:44 +0000] "CONNECT 51.79.243.160:443:443 HTTP/1.1" 400 -
159.89.136.33 - - [19/Aug/2023:00:53:56 +0000] "CONNECT 51.79.243.160:443:443 HTTP/1.1" 400 -
159.89.143.221 - - [19/Aug/2023:00:53:56 +0000] "CONNECT sumvip3.club:443:443 HTTP/1.1" 400 -
159.89.143.238 - - [19/Aug/2023:00:54:04 +0000] "CONNECT vnew88.com:443:443 HTTP/1.1" 400 -
159.89.136.29 - - [19/Aug/2023:00:54:05 +0000] "CONNECT sumvip3.club:443:443 HTTP/1.1" 400 -
159.89.143.238 - - [19/Aug/2023:00:54:08 +0000] "CONNECT vnew88.com:443:443 HTTP/1.1" 400 -
159.89.136.33 - - [19/Aug/2023:00:54:12 +0000] "CONNECT 51.79.243.160:443:443 HTTP/1.1" 400 -
159.89.143.238 - - [19/Aug/2023:00:54:19 +0000] "CONNECT jokercard.net:443:443 HTTP/1.1" 400 -
159.89.136.33 - - [19/Aug/2023:00:54:24 +0000] "CONNECT 51.79.243.160:443:443 HTTP/1.1" 400 -
159.89.136.33 - - [19/Aug/2023:00:54:27 +0000] "CONNECT 51.79.243.160:443:443 HTTP/1.1" 400 -
159.89.143.238 - - [19/Aug/2023:00:54:29 +0000] "CONNECT vnew88.com:443:443 HTTP/1.1" 400 -
159.89.136.29 - - [19/Aug/2023:00:54:30 +0000] "CONNECT lo88.org:443:443 HTTP/1.1" 400 -
159.89.143.238 - - [19/Aug/2023:00:54:36 +0000] "CONNECT vnew88.com:443:443 HTTP/1.1" 400 -
159.89.136.33 - - [19/Aug/2023:00:54:36 +0000] "CONNECT 51.79.243.160:443:443 HTTP/1.1" 400 -
159.89.136.29 - - [19/Aug/2023:00:54:38 +0000] "CONNECT lo88.org:443:443 HTTP/1.1" 400 -
159.89.136.29 - - [19/Aug/2023:00:54:43 +0000] "CONNECT jokercard.net:443:443 HTTP/1.1" 400 -
159.89.143.238 - - [19/Aug/2023:00:54:52 +0000] "CONNECT www.stressthem.se:443:443 HTTP/1.1" 400 -
159.89.143.221 - - [19/Aug/2023:00:55:05 +0000] "CONNECT k9win.agency:443:443 HTTP/1.1" 400 -
159.89.136.29 - - [19/Aug/2023:00:55:11 +0000] "CONNECT sumvip3.club:443:443 HTTP/1.1" 400 -
159.89.136.29 - - [19/Aug/2023:00:55:11 +0000] "CONNECT sumvip3.club:443:443 HTTP/1.1" 400 -
159.89.143.238 - - [19/Aug/2023:00:55:11 +0000] "CONNECT lo88.org:443:443 HTTP/1.1" 400 -
159.89.136.29 - - [19/Aug/2023:00:55:12 +0000] "CONNECT k9win.agency:443:443 HTTP/1.1" 400 -
159.89.143.238 - - [19/Aug/2023:00:55:17 +0000] "CONNECT vnew88.com:443:443 HTTP/1.1" 400 -
159.89.143.238 - - [19/Aug/2023:00:55:18 +0000] "CONNECT vnew88.com:443:443 HTTP/1.1" 400 -
159.89.143.238 - - [19/Aug/2023:00:55:20 +0000] "CONNECT test.lo88.org:443:443 HTTP/1.1" 400 -
159.89.143.238 - - [19/Aug/2023:00:55:31 +0000] "CONNECT vnew88.com:443:443 HTTP/1.1" 400 -
159.89.143.221 - - [19/Aug/2023:00:55:33 +0000] "CONNECT sumvip3.club:443:443 HTTP/1.1" 400 -
159.89.136.29 - - [19/Aug/2023:00:55:38 +0000] "CONNECT lo88.org:443:443 HTTP/1.1" 400 -
159.89.136.33 - - [19/Aug/2023:00:55:38 +0000] "CONNECT 51.79.243.160:443:443 HTTP/1.1" 400 -
138.197.28.9 - - [19/Aug/2023:00:55:39 +0000] "CONNECT play.rikvip.net:443:443 HTTP/1.1" 400 -
138.197.28.9 - - [19/Aug/2023:00:55:41 +0000] "CONNECT play.rikvip.net:443:443 HTTP/1.1" 400 -
159.89.136.29 - - [19/Aug/2023:00:55:42 +0000] "CONNECT test.lo88.org:443:443 HTTP/1.1" 400 -
159.89.136.33 - - [19/Aug/2023:00:55:50 +0000] "CONNECT 51.79.243.160:443:443 HTTP/1.1" 400 -
159.89.136.33 - - [19/Aug/2023:00:56:01 +0000] "CONNECT 51.79.243.160:443:443 HTTP/1.1" 400 -
159.89.136.33 - - [19/Aug/2023:00:56:01 +0000] "CONNECT 51.79.243.160:443:443 HTTP/1.1" 400 -
138.197.28.9 - - [19/Aug/2023:00:56:06 +0000] "CONNECT play.rikvip.net:443:443 HTTP/1.1" 400 -
159.89.136.29 - - [19/Aug/2023:00:56:07 +0000] "CONNECT k9win.agency:443:443 HTTP/1.1" 400 -
159.89.136.29 - - [19/Aug/2023:00:56:10 +0000] "CONNECT test.lo88.org:443:443 HTTP/1.1" 400 -
159.89.136.33 - - [19/Aug/2023:00:56:10 +0000] "CONNECT 51.79.243.160:443:443 HTTP/1.1" 400 -
159.89.136.33 - - [19/Aug/2023:00:56:13 +0000] "CONNECT 51.79.243.160:443:443 HTTP/1.1" 400 -
159.89.136.33 - - [19/Aug/2023:00:56:36 +0000] "CONNECT 51.79.243.160:443:443 HTTP/1.1" 400 -
159.89.136.33 - - [19/Aug/2023:00:56:36 +0000] "CONNECT 51.79.243.160:443:443 HTTP/1.1" 400 -
159.89.143.238 - - [19/Aug/2023:00:56:37 +0000] "CONNECT vnew88.com:443:443 HTTP/1.1" 400 -
159.89.136.33 - - [19/Aug/2023:00:56:39 +0000] "CONNECT 51.79.243.160:443:443 HTTP/1.1" 400 -
159.89.143.221 - - [19/Aug/2023:00:56:42 +0000] "CONNECT lo88.org:443:443 HTTP/1.1" 400 -
159.89.143.238 - - [19/Aug/2023:00:57:01 +0000] "CONNECT vnew88.com:443:443 HTTP/1.1" 400 -
159.89.136.33 - - [19/Aug/2023:00:57:06 +0000] "CONNECT 51.79.243.160:443:443 HTTP/1.1" 400 -
159.89.143.238 - - [19/Aug/2023:00:57:08 +0000] "CONNECT vnew88.com:443:443 HTTP/1.1" 400 -
35.203.211.246 - - [19/Aug/2023:00:57:10 +0000] "GET / HTTP/1.1" 200 11217
159.89.136.33 - - [19/Aug/2023:00:57:12 +0000] "CONNECT 51.79.243.160:443:443 HTTP/1.1" 400 -
159.89.136.29 - - [19/Aug/2023:00:57:14 +0000] "CONNECT sumvip3.club:443:443 HTTP/1.1" 400 -
159.89.136.33 - - [19/Aug/2023:00:57:18 +0000] "CONNECT 51.79.243.160:443:443 HTTP/1.1" 400 -
159.89.136.33 - - [19/Aug/2023:00:57:26 +0000] "CONNECT 51.79.243.160:443:443 HTTP/1.1" 400 -
159.89.143.238 - - [19/Aug/2023:00:57:38 +0000] "CONNECT vnew88.com:443:443 HTTP/1.1" 400 -
159.89.136.29 - - [19/Aug/2023:00:57:55 +0000] "CONNECT lo88.org:443:443 HTTP/1.1" 400 -
159.89.136.33 - - [19/Aug/2023:00:58:03 +0000] "CONNECT 51.79.243.160:443:443 HTTP/1.1" 400 -
159.89.136.33 - - [19/Aug/2023:00:58:12 +0000] "CONNECT 51.79.243.160:443:443 HTTP/1.1" 400 -
159.89.136.33 - - [19/Aug/2023:00:58:14 +0000] "CONNECT 51.79.243.160:443:443 HTTP/1.1" 400 -
159.89.143.221 - - [19/Aug/2023:00:58:24 +0000] "CONNECT jokercard.net:443:443 HTTP/1.1" 400 -
159.89.136.29 - - [19/Aug/2023:00:58:31 +0000] "CONNECT sumvip3.club:443:443 HTTP/1.1" 400 -
159.89.136.33 - - [19/Aug/2023:00:58:49 +0000] "CONNECT 51.79.243.160:443:443 HTTP/1.1" 400 -
159.89.136.33 - - [19/Aug/2023:00:59:08 +0000] "CONNECT 51.79.243.160:443:443 HTTP/1.1" 400 -
159.89.136.33 - - [19/Aug/2023:00:59:09 +0000] "CONNECT 51.79.243.160:443:443 HTTP/1.1" 400 -
159.89.136.29 - - [19/Aug/2023:00:59:21 +0000] "CONNECT test.lo88.org:443:443 HTTP/1.1" 400 -
159.89.136.33 - - [19/Aug/2023:00:59:23 +0000] "CONNECT 51.79.243.160:443:443 HTTP/1.1" 400 -
159.89.136.33 - - [19/Aug/2023:00:59:38 +0000] "CONNECT 51.79.243.160:443:443 HTTP/1.1" 400 -
159.89.136.33 - - [19/Aug/2023:00:59:48 +0000] "CONNECT 51.79.243.160:443:443 HTTP/1.1" 400 -
159.89.143.238 - - [19/Aug/2023:01:00:00 +0000] "CONNECT vnew88.com:443:443 HTTP/1.1" 400 -
159.89.136.29 - - [19/Aug/2023:01:00:06 +0000] "CONNECT jokercard.net:443:443 HTTP/1.1" 400 -
159.89.136.33 - - [19/Aug/2023:01:00:08 +0000] "CONNECT 51.79.243.160:443:443 HTTP/1.1" 400 -
159.89.136.33 - - [19/Aug/2023:01:00:09 +0000] "CONNECT 51.79.243.160:443:443 HTTP/1.1" 400 -
159.89.136.33 - - [19/Aug/2023:01:00:13 +0000] "CONNECT 51.79.243.160:443:443 HTTP/1.1" 400 -
138.197.28.9 - - [19/Aug/2023:01:00:29 +0000] "CONNECT play.rikvip.net:443:443 HTTP/1.1" 400 -
159.89.143.238 - - [19/Aug/2023:01:00:30 +0000] "CONNECT jokercard.net:443:443 HTTP/1.1" 400 -
159.89.143.238 - - [19/Aug/2023:01:00:34 +0000] "CONNECT lo88.org:443:443 HTTP/1.1" 400 -
159.89.136.29 - - [19/Aug/2023:01:00:46 +0000] "CONNECT jokercard.net:443:443 HTTP/1.1" 400 -
159.89.136.33 - - [19/Aug/2023:01:00:57 +0000] "CONNECT 51.79.243.160:443:443 HTTP/1.1" 400 -
159.89.136.29 - - [19/Aug/2023:01:01:08 +0000] "CONNECT sumvip3.club:443:443 HTTP/1.1" 400 -
159.89.143.221 - - [19/Aug/2023:01:01:19 +0000] "CONNECT jokercard.net:443:443 HTTP/1.1" 400 -
138.197.28.9 - - [19/Aug/2023:01:01:21 +0000] "CONNECT play.rikvip.net:443:443 HTTP/1.1" 400 -
138.197.28.9 - - [19/Aug/2023:01:01:27 +0000] "CONNECT play.rikvip.net:443:443 HTTP/1.1" 400 -
159.89.136.29 - - [19/Aug/2023:01:01:29 +0000] "CONNECT coinbase.com:443:443 HTTP/1.1" 400 -
138.197.28.9 - - [19/Aug/2023:01:01:32 +0000] "CONNECT play.rikvip.net:443:443 HTTP/1.1" 400 -
159.89.136.33 - - [19/Aug/2023:01:01:41 +0000] "CONNECT 51.79.243.160:443:443 HTTP/1.1" 400 -
159.89.136.29 - - [19/Aug/2023:01:01:45 +0000] "CONNECT coinbase.com:443:443 HTTP/1.1" 400 -
159.89.143.221 - - [19/Aug/2023:01:01:47 +0000] "CONNECT jokercard.net:443:443 HTTP/1.1" 400 -
159.89.143.238 - - [19/Aug/2023:01:01:49 +0000] "CONNECT vnew88.com:443:443 HTTP/1.1" 400 -
159.89.136.33 - - [19/Aug/2023:01:02:07 +0000] "CONNECT 51.79.243.160:443:443 HTTP/1.1" 400 -
138.197.28.9 - - [19/Aug/2023:01:02:07 +0000] "CONNECT play.rikvip.net:443:443 HTTP/1.1" 400 -
159.89.136.33 - - [19/Aug/2023:01:02:29 +0000] "CONNECT 51.79.243.160:443:443 HTTP/1.1" 400 -
159.89.136.33 - - [19/Aug/2023:01:02:36 +0000] "CONNECT 51.79.243.160:443:443 HTTP/1.1" 400 -
159.89.143.238 - - [19/Aug/2023:01:02:38 +0000] "CONNECT vnew88.com:443:443 HTTP/1.1" 400 -
159.89.143.238 - - [19/Aug/2023:01:02:44 +0000] "CONNECT vnew88.com:443:443 HTTP/1.1" 400 -
159.89.136.33 - - [19/Aug/2023:01:02:47 +0000] "CONNECT 51.79.243.160:443:443 HTTP/1.1" 400 -
159.89.143.238 - - [19/Aug/2023:01:02:50 +0000] "CONNECT vnew88.com:443:443 HTTP/1.1" 400 -
159.89.136.33 - - [19/Aug/2023:01:02:53 +0000] "CONNECT 51.79.243.160:443:443 HTTP/1.1" 400 -
159.89.136.33 - - [19/Aug/2023:01:02:58 +0000] "CONNECT 51.79.243.160:443:443 HTTP/1.1" 400 -
159.89.136.29 - - [19/Aug/2023:01:03:03 +0000] "CONNECT test.lo88.org:443:443 HTTP/1.1" 400 -
159.89.136.29 - - [19/Aug/2023:01:03:06 +0000] "CONNECT sumvip3.club:443:443 HTTP/1.1" 400 -
159.89.136.29 - - [19/Aug/2023:01:03:06 +0000] "CONNECT lo88.org:443:443 HTTP/1.1" 400 -
159.89.143.238 - - [19/Aug/2023:01:03:08 +0000] "CONNECT vnew88.com:443:443 HTTP/1.1" 400 -
159.89.143.238 - - [19/Aug/2023:01:03:10 +0000] "CONNECT vnew88.com:443:443 HTTP/1.1" 400 -
159.89.143.238 - - [19/Aug/2023:01:03:14 +0000] "CONNECT vnew88.com:443:443 HTTP/1.1" 400 -
159.89.136.33 - - [19/Aug/2023:01:03:16 +0000] "CONNECT 51.79.243.160:443:443 HTTP/1.1" 400 -
159.89.143.221 - - [19/Aug/2023:01:03:19 +0000] "CONNECT test.lo88.org:443:443 HTTP/1.1" 400 -
159.89.143.221 - - [19/Aug/2023:01:03:27 +0000] "CONNECT www.calculateme.com:443:443 HTTP/1.1" 400 -
159.89.143.238 - - [19/Aug/2023:01:03:30 +0000] "CONNECT vnew88.com:443:443 HTTP/1.1" 400 -
159.89.143.238 - - [19/Aug/2023:01:03:31 +0000] "CONNECT www.calculateme.com:443:443 HTTP/1.1" 400 -
159.89.136.33 - - [19/Aug/2023:01:03:34 +0000] "CONNECT 51.79.243.160:443:443 HTTP/1.1" 400 -
159.89.143.221 - - [19/Aug/2023:01:03:45 +0000] "CONNECT lo88.org:443:443 HTTP/1.1" 400 -
159.89.136.29 - - [19/Aug/2023:01:03:47 +0000] "CONNECT test.lo88.org:443:443 HTTP/1.1" 400 -
159.89.143.221 - - [19/Aug/2023:01:03:50 +0000] "CONNECT 37.187.56.77:443:443 HTTP/1.1" 400 -
159.89.136.29 - - [19/Aug/2023:01:04:00 +0000] "CONNECT www.calculateme.com:443:443 HTTP/1.1" 400 -
159.89.143.238 - - [19/Aug/2023:01:04:04 +0000] "CONNECT vnew88.com:443:443 HTTP/1.1" 400 -
159.89.136.33 - - [19/Aug/2023:01:04:13 +0000] "CONNECT 51.79.243.160:443:443 HTTP/1.1" 400 -
159.89.143.221 - - [19/Aug/2023:01:04:17 +0000] "CONNECT sumvip3.club:443:443 HTTP/1.1" 400 -
159.89.136.33 - - [19/Aug/2023:01:04:19 +0000] "CONNECT 51.79.243.160:443:443 HTTP/1.1" 400 -
159.89.136.33 - - [19/Aug/2023:01:04:21 +0000] "CONNECT 51.79.243.160:443:443 HTTP/1.1" 400 -
159.89.143.238 - - [19/Aug/2023:01:04:25 +0000] "CONNECT vnew88.com:443:443 HTTP/1.1" 400 -
159.89.143.238 - - [19/Aug/2023:01:04:30 +0000] "CONNECT vnew88.com:443:443 HTTP/1.1" 400 -
159.89.136.33 - - [19/Aug/2023:01:04:31 +0000] "CONNECT 51.79.243.160:443:443 HTTP/1.1" 400 -
159.89.136.33 - - [19/Aug/2023:01:04:46 +0000] "CONNECT 51.79.243.160:443:443 HTTP/1.1" 400 -
159.89.136.33 - - [19/Aug/2023:01:04:51 +0000] "CONNECT 51.79.243.160:443:443 HTTP/1.1" 400 -
159.89.143.221 - - [19/Aug/2023:01:04:57 +0000] "CONNECT lo88.org:443:443 HTTP/1.1" 400 -
159.89.136.33 - - [19/Aug/2023:01:05:02 +0000] "CONNECT 51.79.243.160:443:443 HTTP/1.1" 400 -
159.89.143.238 - - [19/Aug/2023:01:05:05 +0000] "CONNECT test.lo88.org:443:443 HTTP/1.1" 400 -
159.89.143.238 - - [19/Aug/2023:01:05:06 +0000] "CONNECT k9win.agency:443:443 HTTP/1.1" 400 -
159.89.143.238 - - [19/Aug/2023:01:05:09 +0000] "CONNECT lo88.org:443:443 HTTP/1.1" 400 -
159.89.143.238 - - [19/Aug/2023:01:05:12 +0000] "CONNECT sumvip3.club:443:443 HTTP/1.1" 400 -
159.89.143.238 - - [19/Aug/2023:01:05:19 +0000] "CONNECT lunaware.sell.app:443:443 HTTP/1.1" 400 -
159.89.143.238 - - [19/Aug/2023:01:05:21 +0000] "CONNECT vnew88.com:443:443 HTTP/1.1" 400 -
159.89.136.33 - - [19/Aug/2023:01:05:26 +0000] "CONNECT 51.79.243.160:443:443 HTTP/1.1" 400 -
159.89.143.238 - - [19/Aug/2023:01:05:30 +0000] "CONNECT sumvip3.club:443:443 HTTP/1.1" 400 -
159.89.136.33 - - [19/Aug/2023:01:05:42 +0000] "CONNECT 51.79.243.160:443:443 HTTP/1.1" 400 -
159.89.136.33 - - [19/Aug/2023:01:05:49 +0000] "CONNECT 51.79.243.160:443:443 HTTP/1.1" 400 -
159.89.136.33 - - [19/Aug/2023:01:05:57 +0000] "CONNECT 51.79.243.160:443:443 HTTP/1.1" 400 -
159.89.136.29 - - [19/Aug/2023:01:06:11 +0000] "CONNECT lo88.org:443:443 HTTP/1.1" 400 -
159.89.143.238 - - [19/Aug/2023:01:06:19 +0000] "CONNECT vnew88.com:443:443 HTTP/1.1" 400 -
159.89.136.33 - - [19/Aug/2023:01:06:26 +0000] "CONNECT 51.79.243.160:443:443 HTTP/1.1" 400 -
