143.110.235.92 - - [17/Aug/2023:00:00:04 +0000] "CONNECT 149.28.141.122:443:443 HTTP/1.1" 400 -
159.89.136.33 - - [17/Aug/2023:00:00:05 +0000] "CONNECT 149.28.141.122:443:443 HTTP/1.1" 400 -
159.89.136.33 - - [17/Aug/2023:00:00:19 +0000] "CONNECT 149.28.141.122:443:443 HTTP/1.1" 400 -
159.89.136.33 - - [17/Aug/2023:00:00:23 +0000] "CONNECT 149.28.141.122:443:443 HTTP/1.1" 400 -
159.89.143.221 - - [17/Aug/2023:00:00:24 +0000] "CONNECT 149.28.141.122:443:443 HTTP/1.1" 400 -
159.89.143.221 - - [17/Aug/2023:00:00:25 +0000] "CONNECT 149.28.141.122:443:443 HTTP/1.1" 400 -
159.89.136.33 - - [17/Aug/2023:00:00:26 +0000] "CONNECT 149.28.141.122:443:443 HTTP/1.1" 400 -
138.197.28.9 - - [17/Aug/2023:00:00:27 +0000] "CONNECT play.b52.tips:443:443 HTTP/1.1" 400 -
159.89.136.33 - - [17/Aug/2023:00:00:34 +0000] "CONNECT 149.28.141.122:443:443 HTTP/1.1" 400 -
159.89.136.33 - - [17/Aug/2023:00:00:43 +0000] "CONNECT 149.28.141.122:443:443 HTTP/1.1" 400 -
159.89.143.221 - - [17/Aug/2023:00:00:57 +0000] "CONNECT 149.28.141.122:443:443 HTTP/1.1" 400 -
159.89.136.29 - - [17/Aug/2023:00:01:21 +0000] "CONNECT null:443:443 HTTP/1.1" 400 -
143.110.235.92 - - [17/Aug/2023:00:01:25 +0000] "CONNECT null:443:443 HTTP/1.1" 400 -
159.89.143.221 - - [17/Aug/2023:00:01:31 +0000] "CONNECT 149.28.141.122:443:443 HTTP/1.1" 400 -
159.89.136.33 - - [17/Aug/2023:00:01:34 +0000] "CONNECT 149.28.141.122:443:443 HTTP/1.1" 400 -
143.110.235.92 - - [17/Aug/2023:00:01:37 +0000] "CONNECT 149.28.141.122:443:443 HTTP/1.1" 400 -
159.89.136.33 - - [17/Aug/2023:00:01:39 +0000] "CONNECT 149.28.141.122:443:443 HTTP/1.1" 400 -
159.89.143.221 - - [17/Aug/2023:00:01:42 +0000] "CONNECT null:443:443 HTTP/1.1" 400 -
159.89.136.29 - - [17/Aug/2023:00:01:47 +0000] "CONNECT null:443:443 HTTP/1.1" 400 -
143.110.235.92 - - [17/Aug/2023:00:01:51 +0000] "CONNECT null:443:443 HTTP/1.1" 400 -
159.89.136.29 - - [17/Aug/2023:00:01:53 +0000] "CONNECT 149.28.141.122:443:443 HTTP/1.1" 400 -
159.89.143.238 - - [17/Aug/2023:00:02:10 +0000] "CONNECT vnew88.com:443:443 HTTP/1.1" 400 -
143.110.235.92 - - [17/Aug/2023:00:02:15 +0000] "CONNECT 149.28.141.122:443:443 HTTP/1.1" 400 -
143.110.235.92 - - [17/Aug/2023:00:02:17 +0000] "CONNECT 149.28.141.122:443:443 HTTP/1.1" 400 -
159.89.136.33 - - [17/Aug/2023:00:02:20 +0000] "CONNECT 149.28.141.122:443:443 HTTP/1.1" 400 -
159.89.136.29 - - [17/Aug/2023:00:02:29 +0000] "CONNECT 149.28.141.122:443:443 HTTP/1.1" 400 -
159.89.143.221 - - [17/Aug/2023:00:02:46 +0000] "CONNECT 149.28.141.122:443:443 HTTP/1.1" 400 -
159.89.136.29 - - [17/Aug/2023:00:03:13 +0000] "CONNECT 149.28.141.122:443:443 HTTP/1.1" 400 -
159.89.143.221 - - [17/Aug/2023:00:03:14 +0000] "CONNECT 149.28.141.122:443:443 HTTP/1.1" 400 -
159.89.143.221 - - [17/Aug/2023:00:03:19 +0000] "CONNECT 149.28.141.122:443:443 HTTP/1.1" 400 -
159.89.136.29 - - [17/Aug/2023:00:03:20 +0000] "CONNECT 149.28.141.122:443:443 HTTP/1.1" 400 -
159.89.136.33 - - [17/Aug/2023:00:03:25 +0000] "CONNECT 149.28.141.122:443:443 HTTP/1.1" 400 -
143.110.235.92 - - [17/Aug/2023:00:03:27 +0000] "CONNECT 149.28.141.122:443:443 HTTP/1.1" 400 -
159.89.136.29 - - [17/Aug/2023:00:03:46 +0000] "CONNECT www.269faka.com:443:443:443 HTTP/1.1" 400 -
159.89.136.33 - - [17/Aug/2023:00:03:46 +0000] "CONNECT infinity-network.xyz:443:443 HTTP/1.1" 400 -
159.89.143.221 - - [17/Aug/2023:00:03:47 +0000] "CONNECT 149.28.141.122:443:443 HTTP/1.1" 400 -
159.89.136.29 - - [17/Aug/2023:00:03:48 +0000] "CONNECT 149.28.141.122:443:443 HTTP/1.1" 400 -
159.89.136.29 - - [17/Aug/2023:00:03:57 +0000] "CONNECT 149.28.141.122:443:443 HTTP/1.1" 400 -
159.89.136.29 - - [17/Aug/2023:00:04:01 +0000] "CONNECT www.269faka.com:443:443:443 HTTP/1.1" 400 -
159.89.136.29 - - [17/Aug/2023:00:04:07 +0000] "CONNECT 149.28.141.122:443:443 HTTP/1.1" 400 -
143.110.235.92 - - [17/Aug/2023:00:04:09 +0000] "CONNECT 149.28.141.122:443:443 HTTP/1.1" 400 -
159.89.136.33 - - [17/Aug/2023:00:04:11 +0000] "CONNECT 149.28.141.122:443:443 HTTP/1.1" 400 -
159.89.136.29 - - [17/Aug/2023:00:04:14 +0000] "CONNECT 149.28.141.122:443:443 HTTP/1.1" 400 -
159.89.136.33 - - [17/Aug/2023:00:04:14 +0000] "CONNECT 149.28.141.122:443:443 HTTP/1.1" 400 -
159.89.143.221 - - [17/Aug/2023:00:04:22 +0000] "CONNECT 149.28.141.122:443:443 HTTP/1.1" 400 -
159.89.143.221 - - [17/Aug/2023:00:04:24 +0000] "CONNECT 149.28.141.122:443:443 HTTP/1.1" 400 -
143.110.235.92 - - [17/Aug/2023:00:04:25 +0000] "CONNECT infinity-network.xyz:443:443 HTTP/1.1" 400 -
159.89.136.29 - - [17/Aug/2023:00:04:28 +0000] "CONNECT 149.28.141.122:443:443 HTTP/1.1" 400 -
159.89.143.221 - - [17/Aug/2023:00:04:31 +0000] "CONNECT 149.28.141.122:443:443 HTTP/1.1" 400 -
142.93.80.219 - - [17/Aug/2023:00:04:41 +0000] "CONNECT k9win.ca:443:443 HTTP/1.1" 400 -
159.89.143.238 - - [17/Aug/2023:00:04:48 +0000] "CONNECT vnew88.com:443:443 HTTP/1.1" 400 -
159.89.143.221 - - [17/Aug/2023:00:05:11 +0000] "CONNECT 149.28.141.122:443:443 HTTP/1.1" 400 -
159.89.136.33 - - [17/Aug/2023:00:05:15 +0000] "CONNECT 149.28.141.122:443:443 HTTP/1.1" 400 -
159.89.136.33 - - [17/Aug/2023:00:05:23 +0000] "CONNECT 149.28.141.122:443:443 HTTP/1.1" 400 -
159.89.136.33 - - [17/Aug/2023:00:05:25 +0000] "CONNECT 149.28.141.122:443:443 HTTP/1.1" 400 -
159.89.136.33 - - [17/Aug/2023:00:05:26 +0000] "CONNECT 149.28.141.122:443:443 HTTP/1.1" 400 -
159.89.143.221 - - [17/Aug/2023:00:05:37 +0000] "CONNECT 149.28.141.122:443:443 HTTP/1.1" 400 -
159.89.136.29 - - [17/Aug/2023:00:05:40 +0000] "CONNECT infinity-network.xyz:443:443 HTTP/1.1" 400 -
159.89.136.29 - - [17/Aug/2023:00:05:47 +0000] "CONNECT 149.28.141.122:443:443 HTTP/1.1" 400 -
159.89.136.29 - - [17/Aug/2023:00:05:47 +0000] "CONNECT infinity-network.xyz:443:443 HTTP/1.1" 400 -
159.89.143.221 - - [17/Aug/2023:00:05:50 +0000] "CONNECT 149.28.141.122:443:443 HTTP/1.1" 400 -
159.89.136.29 - - [17/Aug/2023:00:05:56 +0000] "CONNECT 198.251.82.233:30170:443:443 HTTP/1.1" 400 -
159.89.136.33 - - [17/Aug/2023:00:06:01 +0000] "CONNECT infinity-network.xyz:443:443 HTTP/1.1" 400 -
159.89.143.221 - - [17/Aug/2023:00:06:07 +0000] "CONNECT 198.251.82.233:30170:443:443 HTTP/1.1" 400 -
143.110.235.92 - - [17/Aug/2023:00:06:11 +0000] "CONNECT 149.28.141.122:443:443 HTTP/1.1" 400 -
159.89.136.29 - - [17/Aug/2023:00:06:12 +0000] "CONNECT 149.28.141.122:443:443 HTTP/1.1" 400 -
159.89.143.221 - - [17/Aug/2023:00:06:12 +0000] "CONNECT 149.28.141.122:443:443 HTTP/1.1" 400 -
159.89.136.29 - - [17/Aug/2023:00:06:13 +0000] "CONNECT 149.28.141.122:443:443 HTTP/1.1" 400 -
143.110.235.92 - - [17/Aug/2023:00:06:14 +0000] "CONNECT 198.251.82.233:30170:443:443 HTTP/1.1" 400 -
143.110.235.92 - - [17/Aug/2023:00:06:25 +0000] "CONNECT 149.28.141.122:443:443 HTTP/1.1" 400 -
143.110.235.92 - - [17/Aug/2023:00:06:32 +0000] "CONNECT 149.28.141.122:443:443 HTTP/1.1" 400 -
159.89.143.221 - - [17/Aug/2023:00:06:32 +0000] "CONNECT 149.28.141.122:443:443 HTTP/1.1" 400 -
143.110.235.92 - - [17/Aug/2023:00:06:43 +0000] "CONNECT 149.28.141.122:443:443 HTTP/1.1" 400 -
143.110.235.92 - - [17/Aug/2023:00:06:50 +0000] "CONNECT 149.28.141.122:443:443 HTTP/1.1" 400 -
159.89.136.29 - - [17/Aug/2023:00:06:55 +0000] "CONNECT 149.28.141.122:443:443 HTTP/1.1" 400 -
159.89.143.221 - - [17/Aug/2023:00:06:55 +0000] "CONNECT 149.28.141.122:443:443 HTTP/1.1" 400 -
159.89.143.221 - - [17/Aug/2023:00:07:10 +0000] "CONNECT 130.61.34.74:443:443 HTTP/1.1" 400 -
159.89.136.29 - - [17/Aug/2023:00:07:12 +0000] "CONNECT 149.28.141.122:443:443 HTTP/1.1" 400 -
159.89.143.221 - - [17/Aug/2023:00:07:13 +0000] "CONNECT 130.61.34.74:443:443 HTTP/1.1" 400 -
159.89.143.238 - - [17/Aug/2023:00:07:15 +0000] "CONNECT vnew88.com:443:443 HTTP/1.1" 400 -
159.89.136.29 - - [17/Aug/2023:00:07:15 +0000] "CONNECT 149.28.141.122:443:443 HTTP/1.1" 400 -
159.89.143.221 - - [17/Aug/2023:00:07:15 +0000] "CONNECT 149.28.141.122:443:443 HTTP/1.1" 400 -
159.89.143.221 - - [17/Aug/2023:00:07:21 +0000] "CONNECT 149.28.141.122:443:443 HTTP/1.1" 400 -
143.110.235.92 - - [17/Aug/2023:00:07:27 +0000] "CONNECT 149.28.141.122:443:443 HTTP/1.1" 400 -
159.89.136.33 - - [17/Aug/2023:00:07:34 +0000] "CONNECT infinity-network.xyz:443:443 HTTP/1.1" 400 -
159.89.143.221 - - [17/Aug/2023:00:07:38 +0000] "CONNECT 149.28.141.122:443:443 HTTP/1.1" 400 -
143.110.235.92 - - [17/Aug/2023:00:07:40 +0000] "CONNECT 149.28.141.122:443:443 HTTP/1.1" 400 -
143.110.235.92 - - [17/Aug/2023:00:07:48 +0000] "CONNECT 149.28.141.122:443:443 HTTP/1.1" 400 -
143.110.235.92 - - [17/Aug/2023:00:07:54 +0000] "CONNECT 149.28.141.122:443:443 HTTP/1.1" 400 -
143.110.235.92 - - [17/Aug/2023:00:08:03 +0000] "CONNECT 149.28.141.122:443:443 HTTP/1.1" 400 -
143.110.235.92 - - [17/Aug/2023:00:08:08 +0000] "CONNECT 149.28.141.122:443:443 HTTP/1.1" 400 -
159.89.136.33 - - [17/Aug/2023:00:08:09 +0000] "CONNECT 149.28.141.122:443:443 HTTP/1.1" 400 -
159.89.136.33 - - [17/Aug/2023:00:08:12 +0000] "CONNECT 149.28.141.122:443:443 HTTP/1.1" 400 -
159.89.136.33 - - [17/Aug/2023:00:08:14 +0000] "CONNECT 149.28.141.122:443:443 HTTP/1.1" 400 -
143.110.235.92 - - [17/Aug/2023:00:08:19 +0000] "CONNECT infinity-network.xyz:443:443 HTTP/1.1" 400 -
143.110.235.92 - - [17/Aug/2023:00:08:22 +0000] "CONNECT 149.28.141.122:443:443 HTTP/1.1" 400 -
159.89.136.29 - - [17/Aug/2023:00:08:24 +0000] "CONNECT infinity-network.xyz:443:443 HTTP/1.1" 400 -
159.89.136.33 - - [17/Aug/2023:00:08:26 +0000] "CONNECT 149.28.141.122:443:443 HTTP/1.1" 400 -
159.89.136.29 - - [17/Aug/2023:00:08:30 +0000] "CONNECT 149.28.141.122:443:443 HTTP/1.1" 400 -
159.89.143.221 - - [17/Aug/2023:00:08:32 +0000] "CONNECT 149.28.141.122:443:443 HTTP/1.1" 400 -
159.89.143.238 - - [17/Aug/2023:00:08:36 +0000] "CONNECT vnew88.com:443:443 HTTP/1.1" 400 -
143.110.235.92 - - [17/Aug/2023:00:08:39 +0000] "CONNECT 198.251.82.233:30170:443:443 HTTP/1.1" 400 -
143.110.235.92 - - [17/Aug/2023:00:08:41 +0000] "CONNECT 149.28.141.122:443:443 HTTP/1.1" 400 -
143.110.235.92 - - [17/Aug/2023:00:08:53 +0000] "CONNECT 198.251.82.233:30170:443:443 HTTP/1.1" 400 -
159.89.143.221 - - [17/Aug/2023:00:08:59 +0000] "CONNECT 149.28.141.122:443:443 HTTP/1.1" 400 -
143.110.235.92 - - [17/Aug/2023:00:08:59 +0000] "CONNECT 149.28.141.122:443:443 HTTP/1.1" 400 -
143.110.235.92 - - [17/Aug/2023:00:09:05 +0000] "CONNECT 149.28.141.122:443:443 HTTP/1.1" 400 -
143.110.235.92 - - [17/Aug/2023:00:09:06 +0000] "CONNECT 149.28.141.122:443:443 HTTP/1.1" 400 -
159.89.136.29 - - [17/Aug/2023:00:09:12 +0000] "CONNECT 149.28.141.122:443:443 HTTP/1.1" 400 -
159.89.136.33 - - [17/Aug/2023:00:09:15 +0000] "CONNECT 149.28.141.122:443:443 HTTP/1.1" 400 -
159.89.143.221 - - [17/Aug/2023:00:09:34 +0000] "CONNECT infinity-network.xyz:443:443 HTTP/1.1" 400 -
159.89.136.33 - - [17/Aug/2023:00:09:35 +0000] "CONNECT 149.28.141.122:443:443 HTTP/1.1" 400 -
159.89.143.221 - - [17/Aug/2023:00:09:37 +0000] "CONNECT 149.28.141.122:443:443 HTTP/1.1" 400 -
159.89.136.29 - - [17/Aug/2023:00:09:47 +0000] "CONNECT 149.28.141.122:443:443 HTTP/1.1" 400 -
159.89.136.29 - - [17/Aug/2023:00:09:48 +0000] "CONNECT 149.28.141.122:443:443 HTTP/1.1" 400 -
159.89.143.221 - - [17/Aug/2023:00:09:57 +0000] "CONNECT 149.28.141.122:443:443 HTTP/1.1" 400 -
159.89.136.29 - - [17/Aug/2023:00:10:11 +0000] "CONNECT 149.28.141.122:443:443 HTTP/1.1" 400 -
159.89.136.29 - - [17/Aug/2023:00:10:15 +0000] "CONNECT 149.28.141.122:443:443 HTTP/1.1" 400 -
143.110.235.92 - - [17/Aug/2023:00:10:18 +0000] "CONNECT 149.28.141.122:443:443 HTTP/1.1" 400 -
159.89.143.221 - - [17/Aug/2023:00:10:20 +0000] "CONNECT 149.28.141.122:443:443 HTTP/1.1" 400 -
159.89.143.238 - - [17/Aug/2023:00:10:21 +0000] "CONNECT vnew88.com:443:443 HTTP/1.1" 400 -
143.110.235.92 - - [17/Aug/2023:00:10:21 +0000] "CONNECT 149.28.141.122:443:443 HTTP/1.1" 400 -
159.89.136.29 - - [17/Aug/2023:00:10:23 +0000] "CONNECT 149.28.141.122:443:443 HTTP/1.1" 400 -
159.89.136.29 - - [17/Aug/2023:00:10:35 +0000] "CONNECT 149.28.141.122:443:443 HTTP/1.1" 400 -
143.110.235.92 - - [17/Aug/2023:00:10:37 +0000] "CONNECT 149.28.141.122:443:443 HTTP/1.1" 400 -
159.89.136.29 - - [17/Aug/2023:00:10:41 +0000] "CONNECT 149.28.141.122:443:443 HTTP/1.1" 400 -
159.89.143.238 - - [17/Aug/2023:00:10:50 +0000] "CONNECT vnew88.com:443:443 HTTP/1.1" 400 -
159.89.143.238 - - [17/Aug/2023:00:10:55 +0000] "CONNECT vnew88.com:443:443 HTTP/1.1" 400 -
159.89.143.221 - - [17/Aug/2023:00:10:59 +0000] "CONNECT 149.28.141.122:443:443 HTTP/1.1" 400 -
143.110.235.92 - - [17/Aug/2023:00:11:02 +0000] "CONNECT 149.28.141.122:443:443 HTTP/1.1" 400 -
143.110.235.92 - - [17/Aug/2023:00:11:06 +0000] "CONNECT 149.28.141.122:443:443 HTTP/1.1" 400 -
143.110.235.92 - - [17/Aug/2023:00:11:13 +0000] "CONNECT 149.28.141.122:443:443 HTTP/1.1" 400 -
159.89.143.221 - - [17/Aug/2023:00:11:13 +0000] "CONNECT infinity-network.xyz:443:443 HTTP/1.1" 400 -
159.89.143.221 - - [17/Aug/2023:00:11:29 +0000] "CONNECT spacestresser.com:443:443 HTTP/1.1" 400 -
159.89.143.221 - - [17/Aug/2023:00:11:30 +0000] "CONNECT 149.28.141.122:443:443 HTTP/1.1" 400 -
143.110.235.92 - - [17/Aug/2023:00:11:35 +0000] "CONNECT 149.28.141.122:443:443 HTTP/1.1" 400 -
143.110.235.92 - - [17/Aug/2023:00:11:42 +0000] "CONNECT 149.28.141.122:443:443 HTTP/1.1" 400 -
159.89.136.29 - - [17/Aug/2023:00:11:46 +0000] "CONNECT spacestresser.com:443:443 HTTP/1.1" 400 -
159.89.136.33 - - [17/Aug/2023:00:11:53 +0000] "CONNECT 149.28.141.122:443:443 HTTP/1.1" 400 -
143.110.235.92 - - [17/Aug/2023:00:12:00 +0000] "CONNECT 149.28.141.122:443:443 HTTP/1.1" 400 -
143.110.235.92 - - [17/Aug/2023:00:12:01 +0000] "CONNECT 149.28.141.122:443:443 HTTP/1.1" 400 -
159.89.143.221 - - [17/Aug/2023:00:12:09 +0000] "CONNECT 149.28.141.122:443:443 HTTP/1.1" 400 -
159.89.136.33 - - [17/Aug/2023:00:12:14 +0000] "CONNECT spacestresser.com:443:443 HTTP/1.1" 400 -
159.89.136.29 - - [17/Aug/2023:00:12:16 +0000] "CONNECT spacestresser.com:443:443 HTTP/1.1" 400 -
159.89.136.29 - - [17/Aug/2023:00:12:18 +0000] "CONNECT 149.28.141.122:443:443 HTTP/1.1" 400 -
159.89.136.33 - - [17/Aug/2023:00:12:29 +0000] "CONNECT 149.28.141.122:443:443 HTTP/1.1" 400 -
159.89.143.221 - - [17/Aug/2023:00:12:30 +0000] "CONNECT 149.28.141.122:443:443 HTTP/1.1" 400 -
143.110.235.92 - - [17/Aug/2023:00:12:35 +0000] "CONNECT 149.28.141.122:443:443 HTTP/1.1" 400 -
159.89.136.33 - - [17/Aug/2023:00:12:39 +0000] "CONNECT 149.28.141.122:443:443 HTTP/1.1" 400 -
159.89.136.33 - - [17/Aug/2023:00:12:42 +0000] "CONNECT infinity-network.xyz:443:443 HTTP/1.1" 400 -
159.89.143.221 - - [17/Aug/2023:00:12:49 +0000] "CONNECT 149.28.141.122:443:443 HTTP/1.1" 400 -
159.89.136.29 - - [17/Aug/2023:00:13:13 +0000] "CONNECT 149.28.141.122:443:443 HTTP/1.1" 400 -
159.89.143.221 - - [17/Aug/2023:00:13:13 +0000] "CONNECT 149.28.141.122:443:443 HTTP/1.1" 400 -
159.89.136.29 - - [17/Aug/2023:00:13:24 +0000] "CONNECT 149.28.141.122:443:443 HTTP/1.1" 400 -
143.110.235.92 - - [17/Aug/2023:00:13:27 +0000] "CONNECT 149.28.141.122:443:443 HTTP/1.1" 400 -
159.89.136.29 - - [17/Aug/2023:00:13:33 +0000] "CONNECT 149.28.141.122:443:443 HTTP/1.1" 400 -
159.89.136.33 - - [17/Aug/2023:00:13:37 +0000] "CONNECT infinity-network.xyz:443:443 HTTP/1.1" 400 -
159.89.136.29 - - [17/Aug/2023:00:13:50 +0000] "CONNECT 149.28.141.122:443:443 HTTP/1.1" 400 -
159.89.143.221 - - [17/Aug/2023:00:13:57 +0000] "CONNECT 149.28.141.122:443:443 HTTP/1.1" 400 -
159.89.136.33 - - [17/Aug/2023:00:14:04 +0000] "CONNECT 149.28.141.122:443:443 HTTP/1.1" 400 -
159.89.136.33 - - [17/Aug/2023:00:14:08 +0000] "CONNECT infinity-network.xyz:443:443 HTTP/1.1" 400 -
159.89.136.33 - - [17/Aug/2023:00:14:09 +0000] "CONNECT 149.28.141.122:443:443 HTTP/1.1" 400 -
159.89.136.29 - - [17/Aug/2023:00:14:12 +0000] "CONNECT 149.28.141.122:443:443 HTTP/1.1" 400 -
143.110.235.92 - - [17/Aug/2023:00:14:15 +0000] "CONNECT 149.28.141.122:443:443 HTTP/1.1" 400 -
159.89.143.238 - - [17/Aug/2023:00:14:16 +0000] "CONNECT vnew88.com:443:443 HTTP/1.1" 400 -
143.110.235.92 - - [17/Aug/2023:00:14:18 +0000] "CONNECT 149.28.141.122:443:443 HTTP/1.1" 400 -
159.89.136.29 - - [17/Aug/2023:00:14:23 +0000] "CONNECT 149.28.141.122:443:443 HTTP/1.1" 400 -
159.89.136.33 - - [17/Aug/2023:00:14:24 +0000] "CONNECT infinity-network.xyz:443:443 HTTP/1.1" 400 -
159.89.136.33 - - [17/Aug/2023:00:14:39 +0000] "CONNECT infinity-network.xyz:443:443 HTTP/1.1" 400 -
159.89.143.221 - - [17/Aug/2023:00:14:47 +0000] "CONNECT 149.28.141.122:443:443 HTTP/1.1" 400 -
159.89.143.221 - - [17/Aug/2023:00:14:49 +0000] "CONNECT 149.28.141.122:443:443 HTTP/1.1" 400 -
143.110.235.92 - - [17/Aug/2023:00:14:55 +0000] "CONNECT 149.28.141.122:443:443 HTTP/1.1" 400 -
159.89.136.33 - - [17/Aug/2023:00:14:57 +0000] "CONNECT 149.28.141.122:443:443 HTTP/1.1" 400 -
159.89.136.29 - - [17/Aug/2023:00:15:00 +0000] "CONNECT 149.28.141.122:443:443 HTTP/1.1" 400 -
159.89.143.221 - - [17/Aug/2023:00:15:10 +0000] "CONNECT 149.28.141.122:443:443 HTTP/1.1" 400 -
159.89.143.221 - - [17/Aug/2023:00:15:24 +0000] "CONNECT 149.28.141.122:443:443 HTTP/1.1" 400 -
159.89.136.29 - - [17/Aug/2023:00:15:28 +0000] "CONNECT 149.28.141.122:443:443 HTTP/1.1" 400 -
143.110.235.92 - - [17/Aug/2023:00:15:30 +0000] "CONNECT 149.28.141.122:443:443 HTTP/1.1" 400 -
143.110.235.92 - - [17/Aug/2023:00:15:41 +0000] "CONNECT 149.28.141.122:443:443 HTTP/1.1" 400 -
159.89.143.221 - - [17/Aug/2023:00:15:44 +0000] "CONNECT 149.28.141.122:443:443 HTTP/1.1" 400 -
159.89.136.33 - - [17/Aug/2023:00:15:57 +0000] "CONNECT 149.28.141.122:443:443 HTTP/1.1" 400 -
143.110.235.92 - - [17/Aug/2023:00:16:30 +0000] "CONNECT 149.28.141.122:443:443 HTTP/1.1" 400 -
159.89.136.33 - - [17/Aug/2023:00:16:44 +0000] "CONNECT support.microsoft.com:443:443 HTTP/1.1" 400 -
159.89.136.33 - - [17/Aug/2023:00:16:48 +0000] "CONNECT 149.28.141.122:443:443 HTTP/1.1" 400 -
159.89.136.29 - - [17/Aug/2023:00:16:48 +0000] "CONNECT 149.28.141.122:443:443 HTTP/1.1" 400 -
143.110.235.92 - - [17/Aug/2023:00:16:50 +0000] "CONNECT 149.28.141.122:443:443 HTTP/1.1" 400 -
159.89.143.221 - - [17/Aug/2023:00:16:54 +0000] "CONNECT 149.28.141.122:443:443 HTTP/1.1" 400 -
159.89.136.29 - - [17/Aug/2023:00:16:55 +0000] "CONNECT 149.28.141.122:443:443 HTTP/1.1" 400 -
159.89.143.221 - - [17/Aug/2023:00:16:57 +0000] "CONNECT support.microsoft.com:443:443 HTTP/1.1" 400 -
143.110.235.92 - - [17/Aug/2023:00:16:58 +0000] "CONNECT 149.28.141.122:443:443 HTTP/1.1" 400 -
159.89.136.33 - - [17/Aug/2023:00:16:59 +0000] "CONNECT 149.28.141.122:443:443 HTTP/1.1" 400 -
159.89.143.221 - - [17/Aug/2023:00:17:01 +0000] "CONNECT 149.28.141.122:443:443 HTTP/1.1" 400 -
159.89.136.33 - - [17/Aug/2023:00:17:07 +0000] "CONNECT 149.28.141.122:443:443 HTTP/1.1" 400 -
159.89.136.29 - - [17/Aug/2023:00:17:07 +0000] "CONNECT 149.28.141.122:443:443 HTTP/1.1" 400 -
159.89.136.29 - - [17/Aug/2023:00:17:11 +0000] "CONNECT 149.28.141.122:443:443 HTTP/1.1" 400 -
159.89.136.33 - - [17/Aug/2023:00:17:21 +0000] "CONNECT 149.28.141.122:443:443 HTTP/1.1" 400 -
159.89.143.221 - - [17/Aug/2023:00:17:21 +0000] "CONNECT 149.28.141.122:443:443 HTTP/1.1" 400 -
159.89.143.238 - - [17/Aug/2023:00:17:23 +0000] "CONNECT vnew88.com:443:443 HTTP/1.1" 400 -
159.89.136.33 - - [17/Aug/2023:00:17:25 +0000] "CONNECT 149.28.141.122:443:443 HTTP/1.1" 400 -
143.110.235.92 - - [17/Aug/2023:00:17:40 +0000] "CONNECT 149.28.141.122:443:443 HTTP/1.1" 400 -
159.89.143.221 - - [17/Aug/2023:00:17:42 +0000] "CONNECT infinity-network.xyz:443:443 HTTP/1.1" 400 -
159.89.136.33 - - [17/Aug/2023:00:17:42 +0000] "CONNECT 149.28.141.122:443:443 HTTP/1.1" 400 -
143.110.235.92 - - [17/Aug/2023:00:17:45 +0000] "CONNECT 149.28.141.122:443:443 HTTP/1.1" 400 -
143.110.235.92 - - [17/Aug/2023:00:17:52 +0000] "CONNECT 149.28.141.122:443:443 HTTP/1.1" 400 -
143.110.235.92 - - [17/Aug/2023:00:18:10 +0000] "CONNECT 149.28.141.122:443:443 HTTP/1.1" 400 -
143.110.235.92 - - [17/Aug/2023:00:18:12 +0000] "CONNECT infinity-network.xyz:443:443 HTTP/1.1" 400 -
143.110.235.92 - - [17/Aug/2023:00:18:22 +0000] "CONNECT 149.28.141.122:443:443 HTTP/1.1" 400 -
159.89.136.29 - - [17/Aug/2023:00:18:33 +0000] "CONNECT 149.28.141.122:443:443 HTTP/1.1" 400 -
159.89.136.29 - - [17/Aug/2023:00:18:34 +0000] "CONNECT 149.28.141.122:443:443 HTTP/1.1" 400 -
159.89.143.221 - - [17/Aug/2023:00:18:38 +0000] "CONNECT 149.28.141.122:443:443 HTTP/1.1" 400 -
45.128.232.140 - - [17/Aug/2023:00:18:54 +0000] "CONNECT google.com:443 HTTP/1.1" 400 -
159.89.136.29 - - [17/Aug/2023:00:19:03 +0000] "CONNECT 149.28.141.122:443:443 HTTP/1.1" 400 -
143.110.235.92 - - [17/Aug/2023:00:19:05 +0000] "CONNECT 149.28.141.122:443:443 HTTP/1.1" 400 -
159.89.136.33 - - [17/Aug/2023:00:19:12 +0000] "CONNECT 149.28.141.122:443:443 HTTP/1.1" 400 -
159.89.136.29 - - [17/Aug/2023:00:19:18 +0000] "CONNECT 149.28.141.122:443:443 HTTP/1.1" 400 -
159.89.143.221 - - [17/Aug/2023:00:19:19 +0000] "CONNECT 149.28.141.122:443:443 HTTP/1.1" 400 -
143.110.235.92 - - [17/Aug/2023:00:19:20 +0000] "CONNECT 149.28.141.122:443:443 HTTP/1.1" 400 -
159.89.136.33 - - [17/Aug/2023:00:19:24 +0000] "CONNECT 149.28.141.122:443:443 HTTP/1.1" 400 -
159.89.143.238 - - [17/Aug/2023:00:19:25 +0000] "CONNECT vnew88.com:443:443 HTTP/1.1" 400 -
159.89.143.221 - - [17/Aug/2023:00:19:27 +0000] "CONNECT 149.28.141.122:443:443 HTTP/1.1" 400 -
159.89.143.221 - - [17/Aug/2023:00:19:38 +0000] "CONNECT 149.28.141.122:443:443 HTTP/1.1" 400 -
143.110.235.92 - - [17/Aug/2023:00:19:40 +0000] "CONNECT networkstresser.com.testednet.com:443:443 HTTP/1.1" 400 -
143.110.235.92 - - [17/Aug/2023:00:19:43 +0000] "CONNECT 149.28.141.122:443:443 HTTP/1.1" 400 -
159.89.143.238 - - [17/Aug/2023:00:19:49 +0000] "CONNECT vnew88.com:443:443 HTTP/1.1" 400 -
143.110.235.92 - - [17/Aug/2023:00:19:50 +0000] "CONNECT 149.28.141.122:443:443 HTTP/1.1" 400 -
159.89.143.221 - - [17/Aug/2023:00:20:01 +0000] "CONNECT 149.28.141.122:443:443 HTTP/1.1" 400 -
159.89.136.33 - - [17/Aug/2023:00:20:03 +0000] "CONNECT 149.28.141.122:443:443 HTTP/1.1" 400 -
159.89.136.33 - - [17/Aug/2023:00:20:03 +0000] "CONNECT networkstresser.com.testednet.com:443:443 HTTP/1.1" 400 -
143.110.235.92 - - [17/Aug/2023:00:20:03 +0000] "CONNECT 149.28.141.122:443:443 HTTP/1.1" 400 -
159.89.136.33 - - [17/Aug/2023:00:20:08 +0000] "CONNECT 198.251.82.233:30170:443:443 HTTP/1.1" 400 -
159.89.136.29 - - [17/Aug/2023:00:20:15 +0000] "CONNECT 149.28.141.122:443:443 HTTP/1.1" 400 -
159.89.136.33 - - [17/Aug/2023:00:20:19 +0000] "CONNECT 198.251.82.233:30170:443:443 HTTP/1.1" 400 -
159.89.136.33 - - [17/Aug/2023:00:20:22 +0000] "CONNECT 149.28.141.122:443:443 HTTP/1.1" 400 -
159.89.143.221 - - [17/Aug/2023:00:20:22 +0000] "CONNECT 149.28.141.122:443:443 HTTP/1.1" 400 -
159.89.136.33 - - [17/Aug/2023:00:20:34 +0000] "CONNECT 198.251.82.233:30170:443:443 HTTP/1.1" 400 -
143.110.235.92 - - [17/Aug/2023:00:20:44 +0000] "CONNECT rayotofilosu.online:443:443 HTTP/1.1" 400 -
159.89.136.29 - - [17/Aug/2023:00:20:52 +0000] "CONNECT 149.28.141.122:443:443 HTTP/1.1" 400 -
143.110.235.92 - - [17/Aug/2023:00:20:53 +0000] "CONNECT 149.28.141.122:443:443 HTTP/1.1" 400 -
159.89.136.29 - - [17/Aug/2023:00:20:56 +0000] "CONNECT 198.251.82.233:30170:443:443 HTTP/1.1" 400 -
159.89.143.221 - - [17/Aug/2023:00:21:01 +0000] "CONNECT 149.28.141.122:443:443 HTTP/1.1" 400 -
143.110.235.92 - - [17/Aug/2023:00:21:02 +0000] "CONNECT jokercard.net:443:443 HTTP/1.1" 400 -
159.89.136.33 - - [17/Aug/2023:00:21:05 +0000] "CONNECT 198.251.82.233:30170:443:443 HTTP/1.1" 400 -
159.89.143.238 - - [17/Aug/2023:00:21:06 +0000] "CONNECT vnew88.com:443:443 HTTP/1.1" 400 -
142.93.80.219 - - [17/Aug/2023:00:21:10 +0000] "CONNECT k9win.ca:443:443 HTTP/1.1" 400 -
143.110.235.92 - - [17/Aug/2023:00:21:16 +0000] "CONNECT rayotofilosu.online:443:443 HTTP/1.1" 400 -
159.89.143.221 - - [17/Aug/2023:00:21:22 +0000] "CONNECT 149.28.141.122:443:443 HTTP/1.1" 400 -
143.110.235.92 - - [17/Aug/2023:00:21:23 +0000] "CONNECT 149.28.141.122:443:443 HTTP/1.1" 400 -
159.89.143.238 - - [17/Aug/2023:00:21:25 +0000] "CONNECT vnew88.com:443:443 HTTP/1.1" 400 -
159.89.143.221 - - [17/Aug/2023:00:21:28 +0000] "CONNECT 149.28.141.122:443:443 HTTP/1.1" 400 -
159.89.143.221 - - [17/Aug/2023:00:21:30 +0000] "CONNECT jokercard.net:443:443 HTTP/1.1" 400 -
159.89.136.29 - - [17/Aug/2023:00:21:37 +0000] "CONNECT 149.28.141.122:443:443 HTTP/1.1" 400 -
159.89.136.33 - - [17/Aug/2023:00:21:45 +0000] "CONNECT jokercard.net:443:443 HTTP/1.1" 400 -
159.89.136.29 - - [17/Aug/2023:00:21:48 +0000] "CONNECT 149.28.141.122:443:443 HTTP/1.1" 400 -
159.89.136.33 - - [17/Aug/2023:00:21:48 +0000] "CONNECT 149.28.141.122:443:443 HTTP/1.1" 400 -
159.89.136.33 - - [17/Aug/2023:00:21:48 +0000] "CONNECT 149.28.141.122:443:443 HTTP/1.1" 400 -
143.110.235.92 - - [17/Aug/2023:00:21:50 +0000] "CONNECT jokercard.net:443:443 HTTP/1.1" 400 -
159.89.136.29 - - [17/Aug/2023:00:21:54 +0000] "CONNECT 149.28.141.122:443:443 HTTP/1.1" 400 -
159.89.136.33 - - [17/Aug/2023:00:21:56 +0000] "CONNECT 149.28.141.122:443:443 HTTP/1.1" 400 -
159.89.136.33 - - [17/Aug/2023:00:21:57 +0000] "CONNECT 149.28.141.122:443:443 HTTP/1.1" 400 -
159.89.143.221 - - [17/Aug/2023:00:21:58 +0000] "CONNECT 149.28.141.122:443:443 HTTP/1.1" 400 -
159.89.136.29 - - [17/Aug/2023:00:22:00 +0000] "CONNECT jokercard.net:443:443 HTTP/1.1" 400 -
159.89.143.221 - - [17/Aug/2023:00:22:06 +0000] "CONNECT metin2.dev:443:443 HTTP/1.1" 400 -
159.89.136.33 - - [17/Aug/2023:00:22:06 +0000] "CONNECT 149.28.141.122:443:443 HTTP/1.1" 400 -
159.89.136.29 - - [17/Aug/2023:00:22:12 +0000] "CONNECT 149.28.141.122:443:443 HTTP/1.1" 400 -
143.110.235.92 - - [17/Aug/2023:00:22:15 +0000] "CONNECT 149.28.141.122:443:443 HTTP/1.1" 400 -
159.89.136.33 - - [17/Aug/2023:00:22:16 +0000] "CONNECT 198.251.82.233:30170:443:443 HTTP/1.1" 400 -
143.110.235.92 - - [17/Aug/2023:00:22:32 +0000] "CONNECT 198.251.82.233:30170:443:443 HTTP/1.1" 400 -
159.89.143.221 - - [17/Aug/2023:00:22:33 +0000] "CONNECT 149.28.141.122:443:443 HTTP/1.1" 400 -
159.89.143.221 - - [17/Aug/2023:00:22:34 +0000] "CONNECT 149.28.141.122:443:443 HTTP/1.1" 400 -
159.89.136.33 - - [17/Aug/2023:00:22:38 +0000] "CONNECT 149.28.141.122:443:443 HTTP/1.1" 400 -
159.89.143.238 - - [17/Aug/2023:00:22:40 +0000] "CONNECT vnew88.com:443:443 HTTP/1.1" 400 -
159.89.143.238 - - [17/Aug/2023:00:22:43 +0000] "CONNECT vnew88.com:443:443 HTTP/1.1" 400 -
143.110.235.92 - - [17/Aug/2023:00:22:45 +0000] "CONNECT metin2.dev:443:443 HTTP/1.1" 400 -
159.89.136.29 - - [17/Aug/2023:00:22:46 +0000] "CONNECT 149.28.141.122:443:443 HTTP/1.1" 400 -
159.89.136.29 - - [17/Aug/2023:00:22:51 +0000] "CONNECT 198.251.82.233:30170:443:443 HTTP/1.1" 400 -
159.89.136.29 - - [17/Aug/2023:00:22:52 +0000] "CONNECT spacestresser.com:443:443 HTTP/1.1" 400 -
159.89.143.221 - - [17/Aug/2023:00:22:55 +0000] "CONNECT 149.28.141.122:443:443 HTTP/1.1" 400 -
159.89.136.29 - - [17/Aug/2023:00:22:56 +0000] "CONNECT 149.28.141.122:443:443 HTTP/1.1" 400 -
143.110.235.92 - - [17/Aug/2023:00:23:05 +0000] "CONNECT 198.251.82.233:30170:443:443 HTTP/1.1" 400 -
159.89.136.33 - - [17/Aug/2023:00:23:07 +0000] "CONNECT 149.28.141.122:443:443 HTTP/1.1" 400 -
143.110.235.92 - - [17/Aug/2023:00:23:24 +0000] "CONNECT 149.28.141.122:443:443 HTTP/1.1" 400 -
159.89.136.29 - - [17/Aug/2023:00:23:28 +0000] "CONNECT 149.28.141.122:443:443 HTTP/1.1" 400 -
159.89.136.29 - - [17/Aug/2023:00:23:28 +0000] "CONNECT 149.28.141.122:443:443 HTTP/1.1" 400 -
159.89.143.221 - - [17/Aug/2023:00:23:40 +0000] "CONNECT spacestresser.com:443:443 HTTP/1.1" 400 -
159.89.136.29 - - [17/Aug/2023:00:23:45 +0000] "CONNECT 149.28.141.122:443:443 HTTP/1.1" 400 -
159.89.143.238 - - [17/Aug/2023:00:23:58 +0000] "CONNECT vnew88.com:443:443 HTTP/1.1" 400 -
143.110.235.92 - - [17/Aug/2023:00:24:02 +0000] "CONNECT 149.28.141.122:443:443 HTTP/1.1" 400 -
159.89.136.29 - - [17/Aug/2023:00:24:03 +0000] "CONNECT 149.28.141.122:443:443 HTTP/1.1" 400 -
159.89.136.33 - - [17/Aug/2023:00:24:04 +0000] "CONNECT 149.28.141.122:443:443 HTTP/1.1" 400 -
159.89.136.29 - - [17/Aug/2023:00:24:22 +0000] "CONNECT spacestresser.com:443:443 HTTP/1.1" 400 -
159.89.136.33 - - [17/Aug/2023:00:24:23 +0000] "CONNECT spacestresser.com:443:443 HTTP/1.1" 400 -
159.89.136.33 - - [17/Aug/2023:00:24:23 +0000] "CONNECT 149.28.141.122:443:443 HTTP/1.1" 400 -
159.89.136.33 - - [17/Aug/2023:00:24:33 +0000] "CONNECT 149.28.141.122:443:443 HTTP/1.1" 400 -
159.89.136.33 - - [17/Aug/2023:00:24:39 +0000] "CONNECT 149.28.141.122:443:443 HTTP/1.1" 400 -
159.89.136.29 - - [17/Aug/2023:00:24:49 +0000] "CONNECT 149.28.141.122:443:443 HTTP/1.1" 400 -
143.110.235.92 - - [17/Aug/2023:00:24:52 +0000] "CONNECT 149.28.141.122:443:443 HTTP/1.1" 400 -
159.89.136.29 - - [17/Aug/2023:00:25:10 +0000] "CONNECT 149.28.141.122:443:443 HTTP/1.1" 400 -
143.110.235.92 - - [17/Aug/2023:00:25:16 +0000] "CONNECT 149.28.141.122:443:443 HTTP/1.1" 400 -
159.89.136.33 - - [17/Aug/2023:00:25:17 +0000] "CONNECT 149.28.141.122:443:443 HTTP/1.1" 400 -
143.110.235.92 - - [17/Aug/2023:00:25:19 +0000] "CONNECT 149.28.141.122:443:443 HTTP/1.1" 400 -
159.89.136.33 - - [17/Aug/2023:00:25:20 +0000] "CONNECT 149.28.141.122:443:443 HTTP/1.1" 400 -
159.89.136.33 - - [17/Aug/2023:00:25:23 +0000] "CONNECT infinity-network.xyz:443:443 HTTP/1.1" 400 -
159.89.143.221 - - [17/Aug/2023:00:25:27 +0000] "CONNECT 149.28.141.122:443:443 HTTP/1.1" 400 -
159.89.136.29 - - [17/Aug/2023:00:25:37 +0000] "CONNECT 149.28.141.122:443:443 HTTP/1.1" 400 -
159.89.136.29 - - [17/Aug/2023:00:25:38 +0000] "CONNECT 149.28.141.122:443:443 HTTP/1.1" 400 -
143.110.235.92 - - [17/Aug/2023:00:25:46 +0000] "CONNECT 149.28.141.122:443:443 HTTP/1.1" 400 -
185.36.81.33 - - [17/Aug/2023:00:25:48 +0000] "GET / HTTP/1.1" 200 11217
159.89.136.29 - - [17/Aug/2023:00:26:07 +0000] "CONNECT spacestresser.com:443:443 HTTP/1.1" 400 -
159.89.143.221 - - [17/Aug/2023:00:26:14 +0000] "CONNECT 149.28.141.122:443:443 HTTP/1.1" 400 -
159.89.136.33 - - [17/Aug/2023:00:26:14 +0000] "CONNECT 149.28.141.122:443:443 HTTP/1.1" 400 -
159.89.143.221 - - [17/Aug/2023:00:26:19 +0000] "CONNECT 149.28.141.122:443:443 HTTP/1.1" 400 -
159.89.136.29 - - [17/Aug/2023:00:27:06 +0000] "CONNECT 149.28.141.122:443:443 HTTP/1.1" 400 -
159.89.143.238 - - [17/Aug/2023:00:27:07 +0000] "CONNECT vnew88.com:443:443 HTTP/1.1" 400 -
159.89.136.29 - - [17/Aug/2023:00:27:11 +0000] "CONNECT 149.28.141.122:443:443 HTTP/1.1" 400 -
142.93.80.219 - - [17/Aug/2023:00:27:29 +0000] "CONNECT k9win.ca:443:443 HTTP/1.1" 400 -
159.89.136.33 - - [17/Aug/2023:00:27:31 +0000] "CONNECT 149.28.141.122:443:443 HTTP/1.1" 400 -
159.89.143.221 - - [17/Aug/2023:00:27:39 +0000] "CONNECT 149.28.141.122:443:443 HTTP/1.1" 400 -
159.89.143.238 - - [17/Aug/2023:00:27:39 +0000] "CONNECT vnew88.com:443:443 HTTP/1.1" 400 -
138.197.28.9 - - [17/Aug/2023:00:27:41 +0000] "CONNECT play.b52.tips:443:443 HTTP/1.1" 400 -
159.89.136.29 - - [17/Aug/2023:00:27:43 +0000] "CONNECT 149.28.141.122:443:443 HTTP/1.1" 400 -
159.89.136.29 - - [17/Aug/2023:00:27:48 +0000] "CONNECT 149.28.141.122:443:443 HTTP/1.1" 400 -
159.89.136.33 - - [17/Aug/2023:00:27:53 +0000] "CONNECT 149.28.141.122:443:443 HTTP/1.1" 400 -
159.89.143.238 - - [17/Aug/2023:00:27:56 +0000] "CONNECT vnew88.com:443:443 HTTP/1.1" 400 -
143.110.235.92 - - [17/Aug/2023:00:27:59 +0000] "CONNECT 149.28.141.122:443:443 HTTP/1.1" 400 -
159.89.143.221 - - [17/Aug/2023:00:28:12 +0000] "CONNECT 149.28.141.122:443:443 HTTP/1.1" 400 -
159.89.143.221 - - [17/Aug/2023:00:28:17 +0000] "CONNECT infinity-network.xyz:443:443 HTTP/1.1" 400 -
159.89.143.221 - - [17/Aug/2023:00:28:19 +0000] "CONNECT 149.28.141.122:443:443 HTTP/1.1" 400 -
143.110.235.92 - - [17/Aug/2023:00:28:21 +0000] "CONNECT 149.28.141.122:443:443 HTTP/1.1" 400 -
159.89.143.221 - - [17/Aug/2023:00:28:27 +0000] "CONNECT 149.28.141.122:443:443 HTTP/1.1" 400 -
143.110.235.92 - - [17/Aug/2023:00:28:35 +0000] "CONNECT 149.28.141.122:443:443 HTTP/1.1" 400 -
159.89.136.33 - - [17/Aug/2023:00:28:39 +0000] "CONNECT spacestresser.com:443:443 HTTP/1.1" 400 -
159.89.143.221 - - [17/Aug/2023:00:28:51 +0000] "CONNECT spacestresser.com:443:443 HTTP/1.1" 400 -
159.89.136.33 - - [17/Aug/2023:00:28:59 +0000] "CONNECT 149.28.141.122:443:443 HTTP/1.1" 400 -
159.89.143.221 - - [17/Aug/2023:00:29:06 +0000] "CONNECT 149.28.141.122:443:443 HTTP/1.1" 400 -
159.89.136.33 - - [17/Aug/2023:00:29:14 +0000] "CONNECT 149.28.141.122:443:443 HTTP/1.1" 400 -
159.89.136.29 - - [17/Aug/2023:00:29:27 +0000] "CONNECT 149.28.141.122:443:443 HTTP/1.1" 400 -
159.89.136.33 - - [17/Aug/2023:00:29:28 +0000] "CONNECT 149.28.141.122:443:443 HTTP/1.1" 400 -
143.110.235.92 - - [17/Aug/2023:00:29:37 +0000] "CONNECT 149.28.141.122:443:443 HTTP/1.1" 400 -
159.89.143.238 - - [17/Aug/2023:00:29:38 +0000] "CONNECT vnew88.com:443:443 HTTP/1.1" 400 -
159.89.136.29 - - [17/Aug/2023:00:29:42 +0000] "CONNECT spacestresser.com:443:443 HTTP/1.1" 400 -
143.110.235.92 - - [17/Aug/2023:00:29:43 +0000] "CONNECT 149.28.141.122:443:443 HTTP/1.1" 400 -
143.110.235.92 - - [17/Aug/2023:00:30:07 +0000] "CONNECT 149.28.141.122:443:443 HTTP/1.1" 400 -
159.89.143.221 - - [17/Aug/2023:00:30:08 +0000] "CONNECT 149.28.141.122:443:443 HTTP/1.1" 400 -
143.110.235.92 - - [17/Aug/2023:00:30:11 +0000] "CONNECT 149.28.141.122:443:443 HTTP/1.1" 400 -
143.110.235.92 - - [17/Aug/2023:00:30:12 +0000] "CONNECT 149.28.141.122:443:443 HTTP/1.1" 400 -
159.89.136.29 - - [17/Aug/2023:00:30:17 +0000] "CONNECT infinity-network.xyz:443:443 HTTP/1.1" 400 -
143.110.235.92 - - [17/Aug/2023:00:30:22 +0000] "CONNECT 149.28.141.122:443:443 HTTP/1.1" 400 -
159.89.143.221 - - [17/Aug/2023:00:30:25 +0000] "CONNECT 149.28.141.122:443:443 HTTP/1.1" 400 -
159.89.136.29 - - [17/Aug/2023:00:30:29 +0000] "CONNECT 149.28.141.122:443:443 HTTP/1.1" 400 -
143.110.235.92 - - [17/Aug/2023:00:30:29 +0000] "CONNECT 149.28.141.122:443:443 HTTP/1.1" 400 -
143.110.235.92 - - [17/Aug/2023:00:30:31 +0000] "CONNECT 149.28.141.122:443:443 HTTP/1.1" 400 -
159.89.136.29 - - [17/Aug/2023:00:30:31 +0000] "CONNECT 149.28.141.122:443:443 HTTP/1.1" 400 -
159.89.136.29 - - [17/Aug/2023:00:30:34 +0000] "CONNECT 149.28.141.122:443:443 HTTP/1.1" 400 -
138.197.28.9 - - [17/Aug/2023:00:30:46 +0000] "CONNECT play.b52.tips:443:443 HTTP/1.1" 400 -
159.89.136.29 - - [17/Aug/2023:00:30:47 +0000] "CONNECT infinity-network.xyz:443:443 HTTP/1.1" 400 -
159.89.136.29 - - [17/Aug/2023:00:30:50 +0000] "CONNECT 149.28.141.122:443:443 HTTP/1.1" 400 -
159.89.143.221 - - [17/Aug/2023:00:30:51 +0000] "CONNECT 149.28.141.122:443:443 HTTP/1.1" 400 -
159.89.136.33 - - [17/Aug/2023:00:31:01 +0000] "CONNECT 149.28.141.122:443:443 HTTP/1.1" 400 -
159.89.136.29 - - [17/Aug/2023:00:31:04 +0000] "CONNECT infinity-network.xyz:443:443 HTTP/1.1" 400 -
159.89.136.29 - - [17/Aug/2023:00:31:08 +0000] "CONNECT 149.28.141.122:443:443 HTTP/1.1" 400 -
159.89.136.29 - - [17/Aug/2023:00:31:16 +0000] "CONNECT 149.28.141.122:443:443 HTTP/1.1" 400 -
159.89.143.221 - - [17/Aug/2023:00:31:17 +0000] "CONNECT 149.28.141.122:443:443 HTTP/1.1" 400 -
143.110.235.92 - - [17/Aug/2023:00:31:19 +0000] "CONNECT 149.28.141.122:443:443 HTTP/1.1" 400 -
159.89.136.29 - - [17/Aug/2023:00:31:21 +0000] "CONNECT 149.28.141.122:443:443 HTTP/1.1" 400 -
138.197.28.9 - - [17/Aug/2023:00:31:22 +0000] "CONNECT b52.tips:443:443 HTTP/1.1" 400 -
138.197.28.9 - - [17/Aug/2023:00:31:25 +0000] "CONNECT b52.tips:443:443 HTTP/1.1" 400 -
138.197.28.9 - - [17/Aug/2023:00:31:25 +0000] "CONNECT b52.tips:443:443 HTTP/1.1" 400 -
159.89.136.29 - - [17/Aug/2023:00:31:27 +0000] "CONNECT 149.28.141.122:443:443 HTTP/1.1" 400 -
143.110.235.92 - - [17/Aug/2023:00:31:27 +0000] "CONNECT 149.28.141.122:443:443 HTTP/1.1" 400 -
143.110.235.92 - - [17/Aug/2023:00:31:28 +0000] "CONNECT 149.28.141.122:443:443 HTTP/1.1" 400 -
159.89.143.238 - - [17/Aug/2023:00:31:49 +0000] "CONNECT vnew88.com:443:443 HTTP/1.1" 400 -
159.89.136.33 - - [17/Aug/2023:00:31:53 +0000] "CONNECT 149.28.141.122:443:443 HTTP/1.1" 400 -
143.110.235.92 - - [17/Aug/2023:00:31:56 +0000] "CONNECT www.dhswolves.com:443:443 HTTP/1.1" 400 -
159.89.136.33 - - [17/Aug/2023:00:31:57 +0000] "CONNECT 149.28.141.122:443:443 HTTP/1.1" 400 -
159.89.143.221 - - [17/Aug/2023:00:32:00 +0000] "CONNECT 149.28.141.122:443:443 HTTP/1.1" 400 -
159.89.136.29 - - [17/Aug/2023:00:32:00 +0000] "CONNECT 149.28.141.122:443:443 HTTP/1.1" 400 -
159.89.143.221 - - [17/Aug/2023:00:32:06 +0000] "CONNECT www.dhswolves.com:443:443 HTTP/1.1" 400 -
159.89.136.33 - - [17/Aug/2023:00:32:14 +0000] "CONNECT 149.28.141.122:443:443 HTTP/1.1" 400 -
159.89.143.221 - - [17/Aug/2023:00:32:21 +0000] "CONNECT 149.28.141.122:443:443 HTTP/1.1" 400 -
142.93.80.219 - - [17/Aug/2023:00:32:40 +0000] "CONNECT k9win.ca:443:443 HTTP/1.1" 400 -
143.110.235.92 - - [17/Aug/2023:00:32:49 +0000] "CONNECT 149.28.141.122:443:443 HTTP/1.1" 400 -
159.89.136.29 - - [17/Aug/2023:00:32:53 +0000] "CONNECT 149.28.141.122:443:443 HTTP/1.1" 400 -
159.89.136.33 - - [17/Aug/2023:00:33:05 +0000] "CONNECT www.dhswolves.com:443:443 HTTP/1.1" 400 -
159.89.136.29 - - [17/Aug/2023:00:33:08 +0000] "CONNECT 149.28.141.122:443:443 HTTP/1.1" 400 -
159.89.136.33 - - [17/Aug/2023:00:33:15 +0000] "CONNECT 149.28.141.122:443:443 HTTP/1.1" 400 -
143.110.235.92 - - [17/Aug/2023:00:33:19 +0000] "CONNECT 149.28.141.122:443:443 HTTP/1.1" 400 -
143.110.235.92 - - [17/Aug/2023:00:33:22 +0000] "CONNECT 149.28.141.122:443:443 HTTP/1.1" 400 -
159.89.143.221 - - [17/Aug/2023:00:33:29 +0000] "CONNECT 149.28.141.122:443:443 HTTP/1.1" 400 -
159.89.143.221 - - [17/Aug/2023:00:33:30 +0000] "CONNECT 149.28.141.122:443:443 HTTP/1.1" 400 -
159.89.136.29 - - [17/Aug/2023:00:33:35 +0000] "CONNECT 149.28.141.122:443:443 HTTP/1.1" 400 -
143.110.235.92 - - [17/Aug/2023:00:33:41 +0000] "CONNECT 149.28.141.122:443:443 HTTP/1.1" 400 -
143.110.235.92 - - [17/Aug/2023:00:33:42 +0000] "CONNECT 149.28.141.122:443:443 HTTP/1.1" 400 -
143.110.235.92 - - [17/Aug/2023:00:33:42 +0000] "CONNECT www.netflix.com:443:443 HTTP/1.1" 400 -
159.89.136.29 - - [17/Aug/2023:00:33:43 +0000] "CONNECT www.netflix.com:443:443 HTTP/1.1" 400 -
159.89.136.29 - - [17/Aug/2023:00:33:47 +0000] "CONNECT www.netflix.com:443:443 HTTP/1.1" 400 -
159.89.136.33 - - [17/Aug/2023:00:33:47 +0000] "CONNECT 149.28.141.122:443:443 HTTP/1.1" 400 -
159.89.136.33 - - [17/Aug/2023:00:33:48 +0000] "CONNECT www.dhswolves.com:443:443 HTTP/1.1" 400 -
198.235.24.128 - - [17/Aug/2023:00:33:56 +0000] "GET / HTTP/1.0" 200 11197
159.89.143.238 - - [17/Aug/2023:00:33:57 +0000] "CONNECT vnew88.com:443:443 HTTP/1.1" 400 -
159.89.136.33 - - [17/Aug/2023:00:33:57 +0000] "CONNECT 149.28.141.122:443:443 HTTP/1.1" 400 -
159.89.136.29 - - [17/Aug/2023:00:34:00 +0000] "CONNECT 149.18.63.74:30120:443:443 HTTP/1.1" 400 -
159.89.136.29 - - [17/Aug/2023:00:34:04 +0000] "CONNECT www.dhswolves.com:443:443 HTTP/1.1" 400 -
159.89.143.221 - - [17/Aug/2023:00:34:12 +0000] "CONNECT 149.28.141.122:443:443 HTTP/1.1" 400 -
159.89.136.33 - - [17/Aug/2023:00:34:16 +0000] "CONNECT 149.28.141.122:443:443 HTTP/1.1" 400 -
159.89.143.221 - - [17/Aug/2023:00:34:17 +0000] "CONNECT 149.28.141.122:443:443 HTTP/1.1" 400 -
143.110.235.92 - - [17/Aug/2023:00:34:47 +0000] "CONNECT 149.28.141.122:443:443 HTTP/1.1" 400 -
159.89.136.29 - - [17/Aug/2023:00:34:54 +0000] "CONNECT 149.28.141.122:443:443 HTTP/1.1" 400 -
159.89.136.29 - - [17/Aug/2023:00:34:59 +0000] "CONNECT 149.28.141.122:443:443 HTTP/1.1" 400 -
143.110.235.92 - - [17/Aug/2023:00:35:08 +0000] "CONNECT 149.28.141.122:443:443 HTTP/1.1" 400 -
159.89.143.221 - - [17/Aug/2023:00:35:28 +0000] "CONNECT 149.28.141.122:443:443 HTTP/1.1" 400 -
159.89.143.221 - - [17/Aug/2023:00:35:34 +0000] "CONNECT jokercard.info:443:443 HTTP/1.1" 400 -
159.89.136.29 - - [17/Aug/2023:00:35:36 +0000] "CONNECT 149.28.141.122:443:443 HTTP/1.1" 400 -
159.89.136.29 - - [17/Aug/2023:00:35:40 +0000] "CONNECT 149.28.141.122:443:443 HTTP/1.1" 400 -
159.89.136.29 - - [17/Aug/2023:00:35:53 +0000] "CONNECT 149.28.141.122:443:443 HTTP/1.1" 400 -
143.110.235.92 - - [17/Aug/2023:00:35:55 +0000] "CONNECT 149.28.141.122:443:443 HTTP/1.1" 400 -
159.89.136.29 - - [17/Aug/2023:00:35:55 +0000] "CONNECT 149.28.141.122:443:443 HTTP/1.1" 400 -
159.89.136.33 - - [17/Aug/2023:00:35:57 +0000] "CONNECT 149.28.141.122:443:443 HTTP/1.1" 400 -
159.89.136.33 - - [17/Aug/2023:00:36:02 +0000] "CONNECT 149.28.141.122:443:443 HTTP/1.1" 400 -
143.110.235.92 - - [17/Aug/2023:00:36:17 +0000] "CONNECT www.stressthem.se:443:443 HTTP/1.1" 400 -
143.110.235.92 - - [17/Aug/2023:00:36:19 +0000] "CONNECT 149.28.141.122:443:443 HTTP/1.1" 400 -
159.89.136.33 - - [17/Aug/2023:00:36:35 +0000] "CONNECT 149.28.141.122:443:443 HTTP/1.1" 400 -
159.89.136.33 - - [17/Aug/2023:00:36:41 +0000] "CONNECT 149.28.141.122:443:443 HTTP/1.1" 400 -
143.110.235.92 - - [17/Aug/2023:00:36:42 +0000] "CONNECT 149.28.141.122:443:443 HTTP/1.1" 400 -
159.89.143.221 - - [17/Aug/2023:00:36:51 +0000] "CONNECT 149.28.141.122:443:443 HTTP/1.1" 400 -
159.89.136.33 - - [17/Aug/2023:00:36:58 +0000] "CONNECT 149.28.141.122:443:443 HTTP/1.1" 400 -
159.89.143.238 - - [17/Aug/2023:00:36:59 +0000] "CONNECT vnew88.com:443:443 HTTP/1.1" 400 -
143.110.235.92 - - [17/Aug/2023:00:37:00 +0000] "CONNECT 149.28.141.122:443:443 HTTP/1.1" 400 -
159.89.143.221 - - [17/Aug/2023:00:37:34 +0000] "CONNECT 149.28.141.122:443:443 HTTP/1.1" 400 -
159.89.136.29 - - [17/Aug/2023:00:37:47 +0000] "CONNECT 149.28.141.122:443:443 HTTP/1.1" 400 -
159.89.136.29 - - [17/Aug/2023:00:37:49 +0000] "CONNECT 149.28.141.122:443:443 HTTP/1.1" 400 -
159.89.136.33 - - [17/Aug/2023:00:38:02 +0000] "CONNECT 149.28.141.122:443:443 HTTP/1.1" 400 -
159.89.136.29 - - [17/Aug/2023:00:38:08 +0000] "CONNECT 149.28.141.122:443:443 HTTP/1.1" 400 -
159.89.143.221 - - [17/Aug/2023:00:38:12 +0000] "CONNECT 149.28.141.122:443:443 HTTP/1.1" 400 -
143.110.235.92 - - [17/Aug/2023:00:38:35 +0000] "CONNECT 149.28.141.122:443:443 HTTP/1.1" 400 -
159.89.136.33 - - [17/Aug/2023:00:38:39 +0000] "CONNECT 149.28.141.122:443:443 HTTP/1.1" 400 -
159.89.136.29 - - [17/Aug/2023:00:38:40 +0000] "CONNECT 149.28.141.122:443:443 HTTP/1.1" 400 -
159.89.136.29 - - [17/Aug/2023:00:38:42 +0000] "CONNECT spacestresser.net:443:443 HTTP/1.1" 400 -
143.110.235.92 - - [17/Aug/2023:00:38:48 +0000] "CONNECT 149.28.141.122:443:443 HTTP/1.1" 400 -
159.89.136.33 - - [17/Aug/2023:00:38:49 +0000] "CONNECT 149.28.141.122:443:443 HTTP/1.1" 400 -
159.89.143.238 - - [17/Aug/2023:00:38:50 +0000] "CONNECT vnew88.com:443:443 HTTP/1.1" 400 -
143.110.235.92 - - [17/Aug/2023:00:38:56 +0000] "CONNECT 149.28.141.122:443:443 HTTP/1.1" 400 -
159.89.143.221 - - [17/Aug/2023:00:39:20 +0000] "CONNECT 149.28.141.122:443:443 HTTP/1.1" 400 -
143.110.235.92 - - [17/Aug/2023:00:39:29 +0000] "CONNECT 149.28.141.122:443:443 HTTP/1.1" 400 -
159.89.136.33 - - [17/Aug/2023:00:39:32 +0000] "CONNECT 149.28.141.122:443:443 HTTP/1.1" 400 -
159.89.143.221 - - [17/Aug/2023:00:40:03 +0000] "CONNECT spacestresser.com:443:443 HTTP/1.1" 400 -
143.110.235.92 - - [17/Aug/2023:00:40:04 +0000] "CONNECT 149.28.141.122:443:443 HTTP/1.1" 400 -
143.110.235.92 - - [17/Aug/2023:00:40:07 +0000] "CONNECT 149.28.141.122:443:443 HTTP/1.1" 400 -
143.110.235.92 - - [17/Aug/2023:00:40:09 +0000] "CONNECT 149.28.141.122:443:443 HTTP/1.1" 400 -
159.89.143.221 - - [17/Aug/2023:00:40:14 +0000] "CONNECT 149.28.141.122:443:443 HTTP/1.1" 400 -
159.89.136.33 - - [17/Aug/2023:00:40:15 +0000] "CONNECT 149.28.141.122:443:443 HTTP/1.1" 400 -
159.89.136.29 - - [17/Aug/2023:00:40:19 +0000] "CONNECT 149.28.141.122:443:443 HTTP/1.1" 400 -
159.89.136.29 - - [17/Aug/2023:00:40:20 +0000] "CONNECT 149.28.141.122:443:443 HTTP/1.1" 400 -
159.89.136.29 - - [17/Aug/2023:00:40:22 +0000] "CONNECT 149.28.141.122:443:443 HTTP/1.1" 400 -
159.89.143.221 - - [17/Aug/2023:00:40:23 +0000] "CONNECT 194.45.197.52:30120:443:443 HTTP/1.1" 400 -
143.110.235.92 - - [17/Aug/2023:00:40:23 +0000] "CONNECT 149.28.141.122:443:443 HTTP/1.1" 400 -
143.110.235.92 - - [17/Aug/2023:00:40:28 +0000] "CONNECT 194.45.197.52:30120:443:443 HTTP/1.1" 400 -
159.89.143.221 - - [17/Aug/2023:00:40:28 +0000] "CONNECT 149.28.141.122:443:443 HTTP/1.1" 400 -
159.89.136.33 - - [17/Aug/2023:00:40:38 +0000] "CONNECT 149.28.141.122:443:443 HTTP/1.1" 400 -
159.89.136.33 - - [17/Aug/2023:00:40:39 +0000] "CONNECT 149.28.141.122:443:443 HTTP/1.1" 400 -
159.89.143.221 - - [17/Aug/2023:00:40:39 +0000] "CONNECT 149.28.141.122:443:443 HTTP/1.1" 400 -
159.89.136.33 - - [17/Aug/2023:00:40:47 +0000] "CONNECT 149.28.141.122:443:443 HTTP/1.1" 400 -
159.89.136.33 - - [17/Aug/2023:00:40:49 +0000] "CONNECT 149.28.141.122:443:443 HTTP/1.1" 400 -
159.89.136.29 - - [17/Aug/2023:00:41:04 +0000] "CONNECT 149.28.141.122:443:443 HTTP/1.1" 400 -
143.110.235.92 - - [17/Aug/2023:00:41:08 +0000] "CONNECT 149.28.141.122:443:443 HTTP/1.1" 400 -
159.89.136.29 - - [17/Aug/2023:00:41:09 +0000] "CONNECT 149.28.141.122:443:443 HTTP/1.1" 400 -
159.89.143.221 - - [17/Aug/2023:00:41:10 +0000] "CONNECT 149.28.141.122:443:443 HTTP/1.1" 400 -
159.89.143.238 - - [17/Aug/2023:00:41:11 +0000] "CONNECT vnew88.com:443:443 HTTP/1.1" 400 -
159.89.136.29 - - [17/Aug/2023:00:41:15 +0000] "CONNECT 149.28.141.122:443:443 HTTP/1.1" 400 -
159.89.136.33 - - [17/Aug/2023:00:41:20 +0000] "CONNECT 149.28.141.122:443:443 HTTP/1.1" 400 -
138.197.28.9 - - [17/Aug/2023:00:41:24 +0000] "CONNECT b52.tips:443:443 HTTP/1.1" 400 -
143.110.235.92 - - [17/Aug/2023:00:41:27 +0000] "CONNECT 149.28.141.122:443:443 HTTP/1.1" 400 -
159.89.136.33 - - [17/Aug/2023:00:41:37 +0000] "CONNECT 149.28.141.122:443:443 HTTP/1.1" 400 -
159.89.143.221 - - [17/Aug/2023:00:41:38 +0000] "CONNECT 149.28.141.122:443:443 HTTP/1.1" 400 -
159.89.143.221 - - [17/Aug/2023:00:41:39 +0000] "CONNECT 149.28.141.122:443:443 HTTP/1.1" 400 -
159.89.143.238 - - [17/Aug/2023:00:41:44 +0000] "CONNECT vnew88.com:443:443 HTTP/1.1" 400 -
159.89.136.29 - - [17/Aug/2023:00:41:45 +0000] "CONNECT 149.28.141.122:443:443 HTTP/1.1" 400 -
143.110.235.92 - - [17/Aug/2023:00:41:57 +0000] "CONNECT 149.28.141.122:443:443 HTTP/1.1" 400 -
143.110.235.92 - - [17/Aug/2023:00:42:02 +0000] "CONNECT 149.28.141.122:443:443 HTTP/1.1" 400 -
159.89.136.29 - - [17/Aug/2023:00:42:19 +0000] "CONNECT 149.28.141.122:443:443 HTTP/1.1" 400 -
159.89.136.29 - - [17/Aug/2023:00:42:22 +0000] "CONNECT infinity-network.xyz:443:443 HTTP/1.1" 400 -
159.89.136.29 - - [17/Aug/2023:00:42:47 +0000] "CONNECT 149.28.141.122:443:443 HTTP/1.1" 400 -
143.110.235.92 - - [17/Aug/2023:00:42:49 +0000] "CONNECT 149.28.141.122:443:443 HTTP/1.1" 400 -
159.89.136.29 - - [17/Aug/2023:00:42:56 +0000] "CONNECT 149.28.141.122:443:443 HTTP/1.1" 400 -
143.110.235.92 - - [17/Aug/2023:00:43:04 +0000] "CONNECT 149.28.141.122:443:443 HTTP/1.1" 400 -
159.89.143.221 - - [17/Aug/2023:00:43:16 +0000] "CONNECT 149.28.141.122:443:443 HTTP/1.1" 400 -
159.89.136.33 - - [17/Aug/2023:00:43:19 +0000] "CONNECT 149.28.141.122:443:443 HTTP/1.1" 400 -
159.89.136.33 - - [17/Aug/2023:00:43:22 +0000] "CONNECT 149.28.141.122:443:443 HTTP/1.1" 400 -
159.89.136.33 - - [17/Aug/2023:00:43:24 +0000] "CONNECT 149.28.141.122:443:443 HTTP/1.1" 400 -
143.110.235.92 - - [17/Aug/2023:00:43:27 +0000] "CONNECT 149.28.141.122:443:443 HTTP/1.1" 400 -
159.89.136.33 - - [17/Aug/2023:00:43:29 +0000] "CONNECT 149.28.141.122:443:443 HTTP/1.1" 400 -
159.89.136.33 - - [17/Aug/2023:00:43:29 +0000] "CONNECT 149.28.141.122:443:443 HTTP/1.1" 400 -
159.89.136.33 - - [17/Aug/2023:00:43:33 +0000] "CONNECT 149.28.141.122:443:443 HTTP/1.1" 400 -
143.110.235.92 - - [17/Aug/2023:00:43:43 +0000] "CONNECT 149.28.141.122:443:443 HTTP/1.1" 400 -
159.89.143.238 - - [17/Aug/2023:00:43:52 +0000] "CONNECT vnew88.com:443:443 HTTP/1.1" 400 -
159.89.136.33 - - [17/Aug/2023:00:44:07 +0000] "CONNECT 149.28.141.122:443:443 HTTP/1.1" 400 -
143.110.235.92 - - [17/Aug/2023:00:44:08 +0000] "CONNECT 149.28.141.122:443:443 HTTP/1.1" 400 -
159.89.136.33 - - [17/Aug/2023:00:44:11 +0000] "CONNECT 149.28.141.122:443:443 HTTP/1.1" 400 -
143.110.235.92 - - [17/Aug/2023:00:44:16 +0000] "CONNECT 149.28.141.122:443:443 HTTP/1.1" 400 -
159.89.143.221 - - [17/Aug/2023:00:44:17 +0000] "CONNECT spacestresser.com:443:443 HTTP/1.1" 400 -
159.89.136.29 - - [17/Aug/2023:00:44:23 +0000] "CONNECT 149.28.141.122:443:443 HTTP/1.1" 400 -
159.89.136.33 - - [17/Aug/2023:00:44:23 +0000] "CONNECT 149.28.141.122:443:443 HTTP/1.1" 400 -
159.89.143.221 - - [17/Aug/2023:00:44:24 +0000] "CONNECT 149.28.141.122:443:443 HTTP/1.1" 400 -
143.110.235.92 - - [17/Aug/2023:00:44:24 +0000] "CONNECT www.ababank.com:443:443 HTTP/1.1" 400 -
159.89.136.33 - - [17/Aug/2023:00:44:35 +0000] "CONNECT 149.28.141.122:443:443 HTTP/1.1" 400 -
159.89.143.221 - - [17/Aug/2023:00:44:36 +0000] "CONNECT 149.28.141.122:443:443 HTTP/1.1" 400 -
143.110.235.92 - - [17/Aug/2023:00:44:43 +0000] "CONNECT 149.28.141.122:443:443 HTTP/1.1" 400 -
159.89.136.33 - - [17/Aug/2023:00:44:45 +0000] "CONNECT wolf-shieldv2.tebex.io:443:443 HTTP/1.1" 400 -
159.89.136.29 - - [17/Aug/2023:00:44:56 +0000] "CONNECT 149.28.141.122:443:443 HTTP/1.1" 400 -
159.89.136.29 - - [17/Aug/2023:00:45:07 +0000] "CONNECT 149.28.141.122:443:443 HTTP/1.1" 400 -
159.89.143.221 - - [17/Aug/2023:00:45:10 +0000] "CONNECT wolf-shieldv2.tebex.io:443:443 HTTP/1.1" 400 -
159.89.136.29 - - [17/Aug/2023:00:45:24 +0000] "CONNECT 149.28.141.122:443:443 HTTP/1.1" 400 -
143.110.235.92 - - [17/Aug/2023:00:45:24 +0000] "CONNECT 149.28.141.122:443:443 HTTP/1.1" 400 -
159.89.136.33 - - [17/Aug/2023:00:45:25 +0000] "CONNECT 149.28.141.122:443:443 HTTP/1.1" 400 -
143.110.235.92 - - [17/Aug/2023:00:45:32 +0000] "CONNECT 149.28.141.122:443:443 HTTP/1.1" 400 -
143.110.235.92 - - [17/Aug/2023:00:45:34 +0000] "CONNECT 149.28.141.122:443:443 HTTP/1.1" 400 -
143.110.235.92 - - [17/Aug/2023:00:45:43 +0000] "CONNECT 149.28.141.122:443:443 HTTP/1.1" 400 -
142.93.80.219 - - [17/Aug/2023:00:45:49 +0000] "CONNECT k9win.ca:443:443 HTTP/1.1" 400 -
159.89.136.33 - - [17/Aug/2023:00:45:55 +0000] "CONNECT 149.28.141.122:443:443 HTTP/1.1" 400 -
159.89.136.29 - - [17/Aug/2023:00:46:00 +0000] "CONNECT 149.28.141.122:443:443 HTTP/1.1" 400 -
159.89.136.33 - - [17/Aug/2023:00:46:03 +0000] "CONNECT 149.28.141.122:443:443 HTTP/1.1" 400 -
143.110.235.92 - - [17/Aug/2023:00:46:12 +0000] "CONNECT 149.28.141.122:443:443 HTTP/1.1" 400 -
159.89.136.29 - - [17/Aug/2023:00:46:13 +0000] "CONNECT 149.28.141.122:443:443 HTTP/1.1" 400 -
