159.89.136.33 - - [19/Aug/2023:01:06:30 +0000] "CONNECT 51.79.243.160:443:443 HTTP/1.1" 400 -
138.197.28.9 - - [19/Aug/2023:01:06:36 +0000] "CONNECT play.rikvip.net:443:443 HTTP/1.1" 400 -
159.89.136.33 - - [19/Aug/2023:01:06:44 +0000] "CONNECT 51.79.243.160:443:443 HTTP/1.1" 400 -
159.89.136.33 - - [19/Aug/2023:01:06:48 +0000] "CONNECT 51.79.243.160:443:443 HTTP/1.1" 400 -
159.89.136.33 - - [19/Aug/2023:01:06:53 +0000] "CONNECT 51.79.243.160:443:443 HTTP/1.1" 400 -
159.89.136.29 - - [19/Aug/2023:01:06:55 +0000] "CONNECT test.lo88.org:443:443 HTTP/1.1" 400 -
159.89.136.33 - - [19/Aug/2023:01:06:55 +0000] "CONNECT 51.79.243.160:443:443 HTTP/1.1" 400 -
159.89.136.33 - - [19/Aug/2023:01:07:08 +0000] "CONNECT 51.79.243.160:443:443 HTTP/1.1" 400 -
159.89.136.29 - - [19/Aug/2023:01:07:12 +0000] "CONNECT sumvip3.club:443:443 HTTP/1.1" 400 -
159.89.136.33 - - [19/Aug/2023:01:07:23 +0000] "CONNECT 51.79.243.160:443:443 HTTP/1.1" 400 -
159.89.143.221 - - [19/Aug/2023:01:07:26 +0000] "CONNECT lo88.org:443:443 HTTP/1.1" 400 -
159.89.136.33 - - [19/Aug/2023:01:07:26 +0000] "CONNECT 51.79.243.160:443:443 HTTP/1.1" 400 -
159.89.136.29 - - [19/Aug/2023:01:07:30 +0000] "CONNECT lo88.org:443:443 HTTP/1.1" 400 -
138.197.28.9 - - [19/Aug/2023:01:07:38 +0000] "CONNECT play.rikvip.net:443:443 HTTP/1.1" 400 -
159.89.136.33 - - [19/Aug/2023:01:07:51 +0000] "CONNECT 51.79.243.160:443:443 HTTP/1.1" 400 -
159.89.136.29 - - [19/Aug/2023:01:07:57 +0000] "CONNECT lo88.org:443:443 HTTP/1.1" 400 -
159.89.136.33 - - [19/Aug/2023:01:07:58 +0000] "CONNECT 51.79.243.160:443:443 HTTP/1.1" 400 -
159.89.136.29 - - [19/Aug/2023:01:08:00 +0000] "CONNECT sumvip3.club:443:443 HTTP/1.1" 400 -
138.197.28.9 - - [19/Aug/2023:01:08:05 +0000] "CONNECT play.rikvip.net:443:443 HTTP/1.1" 400 -
159.89.143.238 - - [19/Aug/2023:01:08:28 +0000] "CONNECT vnew88.com:443:443 HTTP/1.1" 400 -
159.89.136.29 - - [19/Aug/2023:01:08:37 +0000] "CONNECT k9win.agency:443:443 HTTP/1.1" 400 -
159.89.136.33 - - [19/Aug/2023:01:08:41 +0000] "CONNECT 51.79.243.160:443:443 HTTP/1.1" 400 -
159.89.143.238 - - [19/Aug/2023:01:08:44 +0000] "CONNECT vnew88.com:443:443 HTTP/1.1" 400 -
159.89.136.29 - - [19/Aug/2023:01:08:45 +0000] "CONNECT k9win.agency:443:443 HTTP/1.1" 400 -
159.89.143.238 - - [19/Aug/2023:01:09:00 +0000] "CONNECT vnew88.com:443:443 HTTP/1.1" 400 -
159.89.143.238 - - [19/Aug/2023:01:09:10 +0000] "CONNECT oreoservice.sellix.io:443:443 HTTP/1.1" 400 -
159.89.136.33 - - [19/Aug/2023:01:09:19 +0000] "CONNECT 51.79.243.160:443:443 HTTP/1.1" 400 -
159.89.136.33 - - [19/Aug/2023:01:09:29 +0000] "CONNECT 51.79.243.160:443:443 HTTP/1.1" 400 -
159.89.143.238 - - [19/Aug/2023:01:09:36 +0000] "CONNECT vnew88.com:443:443 HTTP/1.1" 400 -
159.89.136.33 - - [19/Aug/2023:01:09:44 +0000] "CONNECT 51.79.243.160:443:443 HTTP/1.1" 400 -
159.89.136.33 - - [19/Aug/2023:01:09:45 +0000] "CONNECT 51.79.243.160:443:443 HTTP/1.1" 400 -
159.89.136.33 - - [19/Aug/2023:01:09:46 +0000] "CONNECT 51.79.243.160:443:443 HTTP/1.1" 400 -
138.197.28.9 - - [19/Aug/2023:01:09:48 +0000] "CONNECT play.rikvip.net:443:443 HTTP/1.1" 400 -
159.89.143.238 - - [19/Aug/2023:01:09:55 +0000] "CONNECT vnew88.com:443:443 HTTP/1.1" 400 -
159.89.136.33 - - [19/Aug/2023:01:10:01 +0000] "CONNECT 51.79.243.160:443:443 HTTP/1.1" 400 -
159.89.143.238 - - [19/Aug/2023:01:10:09 +0000] "CONNECT vnew88.com:443:443 HTTP/1.1" 400 -
159.89.136.29 - - [19/Aug/2023:01:10:15 +0000] "CONNECT lo88.org:443:443 HTTP/1.1" 400 -
159.89.136.33 - - [19/Aug/2023:01:10:25 +0000] "CONNECT 51.79.243.160:443:443 HTTP/1.1" 400 -
159.89.136.33 - - [19/Aug/2023:01:10:33 +0000] "CONNECT 51.79.243.160:443:443 HTTP/1.1" 400 -
138.197.28.9 - - [19/Aug/2023:01:10:38 +0000] "CONNECT play.rikvip.net:443:443 HTTP/1.1" 400 -
159.89.136.29 - - [19/Aug/2023:01:10:53 +0000] "CONNECT lo88.org:443:443 HTTP/1.1" 400 -
159.89.136.33 - - [19/Aug/2023:01:10:57 +0000] "CONNECT 51.79.243.160:443:443 HTTP/1.1" 400 -
159.89.136.33 - - [19/Aug/2023:01:11:06 +0000] "CONNECT 51.79.243.160:443:443 HTTP/1.1" 400 -
159.89.136.33 - - [19/Aug/2023:01:11:19 +0000] "CONNECT 51.79.243.160:443:443 HTTP/1.1" 400 -
138.197.28.9 - - [19/Aug/2023:01:11:32 +0000] "CONNECT play.rikvip.net:443:443 HTTP/1.1" 400 -
159.89.143.238 - - [19/Aug/2023:01:11:36 +0000] "CONNECT vnew88.com:443:443 HTTP/1.1" 400 -
159.89.136.33 - - [19/Aug/2023:01:11:39 +0000] "CONNECT 51.79.243.160:443:443 HTTP/1.1" 400 -
159.89.136.33 - - [19/Aug/2023:01:11:42 +0000] "CONNECT 51.79.243.160:443:443 HTTP/1.1" 400 -
159.89.136.33 - - [19/Aug/2023:01:11:46 +0000] "CONNECT 51.79.243.160:443:443 HTTP/1.1" 400 -
159.89.143.238 - - [19/Aug/2023:01:11:50 +0000] "CONNECT vnew88.com:443:443 HTTP/1.1" 400 -
159.89.143.238 - - [19/Aug/2023:01:11:56 +0000] "CONNECT vnew88.com:443:443 HTTP/1.1" 400 -
159.89.136.33 - - [19/Aug/2023:01:12:05 +0000] "CONNECT 51.79.243.160:443:443 HTTP/1.1" 400 -
159.89.136.33 - - [19/Aug/2023:01:12:14 +0000] "CONNECT 51.79.243.160:443:443 HTTP/1.1" 400 -
159.89.136.33 - - [19/Aug/2023:01:12:23 +0000] "CONNECT 51.79.243.160:443:443 HTTP/1.1" 400 -
159.89.136.33 - - [19/Aug/2023:01:12:39 +0000] "CONNECT 51.79.243.160:443:443 HTTP/1.1" 400 -
159.89.136.33 - - [19/Aug/2023:01:12:53 +0000] "CONNECT 51.79.243.160:443:443 HTTP/1.1" 400 -
159.89.136.33 - - [19/Aug/2023:01:13:05 +0000] "CONNECT 51.79.243.160:443:443 HTTP/1.1" 400 -
159.89.136.33 - - [19/Aug/2023:01:13:12 +0000] "CONNECT 51.79.243.160:443:443 HTTP/1.1" 400 -
159.89.136.33 - - [19/Aug/2023:01:13:21 +0000] "CONNECT 51.79.243.160:443:443 HTTP/1.1" 400 -
159.89.143.238 - - [19/Aug/2023:01:13:32 +0000] "CONNECT vnew88.com:443:443 HTTP/1.1" 400 -
159.89.136.33 - - [19/Aug/2023:01:13:41 +0000] "CONNECT 51.79.243.160:443:443 HTTP/1.1" 400 -
159.89.136.33 - - [19/Aug/2023:01:14:09 +0000] "CONNECT 51.79.243.160:443:443 HTTP/1.1" 400 -
159.89.136.33 - - [19/Aug/2023:01:14:10 +0000] "CONNECT 51.79.243.160:443:443 HTTP/1.1" 400 -
159.89.136.33 - - [19/Aug/2023:01:14:11 +0000] "CONNECT 51.79.243.160:443:443 HTTP/1.1" 400 -
159.89.143.238 - - [19/Aug/2023:01:14:24 +0000] "CONNECT vnew88.com:443:443 HTTP/1.1" 400 -
159.89.143.238 - - [19/Aug/2023:01:14:54 +0000] "CONNECT vnew88.com:443:443 HTTP/1.1" 400 -
159.89.136.29 - - [19/Aug/2023:01:15:14 +0000] "CONNECT test.lo88.org:443:443 HTTP/1.1" 400 -
159.89.136.33 - - [19/Aug/2023:01:15:36 +0000] "CONNECT 51.79.243.160:443:443 HTTP/1.1" 400 -
159.89.136.29 - - [19/Aug/2023:01:15:36 +0000] "CONNECT lo88.org:443:443 HTTP/1.1" 400 -
159.89.136.33 - - [19/Aug/2023:01:15:37 +0000] "CONNECT 51.79.243.160:443:443 HTTP/1.1" 400 -
159.89.136.29 - - [19/Aug/2023:01:15:40 +0000] "CONNECT shop2fa.com:443:443 HTTP/1.1" 400 -
159.89.136.33 - - [19/Aug/2023:01:15:46 +0000] "CONNECT 51.79.243.160:443:443 HTTP/1.1" 400 -
159.89.136.33 - - [19/Aug/2023:01:16:08 +0000] "CONNECT 51.79.243.160:443:443 HTTP/1.1" 400 -
159.89.136.33 - - [19/Aug/2023:01:16:18 +0000] "CONNECT 51.79.243.160:443:443 HTTP/1.1" 400 -
159.89.143.238 - - [19/Aug/2023:01:16:24 +0000] "CONNECT vnew88.com:443:443 HTTP/1.1" 400 -
159.89.143.238 - - [19/Aug/2023:01:16:35 +0000] "CONNECT vnew88.com:443:443 HTTP/1.1" 400 -
159.89.143.238 - - [19/Aug/2023:01:16:43 +0000] "CONNECT vnew88.com:443:443 HTTP/1.1" 400 -
159.89.136.33 - - [19/Aug/2023:01:16:49 +0000] "CONNECT 51.79.243.160:443:443 HTTP/1.1" 400 -
159.89.136.33 - - [19/Aug/2023:01:16:55 +0000] "CONNECT 51.79.243.160:443:443 HTTP/1.1" 400 -
159.89.136.33 - - [19/Aug/2023:01:17:01 +0000] "CONNECT 51.79.243.160:443:443 HTTP/1.1" 400 -
159.89.143.238 - - [19/Aug/2023:01:17:08 +0000] "CONNECT vnew88.com:443:443 HTTP/1.1" 400 -
159.89.143.238 - - [19/Aug/2023:01:17:09 +0000] "CONNECT vnew88.com:443:443 HTTP/1.1" 400 -
138.197.28.9 - - [19/Aug/2023:01:17:09 +0000] "CONNECT play.rikvip.net:443:443 HTTP/1.1" 400 -
159.89.136.33 - - [19/Aug/2023:01:17:14 +0000] "CONNECT 51.79.243.160:443:443 HTTP/1.1" 400 -
159.89.136.33 - - [19/Aug/2023:01:17:39 +0000] "CONNECT 51.79.243.160:443:443 HTTP/1.1" 400 -
138.197.28.9 - - [19/Aug/2023:01:17:52 +0000] "CONNECT play.rikvip.net:443:443 HTTP/1.1" 400 -
159.89.143.238 - - [19/Aug/2023:01:18:01 +0000] "CONNECT vnew88.com:443:443 HTTP/1.1" 400 -
159.89.136.29 - - [19/Aug/2023:01:18:04 +0000] "CONNECT sokin.lol:443:443 HTTP/1.1" 400 -
159.89.136.29 - - [19/Aug/2023:01:18:11 +0000] "CONNECT nyc.trappin.gg:443:443 HTTP/1.1" 400 -
159.89.143.238 - - [19/Aug/2023:01:18:13 +0000] "CONNECT nyc.trappin.gg:443:443 HTTP/1.1" 400 -
159.89.136.33 - - [19/Aug/2023:01:18:17 +0000] "CONNECT 51.79.243.160:443:443 HTTP/1.1" 400 -
159.89.136.33 - - [19/Aug/2023:01:18:18 +0000] "CONNECT 51.79.243.160:443:443 HTTP/1.1" 400 -
159.89.143.238 - - [19/Aug/2023:01:18:20 +0000] "CONNECT vnew88.com:443:443 HTTP/1.1" 400 -
138.197.28.9 - - [19/Aug/2023:01:18:33 +0000] "CONNECT play.rikvip.net:443:443 HTTP/1.1" 400 -
159.89.136.33 - - [19/Aug/2023:01:19:03 +0000] "CONNECT 51.79.243.160:443:443 HTTP/1.1" 400 -
138.197.28.9 - - [19/Aug/2023:01:19:20 +0000] "CONNECT play.rikvip.net:443:443 HTTP/1.1" 400 -
159.89.136.33 - - [19/Aug/2023:01:19:21 +0000] "CONNECT 51.79.243.160:443:443 HTTP/1.1" 400 -
159.89.136.33 - - [19/Aug/2023:01:19:31 +0000] "CONNECT 51.79.243.160:443:443 HTTP/1.1" 400 -
159.89.143.238 - - [19/Aug/2023:01:19:42 +0000] "CONNECT vnew88.com:443:443 HTTP/1.1" 400 -
138.197.28.9 - - [19/Aug/2023:01:19:47 +0000] "CONNECT play.rikvip.net:443:443 HTTP/1.1" 400 -
45.128.232.140 - - [19/Aug/2023:01:19:59 +0000] "CONNECT google.com:443 HTTP/1.1" 400 -
159.89.136.29 - - [19/Aug/2023:01:20:01 +0000] "CONNECT jokercard.net:443:443 HTTP/1.1" 400 -
159.89.136.29 - - [19/Aug/2023:01:20:11 +0000] "CONNECT www.datapacket.com:443:443 HTTP/1.1" 400 -
138.197.28.9 - - [19/Aug/2023:01:20:12 +0000] "CONNECT play.rikvip.net:443:443 HTTP/1.1" 400 -
138.197.28.9 - - [19/Aug/2023:01:20:16 +0000] "CONNECT play.rikvip.net:443:443 HTTP/1.1" 400 -
159.89.136.29 - - [19/Aug/2023:01:20:26 +0000] "CONNECT test.lo88.org:443:443 HTTP/1.1" 400 -
159.89.143.238 - - [19/Aug/2023:01:20:28 +0000] "CONNECT k9win.agency:443:443 HTTP/1.1" 400 -
159.89.143.238 - - [19/Aug/2023:01:20:44 +0000] "CONNECT vnew88.com:443:443 HTTP/1.1" 400 -
159.89.143.238 - - [19/Aug/2023:01:20:44 +0000] "CONNECT test.lo88.org:443:443 HTTP/1.1" 400 -
138.197.28.9 - - [19/Aug/2023:01:21:13 +0000] "CONNECT play.rikvip.net:443:443 HTTP/1.1" 400 -
138.197.28.9 - - [19/Aug/2023:01:21:17 +0000] "CONNECT play.rikvip.net:443:443 HTTP/1.1" 400 -
138.197.28.9 - - [19/Aug/2023:01:21:23 +0000] "CONNECT play.rikvip.net:443:443 HTTP/1.1" 400 -
159.89.143.238 - - [19/Aug/2023:01:21:26 +0000] "CONNECT vnew88.com:443:443 HTTP/1.1" 400 -
159.89.143.238 - - [19/Aug/2023:01:21:38 +0000] "CONNECT vnew88.com:443:443 HTTP/1.1" 400 -
159.89.143.238 - - [19/Aug/2023:01:22:13 +0000] "CONNECT vnew88.com:443:443 HTTP/1.1" 400 -
159.89.143.238 - - [19/Aug/2023:01:22:36 +0000] "CONNECT vnew88.com:443:443 HTTP/1.1" 400 -
159.89.143.238 - - [19/Aug/2023:01:22:50 +0000] "CONNECT vnew88.com:443:443 HTTP/1.1" 400 -
159.89.143.238 - - [19/Aug/2023:01:22:54 +0000] "CONNECT vnew88.com:443:443 HTTP/1.1" 400 -
159.89.143.238 - - [19/Aug/2023:01:23:10 +0000] "CONNECT vnew88.com:443:443 HTTP/1.1" 400 -
138.197.28.9 - - [19/Aug/2023:01:23:51 +0000] "CONNECT play.rikvip.net:443:443 HTTP/1.1" 400 -
138.197.28.9 - - [19/Aug/2023:01:23:52 +0000] "CONNECT play.rikvip.net:443:443 HTTP/1.1" 400 -
159.89.143.238 - - [19/Aug/2023:01:24:19 +0000] "CONNECT vnew88.com:443:443 HTTP/1.1" 400 -
159.89.143.238 - - [19/Aug/2023:01:24:24 +0000] "CONNECT vnew88.com:443:443 HTTP/1.1" 400 -
159.89.136.29 - - [19/Aug/2023:01:25:06 +0000] "CONNECT jokercard.net:443:443 HTTP/1.1" 400 -
159.89.136.29 - - [19/Aug/2023:01:25:07 +0000] "CONNECT sumvip3.club:443:443 HTTP/1.1" 400 -
159.89.136.29 - - [19/Aug/2023:01:25:18 +0000] "CONNECT jokercard.net:443:443 HTTP/1.1" 400 -
159.89.136.29 - - [19/Aug/2023:01:25:18 +0000] "CONNECT test.lo88.org:443:443 HTTP/1.1" 400 -
159.89.143.238 - - [19/Aug/2023:01:25:42 +0000] "CONNECT lo88.org:443:443 HTTP/1.1" 400 -
159.89.143.238 - - [19/Aug/2023:01:26:04 +0000] "CONNECT vnew88.com:443:443 HTTP/1.1" 400 -
159.89.136.29 - - [19/Aug/2023:01:26:05 +0000] "CONNECT k9win.agency:443:443 HTTP/1.1" 400 -
159.89.143.238 - - [19/Aug/2023:01:26:11 +0000] "CONNECT vnew88.com:443:443 HTTP/1.1" 400 -
159.89.143.238 - - [19/Aug/2023:01:26:22 +0000] "CONNECT vnew88.com:443:443 HTTP/1.1" 400 -
159.89.143.238 - - [19/Aug/2023:01:26:22 +0000] "CONNECT vnew88.com:443:443 HTTP/1.1" 400 -
159.89.143.238 - - [19/Aug/2023:01:26:47 +0000] "CONNECT vnew88.com:443:443 HTTP/1.1" 400 -
159.89.143.238 - - [19/Aug/2023:01:26:47 +0000] "CONNECT vnew88.com:443:443 HTTP/1.1" 400 -
138.197.28.9 - - [19/Aug/2023:01:27:05 +0000] "CONNECT play.rikvip.net:443:443 HTTP/1.1" 400 -
159.89.143.238 - - [19/Aug/2023:01:27:08 +0000] "CONNECT vnew88.com:443:443 HTTP/1.1" 400 -
159.89.136.29 - - [19/Aug/2023:01:27:38 +0000] "CONNECT sumvip3.club:443:443 HTTP/1.1" 400 -
159.89.136.29 - - [19/Aug/2023:01:27:46 +0000] "CONNECT sumvip3.club:443:443 HTTP/1.1" 400 -
159.89.143.238 - - [19/Aug/2023:01:27:53 +0000] "CONNECT vnew88.com:443:443 HTTP/1.1" 400 -
159.89.143.238 - - [19/Aug/2023:01:28:20 +0000] "CONNECT vnew88.com:443:443 HTTP/1.1" 400 -
159.89.136.29 - - [19/Aug/2023:01:28:26 +0000] "CONNECT jokercard.net:443:443 HTTP/1.1" 400 -
159.89.143.238 - - [19/Aug/2023:01:28:32 +0000] "CONNECT vnew88.com:443:443 HTTP/1.1" 400 -
159.89.136.29 - - [19/Aug/2023:01:29:02 +0000] "CONNECT test.lo88.org:443:443 HTTP/1.1" 400 -
138.197.28.9 - - [19/Aug/2023:01:29:12 +0000] "CONNECT play.rikvip.net:443:443 HTTP/1.1" 400 -
159.89.136.29 - - [19/Aug/2023:01:29:29 +0000] "CONNECT jokercard.net:443:443 HTTP/1.1" 400 -
159.89.143.238 - - [19/Aug/2023:01:29:35 +0000] "CONNECT vnew88.com:443:443 HTTP/1.1" 400 -
138.197.28.9 - - [19/Aug/2023:01:29:41 +0000] "CONNECT play.rikvip.net:443:443 HTTP/1.1" 400 -
159.89.136.29 - - [19/Aug/2023:01:29:41 +0000] "CONNECT lo88.org:443:443 HTTP/1.1" 400 -
138.197.28.9 - - [19/Aug/2023:01:29:46 +0000] "CONNECT play.rikvip.net:443:443 HTTP/1.1" 400 -
159.89.136.29 - - [19/Aug/2023:01:29:50 +0000] "CONNECT lo88.org:443:443 HTTP/1.1" 400 -
159.89.143.238 - - [19/Aug/2023:01:30:07 +0000] "CONNECT sumvip3.club:443:443 HTTP/1.1" 400 -
159.89.136.29 - - [19/Aug/2023:01:30:11 +0000] "CONNECT test.lo88.org:443:443 HTTP/1.1" 400 -
159.89.143.238 - - [19/Aug/2023:01:30:13 +0000] "CONNECT jokercard.net:443:443 HTTP/1.1" 400 -
159.89.136.29 - - [19/Aug/2023:01:30:21 +0000] "CONNECT test.lo88.org:443:443 HTTP/1.1" 400 -
159.89.136.29 - - [19/Aug/2023:01:30:22 +0000] "CONNECT jokercard.net:443:443 HTTP/1.1" 400 -
159.89.143.238 - - [19/Aug/2023:01:30:25 +0000] "CONNECT vnew88.com:443:443 HTTP/1.1" 400 -
159.89.143.238 - - [19/Aug/2023:01:30:25 +0000] "CONNECT jokercard.net:443:443 HTTP/1.1" 400 -
159.89.143.238 - - [19/Aug/2023:01:30:36 +0000] "CONNECT k9win.agency:443:443 HTTP/1.1" 400 -
159.89.143.238 - - [19/Aug/2023:01:30:40 +0000] "CONNECT vnew88.com:443:443 HTTP/1.1" 400 -
159.89.143.238 - - [19/Aug/2023:01:30:56 +0000] "CONNECT vnew88.com:443:443 HTTP/1.1" 400 -
159.89.143.238 - - [19/Aug/2023:01:31:02 +0000] "CONNECT vnew88.com:443:443 HTTP/1.1" 400 -
159.89.136.29 - - [19/Aug/2023:01:31:06 +0000] "CONNECT jokercard.net:443:443 HTTP/1.1" 400 -
159.89.143.238 - - [19/Aug/2023:01:31:10 +0000] "CONNECT vnew88.com:443:443 HTTP/1.1" 400 -
138.197.28.9 - - [19/Aug/2023:01:31:26 +0000] "CONNECT play.rikvip.net:443:443 HTTP/1.1" 400 -
159.89.143.238 - - [19/Aug/2023:01:31:39 +0000] "CONNECT vnew88.com:443:443 HTTP/1.1" 400 -
159.89.136.29 - - [19/Aug/2023:01:31:39 +0000] "CONNECT sumvip3.club:443:443 HTTP/1.1" 400 -
159.89.143.238 - - [19/Aug/2023:01:31:57 +0000] "CONNECT vnew88.com:443:443 HTTP/1.1" 400 -
159.89.136.33 - - [19/Aug/2023:01:31:58 +0000] "CONNECT 51.79.243.160:443:443 HTTP/1.1" 400 -
159.89.136.29 - - [19/Aug/2023:01:32:10 +0000] "CONNECT jokercard.net:443:443 HTTP/1.1" 400 -
159.89.136.29 - - [19/Aug/2023:01:32:14 +0000] "CONNECT jokercard.net:443:443 HTTP/1.1" 400 -
159.89.143.238 - - [19/Aug/2023:01:32:15 +0000] "CONNECT vnew88.com:443:443 HTTP/1.1" 400 -
159.89.136.33 - - [19/Aug/2023:01:32:18 +0000] "CONNECT 51.79.243.160:443:443 HTTP/1.1" 400 -
159.89.136.33 - - [19/Aug/2023:01:32:31 +0000] "CONNECT 51.79.243.160:443:443 HTTP/1.1" 400 -
159.89.143.238 - - [19/Aug/2023:01:32:32 +0000] "CONNECT vnew88.com:443:443 HTTP/1.1" 400 -
159.89.143.238 - - [19/Aug/2023:01:32:47 +0000] "CONNECT vnew88.com:443:443 HTTP/1.1" 400 -
138.197.28.9 - - [19/Aug/2023:01:32:52 +0000] "CONNECT play.rikvip.net:443:443 HTTP/1.1" 400 -
138.197.28.9 - - [19/Aug/2023:01:32:57 +0000] "CONNECT play.rikvip.net:443:443 HTTP/1.1" 400 -
159.89.136.29 - - [19/Aug/2023:01:33:00 +0000] "CONNECT lo88.org:443:443 HTTP/1.1" 400 -
159.89.136.33 - - [19/Aug/2023:01:33:08 +0000] "CONNECT 51.79.243.160:443:443 HTTP/1.1" 400 -
138.197.28.9 - - [19/Aug/2023:01:33:11 +0000] "CONNECT play.rikvip.net:443:443 HTTP/1.1" 400 -
159.89.136.33 - - [19/Aug/2023:01:33:22 +0000] "CONNECT 51.79.243.160:443:443 HTTP/1.1" 400 -
159.89.143.238 - - [19/Aug/2023:01:33:22 +0000] "CONNECT vnew88.com:443:443 HTTP/1.1" 400 -
159.89.136.33 - - [19/Aug/2023:01:33:27 +0000] "CONNECT 51.79.243.160:443:443 HTTP/1.1" 400 -
159.89.136.33 - - [19/Aug/2023:01:33:37 +0000] "CONNECT 51.79.243.160:443:443 HTTP/1.1" 400 -
159.89.136.33 - - [19/Aug/2023:01:33:50 +0000] "CONNECT 51.79.243.160:443:443 HTTP/1.1" 400 -
159.89.136.29 - - [19/Aug/2023:01:33:50 +0000] "CONNECT ipchicken.com:443:443 HTTP/1.1" 400 -
159.89.136.33 - - [19/Aug/2023:01:33:52 +0000] "CONNECT 51.79.243.160:443:443 HTTP/1.1" 400 -
159.89.136.33 - - [19/Aug/2023:01:34:12 +0000] "CONNECT 51.79.243.160:443:443 HTTP/1.1" 400 -
159.89.143.238 - - [19/Aug/2023:01:34:20 +0000] "CONNECT vnew88.com:443:443 HTTP/1.1" 400 -
159.89.136.29 - - [19/Aug/2023:01:34:20 +0000] "CONNECT jokercard.net:443:443 HTTP/1.1" 400 -
159.89.136.29 - - [19/Aug/2023:01:34:31 +0000] "CONNECT k9win.agency:443:443 HTTP/1.1" 400 -
159.89.136.33 - - [19/Aug/2023:01:34:46 +0000] "CONNECT 51.79.243.160:443:443 HTTP/1.1" 400 -
138.197.28.9 - - [19/Aug/2023:01:34:48 +0000] "CONNECT play.rikvip.net:443:443 HTTP/1.1" 400 -
159.89.143.238 - - [19/Aug/2023:01:34:51 +0000] "CONNECT vnew88.com:443:443 HTTP/1.1" 400 -
138.197.28.9 - - [19/Aug/2023:01:34:52 +0000] "CONNECT play.rikvip.net:443:443 HTTP/1.1" 400 -
159.89.143.238 - - [19/Aug/2023:01:35:16 +0000] "CONNECT vnew88.com:443:443 HTTP/1.1" 400 -
159.89.136.33 - - [19/Aug/2023:01:35:22 +0000] "CONNECT 51.79.243.160:443:443 HTTP/1.1" 400 -
159.89.136.29 - - [19/Aug/2023:01:35:24 +0000] "CONNECT k9win.agency:443:443 HTTP/1.1" 400 -
159.89.136.33 - - [19/Aug/2023:01:35:25 +0000] "CONNECT 51.79.243.160:443:443 HTTP/1.1" 400 -
159.89.136.29 - - [19/Aug/2023:01:35:27 +0000] "CONNECT k9win.agency:443:443 HTTP/1.1" 400 -
159.89.143.238 - - [19/Aug/2023:01:35:32 +0000] "CONNECT vnew88.com:443:443 HTTP/1.1" 400 -
159.89.143.238 - - [19/Aug/2023:01:35:37 +0000] "CONNECT vnew88.com:443:443 HTTP/1.1" 400 -
159.89.136.33 - - [19/Aug/2023:01:35:38 +0000] "CONNECT 51.79.243.160:443:443 HTTP/1.1" 400 -
159.89.143.238 - - [19/Aug/2023:01:35:41 +0000] "CONNECT sumvip3.club:443:443 HTTP/1.1" 400 -
159.89.143.238 - - [19/Aug/2023:01:35:52 +0000] "CONNECT vnew88.com:443:443 HTTP/1.1" 400 -
159.89.136.29 - - [19/Aug/2023:01:35:54 +0000] "CONNECT lo88.org:443:443 HTTP/1.1" 400 -
159.89.136.33 - - [19/Aug/2023:01:36:00 +0000] "CONNECT 51.79.243.160:443:443 HTTP/1.1" 400 -
159.89.136.33 - - [19/Aug/2023:01:36:08 +0000] "CONNECT 51.79.243.160:443:443 HTTP/1.1" 400 -
159.89.136.33 - - [19/Aug/2023:01:36:09 +0000] "CONNECT 51.79.243.160:443:443 HTTP/1.1" 400 -
159.89.136.33 - - [19/Aug/2023:01:36:11 +0000] "CONNECT 51.79.243.160:443:443 HTTP/1.1" 400 -
159.89.143.238 - - [19/Aug/2023:01:36:23 +0000] "CONNECT vnew88.com:443:443 HTTP/1.1" 400 -
159.89.136.33 - - [19/Aug/2023:01:36:33 +0000] "CONNECT 51.79.243.160:443:443 HTTP/1.1" 400 -
159.89.136.33 - - [19/Aug/2023:01:36:35 +0000] "CONNECT 51.79.243.160:443:443 HTTP/1.1" 400 -
159.89.143.238 - - [19/Aug/2023:01:37:00 +0000] "CONNECT vnew88.com:443:443 HTTP/1.1" 400 -
159.89.143.238 - - [19/Aug/2023:01:37:16 +0000] "CONNECT vnew88.com:443:443 HTTP/1.1" 400 -
159.89.143.238 - - [19/Aug/2023:01:37:54 +0000] "CONNECT vnew88.com:443:443 HTTP/1.1" 400 -
159.89.143.238 - - [19/Aug/2023:01:38:08 +0000] "CONNECT vnew88.com:443:443 HTTP/1.1" 400 -
159.89.143.238 - - [19/Aug/2023:01:38:29 +0000] "CONNECT vnew88.com:443:443 HTTP/1.1" 400 -
159.89.143.238 - - [19/Aug/2023:01:38:33 +0000] "CONNECT vnew88.com:443:443 HTTP/1.1" 400 -
159.89.143.238 - - [19/Aug/2023:01:39:46 +0000] "CONNECT vnew88.com:443:443 HTTP/1.1" 400 -
159.89.136.29 - - [19/Aug/2023:01:40:05 +0000] "CONNECT lo88.org:443:443 HTTP/1.1" 400 -
159.89.143.238 - - [19/Aug/2023:01:40:42 +0000] "CONNECT vnew88.com:443:443 HTTP/1.1" 400 -
159.89.136.29 - - [19/Aug/2023:01:40:43 +0000] "CONNECT uam.request.social:443:443 HTTP/1.1" 400 -
138.197.28.9 - - [19/Aug/2023:01:40:43 +0000] "CONNECT play.rikvip.net:443:443 HTTP/1.1" 400 -
159.89.143.238 - - [19/Aug/2023:01:40:46 +0000] "CONNECT vnew88.com:443:443 HTTP/1.1" 400 -
159.89.143.238 - - [19/Aug/2023:01:40:46 +0000] "CONNECT vnew88.com:443:443 HTTP/1.1" 400 -
159.89.136.29 - - [19/Aug/2023:01:40:59 +0000] "CONNECT lo88.org:443:443 HTTP/1.1" 400 -
159.89.136.29 - - [19/Aug/2023:01:41:08 +0000] "CONNECT test.lo88.org:443:443 HTTP/1.1" 400 -
159.89.143.238 - - [19/Aug/2023:01:41:22 +0000] "CONNECT vnew88.com:443:443 HTTP/1.1" 400 -
159.89.143.238 - - [19/Aug/2023:01:41:37 +0000] "CONNECT vnew88.com:443:443 HTTP/1.1" 400 -
159.89.136.29 - - [19/Aug/2023:01:41:42 +0000] "CONNECT lo88.org:443:443 HTTP/1.1" 400 -
159.89.143.238 - - [19/Aug/2023:01:41:55 +0000] "CONNECT vnew88.com:443:443 HTTP/1.1" 400 -
138.197.28.9 - - [19/Aug/2023:01:42:07 +0000] "CONNECT play.rikvip.net:443:443 HTTP/1.1" 400 -
159.89.143.238 - - [19/Aug/2023:01:42:08 +0000] "CONNECT vnew88.com:443:443 HTTP/1.1" 400 -
159.89.143.238 - - [19/Aug/2023:01:42:09 +0000] "CONNECT vnew88.com:443:443 HTTP/1.1" 400 -
138.197.28.9 - - [19/Aug/2023:01:42:19 +0000] "CONNECT play.rikvip.net:443:443 HTTP/1.1" 400 -
159.89.143.238 - - [19/Aug/2023:01:42:20 +0000] "CONNECT vnew88.com:443:443 HTTP/1.1" 400 -
138.197.28.9 - - [19/Aug/2023:01:42:24 +0000] "CONNECT play.rikvip.net:443:443 HTTP/1.1" 400 -
159.89.143.238 - - [19/Aug/2023:01:42:45 +0000] "CONNECT vnew88.com:443:443 HTTP/1.1" 400 -
159.89.143.238 - - [19/Aug/2023:01:42:50 +0000] "CONNECT vnew88.com:443:443 HTTP/1.1" 400 -
138.197.28.9 - - [19/Aug/2023:01:43:00 +0000] "CONNECT play.rikvip.net:443:443 HTTP/1.1" 400 -
159.89.143.238 - - [19/Aug/2023:01:43:32 +0000] "CONNECT test.dstat.online:443:443 HTTP/1.1" 400 -
159.89.143.238 - - [19/Aug/2023:01:43:33 +0000] "CONNECT vnew88.com:443:443 HTTP/1.1" 400 -
159.89.143.238 - - [19/Aug/2023:01:43:39 +0000] "CONNECT vnew88.com:443:443 HTTP/1.1" 400 -
159.89.136.29 - - [19/Aug/2023:01:43:40 +0000] "CONNECT sumvip3.club:443:443 HTTP/1.1" 400 -
159.89.143.238 - - [19/Aug/2023:01:43:51 +0000] "CONNECT vnew88.com:443:443 HTTP/1.1" 400 -
138.197.28.9 - - [19/Aug/2023:01:43:52 +0000] "CONNECT play.rikvip.net:443:443 HTTP/1.1" 400 -
159.89.143.238 - - [19/Aug/2023:01:44:10 +0000] "CONNECT vnew88.com:443:443 HTTP/1.1" 400 -
138.197.28.9 - - [19/Aug/2023:01:44:18 +0000] "CONNECT play.rikvip.net:443:443 HTTP/1.1" 400 -
138.197.28.9 - - [19/Aug/2023:01:44:47 +0000] "CONNECT play.rikvip.net:443:443 HTTP/1.1" 400 -
159.89.136.29 - - [19/Aug/2023:01:44:50 +0000] "CONNECT www.kwai.com:443:443 HTTP/1.1" 400 -
138.197.28.9 - - [19/Aug/2023:01:44:55 +0000] "CONNECT play.rikvip.net:443:443 HTTP/1.1" 400 -
159.89.136.29 - - [19/Aug/2023:01:45:22 +0000] "CONNECT test.lo88.org:443:443 HTTP/1.1" 400 -
159.89.143.238 - - [19/Aug/2023:01:45:28 +0000] "CONNECT vnew88.com:443:443 HTTP/1.1" 400 -
159.89.136.29 - - [19/Aug/2023:01:45:30 +0000] "CONNECT test.lo88.org:443:443 HTTP/1.1" 400 -
159.89.136.29 - - [19/Aug/2023:01:45:42 +0000] "CONNECT test.lo88.org:443:443 HTTP/1.1" 400 -
159.89.143.238 - - [19/Aug/2023:01:45:45 +0000] "CONNECT test.lo88.org:443:443 HTTP/1.1" 400 -
159.89.143.238 - - [19/Aug/2023:01:46:02 +0000] "CONNECT vnew88.com:443:443 HTTP/1.1" 400 -
159.89.143.238 - - [19/Aug/2023:01:46:23 +0000] "CONNECT vnew88.com:443:443 HTTP/1.1" 400 -
159.89.143.238 - - [19/Aug/2023:01:46:24 +0000] "CONNECT vnew88.com:443:443 HTTP/1.1" 400 -
159.89.143.238 - - [19/Aug/2023:01:46:35 +0000] "CONNECT vnew88.com:443:443 HTTP/1.1" 400 -
159.89.136.29 - - [19/Aug/2023:01:46:40 +0000] "CONNECT test.lo88.org:443:443 HTTP/1.1" 400 -
159.89.143.238 - - [19/Aug/2023:01:46:47 +0000] "CONNECT vnew88.com:443:443 HTTP/1.1" 400 -
159.89.143.238 - - [19/Aug/2023:01:46:49 +0000] "CONNECT vnew88.com:443:443 HTTP/1.1" 400 -
159.89.143.238 - - [19/Aug/2023:01:46:58 +0000] "CONNECT vnew88.com:443:443 HTTP/1.1" 400 -
159.89.143.238 - - [19/Aug/2023:01:47:39 +0000] "CONNECT vnew88.com:443:443 HTTP/1.1" 400 -
159.89.143.238 - - [19/Aug/2023:01:47:47 +0000] "CONNECT www.revolut.com:443:443 HTTP/1.1" 400 -
159.89.143.238 - - [19/Aug/2023:01:47:50 +0000] "CONNECT vnew88.com:443:443 HTTP/1.1" 400 -
159.89.143.238 - - [19/Aug/2023:01:47:56 +0000] "CONNECT vnew88.com:443:443 HTTP/1.1" 400 -
159.89.136.29 - - [19/Aug/2023:01:48:03 +0000] "CONNECT lo88.org:443:443 HTTP/1.1" 400 -
159.89.143.238 - - [19/Aug/2023:01:48:05 +0000] "CONNECT vnew88.com:443:443 HTTP/1.1" 400 -
159.89.136.29 - - [19/Aug/2023:01:48:25 +0000] "CONNECT test.lo88.org:443:443 HTTP/1.1" 400 -
159.89.143.238 - - [19/Aug/2023:01:49:03 +0000] "CONNECT vnew88.com:443:443 HTTP/1.1" 400 -
159.89.136.29 - - [19/Aug/2023:01:49:53 +0000] "CONNECT lo88.org:443:443 HTTP/1.1" 400 -
159.89.136.29 - - [19/Aug/2023:01:49:53 +0000] "CONNECT sumvip3.club:443:443 HTTP/1.1" 400 -
159.89.143.238 - - [19/Aug/2023:01:50:07 +0000] "CONNECT k9win.agency:443:443 HTTP/1.1" 400 -
159.89.136.29 - - [19/Aug/2023:01:50:18 +0000] "CONNECT sumvip3.club:443:443 HTTP/1.1" 400 -
159.89.136.29 - - [19/Aug/2023:01:50:19 +0000] "CONNECT lo88.org:443:443 HTTP/1.1" 400 -
138.197.28.9 - - [19/Aug/2023:01:50:20 +0000] "CONNECT play.rikvip.net:443:443 HTTP/1.1" 400 -
159.89.143.238 - - [19/Aug/2023:01:50:35 +0000] "CONNECT k9win.agency:443:443 HTTP/1.1" 400 -
159.89.136.29 - - [19/Aug/2023:01:51:00 +0000] "CONNECT sumvip3.club:443:443 HTTP/1.1" 400 -
159.89.143.238 - - [19/Aug/2023:01:51:02 +0000] "CONNECT vnew88.com:443:443 HTTP/1.1" 400 -
159.89.136.29 - - [19/Aug/2023:01:51:03 +0000] "CONNECT lo88.org:443:443 HTTP/1.1" 400 -
159.89.136.29 - - [19/Aug/2023:01:51:06 +0000] "CONNECT sumvip3.club:443:443 HTTP/1.1" 400 -
159.89.143.238 - - [19/Aug/2023:01:51:07 +0000] "CONNECT www.eska.pl:443:443 HTTP/1.1" 400 -
138.197.28.9 - - [19/Aug/2023:01:51:17 +0000] "CONNECT play.rikvip.net:443:443 HTTP/1.1" 400 -
159.89.136.29 - - [19/Aug/2023:01:51:25 +0000] "CONNECT sumvip3.club:443:443 HTTP/1.1" 400 -
159.89.136.33 - - [19/Aug/2023:01:51:34 +0000] "CONNECT 51.79.243.160:443:443 HTTP/1.1" 400 -
159.89.136.33 - - [19/Aug/2023:01:51:38 +0000] "CONNECT 51.79.243.160:443:443 HTTP/1.1" 400 -
159.89.136.29 - - [19/Aug/2023:01:51:45 +0000] "CONNECT www.eska.pl:443:443 HTTP/1.1" 400 -
159.89.136.29 - - [19/Aug/2023:01:51:53 +0000] "CONNECT k9win.agency:443:443 HTTP/1.1" 400 -
159.89.136.33 - - [19/Aug/2023:01:52:01 +0000] "CONNECT 51.79.243.160:443:443 HTTP/1.1" 400 -
159.89.136.33 - - [19/Aug/2023:01:52:08 +0000] "CONNECT 51.79.243.160:443:443 HTTP/1.1" 400 -
159.89.136.33 - - [19/Aug/2023:01:52:11 +0000] "CONNECT 51.79.243.160:443:443 HTTP/1.1" 400 -
159.89.143.238 - - [19/Aug/2023:01:52:13 +0000] "CONNECT vnew88.com:443:443 HTTP/1.1" 400 -
159.89.136.29 - - [19/Aug/2023:01:52:16 +0000] "CONNECT lo88.org:443:443 HTTP/1.1" 400 -
159.89.136.33 - - [19/Aug/2023:01:52:26 +0000] "CONNECT 51.79.243.160:443:443 HTTP/1.1" 400 -
159.89.143.238 - - [19/Aug/2023:01:52:28 +0000] "CONNECT vnew88.com:443:443 HTTP/1.1" 400 -
159.89.136.33 - - [19/Aug/2023:01:52:37 +0000] "CONNECT 51.79.243.160:443:443 HTTP/1.1" 400 -
159.89.136.29 - - [19/Aug/2023:01:52:43 +0000] "CONNECT lo88.org:443:443 HTTP/1.1" 400 -
159.89.136.33 - - [19/Aug/2023:01:52:54 +0000] "CONNECT 51.79.243.160:443:443 HTTP/1.1" 400 -
159.89.136.33 - - [19/Aug/2023:01:52:58 +0000] "CONNECT 51.79.243.160:443:443 HTTP/1.1" 400 -
159.89.143.238 - - [19/Aug/2023:01:53:04 +0000] "CONNECT vnew88.com:443:443 HTTP/1.1" 400 -
159.89.136.29 - - [19/Aug/2023:01:53:08 +0000] "CONNECT sumvip3.club:443:443 HTTP/1.1" 400 -
159.89.143.238 - - [19/Aug/2023:01:53:10 +0000] "CONNECT jokercard.net:443:443 HTTP/1.1" 400 -
159.89.143.238 - - [19/Aug/2023:01:53:12 +0000] "CONNECT vnew88.com:443:443 HTTP/1.1" 400 -
159.89.143.238 - - [19/Aug/2023:01:53:19 +0000] "CONNECT vnew88.com:443:443 HTTP/1.1" 400 -
159.89.143.238 - - [19/Aug/2023:01:53:26 +0000] "CONNECT vnew88.com:443:443 HTTP/1.1" 400 -
159.89.143.238 - - [19/Aug/2023:01:53:29 +0000] "CONNECT jokercard.net:443:443 HTTP/1.1" 400 -
159.89.136.29 - - [19/Aug/2023:01:53:38 +0000] "CONNECT jokercard.net:443:443 HTTP/1.1" 400 -
159.89.136.33 - - [19/Aug/2023:01:53:45 +0000] "CONNECT 51.79.243.160:443:443 HTTP/1.1" 400 -
159.89.136.29 - - [19/Aug/2023:01:53:47 +0000] "CONNECT jokercard.net:443:443 HTTP/1.1" 400 -
159.89.143.238 - - [19/Aug/2023:01:53:49 +0000] "CONNECT vnew88.com:443:443 HTTP/1.1" 400 -
159.89.136.33 - - [19/Aug/2023:01:53:51 +0000] "CONNECT 51.79.243.160:443:443 HTTP/1.1" 400 -
159.89.143.238 - - [19/Aug/2023:01:53:55 +0000] "CONNECT vnew88.com:443:443 HTTP/1.1" 400 -
159.89.136.33 - - [19/Aug/2023:01:54:00 +0000] "CONNECT 51.79.243.160:443:443 HTTP/1.1" 400 -
159.89.136.33 - - [19/Aug/2023:01:54:08 +0000] "CONNECT 51.79.243.160:443:443 HTTP/1.1" 400 -
159.89.136.33 - - [19/Aug/2023:01:54:12 +0000] "CONNECT 51.79.243.160:443:443 HTTP/1.1" 400 -
159.89.136.33 - - [19/Aug/2023:01:54:13 +0000] "CONNECT 51.79.243.160:443:443 HTTP/1.1" 400 -
159.89.143.238 - - [19/Aug/2023:01:54:15 +0000] "CONNECT jokercard.net:443:443 HTTP/1.1" 400 -
138.197.28.9 - - [19/Aug/2023:01:54:20 +0000] "CONNECT play.rikvip.net:443:443 HTTP/1.1" 400 -
159.89.143.238 - - [19/Aug/2023:01:54:20 +0000] "CONNECT vnew88.com:443:443 HTTP/1.1" 400 -
159.89.143.238 - - [19/Aug/2023:01:54:28 +0000] "CONNECT jokercard.net:443:443 HTTP/1.1" 400 -
159.89.136.33 - - [19/Aug/2023:01:54:35 +0000] "CONNECT 51.79.243.160:443:443 HTTP/1.1" 400 -
159.89.136.33 - - [19/Aug/2023:01:54:42 +0000] "CONNECT 51.79.243.160:443:443 HTTP/1.1" 400 -
159.89.136.29 - - [19/Aug/2023:01:54:44 +0000] "CONNECT lo88.org:443:443 HTTP/1.1" 400 -
159.89.136.29 - - [19/Aug/2023:01:54:50 +0000] "CONNECT jokercard.net:443:443 HTTP/1.1" 400 -
159.89.136.33 - - [19/Aug/2023:01:54:55 +0000] "CONNECT 51.79.243.160:443:443 HTTP/1.1" 400 -
159.89.136.29 - - [19/Aug/2023:01:55:05 +0000] "CONNECT test.lo88.org:443:443 HTTP/1.1" 400 -
159.89.136.33 - - [19/Aug/2023:01:55:10 +0000] "CONNECT 51.79.243.160:443:443 HTTP/1.1" 400 -
159.89.143.238 - - [19/Aug/2023:01:55:15 +0000] "CONNECT test.lo88.org:443:443 HTTP/1.1" 400 -
159.89.136.29 - - [19/Aug/2023:01:55:16 +0000] "CONNECT lo88.org:443:443 HTTP/1.1" 400 -
159.89.136.29 - - [19/Aug/2023:01:55:16 +0000] "CONNECT lo88.org:443:443 HTTP/1.1" 400 -
159.89.143.238 - - [19/Aug/2023:01:55:21 +0000] "CONNECT vnew88.com:443:443 HTTP/1.1" 400 -
159.89.136.33 - - [19/Aug/2023:01:55:21 +0000] "CONNECT 51.79.243.160:443:443 HTTP/1.1" 400 -
159.89.143.238 - - [19/Aug/2023:01:55:22 +0000] "CONNECT sumvip3.club:443:443 HTTP/1.1" 400 -
159.89.136.33 - - [19/Aug/2023:01:55:38 +0000] "CONNECT 51.79.243.160:443:443 HTTP/1.1" 400 -
138.197.28.9 - - [19/Aug/2023:01:55:38 +0000] "CONNECT play.rikvip.net:443:443 HTTP/1.1" 400 -
159.89.143.238 - - [19/Aug/2023:01:55:48 +0000] "CONNECT k9win.agency:443:443 HTTP/1.1" 400 -
159.89.136.29 - - [19/Aug/2023:01:56:14 +0000] "CONNECT k9win.agency:443:443 HTTP/1.1" 400 -
159.89.136.33 - - [19/Aug/2023:01:56:14 +0000] "CONNECT 51.79.243.160:443:443 HTTP/1.1" 400 -
152.32.236.73 - - [19/Aug/2023:01:56:15 +0000] "GET / HTTP/1.1" 200 11217
152.32.236.73 - - [19/Aug/2023:01:56:16 +0000] "-" 400 -
159.89.143.238 - - [19/Aug/2023:01:56:19 +0000] "CONNECT vnew88.com:443:443 HTTP/1.1" 400 -
159.89.143.238 - - [19/Aug/2023:01:56:23 +0000] "CONNECT vnew88.com:443:443 HTTP/1.1" 400 -
159.89.136.29 - - [19/Aug/2023:01:56:28 +0000] "CONNECT k9win.agency:443:443 HTTP/1.1" 400 -
159.89.136.33 - - [19/Aug/2023:01:56:32 +0000] "CONNECT 51.79.243.160:443:443 HTTP/1.1" 400 -
138.197.28.9 - - [19/Aug/2023:01:56:38 +0000] "CONNECT play.rikvip.net:443:443 HTTP/1.1" 400 -
138.197.28.9 - - [19/Aug/2023:01:56:41 +0000] "CONNECT play.rikvip.net:443:443 HTTP/1.1" 400 -
159.89.143.238 - - [19/Aug/2023:01:56:42 +0000] "CONNECT vnew88.com:443:443 HTTP/1.1" 400 -
159.89.136.33 - - [19/Aug/2023:01:56:43 +0000] "CONNECT 51.79.243.160:443:443 HTTP/1.1" 400 -
159.89.143.238 - - [19/Aug/2023:01:56:47 +0000] "CONNECT vnew88.com:443:443 HTTP/1.1" 400 -
159.89.143.238 - - [19/Aug/2023:01:56:49 +0000] "CONNECT vnew88.com:443:443 HTTP/1.1" 400 -
159.89.143.238 - - [19/Aug/2023:01:56:54 +0000] "CONNECT vnew88.com:443:443 HTTP/1.1" 400 -
159.89.143.238 - - [19/Aug/2023:01:56:55 +0000] "CONNECT vnew88.com:443:443 HTTP/1.1" 400 -
138.197.28.9 - - [19/Aug/2023:01:57:09 +0000] "CONNECT play.rikvip.net:443:443 HTTP/1.1" 400 -
159.89.136.33 - - [19/Aug/2023:01:57:20 +0000] "CONNECT 51.79.243.160:443:443 HTTP/1.1" 400 -
138.197.28.9 - - [19/Aug/2023:01:57:21 +0000] "CONNECT play.rikvip.net:443:443 HTTP/1.1" 400 -
159.89.136.33 - - [19/Aug/2023:01:57:27 +0000] "CONNECT 51.79.243.160:443:443 HTTP/1.1" 400 -
159.89.143.238 - - [19/Aug/2023:01:57:29 +0000] "CONNECT vnew88.com:443:443 HTTP/1.1" 400 -
159.89.136.33 - - [19/Aug/2023:01:57:43 +0000] "CONNECT 51.79.243.160:443:443 HTTP/1.1" 400 -
159.89.143.238 - - [19/Aug/2023:01:57:43 +0000] "CONNECT vnew88.com:443:443 HTTP/1.1" 400 -
159.89.143.238 - - [19/Aug/2023:01:57:54 +0000] "CONNECT vnew88.com:443:443 HTTP/1.1" 400 -
138.197.28.9 - - [19/Aug/2023:01:57:57 +0000] "CONNECT play.rikvip.net:443:443 HTTP/1.1" 400 -
159.89.136.33 - - [19/Aug/2023:01:57:59 +0000] "CONNECT 51.79.243.160:443:443 HTTP/1.1" 400 -
159.89.143.238 - - [19/Aug/2023:01:58:18 +0000] "CONNECT vnew88.com:443:443 HTTP/1.1" 400 -
159.89.136.29 - - [19/Aug/2023:01:58:18 +0000] "CONNECT k9win.agency:443:443 HTTP/1.1" 400 -
159.89.136.33 - - [19/Aug/2023:01:58:22 +0000] "CONNECT 51.79.243.160:443:443 HTTP/1.1" 400 -
159.89.136.33 - - [19/Aug/2023:01:58:32 +0000] "CONNECT 51.79.243.160:443:443 HTTP/1.1" 400 -
159.89.136.33 - - [19/Aug/2023:01:58:54 +0000] "CONNECT 51.79.243.160:443:443 HTTP/1.1" 400 -
159.89.136.33 - - [19/Aug/2023:01:58:54 +0000] "CONNECT 51.79.243.160:443:443 HTTP/1.1" 400 -
159.89.136.29 - - [19/Aug/2023:01:58:56 +0000] "CONNECT sumvip3.club:443:443 HTTP/1.1" 400 -
159.89.143.238 - - [19/Aug/2023:01:58:58 +0000] "CONNECT jokercard.net:443:443 HTTP/1.1" 400 -
159.89.136.29 - - [19/Aug/2023:01:58:59 +0000] "CONNECT jokercard.net:443:443 HTTP/1.1" 400 -
159.89.143.238 - - [19/Aug/2023:01:59:01 +0000] "CONNECT vnew88.com:443:443 HTTP/1.1" 400 -
159.89.136.33 - - [19/Aug/2023:01:59:23 +0000] "CONNECT 51.79.243.160:443:443 HTTP/1.1" 400 -
159.89.136.33 - - [19/Aug/2023:01:59:25 +0000] "CONNECT 51.79.243.160:443:443 HTTP/1.1" 400 -
138.197.28.9 - - [19/Aug/2023:01:59:25 +0000] "CONNECT play.rikvip.net:443:443 HTTP/1.1" 400 -
138.197.28.9 - - [19/Aug/2023:01:59:42 +0000] "CONNECT play.rikvip.net:443:443 HTTP/1.1" 400 -
159.89.143.238 - - [19/Aug/2023:01:59:50 +0000] "CONNECT vnew88.com:443:443 HTTP/1.1" 400 -
159.89.143.238 - - [19/Aug/2023:02:00:04 +0000] "CONNECT vnew88.com:443:443 HTTP/1.1" 400 -
152.32.215.190 - - [19/Aug/2023:02:00:21 +0000] "GET / HTTP/1.1" 200 11217
152.32.215.190 - - [19/Aug/2023:02:00:21 +0000] "GET /favicon.ico HTTP/1.1" 200 21630
152.32.215.190 - - [19/Aug/2023:02:00:22 +0000] "GET /tomcat.png HTTP/1.1" 200 5103
152.32.215.190 - - [19/Aug/2023:02:00:23 +0000] "GET /robots.txt HTTP/1.1" 404 758
152.32.215.190 - - [19/Aug/2023:02:00:23 +0000] "GET /sitemap.xml HTTP/1.1" 404 759
152.32.215.190 - - [19/Aug/2023:02:00:24 +0000] "GET /axis2-admin/ HTTP/1.1" 404 760
152.32.215.190 - - [19/Aug/2023:02:00:25 +0000] "GET /axis2/ HTTP/1.1" 404 754
152.32.215.190 - - [19/Aug/2023:02:00:25 +0000] "GET /axis2/axis2-admin/ HTTP/1.1" 404 766
152.32.215.190 - - [19/Aug/2023:02:00:26 +0000] "GET null null" 400 -
159.89.136.33 - - [19/Aug/2023:02:00:26 +0000] "CONNECT 51.79.243.160:443:443 HTTP/1.1" 400 -
152.32.215.190 - - [19/Aug/2023:02:00:27 +0000] "GET /struts/webconsole.html HTTP/1.1" 404 770
152.32.215.190 - - [19/Aug/2023:02:00:27 +0000] "GET /?actionErrors=1111 HTTP/1.1" 200 11217
152.32.215.190 - - [19/Aug/2023:02:00:28 +0000] "GET /invoker/readonly HTTP/1.1" 404 764
159.89.136.33 - - [19/Aug/2023:02:00:29 +0000] "CONNECT 51.79.243.160:443:443 HTTP/1.1" 400 -
159.89.136.29 - - [19/Aug/2023:02:00:43 +0000] "CONNECT shop2fa.com:443:443 HTTP/1.1" 400 -
159.89.143.238 - - [19/Aug/2023:02:00:57 +0000] "CONNECT shop2fa.com:443:443 HTTP/1.1" 400 -
159.89.143.238 - - [19/Aug/2023:02:01:03 +0000] "CONNECT vnew88.com:443:443 HTTP/1.1" 400 -
159.89.136.33 - - [19/Aug/2023:02:01:05 +0000] "CONNECT 51.79.243.160:443:443 HTTP/1.1" 400 -
159.89.136.33 - - [19/Aug/2023:02:01:08 +0000] "CONNECT 51.79.243.160:443:443 HTTP/1.1" 400 -
159.89.143.238 - - [19/Aug/2023:02:01:24 +0000] "CONNECT vnew88.com:443:443 HTTP/1.1" 400 -
159.89.136.33 - - [19/Aug/2023:02:01:27 +0000] "CONNECT 51.79.243.160:443:443 HTTP/1.1" 400 -
159.89.136.33 - - [19/Aug/2023:02:01:40 +0000] "CONNECT 51.79.243.160:443:443 HTTP/1.1" 400 -
159.89.136.33 - - [19/Aug/2023:02:01:44 +0000] "CONNECT 51.79.243.160:443:443 HTTP/1.1" 400 -
159.89.136.33 - - [19/Aug/2023:02:01:44 +0000] "CONNECT 51.79.243.160:443:443 HTTP/1.1" 400 -
159.89.143.238 - - [19/Aug/2023:02:01:44 +0000] "CONNECT vnew88.com:443:443 HTTP/1.1" 400 -
159.89.143.238 - - [19/Aug/2023:02:02:02 +0000] "CONNECT vnew88.com:443:443 HTTP/1.1" 400 -
159.89.143.238 - - [19/Aug/2023:02:02:04 +0000] "CONNECT vnew88.com:443:443 HTTP/1.1" 400 -
159.89.136.33 - - [19/Aug/2023:02:02:24 +0000] "CONNECT 51.79.243.160:443:443 HTTP/1.1" 400 -
159.89.143.238 - - [19/Aug/2023:02:02:37 +0000] "CONNECT vnew88.com:443:443 HTTP/1.1" 400 -
138.197.28.9 - - [19/Aug/2023:02:02:41 +0000] "CONNECT play.rikvip.net:443:443 HTTP/1.1" 400 -
159.89.136.33 - - [19/Aug/2023:02:02:44 +0000] "CONNECT 51.79.243.160:443:443 HTTP/1.1" 400 -
159.89.136.33 - - [19/Aug/2023:02:02:51 +0000] "CONNECT 51.79.243.160:443:443 HTTP/1.1" 400 -
159.89.136.33 - - [19/Aug/2023:02:02:58 +0000] "CONNECT 51.79.243.160:443:443 HTTP/1.1" 400 -
159.89.136.33 - - [19/Aug/2023:02:03:02 +0000] "CONNECT 51.79.243.160:443:443 HTTP/1.1" 400 -
159.89.136.33 - - [19/Aug/2023:02:03:02 +0000] "CONNECT 51.79.243.160:443:443 HTTP/1.1" 400 -
159.89.143.238 - - [19/Aug/2023:02:03:09 +0000] "CONNECT vnew88.com:443:443 HTTP/1.1" 400 -
159.89.143.238 - - [19/Aug/2023:02:03:13 +0000] "CONNECT vnew88.com:443:443 HTTP/1.1" 400 -
159.89.143.238 - - [19/Aug/2023:02:03:14 +0000] "CONNECT vnew88.com:443:443 HTTP/1.1" 400 -
138.197.28.9 - - [19/Aug/2023:02:03:20 +0000] "CONNECT play.rikvip.net:443:443 HTTP/1.1" 400 -
159.89.136.33 - - [19/Aug/2023:02:03:21 +0000] "CONNECT 51.79.243.160:443:443 HTTP/1.1" 400 -
159.89.136.29 - - [19/Aug/2023:02:03:25 +0000] "CONNECT lo88.org:443:443 HTTP/1.1" 400 -
159.89.136.29 - - [19/Aug/2023:02:03:32 +0000] "CONNECT www.spotify.com:443:443 HTTP/1.1" 400 -
159.89.143.238 - - [19/Aug/2023:02:03:44 +0000] "CONNECT vnew88.com:443:443 HTTP/1.1" 400 -
159.89.136.29 - - [19/Aug/2023:02:03:53 +0000] "CONNECT lo88.org:443:443 HTTP/1.1" 400 -
138.197.28.9 - - [19/Aug/2023:02:03:56 +0000] "CONNECT play.rikvip.net:443:443 HTTP/1.1" 400 -
138.197.28.9 - - [19/Aug/2023:02:04:12 +0000] "CONNECT play.rikvip.net:443:443 HTTP/1.1" 400 -
159.89.136.33 - - [19/Aug/2023:02:04:17 +0000] "CONNECT 51.79.243.160:443:443 HTTP/1.1" 400 -
138.197.28.9 - - [19/Aug/2023:02:04:19 +0000] "CONNECT play.rikvip.net:443:443 HTTP/1.1" 400 -
159.89.136.33 - - [19/Aug/2023:02:04:22 +0000] "CONNECT 51.79.243.160:443:443 HTTP/1.1" 400 -
159.89.136.33 - - [19/Aug/2023:02:04:27 +0000] "CONNECT 51.79.243.160:443:443 HTTP/1.1" 400 -
159.89.136.33 - - [19/Aug/2023:02:04:52 +0000] "CONNECT 51.79.243.160:443:443 HTTP/1.1" 400 -
159.89.143.238 - - [19/Aug/2023:02:05:05 +0000] "CONNECT vnew88.com:443:443 HTTP/1.1" 400 -
159.89.136.33 - - [19/Aug/2023:02:05:07 +0000] "CONNECT 51.79.243.160:443:443 HTTP/1.1" 400 -
159.89.143.238 - - [19/Aug/2023:02:05:11 +0000] "CONNECT test.lo88.org:443:443 HTTP/1.1" 400 -
159.89.143.238 - - [19/Aug/2023:02:05:17 +0000] "CONNECT vnew88.com:443:443 HTTP/1.1" 400 -
159.89.136.29 - - [19/Aug/2023:02:05:22 +0000] "CONNECT lo88.org:443:443 HTTP/1.1" 400 -
159.89.136.33 - - [19/Aug/2023:02:05:33 +0000] "CONNECT 51.79.243.160:443:443 HTTP/1.1" 400 -
159.89.136.29 - - [19/Aug/2023:02:05:37 +0000] "CONNECT sumvip3.club:443:443 HTTP/1.1" 400 -
159.89.136.33 - - [19/Aug/2023:02:05:56 +0000] "CONNECT 51.79.243.160:443:443 HTTP/1.1" 400 -
159.89.136.29 - - [19/Aug/2023:02:06:06 +0000] "CONNECT k9win.agency:443:443 HTTP/1.1" 400 -
159.89.143.238 - - [19/Aug/2023:02:06:07 +0000] "CONNECT vnew88.com:443:443 HTTP/1.1" 400 -
159.89.136.33 - - [19/Aug/2023:02:06:12 +0000] "CONNECT 51.79.243.160:443:443 HTTP/1.1" 400 -
159.89.136.33 - - [19/Aug/2023:02:06:16 +0000] "CONNECT 51.79.243.160:443:443 HTTP/1.1" 400 -
159.89.136.29 - - [19/Aug/2023:02:06:27 +0000] "CONNECT lo88.org:443:443 HTTP/1.1" 400 -
84.54.51.27 - - [19/Aug/2023:02:06:28 +0000] "CONNECT google.com:443 HTTP/1.1" 400 -
159.89.143.238 - - [19/Aug/2023:02:06:29 +0000] "CONNECT vnew88.com:443:443 HTTP/1.1" 400 -
159.89.136.33 - - [19/Aug/2023:02:06:33 +0000] "CONNECT 51.79.243.160:443:443 HTTP/1.1" 400 -
159.89.136.29 - - [19/Aug/2023:02:06:34 +0000] "CONNECT k9win.agency:443:443 HTTP/1.1" 400 -
159.89.143.238 - - [19/Aug/2023:02:06:38 +0000] "CONNECT vnew88.com:443:443 HTTP/1.1" 400 -
159.89.136.29 - - [19/Aug/2023:02:06:38 +0000] "CONNECT test.lo88.org:443:443 HTTP/1.1" 400 -
159.89.136.33 - - [19/Aug/2023:02:06:41 +0000] "CONNECT 51.79.243.160:443:443 HTTP/1.1" 400 -
159.89.143.238 - - [19/Aug/2023:02:06:46 +0000] "CONNECT vnew88.com:443:443 HTTP/1.1" 400 -
159.89.136.33 - - [19/Aug/2023:02:06:48 +0000] "CONNECT 51.79.243.160:443:443 HTTP/1.1" 400 -
159.89.136.33 - - [19/Aug/2023:02:06:55 +0000] "CONNECT 51.79.243.160:443:443 HTTP/1.1" 400 -
159.89.136.29 - - [19/Aug/2023:02:06:55 +0000] "CONNECT sumvip3.club:443:443 HTTP/1.1" 400 -
159.89.136.33 - - [19/Aug/2023:02:06:58 +0000] "CONNECT 51.79.243.160:443:443 HTTP/1.1" 400 -
138.197.28.9 - - [19/Aug/2023:02:06:58 +0000] "CONNECT play.rikvip.net:443:443 HTTP/1.1" 400 -
159.89.143.238 - - [19/Aug/2023:02:07:05 +0000] "CONNECT vnew88.com:443:443 HTTP/1.1" 400 -
159.89.136.33 - - [19/Aug/2023:02:07:06 +0000] "CONNECT 51.79.243.160:443:443 HTTP/1.1" 400 -
159.89.136.33 - - [19/Aug/2023:02:07:10 +0000] "CONNECT 51.79.243.160:443:443 HTTP/1.1" 400 -
159.89.136.33 - - [19/Aug/2023:02:07:10 +0000] "CONNECT 51.79.243.160:443:443 HTTP/1.1" 400 -
159.89.136.33 - - [19/Aug/2023:02:07:19 +0000] "CONNECT 51.79.243.160:443:443 HTTP/1.1" 400 -
138.197.28.9 - - [19/Aug/2023:02:07:19 +0000] "CONNECT play.rikvip.net:443:443 HTTP/1.1" 400 -
159.89.136.33 - - [19/Aug/2023:02:07:33 +0000] "CONNECT 51.79.243.160:443:443 HTTP/1.1" 400 -
64.62.197.139 - - [19/Aug/2023:02:07:35 +0000] "-" 400 -
159.89.136.33 - - [19/Aug/2023:02:07:53 +0000] "CONNECT 51.79.243.160:443:443 HTTP/1.1" 400 -
159.89.136.33 - - [19/Aug/2023:02:07:54 +0000] "CONNECT 51.79.243.160:443:443 HTTP/1.1" 400 -
159.89.136.29 - - [19/Aug/2023:02:08:01 +0000] "CONNECT sumvip3.club:443:443 HTTP/1.1" 400 -
159.89.136.33 - - [19/Aug/2023:02:08:05 +0000] "CONNECT 51.79.243.160:443:443 HTTP/1.1" 400 -
159.89.136.33 - - [19/Aug/2023:02:08:14 +0000] "CONNECT 51.79.243.160:443:443 HTTP/1.1" 400 -
159.89.136.33 - - [19/Aug/2023:02:08:25 +0000] "CONNECT 51.79.243.160:443:443 HTTP/1.1" 400 -
159.89.136.33 - - [19/Aug/2023:02:08:44 +0000] "CONNECT 51.79.243.160:443:443 HTTP/1.1" 400 -
159.89.136.29 - - [19/Aug/2023:02:08:55 +0000] "CONNECT k9win.agency:443:443 HTTP/1.1" 400 -
159.89.136.33 - - [19/Aug/2023:02:09:06 +0000] "CONNECT 51.79.243.160:443:443 HTTP/1.1" 400 -
159.89.136.33 - - [19/Aug/2023:02:09:15 +0000] "CONNECT 51.79.243.160:443:443 HTTP/1.1" 400 -
138.197.28.9 - - [19/Aug/2023:02:09:24 +0000] "CONNECT play.rikvip.net:443:443 HTTP/1.1" 400 -
138.197.28.9 - - [19/Aug/2023:02:09:48 +0000] "CONNECT play.rikvip.net:443:443 HTTP/1.1" 400 -
159.89.136.33 - - [19/Aug/2023:02:09:59 +0000] "CONNECT 51.79.243.160:443:443 HTTP/1.1" 400 -
159.89.136.33 - - [19/Aug/2023:02:10:05 +0000] "CONNECT 51.79.243.160:443:443 HTTP/1.1" 400 -
159.89.143.238 - - [19/Aug/2023:02:10:10 +0000] "CONNECT vnew88.com:443:443 HTTP/1.1" 400 -
159.89.136.33 - - [19/Aug/2023:02:10:10 +0000] "CONNECT 51.79.243.160:443:443 HTTP/1.1" 400 -
159.89.136.33 - - [19/Aug/2023:02:10:21 +0000] "CONNECT 51.79.243.160:443:443 HTTP/1.1" 400 -
159.89.136.33 - - [19/Aug/2023:02:10:24 +0000] "CONNECT 51.79.243.160:443:443 HTTP/1.1" 400 -
159.89.136.33 - - [19/Aug/2023:02:10:25 +0000] "CONNECT 51.79.243.160:443:443 HTTP/1.1" 400 -
159.89.136.33 - - [19/Aug/2023:02:10:27 +0000] "CONNECT 51.79.243.160:443:443 HTTP/1.1" 400 -
159.89.136.29 - - [19/Aug/2023:02:10:39 +0000] "CONNECT lo88.org:443:443 HTTP/1.1" 400 -
159.89.143.238 - - [19/Aug/2023:02:11:01 +0000] "CONNECT vnew88.com:443:443 HTTP/1.1" 400 -
159.89.143.238 - - [19/Aug/2023:02:11:06 +0000] "CONNECT vnew88.com:443:443 HTTP/1.1" 400 -
159.89.136.29 - - [19/Aug/2023:02:11:06 +0000] "CONNECT test.lo88.org:443:443 HTTP/1.1" 400 -
159.89.136.29 - - [19/Aug/2023:02:11:18 +0000] "CONNECT lo88.org:443:443 HTTP/1.1" 400 -
159.89.136.33 - - [19/Aug/2023:02:11:25 +0000] "CONNECT 51.79.243.160:443:443 HTTP/1.1" 400 -
159.89.143.238 - - [19/Aug/2023:02:11:25 +0000] "CONNECT vnew88.com:443:443 HTTP/1.1" 400 -
159.89.136.33 - - [19/Aug/2023:02:11:27 +0000] "CONNECT 51.79.243.160:443:443 HTTP/1.1" 400 -
159.89.136.29 - - [19/Aug/2023:02:11:27 +0000] "CONNECT k9win.agency:443:443 HTTP/1.1" 400 -
159.89.136.29 - - [19/Aug/2023:02:11:44 +0000] "CONNECT lo88.org:443:443 HTTP/1.1" 400 -
159.89.136.33 - - [19/Aug/2023:02:11:46 +0000] "CONNECT 51.79.243.160:443:443 HTTP/1.1" 400 -
159.89.143.238 - - [19/Aug/2023:02:11:47 +0000] "CONNECT vnew88.com:443:443 HTTP/1.1" 400 -
159.89.143.238 - - [19/Aug/2023:02:11:53 +0000] "CONNECT vnew88.com:443:443 HTTP/1.1" 400 -
159.89.143.238 - - [19/Aug/2023:02:11:56 +0000] "CONNECT vnew88.com:443:443 HTTP/1.1" 400 -
159.89.143.238 - - [19/Aug/2023:02:12:16 +0000] "CONNECT vnew88.com:443:443 HTTP/1.1" 400 -
159.89.143.238 - - [19/Aug/2023:02:12:18 +0000] "CONNECT vnew88.com:443:443 HTTP/1.1" 400 -
159.89.136.33 - - [19/Aug/2023:02:12:20 +0000] "CONNECT 51.79.243.160:443:443 HTTP/1.1" 400 -
159.89.136.29 - - [19/Aug/2023:02:12:25 +0000] "CONNECT test.lo88.org:443:443 HTTP/1.1" 400 -
159.89.136.33 - - [19/Aug/2023:02:12:34 +0000] "CONNECT 51.79.243.160:443:443 HTTP/1.1" 400 -
159.89.136.33 - - [19/Aug/2023:02:12:35 +0000] "CONNECT 51.79.243.160:443:443 HTTP/1.1" 400 -
159.89.136.33 - - [19/Aug/2023:02:12:38 +0000] "CONNECT 51.79.243.160:443:443 HTTP/1.1" 400 -
159.89.136.33 - - [19/Aug/2023:02:12:40 +0000] "CONNECT 51.79.243.160:443:443 HTTP/1.1" 400 -
159.89.143.238 - - [19/Aug/2023:02:12:41 +0000] "CONNECT vnew88.com:443:443 HTTP/1.1" 400 -
159.89.136.33 - - [19/Aug/2023:02:12:43 +0000] "CONNECT 51.79.243.160:443:443 HTTP/1.1" 400 -
159.89.136.33 - - [19/Aug/2023:02:12:57 +0000] "CONNECT 51.79.243.160:443:443 HTTP/1.1" 400 -
159.89.136.29 - - [19/Aug/2023:02:13:01 +0000] "CONNECT k9win.agency:443:443 HTTP/1.1" 400 -
159.89.136.33 - - [19/Aug/2023:02:13:03 +0000] "CONNECT 51.79.243.160:443:443 HTTP/1.1" 400 -
159.89.136.29 - - [19/Aug/2023:02:13:05 +0000] "CONNECT sumvip3.club:443:443 HTTP/1.1" 400 -
159.89.143.238 - - [19/Aug/2023:02:13:13 +0000] "CONNECT vnew88.com:443:443 HTTP/1.1" 400 -
159.89.143.238 - - [19/Aug/2023:02:13:17 +0000] "CONNECT vnew88.com:443:443 HTTP/1.1" 400 -
159.89.136.33 - - [19/Aug/2023:02:13:37 +0000] "CONNECT 51.79.243.160:443:443 HTTP/1.1" 400 -
54.177.5.104 - - [19/Aug/2023:02:13:38 +0000] "GET / HTTP/1.1" 200 11217
159.89.143.238 - - [19/Aug/2023:02:13:43 +0000] "CONNECT vnew88.com:443:443 HTTP/1.1" 400 -
159.89.136.29 - - [19/Aug/2023:02:13:46 +0000] "CONNECT k9win.agency:443:443 HTTP/1.1" 400 -
159.89.143.238 - - [19/Aug/2023:02:13:49 +0000] "CONNECT vnew88.com:443:443 HTTP/1.1" 400 -
159.89.136.33 - - [19/Aug/2023:02:13:51 +0000] "CONNECT 51.79.243.160:443:443 HTTP/1.1" 400 -
159.89.136.29 - - [19/Aug/2023:02:14:03 +0000] "CONNECT lo88.org:443:443 HTTP/1.1" 400 -
159.89.136.33 - - [19/Aug/2023:02:14:12 +0000] "CONNECT 51.79.243.160:443:443 HTTP/1.1" 400 -
159.89.143.238 - - [19/Aug/2023:02:14:21 +0000] "CONNECT vnew88.com:443:443 HTTP/1.1" 400 -
159.89.136.29 - - [19/Aug/2023:02:14:25 +0000] "CONNECT test.lo88.org:443:443 HTTP/1.1" 400 -
159.89.136.33 - - [19/Aug/2023:02:14:30 +0000] "CONNECT 51.79.243.160:443:443 HTTP/1.1" 400 -
159.89.143.238 - - [19/Aug/2023:02:14:49 +0000] "CONNECT vnew88.com:443:443 HTTP/1.1" 400 -
159.89.136.29 - - [19/Aug/2023:02:15:19 +0000] "CONNECT k9win.agency:443:443 HTTP/1.1" 400 -
159.89.136.33 - - [19/Aug/2023:02:15:29 +0000] "CONNECT 51.79.243.160:443:443 HTTP/1.1" 400 -
159.89.143.238 - - [19/Aug/2023:02:15:32 +0000] "CONNECT vnew88.com:443:443 HTTP/1.1" 400 -
159.89.136.33 - - [19/Aug/2023:02:15:33 +0000] "CONNECT 51.79.243.160:443:443 HTTP/1.1" 400 -
159.89.143.238 - - [19/Aug/2023:02:15:45 +0000] "CONNECT jokercard.net:443:443 HTTP/1.1" 400 -
159.89.143.238 - - [19/Aug/2023:02:15:49 +0000] "CONNECT lo88.org:443:443 HTTP/1.1" 400 -
159.89.143.238 - - [19/Aug/2023:02:16:06 +0000] "CONNECT vnew88.com:443:443 HTTP/1.1" 400 -
159.89.136.33 - - [19/Aug/2023:02:16:09 +0000] "CONNECT 51.79.243.160:443:443 HTTP/1.1" 400 -
159.89.136.29 - - [19/Aug/2023:02:16:16 +0000] "CONNECT test.lo88.org:443:443 HTTP/1.1" 400 -
