159.89.143.238 - - [17/Aug/2023:08:49:02 +0000] "CONNECT vnew88.com:443:443 HTTP/1.1" 400 -
164.92.69.219 - - [17/Aug/2023:08:49:09 +0000] "CONNECT k9win.ca:443:443 HTTP/1.1" 400 -
164.92.69.219 - - [17/Aug/2023:08:49:41 +0000] "CONNECT k9win.ca:443:443 HTTP/1.1" 400 -
164.92.69.219 - - [17/Aug/2023:08:49:47 +0000] "CONNECT k9win.ca:443:443 HTTP/1.1" 400 -
164.92.69.219 - - [17/Aug/2023:08:50:04 +0000] "CONNECT k9win.ca:443:443 HTTP/1.1" 400 -
159.89.136.29 - - [17/Aug/2023:08:50:06 +0000] "CONNECT play.b52.tools:443:443 HTTP/1.1" 400 -
159.89.136.33 - - [17/Aug/2023:08:50:08 +0000] "CONNECT play.b52.tools:443:443 HTTP/1.1" 400 -
159.89.143.221 - - [17/Aug/2023:08:50:36 +0000] "CONNECT play.b52.tools:443:443 HTTP/1.1" 400 -
159.89.143.221 - - [17/Aug/2023:08:50:37 +0000] "CONNECT www.netflix.com:443:443 HTTP/1.1" 400 -
143.110.235.92 - - [17/Aug/2023:08:50:46 +0000] "CONNECT play.b52.tools:443:443 HTTP/1.1" 400 -
159.89.143.221 - - [17/Aug/2023:08:50:53 +0000] "CONNECT www.netflix.com:443:443 HTTP/1.1" 400 -
138.197.28.9 - - [17/Aug/2023:08:51:19 +0000] "CONNECT b52.tips:443:443 HTTP/1.1" 400 -
164.92.69.219 - - [17/Aug/2023:08:51:21 +0000] "CONNECT k9win.ca:443:443 HTTP/1.1" 400 -
164.92.69.219 - - [17/Aug/2023:08:51:24 +0000] "CONNECT k9win.ca:443:443 HTTP/1.1" 400 -
159.89.136.33 - - [17/Aug/2023:08:51:29 +0000] "CONNECT www.alibabaexch777.com:443:443 HTTP/1.1" 400 -
159.89.143.221 - - [17/Aug/2023:08:51:37 +0000] "CONNECT www.alibabaexch777.com:443:443 HTTP/1.1" 400 -
159.89.143.221 - - [17/Aug/2023:08:51:39 +0000] "CONNECT www.netflix.com:443:443 HTTP/1.1" 400 -
45.128.232.14 - - [17/Aug/2023:08:51:54 +0000] "GET /json/ HTTP/1.1" 404 753
159.89.143.221 - - [17/Aug/2023:08:52:04 +0000] "CONNECT play.b52.tools:443:443 HTTP/1.1" 400 -
143.110.235.92 - - [17/Aug/2023:08:52:17 +0000] "CONNECT play.b52.tools:443:443 HTTP/1.1" 400 -
138.197.28.9 - - [17/Aug/2023:08:52:22 +0000] "CONNECT play.b52.tips:443:443 HTTP/1.1" 400 -
159.89.143.221 - - [17/Aug/2023:08:52:24 +0000] "CONNECT play.b52.tools:443:443 HTTP/1.1" 400 -
164.92.69.219 - - [17/Aug/2023:08:52:28 +0000] "CONNECT k9win.ca:443:443 HTTP/1.1" 400 -
143.110.235.92 - - [17/Aug/2023:08:52:29 +0000] "CONNECT phonixsms.com:443:443 HTTP/1.1" 400 -
159.89.136.33 - - [17/Aug/2023:08:53:00 +0000] "CONNECT play.b52.tools:443:443 HTTP/1.1" 400 -
159.89.136.33 - - [17/Aug/2023:08:53:02 +0000] "CONNECT www.alibabaexch777.com:443:443 HTTP/1.1" 400 -
164.92.69.219 - - [17/Aug/2023:08:53:20 +0000] "CONNECT k9win.ca:443:443 HTTP/1.1" 400 -
159.89.136.33 - - [17/Aug/2023:08:53:24 +0000] "CONNECT phonixsms.com:443:443 HTTP/1.1" 400 -
159.89.136.29 - - [17/Aug/2023:08:53:27 +0000] "CONNECT www.alibabaexch777.com:443:443 HTTP/1.1" 400 -
143.110.235.92 - - [17/Aug/2023:08:53:27 +0000] "CONNECT turkcellsuperonlinenet.com:443:443 HTTP/1.1" 400 -
159.89.143.221 - - [17/Aug/2023:08:53:32 +0000] "CONNECT phonixsms.com:443:443 HTTP/1.1" 400 -
164.92.69.219 - - [17/Aug/2023:08:53:42 +0000] "CONNECT k9win.ca:443:443 HTTP/1.1" 400 -
159.89.143.221 - - [17/Aug/2023:08:53:45 +0000] "CONNECT play.b52.tools:443:443 HTTP/1.1" 400 -
164.92.69.219 - - [17/Aug/2023:08:53:46 +0000] "CONNECT k9win.ca:443:443 HTTP/1.1" 400 -
159.89.143.221 - - [17/Aug/2023:08:54:10 +0000] "CONNECT play.b52.tools:443:443 HTTP/1.1" 400 -
159.89.143.221 - - [17/Aug/2023:08:54:29 +0000] "CONNECT phonixsms.com:443:443 HTTP/1.1" 400 -
159.89.136.29 - - [17/Aug/2023:08:54:44 +0000] "CONNECT play.b52.tools:443:443 HTTP/1.1" 400 -
164.92.69.219 - - [17/Aug/2023:08:54:45 +0000] "CONNECT k9win.ca:443:443 HTTP/1.1" 400 -
159.89.143.221 - - [17/Aug/2023:08:54:57 +0000] "CONNECT phonixsms.com:443:443 HTTP/1.1" 400 -
159.89.143.221 - - [17/Aug/2023:08:56:26 +0000] "CONNECT play.b52.tools:443:443 HTTP/1.1" 400 -
164.92.69.219 - - [17/Aug/2023:08:56:34 +0000] "CONNECT k9win.ca:443:443 HTTP/1.1" 400 -
159.89.136.29 - - [17/Aug/2023:08:57:05 +0000] "CONNECT play.b52.tools:443:443 HTTP/1.1" 400 -
164.92.69.219 - - [17/Aug/2023:08:57:34 +0000] "CONNECT k9win.ca:443:443 HTTP/1.1" 400 -
159.89.136.29 - - [17/Aug/2023:08:58:19 +0000] "CONNECT www.sm611.com:443:443 HTTP/1.1" 400 -
143.110.235.92 - - [17/Aug/2023:08:58:30 +0000] "CONNECT phonixsms.com:443:443 HTTP/1.1" 400 -
143.110.235.92 - - [17/Aug/2023:08:58:36 +0000] "CONNECT phonixsms.com:443:443 HTTP/1.1" 400 -
159.89.143.238 - - [17/Aug/2023:08:58:57 +0000] "CONNECT vnew88.com:443:443 HTTP/1.1" 400 -
159.89.136.33 - - [17/Aug/2023:08:59:04 +0000] "CONNECT www.booking.com:443:443 HTTP/1.1" 400 -
143.110.235.92 - - [17/Aug/2023:08:59:10 +0000] "CONNECT phonixsms.com:443:443 HTTP/1.1" 400 -
164.92.69.219 - - [17/Aug/2023:08:59:19 +0000] "CONNECT k9win.ca:443:443 HTTP/1.1" 400 -
164.92.69.219 - - [17/Aug/2023:08:59:41 +0000] "CONNECT k9win.ca:443:443 HTTP/1.1" 400 -
143.110.235.92 - - [17/Aug/2023:09:00:26 +0000] "CONNECT play.b52.tools:443:443 HTTP/1.1" 400 -
24.199.102.77 - - [17/Aug/2023:09:00:46 +0000] "CONNECT shitflare.asia:443:443 HTTP/1.1" 400 -
159.89.143.238 - - [17/Aug/2023:09:00:58 +0000] "CONNECT vnew88.com:443:443 HTTP/1.1" 400 -
24.199.102.77 - - [17/Aug/2023:09:01:08 +0000] "CONNECT shitflare.asia:443:443 HTTP/1.1" 400 -
24.199.102.77 - - [17/Aug/2023:09:01:15 +0000] "CONNECT shitflare.asia:443:443 HTTP/1.1" 400 -
159.89.143.238 - - [17/Aug/2023:09:01:22 +0000] "CONNECT vnew88.com:443:443 HTTP/1.1" 400 -
24.199.102.77 - - [17/Aug/2023:09:01:23 +0000] "CONNECT shitflare.asia:443:443 HTTP/1.1" 400 -
164.92.69.219 - - [17/Aug/2023:09:01:31 +0000] "CONNECT k9win.ca:443:443 HTTP/1.1" 400 -
164.92.69.219 - - [17/Aug/2023:09:01:38 +0000] "CONNECT k9win.ca:443:443 HTTP/1.1" 400 -
159.89.143.238 - - [17/Aug/2023:09:01:56 +0000] "CONNECT vnew88.com:443:443 HTTP/1.1" 400 -
159.89.136.33 - - [17/Aug/2023:09:02:53 +0000] "CONNECT file.cunhua.today:443:443 HTTP/1.1" 400 -
159.89.136.33 - - [17/Aug/2023:09:02:57 +0000] "CONNECT file.cunhua.today:443:443 HTTP/1.1" 400 -
143.110.235.92 - - [17/Aug/2023:09:02:57 +0000] "CONNECT play.b52.tools:443:443 HTTP/1.1" 400 -
159.89.136.29 - - [17/Aug/2023:09:03:20 +0000] "CONNECT file.cunhua.today:443:443 HTTP/1.1" 400 -
164.92.69.219 - - [17/Aug/2023:09:03:46 +0000] "CONNECT k9win.ca:443:443 HTTP/1.1" 400 -
164.92.69.219 - - [17/Aug/2023:09:04:04 +0000] "CONNECT k9win.ca:443:443 HTTP/1.1" 400 -
164.92.69.219 - - [17/Aug/2023:09:04:07 +0000] "CONNECT k9win.ca:443:443 HTTP/1.1" 400 -
143.110.235.92 - - [17/Aug/2023:09:04:14 +0000] "CONNECT play.b52.tools:443:443 HTTP/1.1" 400 -
164.92.69.219 - - [17/Aug/2023:09:04:23 +0000] "CONNECT k9win.ca:443:443 HTTP/1.1" 400 -
159.89.143.221 - - [17/Aug/2023:09:04:43 +0000] "CONNECT play.b52.tools:443:443 HTTP/1.1" 400 -
138.197.28.9 - - [17/Aug/2023:09:04:52 +0000] "CONNECT b52.tips:443:443 HTTP/1.1" 400 -
164.92.69.219 - - [17/Aug/2023:09:05:12 +0000] "CONNECT k9win.ca:443:443 HTTP/1.1" 400 -
159.89.136.29 - - [17/Aug/2023:09:05:33 +0000] "CONNECT ogcdn.mom:443:443 HTTP/1.1" 400 -
159.89.136.29 - - [17/Aug/2023:09:05:54 +0000] "CONNECT ogcdn.mom:443:443 HTTP/1.1" 400 -
143.110.235.92 - - [17/Aug/2023:09:06:08 +0000] "CONNECT ogcdn.mom:443:443 HTTP/1.1" 400 -
159.89.136.33 - - [17/Aug/2023:09:06:34 +0000] "CONNECT play.b52.tools:443:443 HTTP/1.1" 400 -
143.110.235.92 - - [17/Aug/2023:09:06:54 +0000] "CONNECT turkcellsuperonlinenet.com:443:443 HTTP/1.1" 400 -
164.92.69.219 - - [17/Aug/2023:09:07:00 +0000] "CONNECT k9win.ca:443:443 HTTP/1.1" 400 -
164.92.69.219 - - [17/Aug/2023:09:07:10 +0000] "CONNECT k9win.ca:443:443 HTTP/1.1" 400 -
159.89.143.238 - - [17/Aug/2023:09:07:13 +0000] "CONNECT vnew88.com:443:443 HTTP/1.1" 400 -
138.197.28.9 - - [17/Aug/2023:09:07:47 +0000] "CONNECT b52.tips:443:443 HTTP/1.1" 400 -
164.92.69.219 - - [17/Aug/2023:09:08:02 +0000] "CONNECT k9win.ca:443:443 HTTP/1.1" 400 -
164.92.69.219 - - [17/Aug/2023:09:09:05 +0000] "CONNECT k9win.ca:443:443 HTTP/1.1" 400 -
159.89.143.221 - - [17/Aug/2023:09:09:05 +0000] "CONNECT play.b52.tools:443:443 HTTP/1.1" 400 -
164.92.69.219 - - [17/Aug/2023:09:09:15 +0000] "CONNECT k9win.ca:443:443 HTTP/1.1" 400 -
198.235.24.206 - - [17/Aug/2023:09:10:03 +0000] "-" 400 -
159.89.143.238 - - [17/Aug/2023:09:10:09 +0000] "CONNECT vnew88.com:443:443 HTTP/1.1" 400 -
159.89.136.29 - - [17/Aug/2023:09:10:24 +0000] "CONNECT www.4.cn:443:443 HTTP/1.1" 400 -
159.89.143.221 - - [17/Aug/2023:09:10:45 +0000] "CONNECT www.4.cn:443:443 HTTP/1.1" 400 -
143.110.235.92 - - [17/Aug/2023:09:11:14 +0000] "CONNECT play.b52.tools:443:443 HTTP/1.1" 400 -
159.89.143.221 - - [17/Aug/2023:09:11:29 +0000] "CONNECT play.b52.tools:443:443 HTTP/1.1" 400 -
159.89.143.238 - - [17/Aug/2023:09:11:50 +0000] "CONNECT vnew88.com:443:443 HTTP/1.1" 400 -
143.110.235.92 - - [17/Aug/2023:09:11:52 +0000] "CONNECT s800.can1.mysecurecloudhost.com:443:443 HTTP/1.1" 400 -
159.89.136.33 - - [17/Aug/2023:09:11:53 +0000] "CONNECT s800.can1.mysecurecloudhost.com:443:443 HTTP/1.1" 400 -
159.89.136.29 - - [17/Aug/2023:09:12:15 +0000] "CONNECT myxiu.vn:443:443 HTTP/1.1" 400 -
159.89.136.33 - - [17/Aug/2023:09:12:18 +0000] "CONNECT myxiu.vn:443:443 HTTP/1.1" 400 -
159.89.143.238 - - [17/Aug/2023:09:12:22 +0000] "CONNECT vnew88.com:443:443 HTTP/1.1" 400 -
143.110.235.92 - - [17/Aug/2023:09:12:47 +0000] "CONNECT myxiu.vn:443:443 HTTP/1.1" 400 -
3.85.96.123 - - [17/Aug/2023:09:12:51 +0000] "GET / HTTP/1.1" 200 11217
159.89.143.221 - - [17/Aug/2023:09:12:57 +0000] "CONNECT myxiu.vn:443:443 HTTP/1.1" 400 -
159.89.143.238 - - [17/Aug/2023:09:13:14 +0000] "CONNECT vnew88.com:443:443 HTTP/1.1" 400 -
159.89.136.29 - - [17/Aug/2023:09:13:23 +0000] "CONNECT myxiu.vn:443:443 HTTP/1.1" 400 -
159.89.143.221 - - [17/Aug/2023:09:13:28 +0000] "CONNECT play.b52.tools:443:443 HTTP/1.1" 400 -
159.89.136.33 - - [17/Aug/2023:09:13:51 +0000] "CONNECT play.b52.tools:443:443 HTTP/1.1" 400 -
143.110.235.92 - - [17/Aug/2023:09:13:53 +0000] "CONNECT myxiu.vn:443:443 HTTP/1.1" 400 -
143.110.235.92 - - [17/Aug/2023:09:14:08 +0000] "CONNECT deposit1.vipmefete.com:443:443 HTTP/1.1" 400 -
159.89.136.33 - - [17/Aug/2023:09:14:12 +0000] "CONNECT play.b52.tools:443:443 HTTP/1.1" 400 -
159.89.136.33 - - [17/Aug/2023:09:14:22 +0000] "CONNECT play.b52.tools:443:443 HTTP/1.1" 400 -
159.89.136.33 - - [17/Aug/2023:09:14:22 +0000] "CONNECT myxiu.vn:443:443 HTTP/1.1" 400 -
143.110.235.92 - - [17/Aug/2023:09:14:29 +0000] "CONNECT deposit1.vipmefete.com:443:443 HTTP/1.1" 400 -
159.89.136.33 - - [17/Aug/2023:09:14:39 +0000] "CONNECT myxiu.vn:443:443 HTTP/1.1" 400 -
159.89.136.33 - - [17/Aug/2023:09:14:50 +0000] "CONNECT myxiu.vn:443:443 HTTP/1.1" 400 -
143.110.235.92 - - [17/Aug/2023:09:14:51 +0000] "CONNECT play.b52.tools:443:443 HTTP/1.1" 400 -
159.89.136.33 - - [17/Aug/2023:09:14:52 +0000] "CONNECT myxiu.vn:443:443 HTTP/1.1" 400 -
159.89.143.238 - - [17/Aug/2023:09:15:04 +0000] "CONNECT vnew88.com:443:443 HTTP/1.1" 400 -
143.110.235.92 - - [17/Aug/2023:09:15:15 +0000] "CONNECT myxiu.vn:443:443 HTTP/1.1" 400 -
159.89.143.238 - - [17/Aug/2023:09:15:36 +0000] "CONNECT vnew88.com:443:443 HTTP/1.1" 400 -
159.89.136.33 - - [17/Aug/2023:09:15:39 +0000] "CONNECT myxiu.vn:443:443 HTTP/1.1" 400 -
159.89.136.29 - - [17/Aug/2023:09:15:47 +0000] "CONNECT deposit1.hemenode.biz:443:443 HTTP/1.1" 400 -
159.89.136.33 - - [17/Aug/2023:09:16:25 +0000] "CONNECT myxiu.vn:443:443 HTTP/1.1" 400 -
143.110.235.92 - - [17/Aug/2023:09:16:28 +0000] "CONNECT deposit1.hemenode.biz:443:443 HTTP/1.1" 400 -
159.89.136.33 - - [17/Aug/2023:09:16:29 +0000] "CONNECT maps.me:443:443 HTTP/1.1" 400 -
143.110.235.92 - - [17/Aug/2023:09:16:40 +0000] "CONNECT myxiu.vn:443:443 HTTP/1.1" 400 -
138.197.28.9 - - [17/Aug/2023:09:16:42 +0000] "CONNECT b52.tips:443:443 HTTP/1.1" 400 -
159.89.136.33 - - [17/Aug/2023:09:16:45 +0000] "CONNECT play.b52.tools:443:443 HTTP/1.1" 400 -
159.89.136.33 - - [17/Aug/2023:09:16:53 +0000] "CONNECT maps.me:443:443 HTTP/1.1" 400 -
159.89.136.33 - - [17/Aug/2023:09:16:54 +0000] "CONNECT itwz.cc:443:443 HTTP/1.1" 400 -
159.89.136.29 - - [17/Aug/2023:09:16:59 +0000] "CONNECT itwz.cc:443:443 HTTP/1.1" 400 -
159.89.136.29 - - [17/Aug/2023:09:17:10 +0000] "CONNECT myxiu.vn:443:443 HTTP/1.1" 400 -
159.89.143.221 - - [17/Aug/2023:09:17:13 +0000] "CONNECT myxiu.vn:443:443 HTTP/1.1" 400 -
143.110.235.92 - - [17/Aug/2023:09:17:22 +0000] "CONNECT maps.me:443:443 HTTP/1.1" 400 -
159.89.136.29 - - [17/Aug/2023:09:17:33 +0000] "CONNECT maps.me:443:443 HTTP/1.1" 400 -
159.89.136.29 - - [17/Aug/2023:09:17:35 +0000] "CONNECT myxiu.vn:443:443 HTTP/1.1" 400 -
159.89.143.221 - - [17/Aug/2023:09:17:35 +0000] "CONNECT maps.me:443:443 HTTP/1.1" 400 -
159.89.136.29 - - [17/Aug/2023:09:17:45 +0000] "CONNECT maps.me:443:443 HTTP/1.1" 400 -
143.110.235.92 - - [17/Aug/2023:09:18:12 +0000] "CONNECT play.b52.tools:443:443 HTTP/1.1" 400 -
159.89.136.33 - - [17/Aug/2023:09:18:23 +0000] "CONNECT myxiu.vn:443:443 HTTP/1.1" 400 -
143.110.235.92 - - [17/Aug/2023:09:18:25 +0000] "CONNECT myxiu.vn:443:443 HTTP/1.1" 400 -
159.89.143.221 - - [17/Aug/2023:09:18:45 +0000] "CONNECT myxiu.vn:443:443 HTTP/1.1" 400 -
159.89.136.33 - - [17/Aug/2023:09:18:50 +0000] "CONNECT play.b52.tools:443:443 HTTP/1.1" 400 -
45.128.232.111 - - [17/Aug/2023:09:19:28 +0000] "CONNECT pool.proxyspace.pro:443 HTTP/1.1" 400 -
159.89.136.33 - - [17/Aug/2023:09:21:00 +0000] "CONNECT v-manager.sailiing.com:443:443 HTTP/1.1" 400 -
143.110.235.92 - - [17/Aug/2023:09:21:04 +0000] "CONNECT v-manager.sailiing.com:443:443 HTTP/1.1" 400 -
159.89.136.29 - - [17/Aug/2023:09:21:31 +0000] "CONNECT k9win.ca:443:443 HTTP/1.1" 400 -
159.89.136.29 - - [17/Aug/2023:09:21:31 +0000] "CONNECT play.b52.tools:443:443 HTTP/1.1" 400 -
143.110.235.92 - - [17/Aug/2023:09:21:36 +0000] "CONNECT k9win.ca:443:443 HTTP/1.1" 400 -
143.110.235.92 - - [17/Aug/2023:09:21:37 +0000] "CONNECT play.b52.tools:443:443 HTTP/1.1" 400 -
143.110.235.92 - - [17/Aug/2023:09:21:42 +0000] "CONNECT k9win.ca:443:443 HTTP/1.1" 400 -
159.89.136.33 - - [17/Aug/2023:09:21:46 +0000] "CONNECT k9win.ca:443:443 HTTP/1.1" 400 -
138.197.28.9 - - [17/Aug/2023:09:21:52 +0000] "CONNECT b52.tips:443:443 HTTP/1.1" 400 -
143.110.235.92 - - [17/Aug/2023:09:22:18 +0000] "CONNECT play.b52.tools:443:443 HTTP/1.1" 400 -
159.89.143.221 - - [17/Aug/2023:09:22:21 +0000] "CONNECT www.bilibili.com:443:443 HTTP/1.1" 400 -
159.89.143.221 - - [17/Aug/2023:09:22:35 +0000] "CONNECT www.nexusguard.com:443:443 HTTP/1.1" 400 -
143.110.235.92 - - [17/Aug/2023:09:22:46 +0000] "CONNECT anti-ddos.net:443:443 HTTP/1.1" 400 -
159.89.143.221 - - [17/Aug/2023:09:23:05 +0000] "CONNECT anti-ddos.net:443:443 HTTP/1.1" 400 -
143.110.235.92 - - [17/Aug/2023:09:23:09 +0000] "CONNECT anti-ddos.net:443:443 HTTP/1.1" 400 -
143.110.235.92 - - [17/Aug/2023:09:23:15 +0000] "CONNECT shopdangson.net:443:443 HTTP/1.1" 400 -
159.89.143.221 - - [17/Aug/2023:09:23:28 +0000] "CONNECT www.nexusguard.com:443:443 HTTP/1.1" 400 -
159.89.143.221 - - [17/Aug/2023:09:23:35 +0000] "CONNECT tenten.vn:443:443 HTTP/1.1" 400 -
159.89.143.221 - - [17/Aug/2023:09:24:06 +0000] "CONNECT s800.can1.mysecurecloudhost.com:443:443 HTTP/1.1" 400 -
159.89.136.33 - - [17/Aug/2023:09:24:38 +0000] "CONNECT play.b52.tools:443:443 HTTP/1.1" 400 -
159.89.136.29 - - [17/Aug/2023:09:24:41 +0000] "CONNECT play.b52.tools:443:443 HTTP/1.1" 400 -
159.89.136.29 - - [17/Aug/2023:09:25:12 +0000] "CONNECT play.b52.tools:443:443 HTTP/1.1" 400 -
143.110.235.92 - - [17/Aug/2023:09:25:40 +0000] "CONNECT play.b52.tools:443:443 HTTP/1.1" 400 -
159.89.136.29 - - [17/Aug/2023:09:25:51 +0000] "CONNECT www.hetzner.com:443:443 HTTP/1.1" 400 -
103.161.118.178 - - [17/Aug/2023:09:26:10 +0000] "GET / HTTP/1.1" 200 11217
138.197.28.9 - - [17/Aug/2023:09:27:21 +0000] "CONNECT b52.tips:443:443 HTTP/1.1" 400 -
159.89.143.221 - - [17/Aug/2023:09:27:28 +0000] "CONNECT dream88.me:443:443 HTTP/1.1" 400 -
159.89.136.33 - - [17/Aug/2023:09:27:32 +0000] "CONNECT shopdangson.net:443:443 HTTP/1.1" 400 -
159.89.136.33 - - [17/Aug/2023:09:27:34 +0000] "CONNECT www.alibabaexch777.com:443:443 HTTP/1.1" 400 -
159.89.143.238 - - [17/Aug/2023:09:27:42 +0000] "CONNECT vnew88.com:443:443 HTTP/1.1" 400 -
159.89.143.238 - - [17/Aug/2023:09:27:45 +0000] "CONNECT vnew88.com:443:443 HTTP/1.1" 400 -
159.89.136.29 - - [17/Aug/2023:09:27:48 +0000] "CONNECT www.alibabaexch777.com:443:443 HTTP/1.1" 400 -
159.89.143.238 - - [17/Aug/2023:09:27:48 +0000] "CONNECT vnew88.com:443:443 HTTP/1.1" 400 -
143.110.235.92 - - [17/Aug/2023:09:27:52 +0000] "CONNECT shopdangson.net:443:443 HTTP/1.1" 400 -
159.89.143.238 - - [17/Aug/2023:09:27:56 +0000] "CONNECT vnew88.com:443:443 HTTP/1.1" 400 -
143.110.235.92 - - [17/Aug/2023:09:28:05 +0000] "CONNECT play.b52.tools:443:443 HTTP/1.1" 400 -
159.89.136.29 - - [17/Aug/2023:09:28:08 +0000] "CONNECT dream88.me:443:443 HTTP/1.1" 400 -
164.92.69.219 - - [17/Aug/2023:09:28:10 +0000] "CONNECT 789clubi.cc:443:443 HTTP/1.1" 400 -
164.92.69.219 - - [17/Aug/2023:09:28:15 +0000] "CONNECT 789clubi.cc:443:443 HTTP/1.1" 400 -
164.92.69.219 - - [17/Aug/2023:09:28:26 +0000] "CONNECT 789clubi.cc:443:443 HTTP/1.1" 400 -
143.110.235.92 - - [17/Aug/2023:09:28:31 +0000] "CONNECT dream88.me:443:443 HTTP/1.1" 400 -
143.110.235.92 - - [17/Aug/2023:09:28:38 +0000] "CONNECT dream88.me:443:443 HTTP/1.1" 400 -
143.110.235.92 - - [17/Aug/2023:09:28:41 +0000] "CONNECT shopdangson.net:443:443 HTTP/1.1" 400 -
143.110.235.92 - - [17/Aug/2023:09:28:49 +0000] "CONNECT dream88.me:443:443 HTTP/1.1" 400 -
159.89.136.33 - - [17/Aug/2023:09:29:16 +0000] "CONNECT dream88.me:443:443 HTTP/1.1" 400 -
159.89.143.238 - - [17/Aug/2023:09:29:24 +0000] "CONNECT vnew88.com:443:443 HTTP/1.1" 400 -
159.89.136.29 - - [17/Aug/2023:09:29:27 +0000] "CONNECT www.alibabaexch777.com:443:443 HTTP/1.1" 400 -
159.89.143.221 - - [17/Aug/2023:09:29:35 +0000] "CONNECT www.alibabaexch777.com:443:443 HTTP/1.1" 400 -
159.89.143.221 - - [17/Aug/2023:09:30:01 +0000] "CONNECT api.joym100.com:443:443 HTTP/1.1" 400 -
159.89.136.33 - - [17/Aug/2023:09:30:22 +0000] "CONNECT www.alibabaexch777.com:443:443 HTTP/1.1" 400 -
159.89.143.238 - - [17/Aug/2023:09:31:57 +0000] "CONNECT vnew88.com:443:443 HTTP/1.1" 400 -
159.89.143.221 - - [17/Aug/2023:09:32:35 +0000] "CONNECT play.b52.tools:443:443 HTTP/1.1" 400 -
159.89.136.33 - - [17/Aug/2023:09:33:03 +0000] "CONNECT play.b52.tools:443:443 HTTP/1.1" 400 -
159.89.143.238 - - [17/Aug/2023:09:33:09 +0000] "CONNECT vnew88.com:443:443 HTTP/1.1" 400 -
159.89.136.29 - - [17/Aug/2023:09:33:48 +0000] "CONNECT play.b52.tools:443:443 HTTP/1.1" 400 -
159.89.136.33 - - [17/Aug/2023:09:34:09 +0000] "CONNECT play.b52.tools:443:443 HTTP/1.1" 400 -
143.110.235.92 - - [17/Aug/2023:09:34:27 +0000] "CONNECT play.b52.tools:443:443 HTTP/1.1" 400 -
159.89.136.33 - - [17/Aug/2023:09:35:19 +0000] "CONNECT play.b52.tools:443:443 HTTP/1.1" 400 -
159.89.143.221 - - [17/Aug/2023:09:37:07 +0000] "CONNECT 199.103.62.206:443:443 HTTP/1.1" 400 -
159.89.136.29 - - [17/Aug/2023:09:37:10 +0000] "CONNECT play.b52.tools:443:443 HTTP/1.1" 400 -
143.110.235.92 - - [17/Aug/2023:09:37:13 +0000] "CONNECT njal.la:443:443 HTTP/1.1" 400 -
159.89.136.33 - - [17/Aug/2023:09:37:17 +0000] "CONNECT mvely.net:443:443 HTTP/1.1" 400 -
143.110.235.92 - - [17/Aug/2023:09:37:41 +0000] "CONNECT mvely.net:443:443 HTTP/1.1" 400 -
159.89.136.29 - - [17/Aug/2023:09:37:43 +0000] "CONNECT mvely.net:443:443 HTTP/1.1" 400 -
159.89.136.29 - - [17/Aug/2023:09:37:56 +0000] "CONNECT shopdangson.net:443:443 HTTP/1.1" 400 -
159.89.143.238 - - [17/Aug/2023:09:37:58 +0000] "CONNECT vnew88.com:443:443 HTTP/1.1" 400 -
143.110.235.92 - - [17/Aug/2023:09:38:05 +0000] "CONNECT shopdangson.net:443:443 HTTP/1.1" 400 -
159.89.143.221 - - [17/Aug/2023:09:38:09 +0000] "CONNECT play.b52.tools:443:443 HTTP/1.1" 400 -
159.89.136.33 - - [17/Aug/2023:09:38:09 +0000] "CONNECT mvely.net:443:443 HTTP/1.1" 400 -
159.89.136.33 - - [17/Aug/2023:09:38:13 +0000] "CONNECT mvely.net:443:443 HTTP/1.1" 400 -
159.89.143.238 - - [17/Aug/2023:09:38:18 +0000] "CONNECT vnew88.com:443:443 HTTP/1.1" 400 -
159.89.136.29 - - [17/Aug/2023:09:38:20 +0000] "CONNECT play.b52.tools:443:443 HTTP/1.1" 400 -
143.110.235.92 - - [17/Aug/2023:09:38:21 +0000] "CONNECT njal.la:443:443 HTTP/1.1" 400 -
159.89.143.238 - - [17/Aug/2023:09:38:30 +0000] "CONNECT vnew88.com:443:443 HTTP/1.1" 400 -
159.89.143.221 - - [17/Aug/2023:09:38:35 +0000] "CONNECT play.b52.tools:443:443 HTTP/1.1" 400 -
159.89.136.29 - - [17/Aug/2023:09:38:44 +0000] "CONNECT mvely.net:443:443 HTTP/1.1" 400 -
159.89.143.221 - - [17/Aug/2023:09:38:48 +0000] "CONNECT mvely.net:443:443 HTTP/1.1" 400 -
143.110.235.92 - - [17/Aug/2023:09:38:50 +0000] "CONNECT shopdangson.net:443:443 HTTP/1.1" 400 -
143.110.235.92 - - [17/Aug/2023:09:38:51 +0000] "CONNECT mvely.net:443:443 HTTP/1.1" 400 -
159.89.136.29 - - [17/Aug/2023:09:39:31 +0000] "CONNECT mvely.net:443:443 HTTP/1.1" 400 -
159.89.136.33 - - [17/Aug/2023:09:39:45 +0000] "CONNECT mvely.net:443:443 HTTP/1.1" 400 -
159.89.136.33 - - [17/Aug/2023:09:40:09 +0000] "CONNECT www.zjkqhlxx.cn:443:443 HTTP/1.1" 400 -
159.89.136.29 - - [17/Aug/2023:09:40:23 +0000] "CONNECT hengfu100.com:443:443 HTTP/1.1" 400 -
143.110.235.92 - - [17/Aug/2023:09:40:33 +0000] "CONNECT www.zjkqhlxx.cn:443:443 HTTP/1.1" 400 -
159.89.136.29 - - [17/Aug/2023:09:40:34 +0000] "CONNECT play.b52.tools:443:443 HTTP/1.1" 400 -
159.89.143.221 - - [17/Aug/2023:09:40:41 +0000] "CONNECT mvely.net:443:443 HTTP/1.1" 400 -
159.89.143.221 - - [17/Aug/2023:09:40:42 +0000] "CONNECT mvely.net:443:443 HTTP/1.1" 400 -
143.110.235.92 - - [17/Aug/2023:09:40:48 +0000] "CONNECT mvely.net:443:443 HTTP/1.1" 400 -
159.89.136.29 - - [17/Aug/2023:09:40:48 +0000] "CONNECT www.zjkqhlxx.cn:443:443 HTTP/1.1" 400 -
143.110.235.92 - - [17/Aug/2023:09:40:49 +0000] "CONNECT mvely.net:443:443 HTTP/1.1" 400 -
143.110.235.92 - - [17/Aug/2023:09:40:52 +0000] "CONNECT play.b52.tools:443:443 HTTP/1.1" 400 -
159.89.136.29 - - [17/Aug/2023:09:41:01 +0000] "CONNECT mvely.net:443:443 HTTP/1.1" 400 -
159.89.136.29 - - [17/Aug/2023:09:41:04 +0000] "CONNECT mvely.net:443:443 HTTP/1.1" 400 -
159.89.143.221 - - [17/Aug/2023:09:41:14 +0000] "CONNECT mvely.net:443:443 HTTP/1.1" 400 -
143.110.235.92 - - [17/Aug/2023:09:41:15 +0000] "CONNECT play.b52.tools:443:443 HTTP/1.1" 400 -
159.89.143.221 - - [17/Aug/2023:09:41:19 +0000] "CONNECT mvely.net:443:443 HTTP/1.1" 400 -
159.89.136.29 - - [17/Aug/2023:09:41:23 +0000] "CONNECT play.b52.tools:443:443 HTTP/1.1" 400 -
143.110.235.92 - - [17/Aug/2023:09:41:24 +0000] "CONNECT mvely.net:443:443 HTTP/1.1" 400 -
159.89.136.33 - - [17/Aug/2023:09:41:25 +0000] "CONNECT hengfu100.com:443:443 HTTP/1.1" 400 -
159.89.143.221 - - [17/Aug/2023:09:41:25 +0000] "CONNECT play.b52.tools:443:443 HTTP/1.1" 400 -
143.110.235.92 - - [17/Aug/2023:09:41:53 +0000] "CONNECT www.zjkqhlxx.cn:443:443 HTTP/1.1" 400 -
159.89.136.29 - - [17/Aug/2023:09:42:01 +0000] "CONNECT hengfu100.com:443:443 HTTP/1.1" 400 -
159.89.136.33 - - [17/Aug/2023:09:42:04 +0000] "CONNECT hengfu100.com:443:443 HTTP/1.1" 400 -
159.89.136.33 - - [17/Aug/2023:09:42:14 +0000] "CONNECT play.b52.tools:443:443 HTTP/1.1" 400 -
143.110.235.92 - - [17/Aug/2023:09:42:20 +0000] "CONNECT mvely.net:443:443 HTTP/1.1" 400 -
159.89.143.221 - - [17/Aug/2023:09:42:24 +0000] "CONNECT mvely.net:443:443 HTTP/1.1" 400 -
143.110.235.92 - - [17/Aug/2023:09:42:28 +0000] "CONNECT play.b52.tools:443:443 HTTP/1.1" 400 -
143.110.235.92 - - [17/Aug/2023:09:42:40 +0000] "CONNECT www.zjkqhlxx.cn:443:443 HTTP/1.1" 400 -
159.89.143.221 - - [17/Aug/2023:09:44:01 +0000] "CONNECT www.alibabaexch777.com:443:443 HTTP/1.1" 400 -
159.89.136.33 - - [17/Aug/2023:09:44:09 +0000] "CONNECT www.alibabaexch777.com:443:443 HTTP/1.1" 400 -
159.89.136.29 - - [17/Aug/2023:09:44:09 +0000] "CONNECT www.alibabaexch777.com:443:443 HTTP/1.1" 400 -
159.89.136.33 - - [17/Aug/2023:09:44:29 +0000] "CONNECT www.alibabaexch777.com:443:443 HTTP/1.1" 400 -
159.89.136.29 - - [17/Aug/2023:09:44:36 +0000] "CONNECT play.789clubb.co:443:443 HTTP/1.1" 400 -
159.89.143.238 - - [17/Aug/2023:09:44:37 +0000] "CONNECT vnew88.com:443:443 HTTP/1.1" 400 -
159.89.136.29 - - [17/Aug/2023:09:44:40 +0000] "CONNECT www.alibabaexch777.com:443:443 HTTP/1.1" 400 -
159.89.136.33 - - [17/Aug/2023:09:44:44 +0000] "CONNECT play.789clubb.co:443:443 HTTP/1.1" 400 -
198.98.58.175 - - [17/Aug/2023:09:44:51 +0000] "CONNECT ip138.com:443 HTTP/1.1" 400 -
143.110.235.92 - - [17/Aug/2023:09:45:00 +0000] "CONNECT www.alibabaexch777.com:443:443 HTTP/1.1" 400 -
159.89.143.221 - - [17/Aug/2023:09:45:14 +0000] "CONNECT www.alibabaexch777.com:443:443 HTTP/1.1" 400 -
159.89.136.33 - - [17/Aug/2023:09:45:22 +0000] "CONNECT www.alibabaexch777.com:443:443 HTTP/1.1" 400 -
138.197.28.9 - - [17/Aug/2023:09:45:24 +0000] "CONNECT b52.tips:443:443 HTTP/1.1" 400 -
159.89.136.29 - - [17/Aug/2023:09:45:39 +0000] "CONNECT play.789clubb.co:443:443 HTTP/1.1" 400 -
159.89.143.238 - - [17/Aug/2023:09:45:45 +0000] "CONNECT vnew88.com:443:443 HTTP/1.1" 400 -
159.89.136.29 - - [17/Aug/2023:09:45:58 +0000] "CONNECT heylink.me:443:443 HTTP/1.1" 400 -
159.89.136.33 - - [17/Aug/2023:09:46:25 +0000] "CONNECT play.b52.tools:443:443 HTTP/1.1" 400 -
159.89.136.33 - - [17/Aug/2023:09:46:37 +0000] "CONNECT play.b52.tools:443:443 HTTP/1.1" 400 -
143.110.235.92 - - [17/Aug/2023:09:46:41 +0000] "CONNECT www.zjkqhlxx.cn:443:443 HTTP/1.1" 400 -
159.89.143.238 - - [17/Aug/2023:09:46:47 +0000] "CONNECT vnew88.com:443:443 HTTP/1.1" 400 -
159.89.143.238 - - [17/Aug/2023:09:46:51 +0000] "CONNECT vnew88.com:443:443 HTTP/1.1" 400 -
159.89.136.33 - - [17/Aug/2023:09:46:55 +0000] "CONNECT hengfu100.com:443:443 HTTP/1.1" 400 -
159.89.136.29 - - [17/Aug/2023:09:46:57 +0000] "CONNECT www.alibabaexch777.com:443:443 HTTP/1.1" 400 -
159.89.143.221 - - [17/Aug/2023:09:47:07 +0000] "CONNECT hengfu100.com:443:443 HTTP/1.1" 400 -
159.89.136.29 - - [17/Aug/2023:09:47:07 +0000] "CONNECT hengfu100.com:443:443 HTTP/1.1" 400 -
159.89.136.29 - - [17/Aug/2023:09:47:15 +0000] "CONNECT play.b52.tools:443:443 HTTP/1.1" 400 -
159.89.136.29 - - [17/Aug/2023:09:47:16 +0000] "CONNECT developer.paypal.com:443:443 HTTP/1.1" 400 -
159.89.136.33 - - [17/Aug/2023:09:47:27 +0000] "CONNECT www.zjkqhlxx.cn:443:443 HTTP/1.1" 400 -
159.89.136.33 - - [17/Aug/2023:09:47:30 +0000] "CONNECT developer.paypal.com:443:443 HTTP/1.1" 400 -
159.89.136.29 - - [17/Aug/2023:09:47:32 +0000] "CONNECT www.zjkqhlxx.cn:443:443 HTTP/1.1" 400 -
159.89.136.33 - - [17/Aug/2023:09:47:33 +0000] "CONNECT developer.paypal.com:443:443 HTTP/1.1" 400 -
143.110.235.92 - - [17/Aug/2023:09:47:40 +0000] "CONNECT www.alibabaexch777.com:443:443 HTTP/1.1" 400 -
159.89.136.33 - - [17/Aug/2023:09:47:48 +0000] "CONNECT hengfu100.com:443:443 HTTP/1.1" 400 -
143.110.235.92 - - [17/Aug/2023:09:47:56 +0000] "CONNECT developer.paypal.com:443:443 HTTP/1.1" 400 -
159.89.143.221 - - [17/Aug/2023:09:47:59 +0000] "CONNECT developer.paypal.com:443:443 HTTP/1.1" 400 -
143.110.235.92 - - [17/Aug/2023:09:48:46 +0000] "CONNECT hengfu100.com:443:443 HTTP/1.1" 400 -
159.89.136.29 - - [17/Aug/2023:09:48:48 +0000] "CONNECT www.zjkqhlxx.cn:443:443 HTTP/1.1" 400 -
143.110.235.92 - - [17/Aug/2023:09:48:49 +0000] "CONNECT www.zjkqhlxx.cn:443:443 HTTP/1.1" 400 -
138.197.28.9 - - [17/Aug/2023:09:49:02 +0000] "CONNECT b52.tips:443:443 HTTP/1.1" 400 -
159.89.143.221 - - [17/Aug/2023:09:49:05 +0000] "CONNECT play.b52.tools:443:443 HTTP/1.1" 400 -
159.89.136.33 - - [17/Aug/2023:09:49:18 +0000] "CONNECT hengfu100.com:443:443 HTTP/1.1" 400 -
159.89.136.33 - - [17/Aug/2023:09:49:23 +0000] "CONNECT play.b52.tools:443:443 HTTP/1.1" 400 -
159.89.136.33 - - [17/Aug/2023:09:49:24 +0000] "CONNECT www.zjkqhlxx.cn:443:443 HTTP/1.1" 400 -
159.89.136.29 - - [17/Aug/2023:09:49:45 +0000] "CONNECT hengfu100.com:443:443 HTTP/1.1" 400 -
159.89.136.29 - - [17/Aug/2023:09:50:45 +0000] "CONNECT 199.103.62.206:443:443 HTTP/1.1" 400 -
143.110.235.92 - - [17/Aug/2023:09:50:56 +0000] "CONNECT www.zjkqhlxx.cn:443:443 HTTP/1.1" 400 -
64.44.158.109 - - [17/Aug/2023:09:51:00 +0000] "GET /cdn-cgi/trace HTTP/1.1" 404 761
159.89.136.33 - - [17/Aug/2023:09:51:08 +0000] "CONNECT breachforums.is:443:443 HTTP/1.1" 400 -
143.110.235.92 - - [17/Aug/2023:09:51:11 +0000] "CONNECT play.b52.tools:443:443 HTTP/1.1" 400 -
159.89.143.221 - - [17/Aug/2023:09:51:22 +0000] "CONNECT hengfu100.com:443:443 HTTP/1.1" 400 -
159.89.136.29 - - [17/Aug/2023:09:52:06 +0000] "CONNECT play.b52.tools:443:443 HTTP/1.1" 400 -
138.197.28.9 - - [17/Aug/2023:09:52:21 +0000] "CONNECT b52.tips:443:443 HTTP/1.1" 400 -
143.110.235.92 - - [17/Aug/2023:09:52:34 +0000] "CONNECT hengfu100.com:443:443 HTTP/1.1" 400 -
143.110.235.92 - - [17/Aug/2023:09:52:35 +0000] "CONNECT play.b52.tools:443:443 HTTP/1.1" 400 -
159.89.136.29 - - [17/Aug/2023:09:52:48 +0000] "CONNECT hengfu100.com:443:443 HTTP/1.1" 400 -
159.89.136.29 - - [17/Aug/2023:09:53:00 +0000] "CONNECT breachforums.is:443:443 HTTP/1.1" 400 -
159.89.143.238 - - [17/Aug/2023:09:53:04 +0000] "CONNECT vnew88.com:443:443 HTTP/1.1" 400 -
159.89.143.221 - - [17/Aug/2023:09:53:32 +0000] "CONNECT static.88-198-48-45.clients.your-server.de:443:443 HTTP/1.1" 400 -
159.89.136.29 - - [17/Aug/2023:09:53:34 +0000] "CONNECT breachforums.is:443:443 HTTP/1.1" 400 -
159.89.136.33 - - [17/Aug/2023:09:53:48 +0000] "CONNECT play.b52.tools:443:443 HTTP/1.1" 400 -
159.89.143.238 - - [17/Aug/2023:09:53:53 +0000] "CONNECT vnew88.com:443:443 HTTP/1.1" 400 -
159.89.143.238 - - [17/Aug/2023:09:53:58 +0000] "CONNECT vnew88.com:443:443 HTTP/1.1" 400 -
159.89.136.29 - - [17/Aug/2023:09:53:58 +0000] "CONNECT hengfu100.com:443:443 HTTP/1.1" 400 -
159.89.136.33 - - [17/Aug/2023:09:54:23 +0000] "CONNECT play.b52.tools:443:443 HTTP/1.1" 400 -
143.110.235.92 - - [17/Aug/2023:09:54:31 +0000] "CONNECT breachforums.is:443:443 HTTP/1.1" 400 -
143.110.235.92 - - [17/Aug/2023:09:54:41 +0000] "CONNECT hengfu100.com:443:443 HTTP/1.1" 400 -
159.89.143.221 - - [17/Aug/2023:09:55:09 +0000] "CONNECT hengfu100.com:443:443 HTTP/1.1" 400 -
159.89.143.221 - - [17/Aug/2023:09:55:09 +0000] "CONNECT hengfu100.com:443:443 HTTP/1.1" 400 -
159.89.136.33 - - [17/Aug/2023:09:55:15 +0000] "CONNECT hengfu100.com:443:443 HTTP/1.1" 400 -
159.89.143.221 - - [17/Aug/2023:09:55:17 +0000] "CONNECT hengfu100.com:443:443 HTTP/1.1" 400 -
159.89.143.238 - - [17/Aug/2023:09:55:28 +0000] "CONNECT vnew88.com:443:443 HTTP/1.1" 400 -
159.89.136.29 - - [17/Aug/2023:09:55:47 +0000] "CONNECT hengfu100.com:443:443 HTTP/1.1" 400 -
143.110.235.92 - - [17/Aug/2023:09:56:17 +0000] "CONNECT medient.co.uk:443:443 HTTP/1.1" 400 -
159.89.143.238 - - [17/Aug/2023:09:56:21 +0000] "CONNECT vnew88.com:443:443 HTTP/1.1" 400 -
164.92.69.219 - - [17/Aug/2023:09:56:41 +0000] "CONNECT k9win.ca:443:443 HTTP/1.1" 400 -
159.89.136.33 - - [17/Aug/2023:09:56:43 +0000] "CONNECT hengfu100.com:443:443 HTTP/1.1" 400 -
159.89.136.29 - - [17/Aug/2023:09:56:52 +0000] "CONNECT play.b52.tools:443:443 HTTP/1.1" 400 -
159.89.143.221 - - [17/Aug/2023:09:57:28 +0000] "CONNECT play.b52.tools:443:443 HTTP/1.1" 400 -
143.110.235.92 - - [17/Aug/2023:09:58:11 +0000] "CONNECT hengfu100.com:443:443 HTTP/1.1" 400 -
159.89.136.29 - - [17/Aug/2023:09:58:15 +0000] "CONNECT play.b52.tools:443:443 HTTP/1.1" 400 -
138.197.28.9 - - [17/Aug/2023:09:58:39 +0000] "CONNECT b52.tips:443:443 HTTP/1.1" 400 -
143.110.235.92 - - [17/Aug/2023:09:58:44 +0000] "CONNECT hengfu100.com:443:443 HTTP/1.1" 400 -
159.89.136.29 - - [17/Aug/2023:09:58:49 +0000] "CONNECT hengfu100.com:443:443 HTTP/1.1" 400 -
159.89.143.221 - - [17/Aug/2023:09:59:33 +0000] "CONNECT dream88.me:443:443 HTTP/1.1" 400 -
159.89.136.29 - - [17/Aug/2023:09:59:47 +0000] "CONNECT play.b52.tools:443:443 HTTP/1.1" 400 -
159.89.136.29 - - [17/Aug/2023:09:59:50 +0000] "CONNECT play.b52.tools:443:443 HTTP/1.1" 400 -
159.89.143.221 - - [17/Aug/2023:09:59:57 +0000] "CONNECT hengfu100.com:443:443 HTTP/1.1" 400 -
164.92.69.219 - - [17/Aug/2023:09:59:59 +0000] "CONNECT play.789clubb.co:443:443 HTTP/1.1" 400 -
164.92.69.219 - - [17/Aug/2023:10:00:01 +0000] "CONNECT play.789clubb.co:443:443 HTTP/1.1" 400 -
159.89.136.29 - - [17/Aug/2023:10:00:26 +0000] "CONNECT dream88.me:443:443 HTTP/1.1" 400 -
159.89.136.29 - - [17/Aug/2023:10:00:31 +0000] "CONNECT hengfu100.com:443:443 HTTP/1.1" 400 -
164.92.69.219 - - [17/Aug/2023:10:00:37 +0000] "CONNECT play.789clubb.co:443:443 HTTP/1.1" 400 -
159.89.143.221 - - [17/Aug/2023:10:00:37 +0000] "CONNECT dream88.me:443:443 HTTP/1.1" 400 -
164.92.69.219 - - [17/Aug/2023:10:00:56 +0000] "CONNECT play.789clubb.co:443:443 HTTP/1.1" 400 -
164.92.69.219 - - [17/Aug/2023:10:01:11 +0000] "CONNECT play.789clubb.co:443:443 HTTP/1.1" 400 -
159.89.143.221 - - [17/Aug/2023:10:01:12 +0000] "CONNECT hengfu100.com:443:443 HTTP/1.1" 400 -
159.89.143.221 - - [17/Aug/2023:10:01:13 +0000] "CONNECT hengfu100.com:443:443 HTTP/1.1" 400 -
159.89.143.238 - - [17/Aug/2023:10:01:24 +0000] "CONNECT vnew88.com:443:443 HTTP/1.1" 400 -
159.89.143.238 - - [17/Aug/2023:10:01:36 +0000] "CONNECT vnew88.com:443:443 HTTP/1.1" 400 -
159.89.136.33 - - [17/Aug/2023:10:02:21 +0000] "CONNECT play.789clubb.co:443:443 HTTP/1.1" 400 -
164.92.69.219 - - [17/Aug/2023:10:02:28 +0000] "CONNECT k9win.ca:443:443 HTTP/1.1" 400 -
159.89.136.29 - - [17/Aug/2023:10:02:54 +0000] "CONNECT play.789clubb.co:443:443 HTTP/1.1" 400 -
164.92.69.219 - - [17/Aug/2023:10:02:55 +0000] "CONNECT k9win.ca:443:443 HTTP/1.1" 400 -
159.89.136.29 - - [17/Aug/2023:10:03:05 +0000] "CONNECT play.b52.tools:443:443 HTTP/1.1" 400 -
143.110.235.92 - - [17/Aug/2023:10:03:06 +0000] "CONNECT play.b52.tools:443:443 HTTP/1.1" 400 -
159.89.143.221 - - [17/Aug/2023:10:03:10 +0000] "CONNECT play.789clubb.co:443:443 HTTP/1.1" 400 -
159.89.136.33 - - [17/Aug/2023:10:03:24 +0000] "CONNECT play.789clubb.co:443:443 HTTP/1.1" 400 -
159.89.136.33 - - [17/Aug/2023:10:03:29 +0000] "CONNECT play.b52.tools:443:443 HTTP/1.1" 400 -
159.89.143.238 - - [17/Aug/2023:10:03:33 +0000] "CONNECT vnew88.com:443:443 HTTP/1.1" 400 -
159.89.143.221 - - [17/Aug/2023:10:03:37 +0000] "CONNECT play.789clubb.co:443:443 HTTP/1.1" 400 -
159.89.143.238 - - [17/Aug/2023:10:04:18 +0000] "CONNECT vnew88.com:443:443 HTTP/1.1" 400 -
159.89.143.238 - - [17/Aug/2023:10:04:30 +0000] "CONNECT vnew88.com:443:443 HTTP/1.1" 400 -
159.89.143.221 - - [17/Aug/2023:10:04:48 +0000] "CONNECT 199.103.62.206:443:443 HTTP/1.1" 400 -
159.89.136.33 - - [17/Aug/2023:10:05:00 +0000] "CONNECT www.medicaldoorway.com:443:443 HTTP/1.1" 400 -
159.89.136.29 - - [17/Aug/2023:10:05:06 +0000] "CONNECT play.b52.tools:443:443 HTTP/1.1" 400 -
143.110.235.92 - - [17/Aug/2023:10:06:05 +0000] "CONNECT play.789clubb.co:443:443 HTTP/1.1" 400 -
159.89.143.221 - - [17/Aug/2023:10:06:06 +0000] "CONNECT play.b52.tools:443:443 HTTP/1.1" 400 -
159.89.143.238 - - [17/Aug/2023:10:06:06 +0000] "CONNECT vnew88.com:443:443 HTTP/1.1" 400 -
143.110.235.92 - - [17/Aug/2023:10:06:09 +0000] "CONNECT play.b52.tools:443:443 HTTP/1.1" 400 -
159.89.136.33 - - [17/Aug/2023:10:06:11 +0000] "CONNECT play.b52.tools:443:443 HTTP/1.1" 400 -
143.110.235.92 - - [17/Aug/2023:10:06:24 +0000] "CONNECT play.b52.tools:443:443 HTTP/1.1" 400 -
159.89.143.221 - - [17/Aug/2023:10:06:27 +0000] "CONNECT play.b52.tools:443:443 HTTP/1.1" 400 -
159.89.136.29 - - [17/Aug/2023:10:06:52 +0000] "CONNECT play.b52.tools:443:443 HTTP/1.1" 400 -
159.89.136.29 - - [17/Aug/2023:10:06:56 +0000] "CONNECT play.b52.tools:443:443 HTTP/1.1" 400 -
143.110.235.92 - - [17/Aug/2023:10:07:10 +0000] "CONNECT play.789clubb.co:443:443 HTTP/1.1" 400 -
159.89.136.33 - - [17/Aug/2023:10:07:55 +0000] "CONNECT shop2fa.com:443:443 HTTP/1.1" 400 -
159.89.136.33 - - [17/Aug/2023:10:07:59 +0000] "CONNECT shop2fa.com:443:443 HTTP/1.1" 400 -
164.92.69.219 - - [17/Aug/2023:10:07:59 +0000] "CONNECT k9win.ca:443:443 HTTP/1.1" 400 -
143.110.235.92 - - [17/Aug/2023:10:08:02 +0000] "CONNECT shop2fa.com:443:443 HTTP/1.1" 400 -
159.89.136.29 - - [17/Aug/2023:10:08:08 +0000] "CONNECT shop2fa.com:443:443 HTTP/1.1" 400 -
164.92.69.219 - - [17/Aug/2023:10:08:10 +0000] "CONNECT k9win.ca:443:443 HTTP/1.1" 400 -
138.197.28.9 - - [17/Aug/2023:10:08:20 +0000] "CONNECT b52.tips:443:443 HTTP/1.1" 400 -
143.110.235.92 - - [17/Aug/2023:10:08:41 +0000] "CONNECT play.789clubb.co:443:443 HTTP/1.1" 400 -
164.92.69.219 - - [17/Aug/2023:10:08:45 +0000] "CONNECT k9win.ca:443:443 HTTP/1.1" 400 -
159.89.143.238 - - [17/Aug/2023:10:09:21 +0000] "CONNECT vnew88.com:443:443 HTTP/1.1" 400 -
159.89.136.29 - - [17/Aug/2023:10:09:28 +0000] "CONNECT www.hazi.ro:443:443 HTTP/1.1" 400 -
159.89.136.29 - - [17/Aug/2023:10:09:36 +0000] "CONNECT play.b52.tools:443:443 HTTP/1.1" 400 -
159.89.136.29 - - [17/Aug/2023:10:09:38 +0000] "CONNECT play.789clubb.co:443:443 HTTP/1.1" 400 -
159.89.136.29 - - [17/Aug/2023:10:09:46 +0000] "CONNECT www.hazi.ro:443:443 HTTP/1.1" 400 -
143.110.235.92 - - [17/Aug/2023:10:09:54 +0000] "CONNECT play.789clubb.co:443:443 HTTP/1.1" 400 -
159.89.136.29 - - [17/Aug/2023:10:09:57 +0000] "CONNECT play.b52.tools:443:443 HTTP/1.1" 400 -
143.110.235.92 - - [17/Aug/2023:10:09:59 +0000] "CONNECT play.b52.tools:443:443 HTTP/1.1" 400 -
143.110.235.92 - - [17/Aug/2023:10:10:04 +0000] "CONNECT www.hazi.ro:443:443 HTTP/1.1" 400 -
164.92.69.219 - - [17/Aug/2023:10:10:51 +0000] "CONNECT play.789clubb.co:443:443 HTTP/1.1" 400 -
159.89.136.33 - - [17/Aug/2023:10:11:05 +0000] "CONNECT play.b52.tools:443:443 HTTP/1.1" 400 -
164.92.69.219 - - [17/Aug/2023:10:11:11 +0000] "CONNECT play.789clubb.co:443:443 HTTP/1.1" 400 -
159.89.143.221 - - [17/Aug/2023:10:11:29 +0000] "CONNECT play.b52.tools:443:443 HTTP/1.1" 400 -
164.92.69.219 - - [17/Aug/2023:10:11:32 +0000] "CONNECT play.789clubb.co:443:443 HTTP/1.1" 400 -
159.89.143.221 - - [17/Aug/2023:10:11:58 +0000] "CONNECT shop2fa.com:443:443 HTTP/1.1" 400 -
159.89.136.29 - - [17/Aug/2023:10:12:01 +0000] "CONNECT shop2fa.com:443:443 HTTP/1.1" 400 -
164.92.69.219 - - [17/Aug/2023:10:12:01 +0000] "CONNECT k9win.ca:443:443 HTTP/1.1" 400 -
143.110.235.92 - - [17/Aug/2023:10:12:06 +0000] "CONNECT shop2fa.com:443:443 HTTP/1.1" 400 -
143.110.235.92 - - [17/Aug/2023:10:13:03 +0000] "CONNECT play.b52.tools:443:443 HTTP/1.1" 400 -
159.89.136.33 - - [17/Aug/2023:10:13:04 +0000] "CONNECT play.b52.tools:443:443 HTTP/1.1" 400 -
159.89.143.221 - - [17/Aug/2023:10:13:35 +0000] "CONNECT meritking947.com:443:443 HTTP/1.1" 400 -
159.89.136.33 - - [17/Aug/2023:10:13:42 +0000] "CONNECT play.b52.tools:443:443 HTTP/1.1" 400 -
143.110.235.92 - - [17/Aug/2023:10:13:52 +0000] "CONNECT meritking947.com:443:443 HTTP/1.1" 400 -
159.89.143.221 - - [17/Aug/2023:10:13:58 +0000] "CONNECT meritking947.com:443:443 HTTP/1.1" 400 -
159.89.143.238 - - [17/Aug/2023:10:14:05 +0000] "CONNECT vnew88.com:443:443 HTTP/1.1" 400 -
164.92.69.219 - - [17/Aug/2023:10:14:07 +0000] "CONNECT k9win.ca:443:443 HTTP/1.1" 400 -
159.89.136.29 - - [17/Aug/2023:10:14:46 +0000] "CONNECT play.b52.tools:443:443 HTTP/1.1" 400 -
143.110.235.92 - - [17/Aug/2023:10:14:49 +0000] "CONNECT play.b52.tools:443:443 HTTP/1.1" 400 -
143.110.235.92 - - [17/Aug/2023:10:14:49 +0000] "CONNECT play.b52.tools:443:443 HTTP/1.1" 400 -
159.89.136.29 - - [17/Aug/2023:10:14:55 +0000] "CONNECT play.b52.tools:443:443 HTTP/1.1" 400 -
159.89.136.29 - - [17/Aug/2023:10:14:59 +0000] "CONNECT 54.38.18.213:25416:443:443 HTTP/1.1" 400 -
159.89.143.238 - - [17/Aug/2023:10:15:04 +0000] "CONNECT vnew88.com:443:443 HTTP/1.1" 400 -
159.89.136.29 - - [17/Aug/2023:10:15:10 +0000] "CONNECT 54.38.18.213:25416:443:443 HTTP/1.1" 400 -
159.89.143.238 - - [17/Aug/2023:10:15:14 +0000] "CONNECT vnew88.com:443:443 HTTP/1.1" 400 -
164.92.69.219 - - [17/Aug/2023:10:15:20 +0000] "CONNECT play.789clubb.co:443:443 HTTP/1.1" 400 -
143.110.235.92 - - [17/Aug/2023:10:15:29 +0000] "CONNECT play.b52.tools:443:443 HTTP/1.1" 400 -
164.92.69.219 - - [17/Aug/2023:10:15:54 +0000] "CONNECT play.789clubb.co:443:443 HTTP/1.1" 400 -
138.197.28.9 - - [17/Aug/2023:10:15:54 +0000] "CONNECT b52.tips:443:443 HTTP/1.1" 400 -
159.89.143.221 - - [17/Aug/2023:10:15:56 +0000] "CONNECT play.b52.tools:443:443 HTTP/1.1" 400 -
159.89.136.29 - - [17/Aug/2023:10:15:57 +0000] "CONNECT play.b52.tools:443:443 HTTP/1.1" 400 -
164.92.69.219 - - [17/Aug/2023:10:16:25 +0000] "CONNECT play.789clubb.co:443:443 HTTP/1.1" 400 -
164.92.69.219 - - [17/Aug/2023:10:16:53 +0000] "CONNECT k9win.ca:443:443 HTTP/1.1" 400 -
138.197.28.9 - - [17/Aug/2023:10:17:12 +0000] "CONNECT b52.tips:443:443 HTTP/1.1" 400 -
164.92.69.219 - - [17/Aug/2023:10:17:52 +0000] "CONNECT k9win.ca:443:443 HTTP/1.1" 400 -
85.239.34.105 - - [17/Aug/2023:10:19:15 +0000] "CONNECT google.com:443 HTTP/1.1" 400 -
164.92.69.219 - - [17/Aug/2023:10:20:06 +0000] "CONNECT play.789clubb.co:443:443 HTTP/1.1" 400 -
164.92.69.219 - - [17/Aug/2023:10:20:53 +0000] "CONNECT play.789clubb.co:443:443 HTTP/1.1" 400 -
143.110.235.92 - - [17/Aug/2023:10:21:54 +0000] "CONNECT play.b52.tools:443:443 HTTP/1.1" 400 -
164.92.69.219 - - [17/Aug/2023:10:22:17 +0000] "CONNECT k9win.ca:443:443 HTTP/1.1" 400 -
143.110.235.92 - - [17/Aug/2023:10:22:19 +0000] "CONNECT play.b52.tools:443:443 HTTP/1.1" 400 -
159.89.143.238 - - [17/Aug/2023:10:22:25 +0000] "CONNECT vnew88.com:443:443 HTTP/1.1" 400 -
159.89.143.221 - - [17/Aug/2023:10:22:37 +0000] "CONNECT play.b52.tools:443:443 HTTP/1.1" 400 -
164.92.69.219 - - [17/Aug/2023:10:22:40 +0000] "CONNECT k9win.ca:443:443 HTTP/1.1" 400 -
138.197.28.9 - - [17/Aug/2023:10:23:14 +0000] "CONNECT b52.tips:443:443 HTTP/1.1" 400 -
138.197.28.9 - - [17/Aug/2023:10:23:15 +0000] "CONNECT b52.tips:443:443 HTTP/1.1" 400 -
159.89.136.33 - - [17/Aug/2023:10:23:31 +0000] "CONNECT shop2fa.com:443:443 HTTP/1.1" 400 -
159.89.143.221 - - [17/Aug/2023:10:23:32 +0000] "CONNECT shop2fa.com:443:443 HTTP/1.1" 400 -
159.89.136.33 - - [17/Aug/2023:10:23:32 +0000] "CONNECT shop2fa.com:443:443 HTTP/1.1" 400 -
159.89.143.221 - - [17/Aug/2023:10:23:34 +0000] "CONNECT shop2fa.com:443:443 HTTP/1.1" 400 -
159.89.136.33 - - [17/Aug/2023:10:23:42 +0000] "CONNECT shop2fa.com:443:443 HTTP/1.1" 400 -
159.89.143.238 - - [17/Aug/2023:10:23:51 +0000] "CONNECT vnew88.com:443:443 HTTP/1.1" 400 -
159.89.136.29 - - [17/Aug/2023:10:24:06 +0000] "CONNECT play.b52.tools:443:443 HTTP/1.1" 400 -
164.92.69.219 - - [17/Aug/2023:10:24:22 +0000] "CONNECT k9win.ca:443:443 HTTP/1.1" 400 -
164.92.69.219 - - [17/Aug/2023:10:25:07 +0000] "CONNECT play.789clubb.co:443:443 HTTP/1.1" 400 -
159.89.136.29 - - [17/Aug/2023:10:25:31 +0000] "CONNECT api.joym100.com:443:443 HTTP/1.1" 400 -
164.92.69.219 - - [17/Aug/2023:10:26:41 +0000] "CONNECT k9win.ca:443:443 HTTP/1.1" 400 -
164.92.69.219 - - [17/Aug/2023:10:26:48 +0000] "CONNECT k9win.ca:443:443 HTTP/1.1" 400 -
164.92.69.219 - - [17/Aug/2023:10:26:49 +0000] "CONNECT k9win.ca:443:443 HTTP/1.1" 400 -
164.92.69.219 - - [17/Aug/2023:10:27:14 +0000] "CONNECT k9win.ca:443:443 HTTP/1.1" 400 -
164.92.69.219 - - [17/Aug/2023:10:27:23 +0000] "CONNECT k9win.ca:443:443 HTTP/1.1" 400 -
159.89.136.29 - - [17/Aug/2023:10:27:29 +0000] "CONNECT play.b52.tools:443:443 HTTP/1.1" 400 -
159.89.136.33 - - [17/Aug/2023:10:27:32 +0000] "CONNECT play.b52.tools:443:443 HTTP/1.1" 400 -
164.92.69.219 - - [17/Aug/2023:10:27:35 +0000] "CONNECT k9win.ca:443:443 HTTP/1.1" 400 -
164.92.69.219 - - [17/Aug/2023:10:27:39 +0000] "CONNECT k9win.ca:443:443 HTTP/1.1" 400 -
143.110.235.92 - - [17/Aug/2023:10:27:51 +0000] "CONNECT play.b52.tools:443:443 HTTP/1.1" 400 -
164.92.69.219 - - [17/Aug/2023:10:28:12 +0000] "CONNECT k9win.ca:443:443 HTTP/1.1" 400 -
159.89.143.221 - - [17/Aug/2023:10:28:15 +0000] "CONNECT play.b52.tools:443:443 HTTP/1.1" 400 -
164.92.69.219 - - [17/Aug/2023:10:28:18 +0000] "CONNECT k9win.ca:443:443 HTTP/1.1" 400 -
164.92.69.219 - - [17/Aug/2023:10:28:38 +0000] "CONNECT k9win.ca:443:443 HTTP/1.1" 400 -
143.110.235.92 - - [17/Aug/2023:10:28:49 +0000] "CONNECT www.minoos.mv:443:443 HTTP/1.1" 400 -
143.110.235.92 - - [17/Aug/2023:10:28:51 +0000] "CONNECT www.minoos.mv:443:443 HTTP/1.1" 400 -
159.89.143.238 - - [17/Aug/2023:10:28:58 +0000] "CONNECT vnew88.com:443:443 HTTP/1.1" 400 -
159.89.143.238 - - [17/Aug/2023:10:28:59 +0000] "CONNECT vnew88.com:443:443 HTTP/1.1" 400 -
164.92.69.219 - - [17/Aug/2023:10:29:16 +0000] "CONNECT k9win.ca:443:443 HTTP/1.1" 400 -
159.89.136.33 - - [17/Aug/2023:10:29:19 +0000] "CONNECT www.minoos.mv:443:443 HTTP/1.1" 400 -
159.89.136.33 - - [17/Aug/2023:10:29:25 +0000] "CONNECT thanhnien.vn:443:443 HTTP/1.1" 400 -
143.110.235.92 - - [17/Aug/2023:10:29:34 +0000] "CONNECT thanhnien.vn:443:443 HTTP/1.1" 400 -
159.89.143.221 - - [17/Aug/2023:10:29:48 +0000] "CONNECT thanhnien.vn:443:443 HTTP/1.1" 400 -
143.110.235.92 - - [17/Aug/2023:10:29:48 +0000] "CONNECT www.minoos.mv:443:443 HTTP/1.1" 400 -
159.89.136.33 - - [17/Aug/2023:10:29:58 +0000] "CONNECT thanhnien.vn:443:443 HTTP/1.1" 400 -
164.92.69.219 - - [17/Aug/2023:10:30:44 +0000] "CONNECT play.789clubb.co:443:443 HTTP/1.1" 400 -
159.89.136.33 - - [17/Aug/2023:10:30:52 +0000] "CONNECT play.b52.tools:443:443 HTTP/1.1" 400 -
159.89.136.29 - - [17/Aug/2023:10:31:00 +0000] "CONNECT play.b52.tools:443:443 HTTP/1.1" 400 -
159.89.143.221 - - [17/Aug/2023:10:31:06 +0000] "CONNECT play.b52.tools:443:443 HTTP/1.1" 400 -
164.92.69.219 - - [17/Aug/2023:10:31:17 +0000] "CONNECT play.789clubb.co:443:443 HTTP/1.1" 400 -
159.89.136.33 - - [17/Aug/2023:10:31:21 +0000] "CONNECT play.b52.tools:443:443 HTTP/1.1" 400 -
159.89.136.29 - - [17/Aug/2023:10:31:26 +0000] "CONNECT www.minoos.mv:443:443 HTTP/1.1" 400 -
159.89.136.29 - - [17/Aug/2023:10:32:02 +0000] "CONNECT play.b52.tools:443:443 HTTP/1.1" 400 -
164.92.69.219 - - [17/Aug/2023:10:32:04 +0000] "CONNECT k9win.ca:443:443 HTTP/1.1" 400 -
159.89.136.29 - - [17/Aug/2023:10:32:18 +0000] "CONNECT www.minoos.mv:443:443 HTTP/1.1" 400 -
159.89.143.238 - - [17/Aug/2023:10:32:36 +0000] "CONNECT vnew88.com:443:443 HTTP/1.1" 400 -
159.89.136.29 - - [17/Aug/2023:10:32:55 +0000] "CONNECT www.minoos.mv:443:443 HTTP/1.1" 400 -
138.197.28.9 - - [17/Aug/2023:10:33:05 +0000] "CONNECT b52.tips:443:443 HTTP/1.1" 400 -
159.89.136.29 - - [17/Aug/2023:10:34:08 +0000] "CONNECT play.b52.tools:443:443 HTTP/1.1" 400 -
164.92.69.219 - - [17/Aug/2023:10:35:03 +0000] "CONNECT play.789clubb.co:443:443 HTTP/1.1" 400 -
164.92.69.219 - - [17/Aug/2023:10:35:15 +0000] "CONNECT play.789clubb.co:443:443 HTTP/1.1" 400 -
159.89.136.33 - - [17/Aug/2023:10:35:34 +0000] "CONNECT play.b52.tools:443:443 HTTP/1.1" 400 -
164.92.69.219 - - [17/Aug/2023:10:35:45 +0000] "CONNECT play.789clubb.co:443:443 HTTP/1.1" 400 -
164.92.69.219 - - [17/Aug/2023:10:36:07 +0000] "CONNECT play.789clubb.co:443:443 HTTP/1.1" 400 -
159.89.143.221 - - [17/Aug/2023:10:36:09 +0000] "CONNECT play.b52.tools:443:443 HTTP/1.1" 400 -
159.89.143.221 - - [17/Aug/2023:10:36:27 +0000] "CONNECT play.b52.tools:443:443 HTTP/1.1" 400 -
164.92.69.219 - - [17/Aug/2023:10:36:44 +0000] "CONNECT k9win.ca:443:443 HTTP/1.1" 400 -
159.89.143.221 - - [17/Aug/2023:10:37:21 +0000] "CONNECT play.b52.tools:443:443 HTTP/1.1" 400 -
159.89.136.29 - - [17/Aug/2023:10:37:46 +0000] "CONNECT shopfb.io.vn:443:443 HTTP/1.1" 400 -
143.110.235.92 - - [17/Aug/2023:10:38:20 +0000] "CONNECT play.b52.tools:443:443 HTTP/1.1" 400 -
138.197.28.9 - - [17/Aug/2023:10:38:34 +0000] "CONNECT b52.tips:443:443 HTTP/1.1" 400 -
159.89.143.238 - - [17/Aug/2023:10:38:35 +0000] "CONNECT vnew88.com:443:443 HTTP/1.1" 400 -
159.89.143.221 - - [17/Aug/2023:10:39:18 +0000] "CONNECT shopfb.io.vn:443:443 HTTP/1.1" 400 -
164.92.69.219 - - [17/Aug/2023:10:39:26 +0000] "CONNECT k9win.ca:443:443 HTTP/1.1" 400 -
159.89.136.33 - - [17/Aug/2023:10:39:43 +0000] "CONNECT api.joym100.com:443:443 HTTP/1.1" 400 -
164.92.69.219 - - [17/Aug/2023:10:39:47 +0000] "CONNECT k9win.ca:443:443 HTTP/1.1" 400 -
164.92.69.219 - - [17/Aug/2023:10:39:54 +0000] "CONNECT k9win.ca:443:443 HTTP/1.1" 400 -
159.89.136.33 - - [17/Aug/2023:10:40:10 +0000] "CONNECT api.joym100.com:443:443 HTTP/1.1" 400 -
159.89.136.33 - - [17/Aug/2023:10:40:28 +0000] "CONNECT api.joym100.com:443:443 HTTP/1.1" 400 -
164.92.69.219 - - [17/Aug/2023:10:40:39 +0000] "CONNECT play.789clubb.co:443:443 HTTP/1.1" 400 -
164.92.69.219 - - [17/Aug/2023:10:40:41 +0000] "CONNECT play.789clubb.co:443:443 HTTP/1.1" 400 -
164.92.69.219 - - [17/Aug/2023:10:40:42 +0000] "CONNECT play.789clubb.co:443:443 HTTP/1.1" 400 -
159.89.136.29 - - [17/Aug/2023:10:40:45 +0000] "CONNECT hengfu100.com:443:443 HTTP/1.1" 400 -
164.92.69.219 - - [17/Aug/2023:10:41:12 +0000] "CONNECT play.789clubb.co:443:443 HTTP/1.1" 400 -
159.89.143.221 - - [17/Aug/2023:10:41:16 +0000] "CONNECT hengfu100.com:443:443 HTTP/1.1" 400 -
159.89.136.33 - - [17/Aug/2023:10:41:32 +0000] "CONNECT play.b52.tools:443:443 HTTP/1.1" 400 -
164.92.69.219 - - [17/Aug/2023:10:41:44 +0000] "CONNECT k9win.ca:443:443 HTTP/1.1" 400 -
159.89.136.29 - - [17/Aug/2023:10:42:07 +0000] "CONNECT play.b52.tools:443:443 HTTP/1.1" 400 -
164.92.69.219 - - [17/Aug/2023:10:43:00 +0000] "CONNECT k9win.ca:443:443 HTTP/1.1" 400 -
159.89.143.238 - - [17/Aug/2023:10:43:05 +0000] "CONNECT vnew88.com:443:443 HTTP/1.1" 400 -
159.89.143.221 - - [17/Aug/2023:10:43:09 +0000] "CONNECT play.b52.tools:443:443 HTTP/1.1" 400 -
159.89.143.238 - - [17/Aug/2023:10:43:29 +0000] "CONNECT vnew88.com:443:443 HTTP/1.1" 400 -
159.89.136.33 - - [17/Aug/2023:10:43:55 +0000] "CONNECT hengfu100.com:443:443 HTTP/1.1" 400 -
159.89.143.221 - - [17/Aug/2023:10:44:04 +0000] "CONNECT play.b52.tools:443:443 HTTP/1.1" 400 -
138.197.28.9 - - [17/Aug/2023:10:44:23 +0000] "CONNECT b52.tips:443:443 HTTP/1.1" 400 -
138.197.28.9 - - [17/Aug/2023:10:44:23 +0000] "CONNECT b52.tips:443:443 HTTP/1.1" 400 -
143.110.235.92 - - [17/Aug/2023:10:44:32 +0000] "CONNECT hengfu100.com:443:443 HTTP/1.1" 400 -
159.89.143.238 - - [17/Aug/2023:10:44:32 +0000] "CONNECT vnew88.com:443:443 HTTP/1.1" 400 -
159.89.143.238 - - [17/Aug/2023:10:44:43 +0000] "CONNECT vnew88.com:443:443 HTTP/1.1" 400 -
143.110.235.92 - - [17/Aug/2023:10:44:45 +0000] "CONNECT hengfu100.com:443:443 HTTP/1.1" 400 -
164.92.69.219 - - [17/Aug/2023:10:45:24 +0000] "CONNECT play.789clubb.co:443:443 HTTP/1.1" 400 -
159.89.143.221 - - [17/Aug/2023:10:45:29 +0000] "CONNECT hengfu100.com:443:443 HTTP/1.1" 400 -
159.89.136.29 - - [17/Aug/2023:10:45:33 +0000] "CONNECT play.b52.tools:443:443 HTTP/1.1" 400 -
