159.89.136.29 - - [18/Aug/2023:07:05:51 +0000] "CONNECT sumvip3.club:443:443 HTTP/1.1" 400 -
159.89.143.238 - - [18/Aug/2023:07:05:58 +0000] "CONNECT vnew88.com:443:443 HTTP/1.1" 400 -
159.89.143.221 - - [18/Aug/2023:07:06:02 +0000] "CONNECT lo88.org:443:443 HTTP/1.1" 400 -
159.89.143.221 - - [18/Aug/2023:07:06:06 +0000] "CONNECT test.lo88.org:443:443 HTTP/1.1" 400 -
159.89.143.221 - - [18/Aug/2023:07:06:08 +0000] "CONNECT test.lo88.org:443:443 HTTP/1.1" 400 -
159.89.143.238 - - [18/Aug/2023:07:06:08 +0000] "CONNECT k9win.agency:443:443 HTTP/1.1" 400 -
159.89.143.238 - - [18/Aug/2023:07:06:11 +0000] "CONNECT sumvip3.club:443:443 HTTP/1.1" 400 -
159.89.136.33 - - [18/Aug/2023:07:06:19 +0000] "CONNECT test.lo88.org:443:443 HTTP/1.1" 400 -
159.89.136.33 - - [18/Aug/2023:07:06:19 +0000] "CONNECT sumvip3.club:443:443 HTTP/1.1" 400 -
159.89.136.33 - - [18/Aug/2023:07:06:21 +0000] "CONNECT test.lo88.org:443:443 HTTP/1.1" 400 -
209.141.40.248 - - [18/Aug/2023:07:06:21 +0000] "CONNECT ip138.com:443 HTTP/1.1" 400 -
159.89.136.29 - - [18/Aug/2023:07:06:27 +0000] "CONNECT test.lo88.org:443:443 HTTP/1.1" 400 -
159.89.136.33 - - [18/Aug/2023:07:06:30 +0000] "CONNECT test.lo88.org:443:443 HTTP/1.1" 400 -
159.89.143.238 - - [18/Aug/2023:07:06:34 +0000] "CONNECT vnew88.com:443:443 HTTP/1.1" 400 -
159.89.143.221 - - [18/Aug/2023:07:06:47 +0000] "CONNECT test.lo88.org:443:443 HTTP/1.1" 400 -
142.93.80.219 - - [18/Aug/2023:07:06:50 +0000] "CONNECT lo88.org:443:443 HTTP/1.1" 400 -
159.89.143.238 - - [18/Aug/2023:07:06:54 +0000] "CONNECT vnew88.com:443:443 HTTP/1.1" 400 -
159.89.143.221 - - [18/Aug/2023:07:06:59 +0000] "CONNECT k9win.agency:443:443 HTTP/1.1" 400 -
142.93.80.219 - - [18/Aug/2023:07:07:09 +0000] "CONNECT lo88.org:443:443 HTTP/1.1" 400 -
138.197.28.9 - - [18/Aug/2023:07:07:15 +0000] "CONNECT play.rikvip.net:443:443 HTTP/1.1" 400 -
159.89.136.29 - - [18/Aug/2023:07:07:24 +0000] "CONNECT lo88.org:443:443 HTTP/1.1" 400 -
159.89.136.29 - - [18/Aug/2023:07:07:32 +0000] "CONNECT lo88.org:443:443 HTTP/1.1" 400 -
159.89.136.29 - - [18/Aug/2023:07:07:54 +0000] "CONNECT sumvip3.club:443:443 HTTP/1.1" 400 -
138.197.28.9 - - [18/Aug/2023:07:07:58 +0000] "CONNECT play.rikvip.net:443:443 HTTP/1.1" 400 -
159.89.143.238 - - [18/Aug/2023:07:08:15 +0000] "CONNECT vnew88.com:443:443 HTTP/1.1" 400 -
159.89.143.238 - - [18/Aug/2023:07:08:19 +0000] "CONNECT test.lo88.org:443:443 HTTP/1.1" 400 -
159.89.143.238 - - [18/Aug/2023:07:08:29 +0000] "CONNECT vnew88.com:443:443 HTTP/1.1" 400 -
142.93.80.219 - - [18/Aug/2023:07:08:32 +0000] "CONNECT k9win.agency:443:443 HTTP/1.1" 400 -
159.89.143.221 - - [18/Aug/2023:07:08:34 +0000] "CONNECT sumvip3.club:443:443 HTTP/1.1" 400 -
159.89.136.29 - - [18/Aug/2023:07:08:36 +0000] "CONNECT peticaopublica.com:443:443 HTTP/1.1" 400 -
159.89.136.29 - - [18/Aug/2023:07:08:37 +0000] "CONNECT k9win.agency:443:443 HTTP/1.1" 400 -
159.89.136.33 - - [18/Aug/2023:07:08:38 +0000] "CONNECT peticaopublica.com:443:443 HTTP/1.1" 400 -
159.89.136.29 - - [18/Aug/2023:07:08:39 +0000] "CONNECT k9win.agency:443:443 HTTP/1.1" 400 -
159.89.136.33 - - [18/Aug/2023:07:08:43 +0000] "CONNECT sumvip3.club:443:443 HTTP/1.1" 400 -
138.197.28.9 - - [18/Aug/2023:07:08:49 +0000] "CONNECT play.rikvip.net:443:443 HTTP/1.1" 400 -
142.93.80.219 - - [18/Aug/2023:07:08:49 +0000] "CONNECT lo88.org:443:443 HTTP/1.1" 400 -
159.89.136.33 - - [18/Aug/2023:07:08:55 +0000] "CONNECT test.lo88.org:443:443 HTTP/1.1" 400 -
159.89.143.221 - - [18/Aug/2023:07:09:06 +0000] "CONNECT test.lo88.org:443:443 HTTP/1.1" 400 -
159.89.143.221 - - [18/Aug/2023:07:09:11 +0000] "CONNECT peticaopublica.com:443:443 HTTP/1.1" 400 -
142.93.80.219 - - [18/Aug/2023:07:09:14 +0000] "CONNECT peticaopublica.com:443:443 HTTP/1.1" 400 -
159.89.143.238 - - [18/Aug/2023:07:09:14 +0000] "CONNECT test.lo88.org:443:443 HTTP/1.1" 400 -
159.89.136.29 - - [18/Aug/2023:07:09:15 +0000] "CONNECT test.lo88.org:443:443 HTTP/1.1" 400 -
159.89.136.33 - - [18/Aug/2023:07:09:27 +0000] "CONNECT sumvip3.club:443:443 HTTP/1.1" 400 -
159.89.136.29 - - [18/Aug/2023:07:09:27 +0000] "CONNECT peticaopublica.com:443:443 HTTP/1.1" 400 -
159.89.143.221 - - [18/Aug/2023:07:09:33 +0000] "CONNECT k9win.agency:443:443 HTTP/1.1" 400 -
159.89.143.238 - - [18/Aug/2023:07:09:33 +0000] "CONNECT vnew88.com:443:443 HTTP/1.1" 400 -
159.89.136.33 - - [18/Aug/2023:07:09:39 +0000] "CONNECT test.lo88.org:443:443 HTTP/1.1" 400 -
142.93.80.219 - - [18/Aug/2023:07:09:43 +0000] "CONNECT test.lo88.org:443:443 HTTP/1.1" 400 -
159.89.136.33 - - [18/Aug/2023:07:09:46 +0000] "CONNECT test.lo88.org:443:443 HTTP/1.1" 400 -
159.89.136.33 - - [18/Aug/2023:07:09:51 +0000] "CONNECT peticaopublica.com:443:443 HTTP/1.1" 400 -
159.89.136.33 - - [18/Aug/2023:07:09:53 +0000] "CONNECT lo88.org:443:443 HTTP/1.1" 400 -
142.93.80.219 - - [18/Aug/2023:07:09:53 +0000] "CONNECT k9win.agency:443:443 HTTP/1.1" 400 -
142.93.80.219 - - [18/Aug/2023:07:10:12 +0000] "CONNECT peticaopublica.com:443:443 HTTP/1.1" 400 -
159.89.136.33 - - [18/Aug/2023:07:10:17 +0000] "CONNECT test.lo88.org:443:443 HTTP/1.1" 400 -
159.89.136.33 - - [18/Aug/2023:07:10:17 +0000] "CONNECT test.lo88.org:443:443 HTTP/1.1" 400 -
159.89.136.29 - - [18/Aug/2023:07:10:18 +0000] "CONNECT k9win.agency:443:443 HTTP/1.1" 400 -
159.89.143.238 - - [18/Aug/2023:07:10:20 +0000] "CONNECT vnew88.com:443:443 HTTP/1.1" 400 -
159.89.143.221 - - [18/Aug/2023:07:10:20 +0000] "CONNECT lo88.org:443:443 HTTP/1.1" 400 -
142.93.80.219 - - [18/Aug/2023:07:10:24 +0000] "CONNECT k9win.agency:443:443 HTTP/1.1" 400 -
159.89.143.221 - - [18/Aug/2023:07:10:25 +0000] "CONNECT test.lo88.org:443:443 HTTP/1.1" 400 -
159.89.143.221 - - [18/Aug/2023:07:10:29 +0000] "CONNECT sumvip3.club:443:443 HTTP/1.1" 400 -
142.93.80.219 - - [18/Aug/2023:07:10:40 +0000] "CONNECT peticaopublica.com:443:443 HTTP/1.1" 400 -
138.197.28.9 - - [18/Aug/2023:07:10:46 +0000] "CONNECT play.rikvip.net:443:443 HTTP/1.1" 400 -
159.89.136.29 - - [18/Aug/2023:07:10:57 +0000] "CONNECT test.lo88.org:443:443 HTTP/1.1" 400 -
159.89.143.238 - - [18/Aug/2023:07:10:58 +0000] "CONNECT k9win.agency:443:443 HTTP/1.1" 400 -
159.89.136.33 - - [18/Aug/2023:07:11:11 +0000] "CONNECT test.lo88.org:443:443 HTTP/1.1" 400 -
159.89.136.29 - - [18/Aug/2023:07:11:12 +0000] "CONNECT lo88.org:443:443 HTTP/1.1" 400 -
159.89.143.238 - - [18/Aug/2023:07:11:14 +0000] "CONNECT k9win.agency:443:443 HTTP/1.1" 400 -
159.89.136.29 - - [18/Aug/2023:07:11:19 +0000] "CONNECT k9win.agency:443:443 HTTP/1.1" 400 -
159.89.143.221 - - [18/Aug/2023:07:11:20 +0000] "CONNECT lo88.org:443:443 HTTP/1.1" 400 -
159.89.136.29 - - [18/Aug/2023:07:11:23 +0000] "CONNECT lo88.org:443:443 HTTP/1.1" 400 -
159.89.143.238 - - [18/Aug/2023:07:11:25 +0000] "CONNECT vnew88.com:443:443 HTTP/1.1" 400 -
159.89.143.238 - - [18/Aug/2023:07:11:28 +0000] "CONNECT vnew88.com:443:443 HTTP/1.1" 400 -
159.89.143.238 - - [18/Aug/2023:07:11:30 +0000] "CONNECT vnew88.com:443:443 HTTP/1.1" 400 -
138.197.28.9 - - [18/Aug/2023:07:11:30 +0000] "CONNECT play.rikvip.net:443:443 HTTP/1.1" 400 -
159.89.136.33 - - [18/Aug/2023:07:11:32 +0000] "CONNECT lo88.org:443:443 HTTP/1.1" 400 -
138.197.28.9 - - [18/Aug/2023:07:11:41 +0000] "CONNECT play.rikvip.net:443:443 HTTP/1.1" 400 -
159.89.143.238 - - [18/Aug/2023:07:11:47 +0000] "CONNECT www.meteogiuliacci.it:443:443 HTTP/1.1" 400 -
142.93.80.219 - - [18/Aug/2023:07:11:58 +0000] "CONNECT k9win.agency:443:443 HTTP/1.1" 400 -
159.89.136.29 - - [18/Aug/2023:07:12:05 +0000] "CONNECT lo88.org:443:443 HTTP/1.1" 400 -
159.89.143.238 - - [18/Aug/2023:07:12:10 +0000] "CONNECT vnew88.com:443:443 HTTP/1.1" 400 -
159.89.136.33 - - [18/Aug/2023:07:12:13 +0000] "CONNECT test.lo88.org:443:443 HTTP/1.1" 400 -
159.89.143.238 - - [18/Aug/2023:07:12:22 +0000] "CONNECT lo88.org:443:443 HTTP/1.1" 400 -
159.89.143.238 - - [18/Aug/2023:07:12:22 +0000] "CONNECT peticaopublica.com:443:443 HTTP/1.1" 400 -
159.89.143.221 - - [18/Aug/2023:07:12:25 +0000] "CONNECT lo88.org:443:443 HTTP/1.1" 400 -
159.89.136.33 - - [18/Aug/2023:07:12:28 +0000] "CONNECT test.lo88.org:443:443 HTTP/1.1" 400 -
142.93.80.219 - - [18/Aug/2023:07:12:32 +0000] "CONNECT sumvip3.club:443:443 HTTP/1.1" 400 -
159.89.136.29 - - [18/Aug/2023:07:12:44 +0000] "CONNECT sumvip3.club:443:443 HTTP/1.1" 400 -
159.89.143.238 - - [18/Aug/2023:07:12:48 +0000] "CONNECT vnew88.com:443:443 HTTP/1.1" 400 -
159.89.143.221 - - [18/Aug/2023:07:12:48 +0000] "CONNECT viewgiare.space:443:443 HTTP/1.1" 400 -
159.89.143.238 - - [18/Aug/2023:07:12:49 +0000] "CONNECT viewgiare.space:443:443 HTTP/1.1" 400 -
159.89.143.221 - - [18/Aug/2023:07:13:09 +0000] "CONNECT peticaopublica.com:443:443 HTTP/1.1" 400 -
159.89.136.33 - - [18/Aug/2023:07:13:10 +0000] "CONNECT viewgiare.space:443:443 HTTP/1.1" 400 -
138.197.28.9 - - [18/Aug/2023:07:13:11 +0000] "CONNECT play.rikvip.net:443:443 HTTP/1.1" 400 -
159.89.143.238 - - [18/Aug/2023:07:13:15 +0000] "CONNECT lo88.org:443:443 HTTP/1.1" 400 -
142.93.80.219 - - [18/Aug/2023:07:13:17 +0000] "CONNECT k9win.agency:443:443 HTTP/1.1" 400 -
142.93.80.219 - - [18/Aug/2023:07:13:17 +0000] "CONNECT lo88.org:443:443 HTTP/1.1" 400 -
159.89.143.238 - - [18/Aug/2023:07:13:19 +0000] "CONNECT k9win.agency:443:443 HTTP/1.1" 400 -
159.89.143.221 - - [18/Aug/2023:07:13:22 +0000] "CONNECT sumvip3.club:443:443 HTTP/1.1" 400 -
159.89.136.33 - - [18/Aug/2023:07:13:35 +0000] "CONNECT lo88.org:443:443 HTTP/1.1" 400 -
159.89.143.221 - - [18/Aug/2023:07:13:36 +0000] "CONNECT test.lo88.org:443:443 HTTP/1.1" 400 -
159.89.143.238 - - [18/Aug/2023:07:13:40 +0000] "CONNECT sumvip3.club:443:443 HTTP/1.1" 400 -
159.89.136.29 - - [18/Aug/2023:07:13:47 +0000] "CONNECT k9win.agency:443:443 HTTP/1.1" 400 -
159.89.136.29 - - [18/Aug/2023:07:13:53 +0000] "CONNECT sumvip3.club:443:443 HTTP/1.1" 400 -
159.89.143.221 - - [18/Aug/2023:07:13:57 +0000] "CONNECT lo88.org:443:443 HTTP/1.1" 400 -
138.197.28.9 - - [18/Aug/2023:07:14:08 +0000] "CONNECT play.rikvip.net:443:443 HTTP/1.1" 400 -
159.89.136.29 - - [18/Aug/2023:07:14:10 +0000] "CONNECT peticaopublica.com:443:443 HTTP/1.1" 400 -
142.93.80.219 - - [18/Aug/2023:07:14:11 +0000] "CONNECT peticaopublica.com:443:443 HTTP/1.1" 400 -
159.89.143.238 - - [18/Aug/2023:07:14:13 +0000] "CONNECT peticaopublica.com:443:443 HTTP/1.1" 400 -
159.89.143.238 - - [18/Aug/2023:07:14:14 +0000] "CONNECT sumvip3.club:443:443 HTTP/1.1" 400 -
138.197.28.9 - - [18/Aug/2023:07:14:14 +0000] "CONNECT play.rikvip.net:443:443 HTTP/1.1" 400 -
142.93.80.219 - - [18/Aug/2023:07:14:14 +0000] "CONNECT k9win.agency:443:443 HTTP/1.1" 400 -
159.89.136.29 - - [18/Aug/2023:07:14:20 +0000] "CONNECT k9win.agency:443:443 HTTP/1.1" 400 -
138.197.28.9 - - [18/Aug/2023:07:14:21 +0000] "CONNECT play.rikvip.net:443:443 HTTP/1.1" 400 -
138.197.28.9 - - [18/Aug/2023:07:14:22 +0000] "CONNECT play.rikvip.net:443:443 HTTP/1.1" 400 -
159.89.143.238 - - [18/Aug/2023:07:14:34 +0000] "CONNECT vnew88.com:443:443 HTTP/1.1" 400 -
159.89.143.221 - - [18/Aug/2023:07:14:35 +0000] "CONNECT lo88.org:443:443 HTTP/1.1" 400 -
159.89.143.221 - - [18/Aug/2023:07:14:36 +0000] "CONNECT k9win.agency:443:443 HTTP/1.1" 400 -
159.89.143.238 - - [18/Aug/2023:07:14:37 +0000] "CONNECT vnew88.com:443:443 HTTP/1.1" 400 -
159.89.136.29 - - [18/Aug/2023:07:14:40 +0000] "CONNECT test.lo88.org:443:443 HTTP/1.1" 400 -
142.93.80.219 - - [18/Aug/2023:07:14:51 +0000] "CONNECT sumvip3.club:443:443 HTTP/1.1" 400 -
159.89.136.29 - - [18/Aug/2023:07:14:54 +0000] "CONNECT lo88.org:443:443 HTTP/1.1" 400 -
159.89.143.238 - - [18/Aug/2023:07:15:03 +0000] "CONNECT vnew88.com:443:443 HTTP/1.1" 400 -
159.89.143.238 - - [18/Aug/2023:07:15:04 +0000] "CONNECT vnew88.com:443:443 HTTP/1.1" 400 -
159.89.136.29 - - [18/Aug/2023:07:15:10 +0000] "CONNECT sumvip3.club:443:443 HTTP/1.1" 400 -
159.89.143.238 - - [18/Aug/2023:07:15:13 +0000] "CONNECT vnew88.com:443:443 HTTP/1.1" 400 -
159.89.143.238 - - [18/Aug/2023:07:15:17 +0000] "CONNECT vnew88.com:443:443 HTTP/1.1" 400 -
142.93.80.219 - - [18/Aug/2023:07:15:23 +0000] "CONNECT lo88.org:443:443 HTTP/1.1" 400 -
159.89.143.238 - - [18/Aug/2023:07:15:28 +0000] "CONNECT test.lo88.org:443:443 HTTP/1.1" 400 -
142.93.80.219 - - [18/Aug/2023:07:15:28 +0000] "CONNECT sumvip3.club:443:443 HTTP/1.1" 400 -
159.89.143.238 - - [18/Aug/2023:07:15:29 +0000] "CONNECT vnew88.com:443:443 HTTP/1.1" 400 -
159.89.136.29 - - [18/Aug/2023:07:15:30 +0000] "CONNECT k9win.agency:443:443 HTTP/1.1" 400 -
159.89.143.221 - - [18/Aug/2023:07:15:31 +0000] "CONNECT developers.momo.vn:443:443 HTTP/1.1" 400 -
159.89.143.221 - - [18/Aug/2023:07:15:35 +0000] "CONNECT developers.momo.vn:443:443 HTTP/1.1" 400 -
159.89.143.221 - - [18/Aug/2023:07:15:38 +0000] "CONNECT shop2fa.com:443:443 HTTP/1.1" 400 -
159.89.143.221 - - [18/Aug/2023:07:15:39 +0000] "CONNECT shop2fa.com:443:443 HTTP/1.1" 400 -
159.89.136.33 - - [18/Aug/2023:07:15:43 +0000] "CONNECT shop2fa.com:443:443 HTTP/1.1" 400 -
159.89.136.29 - - [18/Aug/2023:07:16:08 +0000] "CONNECT test.lo88.org:443:443 HTTP/1.1" 400 -
142.93.80.219 - - [18/Aug/2023:07:16:10 +0000] "CONNECT k9win.agency:443:443 HTTP/1.1" 400 -
159.89.143.221 - - [18/Aug/2023:07:16:17 +0000] "CONNECT lo88.org:443:443 HTTP/1.1" 400 -
159.89.136.29 - - [18/Aug/2023:07:16:20 +0000] "CONNECT test.lo88.org:443:443 HTTP/1.1" 400 -
159.89.136.33 - - [18/Aug/2023:07:16:21 +0000] "CONNECT k9win.agency:443:443 HTTP/1.1" 400 -
159.89.136.29 - - [18/Aug/2023:07:16:31 +0000] "CONNECT test.lo88.org:443:443 HTTP/1.1" 400 -
159.89.136.33 - - [18/Aug/2023:07:16:37 +0000] "CONNECT lo88.org:443:443 HTTP/1.1" 400 -
142.93.80.219 - - [18/Aug/2023:07:16:38 +0000] "CONNECT lo88.org:443:443 HTTP/1.1" 400 -
159.89.136.33 - - [18/Aug/2023:07:16:46 +0000] "CONNECT business.momo.vn:443:443 HTTP/1.1" 400 -
159.89.143.238 - - [18/Aug/2023:07:17:11 +0000] "CONNECT vnew88.com:443:443 HTTP/1.1" 400 -
159.89.143.238 - - [18/Aug/2023:07:17:13 +0000] "CONNECT vnew88.com:443:443 HTTP/1.1" 400 -
159.89.143.238 - - [18/Aug/2023:07:17:21 +0000] "CONNECT vnew88.com:443:443 HTTP/1.1" 400 -
159.89.143.238 - - [18/Aug/2023:07:17:22 +0000] "CONNECT test.lo88.org:443:443 HTTP/1.1" 400 -
142.93.80.219 - - [18/Aug/2023:07:17:32 +0000] "CONNECT discord.me:443:443 HTTP/1.1" 400 -
159.89.143.238 - - [18/Aug/2023:07:17:34 +0000] "CONNECT vnew88.com:443:443 HTTP/1.1" 400 -
159.89.143.221 - - [18/Aug/2023:07:17:37 +0000] "CONNECT test.lo88.org:443:443 HTTP/1.1" 400 -
159.89.143.221 - - [18/Aug/2023:07:17:37 +0000] "CONNECT test.lo88.org:443:443 HTTP/1.1" 400 -
159.89.143.238 - - [18/Aug/2023:07:17:45 +0000] "CONNECT vnew88.com:443:443 HTTP/1.1" 400 -
138.197.28.9 - - [18/Aug/2023:07:17:48 +0000] "CONNECT play.rikvip.net:443:443 HTTP/1.1" 400 -
159.89.136.33 - - [18/Aug/2023:07:17:49 +0000] "CONNECT k9win.agency:443:443 HTTP/1.1" 400 -
159.89.136.29 - - [18/Aug/2023:07:17:59 +0000] "CONNECT sumvip3.club:443:443 HTTP/1.1" 400 -
138.197.28.9 - - [18/Aug/2023:07:18:01 +0000] "CONNECT play.rikvip.net:443:443 HTTP/1.1" 400 -
159.89.143.238 - - [18/Aug/2023:07:18:06 +0000] "CONNECT lo88.org:443:443 HTTP/1.1" 400 -
159.89.136.33 - - [18/Aug/2023:07:18:06 +0000] "CONNECT lo88.org:443:443 HTTP/1.1" 400 -
159.89.143.221 - - [18/Aug/2023:07:18:09 +0000] "CONNECT k9win.agency:443:443 HTTP/1.1" 400 -
159.89.136.29 - - [18/Aug/2023:07:18:14 +0000] "CONNECT lo88.org:443:443 HTTP/1.1" 400 -
159.89.136.29 - - [18/Aug/2023:07:18:18 +0000] "CONNECT test.lo88.org:443:443 HTTP/1.1" 400 -
142.93.80.219 - - [18/Aug/2023:07:18:19 +0000] "CONNECT test.lo88.org:443:443 HTTP/1.1" 400 -
159.89.143.221 - - [18/Aug/2023:07:18:19 +0000] "CONNECT lo88.org:443:443 HTTP/1.1" 400 -
159.89.143.221 - - [18/Aug/2023:07:18:24 +0000] "CONNECT sumvip3.club:443:443 HTTP/1.1" 400 -
142.93.80.219 - - [18/Aug/2023:07:18:26 +0000] "CONNECT lo88.org:443:443 HTTP/1.1" 400 -
159.89.136.33 - - [18/Aug/2023:07:18:36 +0000] "CONNECT test.lo88.org:443:443 HTTP/1.1" 400 -
159.89.136.29 - - [18/Aug/2023:07:18:49 +0000] "CONNECT test.lo88.org:443:443 HTTP/1.1" 400 -
159.89.143.238 - - [18/Aug/2023:07:18:53 +0000] "CONNECT lo88.org:443:443 HTTP/1.1" 400 -
159.89.143.238 - - [18/Aug/2023:07:18:53 +0000] "CONNECT sumvip3.club:443:443 HTTP/1.1" 400 -
159.89.143.238 - - [18/Aug/2023:07:18:57 +0000] "CONNECT sumvip3.club:443:443 HTTP/1.1" 400 -
159.89.143.238 - - [18/Aug/2023:07:19:05 +0000] "CONNECT vnew88.com:443:443 HTTP/1.1" 400 -
159.89.143.238 - - [18/Aug/2023:07:19:06 +0000] "CONNECT vnew88.com:443:443 HTTP/1.1" 400 -
159.89.136.29 - - [18/Aug/2023:07:19:09 +0000] "CONNECT test.lo88.org:443:443 HTTP/1.1" 400 -
138.197.28.9 - - [18/Aug/2023:07:19:19 +0000] "CONNECT play.rikvip.net:443:443 HTTP/1.1" 400 -
159.89.143.221 - - [18/Aug/2023:07:19:21 +0000] "CONNECT sumvip3.club:443:443 HTTP/1.1" 400 -
159.89.136.29 - - [18/Aug/2023:07:19:24 +0000] "CONNECT k9win.agency:443:443 HTTP/1.1" 400 -
159.89.136.33 - - [18/Aug/2023:07:19:31 +0000] "CONNECT test.lo88.org:443:443 HTTP/1.1" 400 -
142.93.80.219 - - [18/Aug/2023:07:19:34 +0000] "CONNECT test.lo88.org:443:443 HTTP/1.1" 400 -
159.89.136.33 - - [18/Aug/2023:07:19:43 +0000] "CONNECT k9win.agency:443:443 HTTP/1.1" 400 -
142.93.80.219 - - [18/Aug/2023:07:19:50 +0000] "CONNECT test.lo88.org:443:443 HTTP/1.1" 400 -
159.89.136.29 - - [18/Aug/2023:07:19:59 +0000] "CONNECT notepad.link:443:443 HTTP/1.1" 400 -
159.89.136.33 - - [18/Aug/2023:07:20:14 +0000] "CONNECT notepad.link:443:443 HTTP/1.1" 400 -
159.89.136.33 - - [18/Aug/2023:07:20:17 +0000] "CONNECT test.lo88.org:443:443 HTTP/1.1" 400 -
159.89.136.33 - - [18/Aug/2023:07:20:21 +0000] "CONNECT lo88.org:443:443 HTTP/1.1" 400 -
159.89.136.29 - - [18/Aug/2023:07:20:22 +0000] "CONNECT test.lo88.org:443:443 HTTP/1.1" 400 -
159.89.143.221 - - [18/Aug/2023:07:20:23 +0000] "CONNECT k9win.agency:443:443 HTTP/1.1" 400 -
159.89.143.221 - - [18/Aug/2023:07:20:26 +0000] "CONNECT k9win.agency:443:443 HTTP/1.1" 400 -
159.89.143.238 - - [18/Aug/2023:07:20:30 +0000] "CONNECT vnew88.com:443:443 HTTP/1.1" 400 -
159.89.143.238 - - [18/Aug/2023:07:20:32 +0000] "CONNECT vnew88.com:443:443 HTTP/1.1" 400 -
159.89.143.221 - - [18/Aug/2023:07:20:33 +0000] "CONNECT test.lo88.org:443:443 HTTP/1.1" 400 -
159.89.143.238 - - [18/Aug/2023:07:20:41 +0000] "CONNECT sumvip3.club:443:443 HTTP/1.1" 400 -
159.89.136.33 - - [18/Aug/2023:07:20:46 +0000] "CONNECT test.lo88.org:443:443 HTTP/1.1" 400 -
159.89.143.238 - - [18/Aug/2023:07:20:48 +0000] "CONNECT sumvip3.club:443:443 HTTP/1.1" 400 -
159.89.136.29 - - [18/Aug/2023:07:20:50 +0000] "CONNECT test.lo88.org:443:443 HTTP/1.1" 400 -
159.89.136.29 - - [18/Aug/2023:07:20:56 +0000] "CONNECT test.lo88.org:443:443 HTTP/1.1" 400 -
159.89.143.221 - - [18/Aug/2023:07:20:58 +0000] "CONNECT test.lo88.org:443:443 HTTP/1.1" 400 -
159.89.136.29 - - [18/Aug/2023:07:20:58 +0000] "CONNECT sumvip3.club:443:443 HTTP/1.1" 400 -
159.89.143.238 - - [18/Aug/2023:07:21:01 +0000] "CONNECT lo88.org:443:443 HTTP/1.1" 400 -
159.89.143.238 - - [18/Aug/2023:07:21:14 +0000] "CONNECT vnew88.com:443:443 HTTP/1.1" 400 -
159.89.143.238 - - [18/Aug/2023:07:21:20 +0000] "CONNECT vnew88.com:443:443 HTTP/1.1" 400 -
138.197.28.9 - - [18/Aug/2023:07:21:22 +0000] "CONNECT play.rikvip.net:443:443 HTTP/1.1" 400 -
138.197.28.9 - - [18/Aug/2023:07:21:24 +0000] "CONNECT play.rikvip.net:443:443 HTTP/1.1" 400 -
159.89.143.238 - - [18/Aug/2023:07:21:24 +0000] "CONNECT vnew88.com:443:443 HTTP/1.1" 400 -
142.93.80.219 - - [18/Aug/2023:07:21:26 +0000] "CONNECT k9win.agency:443:443 HTTP/1.1" 400 -
159.89.136.29 - - [18/Aug/2023:07:21:26 +0000] "CONNECT test.lo88.org:443:443 HTTP/1.1" 400 -
159.89.143.221 - - [18/Aug/2023:07:21:30 +0000] "CONNECT sumvip3.club:443:443 HTTP/1.1" 400 -
159.89.143.238 - - [18/Aug/2023:07:21:38 +0000] "CONNECT vnew88.com:443:443 HTTP/1.1" 400 -
159.89.136.33 - - [18/Aug/2023:07:21:43 +0000] "CONNECT test.lo88.org:443:443 HTTP/1.1" 400 -
159.89.143.238 - - [18/Aug/2023:07:21:45 +0000] "CONNECT vnew88.com:443:443 HTTP/1.1" 400 -
142.93.80.219 - - [18/Aug/2023:07:21:46 +0000] "CONNECT k9win.agency:443:443 HTTP/1.1" 400 -
159.89.143.238 - - [18/Aug/2023:07:21:47 +0000] "CONNECT vnew88.com:443:443 HTTP/1.1" 400 -
159.89.143.238 - - [18/Aug/2023:07:21:50 +0000] "CONNECT k9win.agency:443:443 HTTP/1.1" 400 -
138.197.28.9 - - [18/Aug/2023:07:21:50 +0000] "CONNECT play.rikvip.net:443:443 HTTP/1.1" 400 -
138.197.28.9 - - [18/Aug/2023:07:21:52 +0000] "CONNECT play.rikvip.net:443:443 HTTP/1.1" 400 -
159.89.136.29 - - [18/Aug/2023:07:21:59 +0000] "CONNECT k9win.agency:443:443 HTTP/1.1" 400 -
159.89.143.238 - - [18/Aug/2023:07:22:06 +0000] "CONNECT vnew88.com:443:443 HTTP/1.1" 400 -
159.89.143.238 - - [18/Aug/2023:07:22:09 +0000] "CONNECT vnew88.com:443:443 HTTP/1.1" 400 -
159.89.136.33 - - [18/Aug/2023:07:22:11 +0000] "CONNECT test.lo88.org:443:443 HTTP/1.1" 400 -
159.89.143.221 - - [18/Aug/2023:07:22:16 +0000] "CONNECT k9win.agency:443:443 HTTP/1.1" 400 -
159.89.143.238 - - [18/Aug/2023:07:22:17 +0000] "CONNECT lo88.org:443:443 HTTP/1.1" 400 -
138.197.28.9 - - [18/Aug/2023:07:22:18 +0000] "CONNECT play.rikvip.net:443:443 HTTP/1.1" 400 -
159.89.143.238 - - [18/Aug/2023:07:22:19 +0000] "CONNECT lo88.org:443:443 HTTP/1.1" 400 -
159.89.136.33 - - [18/Aug/2023:07:22:19 +0000] "CONNECT lo88.org:443:443 HTTP/1.1" 400 -
142.93.80.219 - - [18/Aug/2023:07:22:21 +0000] "CONNECT k9win.agency:443:443 HTTP/1.1" 400 -
159.89.143.221 - - [18/Aug/2023:07:22:30 +0000] "CONNECT k9win.agency:443:443 HTTP/1.1" 400 -
159.89.143.221 - - [18/Aug/2023:07:22:31 +0000] "CONNECT k9win.agency:443:443 HTTP/1.1" 400 -
159.89.143.238 - - [18/Aug/2023:07:22:33 +0000] "CONNECT vnew88.com:443:443 HTTP/1.1" 400 -
159.89.136.29 - - [18/Aug/2023:07:22:34 +0000] "CONNECT sumvip3.club:443:443 HTTP/1.1" 400 -
142.93.80.219 - - [18/Aug/2023:07:22:35 +0000] "CONNECT k9win.agency:443:443 HTTP/1.1" 400 -
159.89.143.221 - - [18/Aug/2023:07:22:53 +0000] "CONNECT lo88.org:443:443 HTTP/1.1" 400 -
159.89.136.29 - - [18/Aug/2023:07:22:56 +0000] "CONNECT test.lo88.org:443:443 HTTP/1.1" 400 -
159.89.143.238 - - [18/Aug/2023:07:23:10 +0000] "CONNECT vnew88.com:443:443 HTTP/1.1" 400 -
142.93.80.219 - - [18/Aug/2023:07:23:11 +0000] "CONNECT test.lo88.org:443:443 HTTP/1.1" 400 -
159.89.143.221 - - [18/Aug/2023:07:23:20 +0000] "CONNECT peticaopublica.com:443:443 HTTP/1.1" 400 -
159.89.143.221 - - [18/Aug/2023:07:23:26 +0000] "CONNECT test.lo88.org:443:443 HTTP/1.1" 400 -
159.89.143.221 - - [18/Aug/2023:07:23:26 +0000] "CONNECT sumvip3.club:443:443 HTTP/1.1" 400 -
142.93.80.219 - - [18/Aug/2023:07:23:27 +0000] "CONNECT peticaopublica.com:443:443 HTTP/1.1" 400 -
159.89.136.29 - - [18/Aug/2023:07:23:30 +0000] "CONNECT sumvip3.club:443:443 HTTP/1.1" 400 -
159.89.143.238 - - [18/Aug/2023:07:23:32 +0000] "CONNECT vnew88.com:443:443 HTTP/1.1" 400 -
159.89.136.33 - - [18/Aug/2023:07:23:37 +0000] "CONNECT peticaopublica.com:443:443 HTTP/1.1" 400 -
159.89.143.238 - - [18/Aug/2023:07:23:38 +0000] "CONNECT vnew88.com:443:443 HTTP/1.1" 400 -
159.89.136.29 - - [18/Aug/2023:07:23:43 +0000] "CONNECT lo88.org:443:443 HTTP/1.1" 400 -
159.89.143.238 - - [18/Aug/2023:07:23:54 +0000] "CONNECT test.lo88.org:443:443 HTTP/1.1" 400 -
159.89.136.29 - - [18/Aug/2023:07:23:54 +0000] "CONNECT lo88.org:443:443 HTTP/1.1" 400 -
159.89.143.238 - - [18/Aug/2023:07:23:56 +0000] "CONNECT vnew88.com:443:443 HTTP/1.1" 400 -
142.93.80.219 - - [18/Aug/2023:07:24:04 +0000] "CONNECT admincheckgdv.vn:443:443 HTTP/1.1" 400 -
159.89.143.221 - - [18/Aug/2023:07:24:09 +0000] "CONNECT sumvip3.club:443:443 HTTP/1.1" 400 -
138.197.28.9 - - [18/Aug/2023:07:24:11 +0000] "CONNECT play.rikvip.net:443:443 HTTP/1.1" 400 -
138.197.28.9 - - [18/Aug/2023:07:24:15 +0000] "CONNECT play.rikvip.net:443:443 HTTP/1.1" 400 -
138.197.28.9 - - [18/Aug/2023:07:24:15 +0000] "CONNECT play.rikvip.net:443:443 HTTP/1.1" 400 -
142.93.80.219 - - [18/Aug/2023:07:24:22 +0000] "CONNECT admincheckgdv.vn:443:443 HTTP/1.1" 400 -
142.93.80.219 - - [18/Aug/2023:07:24:23 +0000] "CONNECT lo88.org:443:443 HTTP/1.1" 400 -
159.89.136.33 - - [18/Aug/2023:07:24:25 +0000] "CONNECT k9win.agency:443:443 HTTP/1.1" 400 -
159.89.143.238 - - [18/Aug/2023:07:24:30 +0000] "CONNECT vnew88.com:443:443 HTTP/1.1" 400 -
159.89.143.238 - - [18/Aug/2023:07:24:35 +0000] "CONNECT vnew88.com:443:443 HTTP/1.1" 400 -
159.89.143.221 - - [18/Aug/2023:07:24:43 +0000] "CONNECT peticaopublica.com:443:443 HTTP/1.1" 400 -
159.89.143.221 - - [18/Aug/2023:07:24:43 +0000] "CONNECT test.lo88.org:443:443 HTTP/1.1" 400 -
159.89.143.221 - - [18/Aug/2023:07:25:00 +0000] "CONNECT peticaopublica.com:443:443 HTTP/1.1" 400 -
159.89.136.29 - - [18/Aug/2023:07:25:01 +0000] "CONNECT peticaopublica.com:443:443 HTTP/1.1" 400 -
159.89.136.29 - - [18/Aug/2023:07:25:12 +0000] "CONNECT sumvip3.club:443:443 HTTP/1.1" 400 -
159.89.143.221 - - [18/Aug/2023:07:25:16 +0000] "CONNECT lo88.org:443:443 HTTP/1.1" 400 -
159.89.136.29 - - [18/Aug/2023:07:25:17 +0000] "CONNECT www.instiz.net:443:443 HTTP/1.1" 400 -
159.89.143.221 - - [18/Aug/2023:07:25:23 +0000] "CONNECT www.instiz.net:443:443 HTTP/1.1" 400 -
159.89.143.221 - - [18/Aug/2023:07:25:23 +0000] "CONNECT k9win.agency:443:443 HTTP/1.1" 400 -
159.89.136.29 - - [18/Aug/2023:07:25:27 +0000] "CONNECT k9win.agency:443:443 HTTP/1.1" 400 -
159.89.143.238 - - [18/Aug/2023:07:25:29 +0000] "CONNECT www.instiz.net:443:443 HTTP/1.1" 400 -
159.89.143.238 - - [18/Aug/2023:07:25:31 +0000] "CONNECT test.lo88.org:443:443 HTTP/1.1" 400 -
159.89.136.29 - - [18/Aug/2023:07:25:32 +0000] "CONNECT www.instiz.net:443:443 HTTP/1.1" 400 -
159.89.136.33 - - [18/Aug/2023:07:25:33 +0000] "CONNECT lo88.org:443:443 HTTP/1.1" 400 -
159.89.143.238 - - [18/Aug/2023:07:25:34 +0000] "CONNECT vnew88.com:443:443 HTTP/1.1" 400 -
159.89.143.221 - - [18/Aug/2023:07:25:34 +0000] "CONNECT lo88.org:443:443 HTTP/1.1" 400 -
159.89.143.238 - - [18/Aug/2023:07:25:40 +0000] "CONNECT vnew88.com:443:443 HTTP/1.1" 400 -
159.89.143.221 - - [18/Aug/2023:07:25:52 +0000] "CONNECT www.instiz.net:443:443 HTTP/1.1" 400 -
159.89.143.221 - - [18/Aug/2023:07:25:54 +0000] "CONNECT sumvip3.club:443:443 HTTP/1.1" 400 -
159.89.136.29 - - [18/Aug/2023:07:25:56 +0000] "CONNECT peticaopublica.com:443:443 HTTP/1.1" 400 -
159.89.143.238 - - [18/Aug/2023:07:25:57 +0000] "CONNECT k9win.agency:443:443 HTTP/1.1" 400 -
159.89.136.33 - - [18/Aug/2023:07:26:01 +0000] "CONNECT lo88.org:443:443 HTTP/1.1" 400 -
142.93.80.219 - - [18/Aug/2023:07:26:01 +0000] "CONNECT www.instiz.net:443:443 HTTP/1.1" 400 -
159.89.143.238 - - [18/Aug/2023:07:26:03 +0000] "CONNECT vnew88.com:443:443 HTTP/1.1" 400 -
142.93.80.219 - - [18/Aug/2023:07:26:04 +0000] "CONNECT sumvip3.club:443:443 HTTP/1.1" 400 -
159.89.143.238 - - [18/Aug/2023:07:26:07 +0000] "CONNECT k9win.agency:443:443 HTTP/1.1" 400 -
159.89.143.221 - - [18/Aug/2023:07:26:20 +0000] "CONNECT test.lo88.org:443:443 HTTP/1.1" 400 -
159.89.143.221 - - [18/Aug/2023:07:26:21 +0000] "CONNECT www.instiz.net:443:443 HTTP/1.1" 400 -
159.89.143.238 - - [18/Aug/2023:07:26:32 +0000] "CONNECT lo88.org:443:443 HTTP/1.1" 400 -
142.93.80.219 - - [18/Aug/2023:07:26:38 +0000] "CONNECT test.lo88.org:443:443 HTTP/1.1" 400 -
159.89.143.238 - - [18/Aug/2023:07:26:42 +0000] "CONNECT test.lo88.org:443:443 HTTP/1.1" 400 -
159.89.136.33 - - [18/Aug/2023:07:26:51 +0000] "CONNECT lo88.org:443:443 HTTP/1.1" 400 -
159.89.143.238 - - [18/Aug/2023:07:26:52 +0000] "CONNECT sumvip3.club:443:443 HTTP/1.1" 400 -
159.89.143.238 - - [18/Aug/2023:07:26:56 +0000] "CONNECT vnew88.com:443:443 HTTP/1.1" 400 -
159.89.136.33 - - [18/Aug/2023:07:27:03 +0000] "CONNECT k9win.agency:443:443 HTTP/1.1" 400 -
142.93.80.219 - - [18/Aug/2023:07:27:13 +0000] "CONNECT sumvip3.club:443:443 HTTP/1.1" 400 -
159.89.136.33 - - [18/Aug/2023:07:27:13 +0000] "CONNECT k9win.agency:443:443 HTTP/1.1" 400 -
159.89.143.238 - - [18/Aug/2023:07:27:18 +0000] "CONNECT k9win.agency:443:443 HTTP/1.1" 400 -
142.93.80.219 - - [18/Aug/2023:07:27:24 +0000] "CONNECT lo88.org:443:443 HTTP/1.1" 400 -
159.89.143.238 - - [18/Aug/2023:07:27:31 +0000] "CONNECT www.sportmt2.com.tr:443:443 HTTP/1.1" 400 -
142.93.80.219 - - [18/Aug/2023:07:27:40 +0000] "CONNECT sumvip3.club:443:443 HTTP/1.1" 400 -
159.89.143.238 - - [18/Aug/2023:07:27:55 +0000] "CONNECT vnew88.com:443:443 HTTP/1.1" 400 -
159.89.143.238 - - [18/Aug/2023:07:27:56 +0000] "CONNECT vnew88.com:443:443 HTTP/1.1" 400 -
142.93.80.219 - - [18/Aug/2023:07:28:07 +0000] "CONNECT k9win.agency:443:443 HTTP/1.1" 400 -
159.89.143.221 - - [18/Aug/2023:07:28:21 +0000] "CONNECT test.lo88.org:443:443 HTTP/1.1" 400 -
142.93.80.219 - - [18/Aug/2023:07:28:26 +0000] "CONNECT test.lo88.org:443:443 HTTP/1.1" 400 -
159.89.143.221 - - [18/Aug/2023:07:28:28 +0000] "CONNECT lo88.org:443:443 HTTP/1.1" 400 -
159.89.143.221 - - [18/Aug/2023:07:28:29 +0000] "CONNECT lo88.org:443:443 HTTP/1.1" 400 -
142.93.80.219 - - [18/Aug/2023:07:28:31 +0000] "CONNECT m.cafe.daum.net:443:443 HTTP/1.1" 400 -
159.89.136.29 - - [18/Aug/2023:07:28:32 +0000] "CONNECT sumvip3.club:443:443 HTTP/1.1" 400 -
159.89.136.33 - - [18/Aug/2023:07:28:38 +0000] "CONNECT test.lo88.org:443:443 HTTP/1.1" 400 -
142.93.80.219 - - [18/Aug/2023:07:28:39 +0000] "CONNECT sumvip3.club:443:443 HTTP/1.1" 400 -
159.89.143.221 - - [18/Aug/2023:07:28:39 +0000] "CONNECT sumvip3.club:443:443 HTTP/1.1" 400 -
159.89.136.29 - - [18/Aug/2023:07:28:41 +0000] "CONNECT sumvip3.club:443:443 HTTP/1.1" 400 -
159.89.136.33 - - [18/Aug/2023:07:28:42 +0000] "CONNECT sumvip3.club:443:443 HTTP/1.1" 400 -
159.89.136.33 - - [18/Aug/2023:07:28:44 +0000] "CONNECT k9win.agency:443:443 HTTP/1.1" 400 -
159.89.143.238 - - [18/Aug/2023:07:28:51 +0000] "CONNECT vnew88.com:443:443 HTTP/1.1" 400 -
142.93.80.219 - - [18/Aug/2023:07:29:23 +0000] "CONNECT lo88.org:443:443 HTTP/1.1" 400 -
138.197.28.9 - - [18/Aug/2023:07:29:33 +0000] "CONNECT play.rikvip.net:443:443 HTTP/1.1" 400 -
138.197.28.9 - - [18/Aug/2023:07:29:35 +0000] "CONNECT play.rikvip.net:443:443 HTTP/1.1" 400 -
142.93.80.219 - - [18/Aug/2023:07:29:35 +0000] "CONNECT test.lo88.org:443:443 HTTP/1.1" 400 -
159.89.136.33 - - [18/Aug/2023:07:29:38 +0000] "CONNECT lo88.org:443:443 HTTP/1.1" 400 -
159.89.143.238 - - [18/Aug/2023:07:29:38 +0000] "CONNECT vnew88.com:443:443 HTTP/1.1" 400 -
159.89.136.33 - - [18/Aug/2023:07:29:54 +0000] "CONNECT sumvip3.club:443:443 HTTP/1.1" 400 -
159.89.143.238 - - [18/Aug/2023:07:30:06 +0000] "CONNECT test.lo88.org:443:443 HTTP/1.1" 400 -
159.89.143.238 - - [18/Aug/2023:07:30:08 +0000] "CONNECT vnew88.com:443:443 HTTP/1.1" 400 -
159.89.136.29 - - [18/Aug/2023:07:30:15 +0000] "CONNECT k9win.agency:443:443 HTTP/1.1" 400 -
159.89.136.29 - - [18/Aug/2023:07:30:16 +0000] "CONNECT k9win.agency:443:443 HTTP/1.1" 400 -
159.89.143.238 - - [18/Aug/2023:07:30:17 +0000] "CONNECT vnew88.com:443:443 HTTP/1.1" 400 -
142.93.80.219 - - [18/Aug/2023:07:30:18 +0000] "CONNECT test.lo88.org:443:443 HTTP/1.1" 400 -
159.89.136.33 - - [18/Aug/2023:07:30:25 +0000] "CONNECT lo88.org:443:443 HTTP/1.1" 400 -
142.93.80.219 - - [18/Aug/2023:07:30:28 +0000] "CONNECT k9win.agency:443:443 HTTP/1.1" 400 -
159.89.143.221 - - [18/Aug/2023:07:30:31 +0000] "CONNECT dic.daum.net:443:443 HTTP/1.1" 400 -
159.89.143.238 - - [18/Aug/2023:07:30:35 +0000] "CONNECT test.lo88.org:443:443 HTTP/1.1" 400 -
142.93.80.219 - - [18/Aug/2023:07:30:36 +0000] "CONNECT k9win.agency:443:443 HTTP/1.1" 400 -
159.89.136.29 - - [18/Aug/2023:07:30:37 +0000] "CONNECT peticaopublica.com:443:443 HTTP/1.1" 400 -
159.89.143.221 - - [18/Aug/2023:07:30:42 +0000] "CONNECT lo88.org:443:443 HTTP/1.1" 400 -
142.93.80.219 - - [18/Aug/2023:07:30:43 +0000] "CONNECT dic.daum.net:443:443 HTTP/1.1" 400 -
159.89.143.221 - - [18/Aug/2023:07:30:51 +0000] "CONNECT test.lo88.org:443:443 HTTP/1.1" 400 -
159.89.143.238 - - [18/Aug/2023:07:30:52 +0000] "CONNECT vnew88.com:443:443 HTTP/1.1" 400 -
159.89.143.238 - - [18/Aug/2023:07:31:02 +0000] "CONNECT sumvip3.club:443:443 HTTP/1.1" 400 -
159.89.143.221 - - [18/Aug/2023:07:31:02 +0000] "CONNECT test.lo88.org:443:443 HTTP/1.1" 400 -
142.93.80.219 - - [18/Aug/2023:07:31:05 +0000] "CONNECT shop2fa.com:443:443 HTTP/1.1" 400 -
159.89.136.33 - - [18/Aug/2023:07:31:11 +0000] "CONNECT k9win.agency:443:443 HTTP/1.1" 400 -
159.89.136.29 - - [18/Aug/2023:07:31:14 +0000] "CONNECT sumvip3.club:443:443 HTTP/1.1" 400 -
159.89.136.29 - - [18/Aug/2023:07:31:20 +0000] "CONNECT test.lo88.org:443:443 HTTP/1.1" 400 -
159.89.136.33 - - [18/Aug/2023:07:31:24 +0000] "CONNECT shop2fa.com:443:443 HTTP/1.1" 400 -
138.197.28.9 - - [18/Aug/2023:07:31:24 +0000] "CONNECT play.rikvip.net:443:443 HTTP/1.1" 400 -
159.89.136.29 - - [18/Aug/2023:07:31:26 +0000] "CONNECT k9win.agency:443:443 HTTP/1.1" 400 -
142.93.80.219 - - [18/Aug/2023:07:31:30 +0000] "CONNECT lo88.org:443:443 HTTP/1.1" 400 -
159.89.136.29 - - [18/Aug/2023:07:31:33 +0000] "CONNECT k9win.agency:443:443 HTTP/1.1" 400 -
159.89.136.33 - - [18/Aug/2023:07:31:33 +0000] "CONNECT dic.daum.net:443:443 HTTP/1.1" 400 -
159.89.143.221 - - [18/Aug/2023:07:31:36 +0000] "CONNECT peticaopublica.com:443:443 HTTP/1.1" 400 -
142.93.80.219 - - [18/Aug/2023:07:31:37 +0000] "CONNECT peticaopublica.com:443:443 HTTP/1.1" 400 -
159.89.136.29 - - [18/Aug/2023:07:31:42 +0000] "CONNECT peticaopublica.com:443:443 HTTP/1.1" 400 -
159.89.143.221 - - [18/Aug/2023:07:31:43 +0000] "CONNECT peticaopublica.com:443:443 HTTP/1.1" 400 -
159.89.143.221 - - [18/Aug/2023:07:31:51 +0000] "CONNECT sumvip3.club:443:443 HTTP/1.1" 400 -
138.197.28.9 - - [18/Aug/2023:07:31:52 +0000] "CONNECT play.rikvip.net:443:443 HTTP/1.1" 400 -
159.89.143.221 - - [18/Aug/2023:07:31:57 +0000] "CONNECT test.lo88.org:443:443 HTTP/1.1" 400 -
138.197.28.9 - - [18/Aug/2023:07:31:58 +0000] "CONNECT play.rikvip.net:443:443 HTTP/1.1" 400 -
159.89.136.33 - - [18/Aug/2023:07:32:04 +0000] "CONNECT sumvip3.club:443:443 HTTP/1.1" 400 -
142.93.80.219 - - [18/Aug/2023:07:32:06 +0000] "CONNECT test.lo88.org:443:443 HTTP/1.1" 400 -
159.89.143.238 - - [18/Aug/2023:07:32:07 +0000] "CONNECT vnew88.com:443:443 HTTP/1.1" 400 -
159.89.143.221 - - [18/Aug/2023:07:32:16 +0000] "CONNECT peticaopublica.com:443:443 HTTP/1.1" 400 -
159.89.143.238 - - [18/Aug/2023:07:32:17 +0000] "CONNECT vnew88.com:443:443 HTTP/1.1" 400 -
159.89.136.29 - - [18/Aug/2023:07:32:23 +0000] "CONNECT sumvip3.club:443:443 HTTP/1.1" 400 -
159.89.136.33 - - [18/Aug/2023:07:32:27 +0000] "CONNECT k9win.agency:443:443 HTTP/1.1" 400 -
142.93.80.219 - - [18/Aug/2023:07:32:34 +0000] "CONNECT k9win.agency:443:443 HTTP/1.1" 400 -
142.93.80.219 - - [18/Aug/2023:07:32:39 +0000] "CONNECT lo88.org:443:443 HTTP/1.1" 400 -
142.93.80.219 - - [18/Aug/2023:07:32:44 +0000] "CONNECT checkadmin.vn:443:443 HTTP/1.1" 400 -
142.93.80.219 - - [18/Aug/2023:07:32:57 +0000] "CONNECT sumvip3.club:443:443 HTTP/1.1" 400 -
159.89.136.29 - - [18/Aug/2023:07:32:57 +0000] "CONNECT peticaopublica.com:443:443 HTTP/1.1" 400 -
159.89.136.29 - - [18/Aug/2023:07:32:58 +0000] "CONNECT peticaopublica.com:443:443 HTTP/1.1" 400 -
159.89.136.29 - - [18/Aug/2023:07:33:07 +0000] "CONNECT checkadmin.vn:443:443 HTTP/1.1" 400 -
159.89.143.238 - - [18/Aug/2023:07:33:11 +0000] "CONNECT vnew88.com:443:443 HTTP/1.1" 400 -
142.93.80.219 - - [18/Aug/2023:07:33:15 +0000] "CONNECT checkadmin.vn:443:443 HTTP/1.1" 400 -
138.197.28.9 - - [18/Aug/2023:07:33:15 +0000] "CONNECT play.rikvip.net:443:443 HTTP/1.1" 400 -
159.89.136.33 - - [18/Aug/2023:07:33:16 +0000] "CONNECT lo88.org:443:443 HTTP/1.1" 400 -
159.89.136.29 - - [18/Aug/2023:07:33:22 +0000] "CONNECT sumvip3.club:443:443 HTTP/1.1" 400 -
159.89.136.29 - - [18/Aug/2023:07:33:24 +0000] "CONNECT peticaopublica.com:443:443 HTTP/1.1" 400 -
159.89.136.33 - - [18/Aug/2023:07:33:32 +0000] "CONNECT sumvip3.club:443:443 HTTP/1.1" 400 -
159.89.136.29 - - [18/Aug/2023:07:33:36 +0000] "CONNECT lo88.org:443:443 HTTP/1.1" 400 -
159.89.143.221 - - [18/Aug/2023:07:33:37 +0000] "CONNECT k9win.agency:443:443 HTTP/1.1" 400 -
138.197.28.9 - - [18/Aug/2023:07:33:41 +0000] "CONNECT play.rikvip.net:443:443 HTTP/1.1" 400 -
159.89.136.33 - - [18/Aug/2023:07:33:47 +0000] "CONNECT peticaopublica.com:443:443 HTTP/1.1" 400 -
159.89.143.238 - - [18/Aug/2023:07:33:50 +0000] "CONNECT checkadmin.vn:443:443 HTTP/1.1" 400 -
159.89.136.33 - - [18/Aug/2023:07:33:57 +0000] "CONNECT lo88.org:443:443 HTTP/1.1" 400 -
159.89.136.33 - - [18/Aug/2023:07:34:00 +0000] "CONNECT k9win.agency:443:443 HTTP/1.1" 400 -
142.93.80.219 - - [18/Aug/2023:07:34:03 +0000] "CONNECT test.lo88.org:443:443 HTTP/1.1" 400 -
142.93.80.219 - - [18/Aug/2023:07:34:10 +0000] "CONNECT peticaopublica.com:443:443 HTTP/1.1" 400 -
159.89.136.29 - - [18/Aug/2023:07:34:12 +0000] "CONNECT lo88.org:443:443 HTTP/1.1" 400 -
142.93.80.219 - - [18/Aug/2023:07:34:23 +0000] "CONNECT peticaopublica.com:443:443 HTTP/1.1" 400 -
159.89.136.33 - - [18/Aug/2023:07:34:24 +0000] "CONNECT k9win.agency:443:443 HTTP/1.1" 400 -
159.89.136.33 - - [18/Aug/2023:07:34:34 +0000] "CONNECT peticaopublica.com:443:443 HTTP/1.1" 400 -
138.197.28.9 - - [18/Aug/2023:07:34:51 +0000] "CONNECT play.rikvip.net:443:443 HTTP/1.1" 400 -
159.89.143.238 - - [18/Aug/2023:07:34:52 +0000] "CONNECT vnew88.com:443:443 HTTP/1.1" 400 -
159.89.143.221 - - [18/Aug/2023:07:34:53 +0000] "CONNECT sumvip3.club:443:443 HTTP/1.1" 400 -
142.93.80.219 - - [18/Aug/2023:07:34:55 +0000] "CONNECT k9win.agency:443:443 HTTP/1.1" 400 -
142.93.80.219 - - [18/Aug/2023:07:35:07 +0000] "CONNECT test.lo88.org:443:443 HTTP/1.1" 400 -
159.89.136.33 - - [18/Aug/2023:07:35:07 +0000] "CONNECT sumvip3.club:443:443 HTTP/1.1" 400 -
159.89.143.221 - - [18/Aug/2023:07:35:12 +0000] "CONNECT test.lo88.org:443:443 HTTP/1.1" 400 -
159.89.136.33 - - [18/Aug/2023:07:35:16 +0000] "CONNECT test.lo88.org:443:443 HTTP/1.1" 400 -
159.89.136.29 - - [18/Aug/2023:07:35:17 +0000] "CONNECT peticaopublica.com:443:443 HTTP/1.1" 400 -
159.89.143.238 - - [18/Aug/2023:07:35:17 +0000] "CONNECT sumvip3.club:443:443 HTTP/1.1" 400 -
159.89.136.33 - - [18/Aug/2023:07:35:24 +0000] "CONNECT k9win.agency:443:443 HTTP/1.1" 400 -
159.89.143.221 - - [18/Aug/2023:07:35:28 +0000] "CONNECT test.lo88.org:443:443 HTTP/1.1" 400 -
159.89.143.238 - - [18/Aug/2023:07:35:35 +0000] "CONNECT sumvip3.club:443:443 HTTP/1.1" 400 -
159.89.136.29 - - [18/Aug/2023:07:35:35 +0000] "CONNECT sumvip3.club:443:443 HTTP/1.1" 400 -
138.197.28.9 - - [18/Aug/2023:07:35:36 +0000] "CONNECT play.rikvip.net:443:443 HTTP/1.1" 400 -
159.89.136.33 - - [18/Aug/2023:07:35:41 +0000] "CONNECT peticaopublica.com:443:443 HTTP/1.1" 400 -
142.93.80.219 - - [18/Aug/2023:07:35:45 +0000] "CONNECT k9win.agency:443:443 HTTP/1.1" 400 -
159.89.136.33 - - [18/Aug/2023:07:35:46 +0000] "CONNECT netflix.com:443:443 HTTP/1.1" 400 -
159.89.143.238 - - [18/Aug/2023:07:35:46 +0000] "CONNECT vnew88.com:443:443 HTTP/1.1" 400 -
142.93.80.219 - - [18/Aug/2023:07:35:48 +0000] "CONNECT peticaopublica.com:443:443 HTTP/1.1" 400 -
159.89.143.221 - - [18/Aug/2023:07:35:54 +0000] "CONNECT test.lo88.org:443:443 HTTP/1.1" 400 -
142.93.80.219 - - [18/Aug/2023:07:35:59 +0000] "CONNECT k9win.agency:443:443 HTTP/1.1" 400 -
159.89.136.33 - - [18/Aug/2023:07:36:06 +0000] "CONNECT sumvip3.club:443:443 HTTP/1.1" 400 -
138.197.28.9 - - [18/Aug/2023:07:36:11 +0000] "CONNECT play.rikvip.net:443:443 HTTP/1.1" 400 -
159.89.143.221 - - [18/Aug/2023:07:36:20 +0000] "CONNECT test.lo88.org:443:443 HTTP/1.1" 400 -
159.89.143.238 - - [18/Aug/2023:07:36:23 +0000] "CONNECT vnew88.com:443:443 HTTP/1.1" 400 -
159.89.136.29 - - [18/Aug/2023:07:36:25 +0000] "CONNECT lo88.org:443:443 HTTP/1.1" 400 -
142.93.80.219 - - [18/Aug/2023:07:36:25 +0000] "CONNECT sumvip3.club:443:443 HTTP/1.1" 400 -
159.89.143.238 - - [18/Aug/2023:07:36:26 +0000] "CONNECT vnew88.com:443:443 HTTP/1.1" 400 -
159.89.136.33 - - [18/Aug/2023:07:36:28 +0000] "CONNECT test.lo88.org:443:443 HTTP/1.1" 400 -
159.89.143.221 - - [18/Aug/2023:07:36:30 +0000] "CONNECT test.lo88.org:443:443 HTTP/1.1" 400 -
159.89.136.33 - - [18/Aug/2023:07:36:34 +0000] "CONNECT sumvip3.club:443:443 HTTP/1.1" 400 -
159.89.143.238 - - [18/Aug/2023:07:36:43 +0000] "CONNECT vnew88.com:443:443 HTTP/1.1" 400 -
159.89.136.33 - - [18/Aug/2023:07:36:46 +0000] "CONNECT test.lo88.org:443:443 HTTP/1.1" 400 -
159.89.136.29 - - [18/Aug/2023:07:36:59 +0000] "CONNECT lo88.org:443:443 HTTP/1.1" 400 -
159.89.143.221 - - [18/Aug/2023:07:37:01 +0000] "CONNECT test.lo88.org:443:443 HTTP/1.1" 400 -
159.89.136.29 - - [18/Aug/2023:07:37:02 +0000] "CONNECT test.lo88.org:443:443 HTTP/1.1" 400 -
159.89.136.33 - - [18/Aug/2023:07:37:02 +0000] "CONNECT k9win.agency:443:443 HTTP/1.1" 400 -
159.89.136.29 - - [18/Aug/2023:07:37:02 +0000] "CONNECT lo88.org:443:443 HTTP/1.1" 400 -
159.89.143.221 - - [18/Aug/2023:07:37:08 +0000] "CONNECT sumvip3.club:443:443 HTTP/1.1" 400 -
138.197.28.9 - - [18/Aug/2023:07:37:16 +0000] "CONNECT play.rikvip.net:443:443 HTTP/1.1" 400 -
159.89.143.238 - - [18/Aug/2023:07:37:22 +0000] "CONNECT vnew88.com:443:443 HTTP/1.1" 400 -
142.93.80.219 - - [18/Aug/2023:07:37:25 +0000] "CONNECT lo88.org:443:443 HTTP/1.1" 400 -
159.89.143.238 - - [18/Aug/2023:07:37:28 +0000] "CONNECT test.lo88.org:443:443 HTTP/1.1" 400 -
159.89.143.221 - - [18/Aug/2023:07:37:31 +0000] "CONNECT lo88.org:443:443 HTTP/1.1" 400 -
159.89.136.33 - - [18/Aug/2023:07:37:38 +0000] "CONNECT test.lo88.org:443:443 HTTP/1.1" 400 -
159.89.136.33 - - [18/Aug/2023:07:37:45 +0000] "CONNECT tj77.bet:443:443 HTTP/1.1" 400 -
159.89.143.221 - - [18/Aug/2023:07:37:47 +0000] "CONNECT tj77.bet:443:443 HTTP/1.1" 400 -
159.89.143.221 - - [18/Aug/2023:07:37:55 +0000] "CONNECT tj77.bet:443:443 HTTP/1.1" 400 -
159.89.136.29 - - [18/Aug/2023:07:37:57 +0000] "CONNECT tj77.bet:443:443 HTTP/1.1" 400 -
159.89.143.238 - - [18/Aug/2023:07:38:00 +0000] "CONNECT vnew88.com:443:443 HTTP/1.1" 400 -
159.89.143.238 - - [18/Aug/2023:07:38:04 +0000] "CONNECT vnew88.com:443:443 HTTP/1.1" 400 -
142.93.80.219 - - [18/Aug/2023:07:38:05 +0000] "CONNECT test.lo88.org:443:443 HTTP/1.1" 400 -
159.89.136.29 - - [18/Aug/2023:07:38:13 +0000] "CONNECT napthe365.vn:443:443 HTTP/1.1" 400 -
159.89.143.221 - - [18/Aug/2023:07:38:13 +0000] "CONNECT tj77.bet:443:443 HTTP/1.1" 400 -
159.89.136.29 - - [18/Aug/2023:07:38:14 +0000] "CONNECT tj77.bet:443:443 HTTP/1.1" 400 -
159.89.136.29 - - [18/Aug/2023:07:38:21 +0000] "CONNECT napthe365.vn:443:443 HTTP/1.1" 400 -
159.89.136.33 - - [18/Aug/2023:07:38:32 +0000] "CONNECT server.dnsrussiaserver.com:443:443 HTTP/1.1" 400 -
142.93.80.219 - - [18/Aug/2023:07:38:34 +0000] "CONNECT sumvip3.club:443:443 HTTP/1.1" 400 -
159.89.136.33 - - [18/Aug/2023:07:38:36 +0000] "CONNECT test.lo88.org:443:443 HTTP/1.1" 400 -
159.89.136.33 - - [18/Aug/2023:07:38:48 +0000] "CONNECT tj77.bet:443:443 HTTP/1.1" 400 -
159.89.143.221 - - [18/Aug/2023:07:38:52 +0000] "CONNECT test.lo88.org:443:443 HTTP/1.1" 400 -
159.89.143.221 - - [18/Aug/2023:07:38:54 +0000] "CONNECT sumvip3.club:443:443 HTTP/1.1" 400 -
138.197.28.9 - - [18/Aug/2023:07:39:08 +0000] "CONNECT play.rikvip.net:443:443 HTTP/1.1" 400 -
159.89.143.238 - - [18/Aug/2023:07:39:09 +0000] "CONNECT vnew88.com:443:443 HTTP/1.1" 400 -
159.89.143.238 - - [18/Aug/2023:07:39:10 +0000] "CONNECT sumvip3.club:443:443 HTTP/1.1" 400 -
159.89.136.29 - - [18/Aug/2023:07:39:18 +0000] "CONNECT server.dnsrussiaserver.com:443:443 HTTP/1.1" 400 -
159.89.143.238 - - [18/Aug/2023:07:39:18 +0000] "CONNECT vnew88.com:443:443 HTTP/1.1" 400 -
138.197.28.9 - - [18/Aug/2023:07:39:19 +0000] "CONNECT play.rikvip.net:443:443 HTTP/1.1" 400 -
159.89.143.238 - - [18/Aug/2023:07:39:21 +0000] "CONNECT server.dnsrussiaserver.com:443:443 HTTP/1.1" 400 -
159.89.143.238 - - [18/Aug/2023:07:39:25 +0000] "CONNECT vnew88.com:443:443 HTTP/1.1" 400 -
159.89.143.238 - - [18/Aug/2023:07:39:30 +0000] "CONNECT vnew88.com:443:443 HTTP/1.1" 400 -
159.89.136.29 - - [18/Aug/2023:07:39:39 +0000] "CONNECT sumvip3.club:443:443 HTTP/1.1" 400 -
159.89.136.33 - - [18/Aug/2023:07:39:39 +0000] "CONNECT sumvip3.club:443:443 HTTP/1.1" 400 -
159.89.143.221 - - [18/Aug/2023:07:39:41 +0000] "CONNECT sumvip3.club:443:443 HTTP/1.1" 400 -
142.93.80.219 - - [18/Aug/2023:07:39:46 +0000] "CONNECT test.lo88.org:443:443 HTTP/1.1" 400 -
159.89.143.238 - - [18/Aug/2023:07:39:48 +0000] "CONNECT vnew88.com:443:443 HTTP/1.1" 400 -
159.89.143.238 - - [18/Aug/2023:07:39:56 +0000] "CONNECT vnew88.com:443:443 HTTP/1.1" 400 -
159.89.143.221 - - [18/Aug/2023:07:39:57 +0000] "CONNECT server.dnsrussiaserver.com:443:443 HTTP/1.1" 400 -
142.93.80.219 - - [18/Aug/2023:07:40:02 +0000] "CONNECT server.dnsrussiaserver.com:443:443 HTTP/1.1" 400 -
138.197.28.9 - - [18/Aug/2023:07:40:04 +0000] "CONNECT play.rikvip.net:443:443 HTTP/1.1" 400 -
159.89.143.238 - - [18/Aug/2023:07:40:16 +0000] "CONNECT k9win.agency:443:443 HTTP/1.1" 400 -
159.89.136.33 - - [18/Aug/2023:07:40:18 +0000] "CONNECT server.dnsrussiaserver.com:443:443 HTTP/1.1" 400 -
159.89.143.221 - - [18/Aug/2023:07:40:20 +0000] "CONNECT lo88.org:443:443 HTTP/1.1" 400 -
159.89.143.221 - - [18/Aug/2023:07:40:29 +0000] "CONNECT test.lo88.org:443:443 HTTP/1.1" 400 -
159.89.143.238 - - [18/Aug/2023:07:40:29 +0000] "CONNECT test.lo88.org:443:443 HTTP/1.1" 400 -
159.89.143.238 - - [18/Aug/2023:07:40:32 +0000] "CONNECT vnew88.com:443:443 HTTP/1.1" 400 -
142.93.80.219 - - [18/Aug/2023:07:40:33 +0000] "CONNECT k9win.agency:443:443 HTTP/1.1" 400 -
159.89.143.221 - - [18/Aug/2023:07:40:34 +0000] "CONNECT test.lo88.org:443:443 HTTP/1.1" 400 -
159.89.143.238 - - [18/Aug/2023:07:40:36 +0000] "CONNECT vnew88.com:443:443 HTTP/1.1" 400 -
159.89.136.29 - - [18/Aug/2023:07:40:37 +0000] "CONNECT lo88.org:443:443 HTTP/1.1" 400 -
159.89.143.238 - - [18/Aug/2023:07:40:43 +0000] "CONNECT sumvip3.club:443:443 HTTP/1.1" 400 -
159.89.143.238 - - [18/Aug/2023:07:40:53 +0000] "CONNECT lo88.org:443:443 HTTP/1.1" 400 -
159.89.136.33 - - [18/Aug/2023:07:40:56 +0000] "CONNECT server.dnsrussiaserver.com:443:443 HTTP/1.1" 400 -
142.93.80.219 - - [18/Aug/2023:07:40:56 +0000] "CONNECT k9win.agency:443:443 HTTP/1.1" 400 -
159.89.143.238 - - [18/Aug/2023:07:41:00 +0000] "CONNECT vnew88.com:443:443 HTTP/1.1" 400 -
159.89.143.221 - - [18/Aug/2023:07:41:01 +0000] "CONNECT tj77.bet:443:443 HTTP/1.1" 400 -
159.89.136.29 - - [18/Aug/2023:07:41:06 +0000] "CONNECT axisguard.net:443:443 HTTP/1.1" 400 -
142.93.80.219 - - [18/Aug/2023:07:41:07 +0000] "CONNECT server.dnsrussiaserver.com:443:443 HTTP/1.1" 400 -
159.89.136.33 - - [18/Aug/2023:07:41:21 +0000] "CONNECT server.dnsrussiaserver.com:443:443 HTTP/1.1" 400 -
159.89.136.33 - - [18/Aug/2023:07:41:33 +0000] "CONNECT tj77.bet:443:443 HTTP/1.1" 400 -
159.89.143.221 - - [18/Aug/2023:07:41:45 +0000] "CONNECT tj77.bet:443:443 HTTP/1.1" 400 -
159.89.136.29 - - [18/Aug/2023:07:41:45 +0000] "CONNECT tj77.bet:443:443 HTTP/1.1" 400 -
159.89.143.221 - - [18/Aug/2023:07:41:48 +0000] "CONNECT server.dnsrussiaserver.com:443:443 HTTP/1.1" 400 -
159.89.136.33 - - [18/Aug/2023:07:41:52 +0000] "CONNECT sumvip3.club:443:443 HTTP/1.1" 400 -
159.89.143.221 - - [18/Aug/2023:07:41:55 +0000] "CONNECT lo88.org:443:443 HTTP/1.1" 400 -
159.89.143.238 - - [18/Aug/2023:07:42:04 +0000] "CONNECT vnew88.com:443:443 HTTP/1.1" 400 -
159.89.143.221 - - [18/Aug/2023:07:42:05 +0000] "CONNECT server.dnsrussiaserver.com:443:443 HTTP/1.1" 400 -
159.89.136.33 - - [18/Aug/2023:07:42:09 +0000] "CONNECT sumvip3.club:443:443 HTTP/1.1" 400 -
159.89.143.221 - - [18/Aug/2023:07:42:09 +0000] "CONNECT tj77.bet:443:443 HTTP/1.1" 400 -
142.93.80.219 - - [18/Aug/2023:07:42:11 +0000] "CONNECT sumvip3.club:443:443 HTTP/1.1" 400 -
159.89.143.238 - - [18/Aug/2023:07:42:17 +0000] "CONNECT vnew88.com:443:443 HTTP/1.1" 400 -
159.89.143.221 - - [18/Aug/2023:07:42:17 +0000] "CONNECT server.dnsrussiaserver.com:443:443 HTTP/1.1" 400 -
159.89.143.238 - - [18/Aug/2023:07:42:18 +0000] "CONNECT vnew88.com:443:443 HTTP/1.1" 400 -
159.89.136.29 - - [18/Aug/2023:07:42:20 +0000] "CONNECT tj77.bet:443:443 HTTP/1.1" 400 -
159.89.143.221 - - [18/Aug/2023:07:42:22 +0000] "CONNECT 33bet.uk:443:443 HTTP/1.1" 400 -
138.197.28.9 - - [18/Aug/2023:07:42:24 +0000] "CONNECT play.rikvip.net:443:443 HTTP/1.1" 400 -
159.89.136.29 - - [18/Aug/2023:07:42:25 +0000] "CONNECT server.dnsrussiaserver.com:443:443 HTTP/1.1" 400 -
159.89.143.238 - - [18/Aug/2023:07:42:28 +0000] "CONNECT vnew88.com:443:443 HTTP/1.1" 400 -
159.89.136.29 - - [18/Aug/2023:07:42:30 +0000] "CONNECT lo88.org:443:443 HTTP/1.1" 400 -
159.89.143.238 - - [18/Aug/2023:07:42:31 +0000] "CONNECT vnew88.com:443:443 HTTP/1.1" 400 -
159.89.143.238 - - [18/Aug/2023:07:42:42 +0000] "CONNECT vnew88.com:443:443 HTTP/1.1" 400 -
159.89.143.221 - - [18/Aug/2023:07:42:44 +0000] "CONNECT lo88.org:443:443 HTTP/1.1" 400 -
142.93.80.219 - - [18/Aug/2023:07:42:44 +0000] "CONNECT 33bet.uk:443:443 HTTP/1.1" 400 -
159.89.143.221 - - [18/Aug/2023:07:42:49 +0000] "CONNECT server.dnsrussiaserver.com:443:443 HTTP/1.1" 400 -
159.89.136.29 - - [18/Aug/2023:07:42:51 +0000] "CONNECT 33bet.uk:443:443 HTTP/1.1" 400 -
159.89.136.29 - - [18/Aug/2023:07:42:52 +0000] "CONNECT 192-185-35-96.cprapid.com:443:443 HTTP/1.1" 400 -
159.89.143.221 - - [18/Aug/2023:07:42:54 +0000] "CONNECT tj77.bet:443:443 HTTP/1.1" 400 -
142.93.80.219 - - [18/Aug/2023:07:42:55 +0000] "CONNECT www.economie.gouv.fr:443:443 HTTP/1.1" 400 -
159.89.136.29 - - [18/Aug/2023:07:42:55 +0000] "CONNECT 192-185-35-96.cprapid.com:443:443 HTTP/1.1" 400 -
159.89.143.238 - - [18/Aug/2023:07:43:01 +0000] "CONNECT vnew88.com:443:443 HTTP/1.1" 400 -
142.93.80.219 - - [18/Aug/2023:07:43:12 +0000] "CONNECT 33bet.uk:443:443 HTTP/1.1" 400 -
159.89.136.33 - - [18/Aug/2023:07:43:19 +0000] "CONNECT server.dnsrussiaserver.com:443:443 HTTP/1.1" 400 -
142.93.80.219 - - [18/Aug/2023:07:43:21 +0000] "CONNECT sumvip3.club:443:443 HTTP/1.1" 400 -
142.93.80.219 - - [18/Aug/2023:07:43:31 +0000] "CONNECT test.lo88.org:443:443 HTTP/1.1" 400 -
159.89.143.238 - - [18/Aug/2023:07:43:32 +0000] "CONNECT test.lo88.org:443:443 HTTP/1.1" 400 -
142.93.80.219 - - [18/Aug/2023:07:43:40 +0000] "CONNECT kahoot.com:443:443 HTTP/1.1" 400 -
142.93.80.219 - - [18/Aug/2023:07:43:48 +0000] "CONNECT tj77.bet:443:443 HTTP/1.1" 400 -
142.93.80.219 - - [18/Aug/2023:07:43:49 +0000] "CONNECT kahoot.com:443:443 HTTP/1.1" 400 -
159.89.143.238 - - [18/Aug/2023:07:43:50 +0000] "CONNECT lo88.org:443:443 HTTP/1.1" 400 -
159.89.136.33 - - [18/Aug/2023:07:43:51 +0000] "CONNECT 192-185-35-96.cprapid.com:443:443 HTTP/1.1" 400 -
