138.197.28.9 - - [19/Aug/2023:10:34:28 +0000] "CONNECT play.rikvip.net:443:443 HTTP/1.1" 400 -
159.89.136.29 - - [19/Aug/2023:10:34:47 +0000] "CONNECT sumvip3.club:443:443 HTTP/1.1" 400 -
138.197.28.9 - - [19/Aug/2023:10:34:59 +0000] "CONNECT play.rikvip.net:443:443 HTTP/1.1" 400 -
159.89.136.29 - - [19/Aug/2023:10:35:24 +0000] "CONNECT lo88.org:443:443 HTTP/1.1" 400 -
159.89.136.29 - - [19/Aug/2023:10:35:26 +0000] "CONNECT k9win.agency:443:443 HTTP/1.1" 400 -
159.89.136.29 - - [19/Aug/2023:10:35:32 +0000] "CONNECT hengfu100.com:443:443 HTTP/1.1" 400 -
159.89.136.29 - - [19/Aug/2023:10:35:50 +0000] "CONNECT test.lo88.org:443:443 HTTP/1.1" 400 -
138.197.28.9 - - [19/Aug/2023:10:35:52 +0000] "CONNECT play.rikvip.net:443:443 HTTP/1.1" 400 -
138.197.28.9 - - [19/Aug/2023:10:35:55 +0000] "CONNECT play.rikvip.net:443:443 HTTP/1.1" 400 -
159.89.136.29 - - [19/Aug/2023:10:36:02 +0000] "CONNECT app.golike.net:443:443 HTTP/1.1" 400 -
159.89.143.238 - - [19/Aug/2023:10:36:16 +0000] "CONNECT hengfu100.com:443:443 HTTP/1.1" 400 -
159.89.136.29 - - [19/Aug/2023:10:36:49 +0000] "CONNECT hengfu100.com:443:443 HTTP/1.1" 400 -
138.197.28.9 - - [19/Aug/2023:10:37:11 +0000] "CONNECT play.rikvip.net:443:443 HTTP/1.1" 400 -
159.89.136.29 - - [19/Aug/2023:10:37:11 +0000] "CONNECT www.zjkqhlxx.cn:443:443 HTTP/1.1" 400 -
138.197.28.9 - - [19/Aug/2023:10:37:20 +0000] "CONNECT play.rikvip.net:443:443 HTTP/1.1" 400 -
138.197.28.9 - - [19/Aug/2023:10:37:37 +0000] "CONNECT play.rikvip.net:443:443 HTTP/1.1" 400 -
159.89.143.238 - - [19/Aug/2023:10:37:47 +0000] "CONNECT k9win.agency:443:443 HTTP/1.1" 400 -
138.197.28.9 - - [19/Aug/2023:10:37:58 +0000] "CONNECT play.rikvip.net:443:443 HTTP/1.1" 400 -
159.89.136.29 - - [19/Aug/2023:10:38:18 +0000] "CONNECT hengfu100.com:443:443 HTTP/1.1" 400 -
159.89.136.29 - - [19/Aug/2023:10:38:24 +0000] "CONNECT www.zjkqhlxx.cn:443:443 HTTP/1.1" 400 -
159.89.143.238 - - [19/Aug/2023:10:38:53 +0000] "CONNECT coccoc.com:443:443 HTTP/1.1" 400 -
159.89.143.238 - - [19/Aug/2023:10:39:09 +0000] "CONNECT www.zjkqhlxx.cn:443:443 HTTP/1.1" 400 -
159.89.136.29 - - [19/Aug/2023:10:39:37 +0000] "CONNECT hengfu100.com:443:443 HTTP/1.1" 400 -
138.197.28.9 - - [19/Aug/2023:10:40:02 +0000] "CONNECT play.rikvip.net:443:443 HTTP/1.1" 400 -
159.89.136.29 - - [19/Aug/2023:10:40:05 +0000] "CONNECT test.lo88.org:443:443 HTTP/1.1" 400 -
138.197.28.9 - - [19/Aug/2023:10:40:07 +0000] "CONNECT play.rikvip.net:443:443 HTTP/1.1" 400 -
159.89.136.29 - - [19/Aug/2023:10:40:37 +0000] "CONNECT hengfu100.com:443:443 HTTP/1.1" 400 -
159.89.143.238 - - [19/Aug/2023:10:41:02 +0000] "CONNECT 4g.tintuc247.top:443:443 HTTP/1.1" 400 -
159.89.136.29 - - [19/Aug/2023:10:41:14 +0000] "CONNECT www.medicaldoorway.com:443:443 HTTP/1.1" 400 -
159.89.136.29 - - [19/Aug/2023:10:41:31 +0000] "CONNECT www.zjkqhlxx.cn:443:443 HTTP/1.1" 400 -
159.89.143.238 - - [19/Aug/2023:10:41:40 +0000] "CONNECT test.lo88.org:443:443 HTTP/1.1" 400 -
92.118.39.81 - - [19/Aug/2023:10:42:41 +0000] "CONNECT myipb1a.mrrage.xyz:80 HTTP/1.1" 400 -
159.89.136.29 - - [19/Aug/2023:10:42:51 +0000] "CONNECT lo88.org:443:443 HTTP/1.1" 400 -
138.197.28.9 - - [19/Aug/2023:10:42:59 +0000] "CONNECT play.rikvip.net:443:443 HTTP/1.1" 400 -
159.89.143.238 - - [19/Aug/2023:10:43:03 +0000] "CONNECT www.zjkqhlxx.cn:443:443 HTTP/1.1" 400 -
159.89.143.238 - - [19/Aug/2023:10:43:04 +0000] "CONNECT sumvip3.club:443:443 HTTP/1.1" 400 -
159.89.143.238 - - [19/Aug/2023:10:43:05 +0000] "CONNECT k9win.agency:443:443 HTTP/1.1" 400 -
159.89.143.238 - - [19/Aug/2023:10:43:09 +0000] "CONNECT www.zjkqhlxx.cn:443:443 HTTP/1.1" 400 -
159.89.136.29 - - [19/Aug/2023:10:43:12 +0000] "CONNECT k9win.agency:443:443 HTTP/1.1" 400 -
159.89.136.29 - - [19/Aug/2023:10:43:26 +0000] "CONNECT sumvip3.club:443:443 HTTP/1.1" 400 -
159.89.136.29 - - [19/Aug/2023:10:43:40 +0000] "CONNECT test.lo88.org:443:443 HTTP/1.1" 400 -
159.89.136.29 - - [19/Aug/2023:10:43:48 +0000] "CONNECT www.zjkqhlxx.cn:443:443 HTTP/1.1" 400 -
159.89.143.238 - - [19/Aug/2023:10:43:50 +0000] "CONNECT lo88.org:443:443 HTTP/1.1" 400 -
159.89.143.238 - - [19/Aug/2023:10:44:26 +0000] "CONNECT test.lo88.org:443:443 HTTP/1.1" 400 -
159.89.136.29 - - [19/Aug/2023:10:44:34 +0000] "CONNECT test.lo88.org:443:443 HTTP/1.1" 400 -
159.89.136.29 - - [19/Aug/2023:10:44:51 +0000] "CONNECT lo88.org:443:443 HTTP/1.1" 400 -
159.89.136.29 - - [19/Aug/2023:10:45:06 +0000] "CONNECT k9win.agency:443:443 HTTP/1.1" 400 -
159.89.143.238 - - [19/Aug/2023:10:45:06 +0000] "CONNECT lo88.org:443:443 HTTP/1.1" 400 -
138.197.28.9 - - [19/Aug/2023:10:45:20 +0000] "CONNECT play.rikvip.net:443:443 HTTP/1.1" 400 -
159.89.136.29 - - [19/Aug/2023:10:45:59 +0000] "CONNECT www.bongvip9.pro:443:443 HTTP/1.1" 400 -
159.89.136.29 - - [19/Aug/2023:10:46:01 +0000] "CONNECT k9win.agency:443:443 HTTP/1.1" 400 -
159.89.136.29 - - [19/Aug/2023:10:46:07 +0000] "CONNECT www.bongvip9.pro:443:443 HTTP/1.1" 400 -
159.89.143.238 - - [19/Aug/2023:10:46:13 +0000] "CONNECT lo88.org:443:443 HTTP/1.1" 400 -
159.89.136.29 - - [19/Aug/2023:10:46:27 +0000] "CONNECT k9win.agency:443:443 HTTP/1.1" 400 -
159.89.143.238 - - [19/Aug/2023:10:46:32 +0000] "CONNECT 4g.tintuc247.top:443:443 HTTP/1.1" 400 -
159.89.143.238 - - [19/Aug/2023:10:46:44 +0000] "CONNECT test.lo88.org:443:443 HTTP/1.1" 400 -
138.197.28.9 - - [19/Aug/2023:10:46:50 +0000] "CONNECT play.rikvip.net:443:443 HTTP/1.1" 400 -
159.89.143.238 - - [19/Aug/2023:10:47:00 +0000] "CONNECT lo88.org:443:443 HTTP/1.1" 400 -
159.89.136.29 - - [19/Aug/2023:10:47:15 +0000] "CONNECT sumvip3.club:443:443 HTTP/1.1" 400 -
138.197.28.9 - - [19/Aug/2023:10:47:26 +0000] "CONNECT play.rikvip.net:443:443 HTTP/1.1" 400 -
159.89.136.29 - - [19/Aug/2023:10:47:27 +0000] "CONNECT k9win.agency:443:443 HTTP/1.1" 400 -
159.89.136.29 - - [19/Aug/2023:10:47:48 +0000] "CONNECT lo88.org:443:443 HTTP/1.1" 400 -
138.197.28.9 - - [19/Aug/2023:10:47:48 +0000] "CONNECT play.rikvip.net:443:443 HTTP/1.1" 400 -
159.89.136.29 - - [19/Aug/2023:10:47:52 +0000] "CONNECT lo88.org:443:443 HTTP/1.1" 400 -
159.89.143.238 - - [19/Aug/2023:10:48:00 +0000] "CONNECT www.bongvip9.pro:443:443 HTTP/1.1" 400 -
138.197.28.9 - - [19/Aug/2023:10:48:08 +0000] "CONNECT play.rikvip.net:443:443 HTTP/1.1" 400 -
159.89.136.29 - - [19/Aug/2023:10:48:09 +0000] "CONNECT k9win.agency:443:443 HTTP/1.1" 400 -
159.89.136.29 - - [19/Aug/2023:10:48:44 +0000] "CONNECT test.lo88.org:443:443 HTTP/1.1" 400 -
159.89.136.29 - - [19/Aug/2023:10:48:55 +0000] "CONNECT lo88.org:443:443 HTTP/1.1" 400 -
159.89.143.238 - - [19/Aug/2023:10:49:03 +0000] "CONNECT test.lo88.org:443:443 HTTP/1.1" 400 -
159.89.136.29 - - [19/Aug/2023:10:49:08 +0000] "CONNECT lo88.org:443:443 HTTP/1.1" 400 -
138.197.28.9 - - [19/Aug/2023:10:49:36 +0000] "CONNECT play.rikvip.net:443:443 HTTP/1.1" 400 -
159.89.136.29 - - [19/Aug/2023:10:49:38 +0000] "CONNECT cant-hit.us:443:443 HTTP/1.1" 400 -
159.89.136.29 - - [19/Aug/2023:10:49:44 +0000] "CONNECT nasz.orange.pl:443:443 HTTP/1.1" 400 -
159.89.143.238 - - [19/Aug/2023:10:49:50 +0000] "CONNECT www.bongvip9.pro:443:443 HTTP/1.1" 400 -
159.89.136.29 - - [19/Aug/2023:10:49:58 +0000] "CONNECT sumvip3.club:443:443 HTTP/1.1" 400 -
159.89.143.238 - - [19/Aug/2023:10:50:06 +0000] "CONNECT nasz.orange.pl:443:443 HTTP/1.1" 400 -
159.89.143.238 - - [19/Aug/2023:10:50:08 +0000] "CONNECT k9win.agency:443:443 HTTP/1.1" 400 -
159.89.136.29 - - [19/Aug/2023:10:50:44 +0000] "CONNECT k9win.agency:443:443 HTTP/1.1" 400 -
159.89.143.238 - - [19/Aug/2023:10:50:52 +0000] "CONNECT sumvip3.club:443:443 HTTP/1.1" 400 -
138.197.28.9 - - [19/Aug/2023:10:51:46 +0000] "CONNECT play.rikvip.net:443:443 HTTP/1.1" 400 -
104.167.222.2 - - [19/Aug/2023:10:51:51 +0000] "CONNECT google.com:443 HTTP/1.1" 400 -
159.89.143.238 - - [19/Aug/2023:10:52:01 +0000] "CONNECT test.lo88.org:443:443 HTTP/1.1" 400 -
159.89.136.29 - - [19/Aug/2023:10:52:33 +0000] "CONNECT heromc.net:443:443 HTTP/1.1" 400 -
159.89.143.238 - - [19/Aug/2023:10:52:52 +0000] "CONNECT heromc.net:443:443 HTTP/1.1" 400 -
159.89.136.29 - - [19/Aug/2023:10:52:54 +0000] "CONNECT test.lo88.org:443:443 HTTP/1.1" 400 -
159.89.136.29 - - [19/Aug/2023:10:52:56 +0000] "CONNECT test.lo88.org:443:443 HTTP/1.1" 400 -
138.197.28.9 - - [19/Aug/2023:10:53:06 +0000] "CONNECT play.rikvip.net:443:443 HTTP/1.1" 400 -
159.89.143.238 - - [19/Aug/2023:10:53:39 +0000] "CONNECT test.lo88.org:443:443 HTTP/1.1" 400 -
138.197.28.9 - - [19/Aug/2023:10:54:17 +0000] "CONNECT play.rikvip.net:443:443 HTTP/1.1" 400 -
159.89.143.238 - - [19/Aug/2023:10:54:38 +0000] "CONNECT test.lo88.org:443:443 HTTP/1.1" 400 -
138.197.28.9 - - [19/Aug/2023:10:54:45 +0000] "CONNECT play.rikvip.net:443:443 HTTP/1.1" 400 -
138.197.28.9 - - [19/Aug/2023:10:55:02 +0000] "CONNECT play.rikvip.net:443:443 HTTP/1.1" 400 -
138.197.28.9 - - [19/Aug/2023:10:55:04 +0000] "CONNECT play.rikvip.net:443:443 HTTP/1.1" 400 -
159.89.136.29 - - [19/Aug/2023:10:55:07 +0000] "CONNECT www.medicaldoorway.com:443:443 HTTP/1.1" 400 -
159.89.136.29 - - [19/Aug/2023:10:55:11 +0000] "CONNECT sumvip3.club:443:443 HTTP/1.1" 400 -
159.89.136.29 - - [19/Aug/2023:10:55:22 +0000] "CONNECT checkscamvietnam.info:443:443 HTTP/1.1" 400 -
159.89.143.238 - - [19/Aug/2023:10:55:40 +0000] "CONNECT www.bongvip9.pro:443:443 HTTP/1.1" 400 -
159.89.136.29 - - [19/Aug/2023:10:55:48 +0000] "CONNECT www.bongvip9.pro:443:443 HTTP/1.1" 400 -
159.89.136.29 - - [19/Aug/2023:10:55:53 +0000] "CONNECT developer.safaricom.co.ke:443:443 HTTP/1.1" 400 -
159.89.136.29 - - [19/Aug/2023:10:55:59 +0000] "CONNECT sumvip3.club:443:443 HTTP/1.1" 400 -
159.89.136.29 - - [19/Aug/2023:10:56:25 +0000] "CONNECT k9win.agency:443:443 HTTP/1.1" 400 -
159.89.143.238 - - [19/Aug/2023:10:56:29 +0000] "CONNECT sumvip3.club:443:443 HTTP/1.1" 400 -
138.197.28.9 - - [19/Aug/2023:10:56:45 +0000] "CONNECT play.rikvip.net:443:443 HTTP/1.1" 400 -
159.89.136.29 - - [19/Aug/2023:10:56:45 +0000] "CONNECT lo88.org:443:443 HTTP/1.1" 400 -
159.89.136.29 - - [19/Aug/2023:10:56:48 +0000] "CONNECT lo88.org:443:443 HTTP/1.1" 400 -
138.197.28.9 - - [19/Aug/2023:10:57:12 +0000] "CONNECT play.rikvip.net:443:443 HTTP/1.1" 400 -
64.62.197.169 - - [19/Aug/2023:10:57:29 +0000] "GET / HTTP/1.1" 200 11217
64.62.197.173 - - [19/Aug/2023:10:57:54 +0000] "GET /favicon.ico HTTP/1.1" 200 21630
159.89.143.238 - - [19/Aug/2023:10:57:55 +0000] "CONNECT k9win.agency:443:443 HTTP/1.1" 400 -
159.89.136.29 - - [19/Aug/2023:10:58:03 +0000] "CONNECT lo88.org:443:443 HTTP/1.1" 400 -
64.62.197.180 - - [19/Aug/2023:10:58:11 +0000] "GET /?format=json HTTP/1.1" 200 11217
159.89.143.238 - - [19/Aug/2023:10:58:21 +0000] "CONNECT lo88.org:443:443 HTTP/1.1" 400 -
64.62.197.171 - - [19/Aug/2023:10:58:24 +0000] "CONNECT www.shadowserver.org:443 HTTP/1.1" 400 -
159.89.136.29 - - [19/Aug/2023:10:58:25 +0000] "CONNECT www.tjfansi.com:443:443 HTTP/1.1" 400 -
138.197.28.9 - - [19/Aug/2023:10:58:28 +0000] "CONNECT play.rikvip.net:443:443 HTTP/1.1" 400 -
159.89.136.29 - - [19/Aug/2023:11:00:11 +0000] "CONNECT lo88.org:443:443 HTTP/1.1" 400 -
159.89.136.29 - - [19/Aug/2023:11:00:25 +0000] "CONNECT sumvip3.club:443:443 HTTP/1.1" 400 -
159.89.143.238 - - [19/Aug/2023:11:00:43 +0000] "CONNECT k9win.agency:443:443 HTTP/1.1" 400 -
159.89.136.29 - - [19/Aug/2023:11:00:43 +0000] "CONNECT lo88.org:443:443 HTTP/1.1" 400 -
159.89.143.238 - - [19/Aug/2023:11:00:43 +0000] "CONNECT lo88.org:443:443 HTTP/1.1" 400 -
159.89.136.29 - - [19/Aug/2023:11:00:51 +0000] "CONNECT shop2fa.com:443:443 HTTP/1.1" 400 -
159.89.143.238 - - [19/Aug/2023:11:01:24 +0000] "CONNECT lo88.org:443:443 HTTP/1.1" 400 -
159.89.143.238 - - [19/Aug/2023:11:01:31 +0000] "CONNECT mpogacor1d.com:443:443 HTTP/1.1" 400 -
159.89.136.29 - - [19/Aug/2023:11:01:51 +0000] "CONNECT k9win.agency:443:443 HTTP/1.1" 400 -
159.89.136.29 - - [19/Aug/2023:11:01:56 +0000] "CONNECT mpogacor1d.com:443:443 HTTP/1.1" 400 -
138.197.28.9 - - [19/Aug/2023:11:02:11 +0000] "CONNECT play.rikvip.net:443:443 HTTP/1.1" 400 -
159.89.143.238 - - [19/Aug/2023:11:03:12 +0000] "CONNECT mpogacor1d.com:443:443 HTTP/1.1" 400 -
138.197.28.9 - - [19/Aug/2023:11:03:32 +0000] "CONNECT play.rikvip.net:443:443 HTTP/1.1" 400 -
159.89.143.238 - - [19/Aug/2023:11:04:35 +0000] "CONNECT eveil-arg.com:443:443 HTTP/1.1" 400 -
159.89.136.29 - - [19/Aug/2023:11:04:48 +0000] "CONNECT lo88.org:443:443 HTTP/1.1" 400 -
159.89.136.29 - - [19/Aug/2023:11:05:04 +0000] "CONNECT www.thegioididong.com:443:443 HTTP/1.1" 400 -
159.89.136.29 - - [19/Aug/2023:11:05:04 +0000] "CONNECT lo88.org:443:443 HTTP/1.1" 400 -
159.89.143.238 - - [19/Aug/2023:11:05:12 +0000] "CONNECT sumvip3.club:443:443 HTTP/1.1" 400 -
159.89.143.238 - - [19/Aug/2023:11:05:14 +0000] "CONNECT www.coinbase.com:443:443 HTTP/1.1" 400 -
159.89.136.29 - - [19/Aug/2023:11:05:15 +0000] "CONNECT www.tjfansi.com:443:443 HTTP/1.1" 400 -
159.89.136.29 - - [19/Aug/2023:11:05:47 +0000] "CONNECT sumvip3.club:443:443 HTTP/1.1" 400 -
159.89.143.238 - - [19/Aug/2023:11:05:51 +0000] "CONNECT sumvip3.club:443:443 HTTP/1.1" 400 -
159.89.136.29 - - [19/Aug/2023:11:06:01 +0000] "CONNECT soad.shop:443:443 HTTP/1.1" 400 -
159.89.136.29 - - [19/Aug/2023:11:06:22 +0000] "CONNECT k9win.agency:443:443 HTTP/1.1" 400 -
159.89.143.238 - - [19/Aug/2023:11:06:23 +0000] "CONNECT www.tjfansi.com:443:443 HTTP/1.1" 400 -
159.89.136.29 - - [19/Aug/2023:11:06:34 +0000] "CONNECT k9win.agency:443:443 HTTP/1.1" 400 -
159.89.136.29 - - [19/Aug/2023:11:07:04 +0000] "CONNECT sumvip3.club:443:443 HTTP/1.1" 400 -
138.197.28.9 - - [19/Aug/2023:11:07:29 +0000] "CONNECT play.rikvip.net:443:443 HTTP/1.1" 400 -
159.89.136.29 - - [19/Aug/2023:11:07:58 +0000] "CONNECT adskoru.com:443:443 HTTP/1.1" 400 -
159.89.143.238 - - [19/Aug/2023:11:08:04 +0000] "CONNECT adskoru.com:443:443 HTTP/1.1" 400 -
159.89.143.238 - - [19/Aug/2023:11:08:42 +0000] "CONNECT adskoru.com:443:443 HTTP/1.1" 400 -
159.89.143.238 - - [19/Aug/2023:11:08:49 +0000] "CONNECT 88.198.59.166:443:443 HTTP/1.1" 400 -
159.89.136.29 - - [19/Aug/2023:11:08:58 +0000] "CONNECT www.bombclick.net:443:443 HTTP/1.1" 400 -
138.197.28.9 - - [19/Aug/2023:11:09:10 +0000] "CONNECT play.rikvip.net:443:443 HTTP/1.1" 400 -
159.89.136.29 - - [19/Aug/2023:11:09:13 +0000] "CONNECT sumvip3.club:443:443 HTTP/1.1" 400 -
159.89.143.238 - - [19/Aug/2023:11:09:16 +0000] "CONNECT adskoru.com:443:443 HTTP/1.1" 400 -
159.89.136.29 - - [19/Aug/2023:11:09:17 +0000] "CONNECT rinnyservices.sell.app:443:443 HTTP/1.1" 400 -
159.89.136.29 - - [19/Aug/2023:11:09:18 +0000] "CONNECT sumvip3.club:443:443 HTTP/1.1" 400 -
159.89.136.29 - - [19/Aug/2023:11:09:20 +0000] "CONNECT 88.198.59.166:443:443 HTTP/1.1" 400 -
159.89.136.29 - - [19/Aug/2023:11:09:28 +0000] "CONNECT 88.198.59.166:443:443 HTTP/1.1" 400 -
138.197.28.9 - - [19/Aug/2023:11:09:34 +0000] "CONNECT play.rikvip.net:443:443 HTTP/1.1" 400 -
138.197.28.9 - - [19/Aug/2023:11:09:34 +0000] "CONNECT play.rikvip.net:443:443 HTTP/1.1" 400 -
159.89.143.238 - - [19/Aug/2023:11:09:43 +0000] "CONNECT adskoru.com:443:443 HTTP/1.1" 400 -
159.89.136.29 - - [19/Aug/2023:11:09:52 +0000] "CONNECT adskoru.com:443:443 HTTP/1.1" 400 -
159.89.136.29 - - [19/Aug/2023:11:09:54 +0000] "CONNECT cltxmm.fun:443:443 HTTP/1.1" 400 -
138.197.28.9 - - [19/Aug/2023:11:09:55 +0000] "CONNECT play.rikvip.net:443:443 HTTP/1.1" 400 -
159.89.136.29 - - [19/Aug/2023:11:09:57 +0000] "CONNECT adskoru.com:443:443 HTTP/1.1" 400 -
159.89.143.238 - - [19/Aug/2023:11:10:00 +0000] "CONNECT adskoru.com:443:443 HTTP/1.1" 400 -
159.89.143.238 - - [19/Aug/2023:11:10:08 +0000] "CONNECT sumvip3.club:443:443 HTTP/1.1" 400 -
159.89.136.29 - - [19/Aug/2023:11:10:14 +0000] "CONNECT sumvip3.club:443:443 HTTP/1.1" 400 -
159.89.136.29 - - [19/Aug/2023:11:10:17 +0000] "CONNECT adskoru.com:443:443 HTTP/1.1" 400 -
159.89.136.29 - - [19/Aug/2023:11:10:21 +0000] "CONNECT sumvip3.club:443:443 HTTP/1.1" 400 -
159.89.136.29 - - [19/Aug/2023:11:10:22 +0000] "CONNECT test.lo88.org:443:443 HTTP/1.1" 400 -
159.89.136.29 - - [19/Aug/2023:11:10:34 +0000] "CONNECT adskoru.com:443:443 HTTP/1.1" 400 -
159.89.143.238 - - [19/Aug/2023:11:10:50 +0000] "CONNECT k9win.agency:443:443 HTTP/1.1" 400 -
138.197.28.9 - - [19/Aug/2023:11:10:56 +0000] "CONNECT play.rikvip.net:443:443 HTTP/1.1" 400 -
159.89.136.29 - - [19/Aug/2023:11:11:10 +0000] "CONNECT adskoru.com:443:443 HTTP/1.1" 400 -
159.89.143.238 - - [19/Aug/2023:11:11:53 +0000] "CONNECT ravenboost.mysellix.io:443:443 HTTP/1.1" 400 -
159.89.143.238 - - [19/Aug/2023:11:12:03 +0000] "CONNECT adskoru.com:443:443 HTTP/1.1" 400 -
159.89.143.238 - - [19/Aug/2023:11:12:32 +0000] "CONNECT adskoru.com:443:443 HTTP/1.1" 400 -
159.89.136.29 - - [19/Aug/2023:11:12:37 +0000] "CONNECT soad.shop:443:443 HTTP/1.1" 400 -
159.89.136.29 - - [19/Aug/2023:11:12:38 +0000] "CONNECT ravenboost.mysellix.io:443:443 HTTP/1.1" 400 -
159.89.136.29 - - [19/Aug/2023:11:12:44 +0000] "CONNECT www.nrozatos.xyz:443:443 HTTP/1.1" 400 -
159.89.136.29 - - [19/Aug/2023:11:13:10 +0000] "CONNECT k9win.agency:443:443 HTTP/1.1" 400 -
138.197.28.9 - - [19/Aug/2023:11:13:47 +0000] "CONNECT play.rikvip.net:443:443 HTTP/1.1" 400 -
159.89.143.238 - - [19/Aug/2023:11:14:06 +0000] "CONNECT adskoru.com:443:443 HTTP/1.1" 400 -
138.197.28.9 - - [19/Aug/2023:11:14:57 +0000] "CONNECT play.rikvip.net:443:443 HTTP/1.1" 400 -
159.89.136.29 - - [19/Aug/2023:11:15:07 +0000] "CONNECT lo88.org:443:443 HTTP/1.1" 400 -
159.89.136.29 - - [19/Aug/2023:11:15:08 +0000] "CONNECT 51.79.243.160:443:443 HTTP/1.1" 400 -
159.89.143.238 - - [19/Aug/2023:11:15:10 +0000] "CONNECT test.lo88.org:443:443 HTTP/1.1" 400 -
159.89.136.29 - - [19/Aug/2023:11:15:11 +0000] "CONNECT soad.shop:443:443 HTTP/1.1" 400 -
159.89.136.29 - - [19/Aug/2023:11:15:26 +0000] "CONNECT k9win.agency:443:443 HTTP/1.1" 400 -
159.89.143.238 - - [19/Aug/2023:11:15:32 +0000] "CONNECT 51.79.243.160:443:443 HTTP/1.1" 400 -
159.89.136.29 - - [19/Aug/2023:11:15:44 +0000] "CONNECT sumvip3.club:443:443 HTTP/1.1" 400 -
159.89.136.29 - - [19/Aug/2023:11:15:47 +0000] "CONNECT test.lo88.org:443:443 HTTP/1.1" 400 -
159.89.136.29 - - [19/Aug/2023:11:15:49 +0000] "CONNECT 51.79.243.160:443:443 HTTP/1.1" 400 -
159.89.143.238 - - [19/Aug/2023:11:15:50 +0000] "CONNECT 51.79.243.160:443:443 HTTP/1.1" 400 -
159.89.143.238 - - [19/Aug/2023:11:15:57 +0000] "CONNECT 51.79.243.160:443:443 HTTP/1.1" 400 -
159.89.143.238 - - [19/Aug/2023:11:15:58 +0000] "CONNECT 51.79.243.160:443:443 HTTP/1.1" 400 -
159.89.136.29 - - [19/Aug/2023:11:16:00 +0000] "CONNECT 51.79.243.160:443:443 HTTP/1.1" 400 -
159.89.136.29 - - [19/Aug/2023:11:16:01 +0000] "CONNECT test.lo88.org:443:443 HTTP/1.1" 400 -
159.89.136.29 - - [19/Aug/2023:11:16:06 +0000] "CONNECT k9win.agency:443:443 HTTP/1.1" 400 -
159.89.143.238 - - [19/Aug/2023:11:16:34 +0000] "CONNECT k9win.agency:443:443 HTTP/1.1" 400 -
159.89.136.29 - - [19/Aug/2023:11:16:36 +0000] "CONNECT test.lo88.org:443:443 HTTP/1.1" 400 -
138.197.28.9 - - [19/Aug/2023:11:17:07 +0000] "CONNECT play.rikvip.net:443:443 HTTP/1.1" 400 -
159.89.136.29 - - [19/Aug/2023:11:17:10 +0000] "CONNECT 51.79.243.160:443:443 HTTP/1.1" 400 -
159.89.143.238 - - [19/Aug/2023:11:17:46 +0000] "CONNECT 51.79.243.160:443:443 HTTP/1.1" 400 -
159.89.136.29 - - [19/Aug/2023:11:17:47 +0000] "CONNECT 51.79.243.160:443:443 HTTP/1.1" 400 -
159.89.143.238 - - [19/Aug/2023:11:17:47 +0000] "CONNECT sumvip3.club:443:443 HTTP/1.1" 400 -
46.174.191.31 - - [19/Aug/2023:11:18:08 +0000] "GET / HTTP/1.0" 200 11197
159.89.136.29 - - [19/Aug/2023:11:18:12 +0000] "CONNECT k9win.agency:443:443 HTTP/1.1" 400 -
159.89.143.238 - - [19/Aug/2023:11:18:18 +0000] "CONNECT 51.79.243.160:443:443 HTTP/1.1" 400 -
159.89.136.29 - - [19/Aug/2023:11:18:27 +0000] "CONNECT cltxmm.fun:443:443 HTTP/1.1" 400 -
159.89.136.29 - - [19/Aug/2023:11:18:28 +0000] "CONNECT 51.79.243.160:443:443 HTTP/1.1" 400 -
159.89.136.29 - - [19/Aug/2023:11:18:39 +0000] "CONNECT 51.79.243.160:443:443 HTTP/1.1" 400 -
138.197.28.9 - - [19/Aug/2023:11:18:59 +0000] "CONNECT play.rikvip.net:443:443 HTTP/1.1" 400 -
159.89.143.238 - - [19/Aug/2023:11:19:05 +0000] "CONNECT k9win.agency:443:443 HTTP/1.1" 400 -
138.197.28.9 - - [19/Aug/2023:11:19:27 +0000] "CONNECT play.rikvip.net:443:443 HTTP/1.1" 400 -
138.197.28.9 - - [19/Aug/2023:11:19:32 +0000] "CONNECT play.rikvip.net:443:443 HTTP/1.1" 400 -
138.197.28.9 - - [19/Aug/2023:11:19:36 +0000] "CONNECT play.rikvip.net:443:443 HTTP/1.1" 400 -
138.197.28.9 - - [19/Aug/2023:11:20:01 +0000] "CONNECT play.rikvip.net:443:443 HTTP/1.1" 400 -
159.89.136.29 - - [19/Aug/2023:11:20:08 +0000] "CONNECT www.fortnite.com:443:443 HTTP/1.1" 400 -
159.89.136.29 - - [19/Aug/2023:11:20:49 +0000] "CONNECT sumvip3.club:443:443 HTTP/1.1" 400 -
159.89.136.29 - - [19/Aug/2023:11:21:29 +0000] "CONNECT 51.79.243.160:443:443 HTTP/1.1" 400 -
159.89.143.238 - - [19/Aug/2023:11:22:22 +0000] "CONNECT 51.79.243.160:443:443 HTTP/1.1" 400 -
159.89.143.238 - - [19/Aug/2023:11:22:31 +0000] "CONNECT 51.79.243.160:443:443 HTTP/1.1" 400 -
138.197.28.9 - - [19/Aug/2023:11:22:36 +0000] "CONNECT play.rikvip.net:443:443 HTTP/1.1" 400 -
159.89.143.238 - - [19/Aug/2023:11:22:44 +0000] "CONNECT test.lo88.org:443:443 HTTP/1.1" 400 -
159.89.136.29 - - [19/Aug/2023:11:22:57 +0000] "CONNECT 51.79.243.160:443:443 HTTP/1.1" 400 -
159.89.143.238 - - [19/Aug/2023:11:23:06 +0000] "CONNECT 51.79.243.160:443:443 HTTP/1.1" 400 -
159.89.136.29 - - [19/Aug/2023:11:23:24 +0000] "CONNECT 51.79.243.160:443:443 HTTP/1.1" 400 -
159.89.136.29 - - [19/Aug/2023:11:23:48 +0000] "CONNECT 51.79.243.160:443:443 HTTP/1.1" 400 -
138.197.28.9 - - [19/Aug/2023:11:23:50 +0000] "CONNECT play.rikvip.net:443:443 HTTP/1.1" 400 -
159.89.136.29 - - [19/Aug/2023:11:23:52 +0000] "CONNECT 51.79.243.160:443:443 HTTP/1.1" 400 -
138.197.28.9 - - [19/Aug/2023:11:24:02 +0000] "CONNECT play.rikvip.net:443:443 HTTP/1.1" 400 -
159.89.143.238 - - [19/Aug/2023:11:24:03 +0000] "CONNECT sumvip3.club:443:443 HTTP/1.1" 400 -
159.89.136.29 - - [19/Aug/2023:11:24:03 +0000] "CONNECT test.lo88.org:443:443 HTTP/1.1" 400 -
138.197.28.9 - - [19/Aug/2023:11:24:09 +0000] "CONNECT play.rikvip.net:443:443 HTTP/1.1" 400 -
159.89.143.238 - - [19/Aug/2023:11:24:23 +0000] "CONNECT 51.79.243.160:443:443 HTTP/1.1" 400 -
159.89.143.238 - - [19/Aug/2023:11:24:45 +0000] "CONNECT 51.79.243.160:443:443 HTTP/1.1" 400 -
138.197.28.9 - - [19/Aug/2023:11:24:49 +0000] "CONNECT play.rikvip.net:443:443 HTTP/1.1" 400 -
159.89.136.29 - - [19/Aug/2023:11:24:59 +0000] "CONNECT 51.79.243.160:443:443 HTTP/1.1" 400 -
138.197.28.9 - - [19/Aug/2023:11:24:59 +0000] "CONNECT play.rikvip.net:443:443 HTTP/1.1" 400 -
159.89.143.238 - - [19/Aug/2023:11:25:06 +0000] "CONNECT www.bombclick.net:443:443 HTTP/1.1" 400 -
159.89.136.29 - - [19/Aug/2023:11:25:11 +0000] "CONNECT www.bombclick.net:443:443 HTTP/1.1" 400 -
159.89.143.238 - - [19/Aug/2023:11:25:12 +0000] "CONNECT 51.79.243.160:443:443 HTTP/1.1" 400 -
159.89.136.29 - - [19/Aug/2023:11:25:16 +0000] "CONNECT 51.79.243.160:443:443 HTTP/1.1" 400 -
159.89.136.29 - - [19/Aug/2023:11:25:17 +0000] "CONNECT sumvip3.club:443:443 HTTP/1.1" 400 -
159.89.136.29 - - [19/Aug/2023:11:25:28 +0000] "CONNECT www.bombclick.net:443:443 HTTP/1.1" 400 -
138.197.28.9 - - [19/Aug/2023:11:25:44 +0000] "CONNECT play.rikvip.net:443:443 HTTP/1.1" 400 -
159.89.136.29 - - [19/Aug/2023:11:25:46 +0000] "CONNECT 4g.tintuc247.top:443:443 HTTP/1.1" 400 -
159.89.143.238 - - [19/Aug/2023:11:25:57 +0000] "CONNECT www.bombclick.net:443:443 HTTP/1.1" 400 -
159.89.143.238 - - [19/Aug/2023:11:26:07 +0000] "CONNECT 51.79.243.160:443:443 HTTP/1.1" 400 -
159.65.160.150 - - [19/Aug/2023:11:26:31 +0000] "CONNECT 51.79.243.160:443:443 HTTP/1.1" 400 -
159.89.143.238 - - [19/Aug/2023:11:26:33 +0000] "CONNECT sumvip3.club:443:443 HTTP/1.1" 400 -
159.65.160.150 - - [19/Aug/2023:11:26:34 +0000] "CONNECT 51.79.243.160:443:443 HTTP/1.1" 400 -
159.65.160.150 - - [19/Aug/2023:11:26:41 +0000] "CONNECT 51.79.243.160:443:443 HTTP/1.1" 400 -
159.65.160.150 - - [19/Aug/2023:11:26:51 +0000] "CONNECT 51.79.243.160:443:443 HTTP/1.1" 400 -
138.197.28.9 - - [19/Aug/2023:11:26:58 +0000] "CONNECT play.rikvip.net:443:443 HTTP/1.1" 400 -
138.197.28.9 - - [19/Aug/2023:11:27:08 +0000] "CONNECT play.rikvip.net:443:443 HTTP/1.1" 400 -
159.65.160.150 - - [19/Aug/2023:11:27:10 +0000] "CONNECT 51.79.243.160:443:443 HTTP/1.1" 400 -
159.65.160.150 - - [19/Aug/2023:11:27:14 +0000] "CONNECT 51.79.243.160:443:443 HTTP/1.1" 400 -
138.197.28.9 - - [19/Aug/2023:11:27:22 +0000] "CONNECT play.rikvip.net:443:443 HTTP/1.1" 400 -
159.65.160.150 - - [19/Aug/2023:11:27:31 +0000] "CONNECT 51.79.243.160:443:443 HTTP/1.1" 400 -
138.197.28.9 - - [19/Aug/2023:11:27:34 +0000] "CONNECT play.rikvip.net:443:443 HTTP/1.1" 400 -
159.65.160.150 - - [19/Aug/2023:11:27:48 +0000] "CONNECT 51.79.243.160:443:443 HTTP/1.1" 400 -
159.89.136.29 - - [19/Aug/2023:11:27:56 +0000] "CONNECT zingfast.vn:443:443 HTTP/1.1" 400 -
138.197.28.9 - - [19/Aug/2023:11:28:13 +0000] "CONNECT play.rikvip.net:443:443 HTTP/1.1" 400 -
159.65.160.150 - - [19/Aug/2023:11:28:14 +0000] "CONNECT 51.79.243.160:443:443 HTTP/1.1" 400 -
159.65.160.150 - - [19/Aug/2023:11:28:15 +0000] "CONNECT 51.79.243.160:443:443 HTTP/1.1" 400 -
159.89.136.29 - - [19/Aug/2023:11:28:42 +0000] "CONNECT sumvip3.club:443:443 HTTP/1.1" 400 -
159.65.160.150 - - [19/Aug/2023:11:28:50 +0000] "CONNECT 51.79.243.160:443:443 HTTP/1.1" 400 -
138.197.28.9 - - [19/Aug/2023:11:28:58 +0000] "CONNECT play.rikvip.net:443:443 HTTP/1.1" 400 -
159.89.136.29 - - [19/Aug/2023:11:29:11 +0000] "CONNECT test.lo88.org:443:443 HTTP/1.1" 400 -
159.65.160.150 - - [19/Aug/2023:11:29:11 +0000] "CONNECT 51.79.243.160:443:443 HTTP/1.1" 400 -
159.65.160.150 - - [19/Aug/2023:11:29:18 +0000] "CONNECT 51.79.243.160:443:443 HTTP/1.1" 400 -
159.65.160.150 - - [19/Aug/2023:11:29:36 +0000] "CONNECT 51.79.243.160:443:443 HTTP/1.1" 400 -
138.197.28.9 - - [19/Aug/2023:11:29:37 +0000] "CONNECT play.rikvip.net:443:443 HTTP/1.1" 400 -
159.65.160.150 - - [19/Aug/2023:11:29:38 +0000] "CONNECT 51.79.243.160:443:443 HTTP/1.1" 400 -
159.65.160.150 - - [19/Aug/2023:11:29:45 +0000] "CONNECT 51.79.243.160:443:443 HTTP/1.1" 400 -
159.89.136.29 - - [19/Aug/2023:11:30:01 +0000] "CONNECT www.bombclick.net:443:443 HTTP/1.1" 400 -
138.197.28.9 - - [19/Aug/2023:11:30:03 +0000] "CONNECT play.rikvip.net:443:443 HTTP/1.1" 400 -
159.65.160.150 - - [19/Aug/2023:11:30:05 +0000] "CONNECT 51.79.243.160:443:443 HTTP/1.1" 400 -
159.65.160.150 - - [19/Aug/2023:11:30:14 +0000] "CONNECT 51.79.243.160:443:443 HTTP/1.1" 400 -
159.89.136.29 - - [19/Aug/2023:11:30:21 +0000] "CONNECT k9win.agency:443:443 HTTP/1.1" 400 -
159.89.136.29 - - [19/Aug/2023:11:30:31 +0000] "CONNECT k9win.agency:443:443 HTTP/1.1" 400 -
159.89.143.238 - - [19/Aug/2023:11:30:36 +0000] "CONNECT sumvip3.club:443:443 HTTP/1.1" 400 -
159.65.160.150 - - [19/Aug/2023:11:30:50 +0000] "CONNECT 51.79.243.160:443:443 HTTP/1.1" 400 -
159.89.143.238 - - [19/Aug/2023:11:31:20 +0000] "CONNECT 51.254.89.60:30120:443:443 HTTP/1.1" 400 -
159.65.160.150 - - [19/Aug/2023:11:31:24 +0000] "CONNECT 51.79.243.160:443:443 HTTP/1.1" 400 -
159.65.160.150 - - [19/Aug/2023:11:32:58 +0000] "CONNECT 51.79.243.160:443:443 HTTP/1.1" 400 -
138.197.28.9 - - [19/Aug/2023:11:33:16 +0000] "CONNECT play.rikvip.net:443:443 HTTP/1.1" 400 -
159.65.160.150 - - [19/Aug/2023:11:33:25 +0000] "CONNECT 51.79.243.160:443:443 HTTP/1.1" 400 -
159.65.160.150 - - [19/Aug/2023:11:33:53 +0000] "CONNECT 51.79.243.160:443:443 HTTP/1.1" 400 -
159.65.160.150 - - [19/Aug/2023:11:34:00 +0000] "CONNECT 51.79.243.160:443:443 HTTP/1.1" 400 -
159.89.136.29 - - [19/Aug/2023:11:34:06 +0000] "CONNECT deposit1.vippep.com:443:443 HTTP/1.1" 400 -
159.65.160.150 - - [19/Aug/2023:11:34:27 +0000] "CONNECT 51.79.243.160:443:443 HTTP/1.1" 400 -
159.65.160.150 - - [19/Aug/2023:11:34:28 +0000] "CONNECT 51.79.243.160:443:443 HTTP/1.1" 400 -
159.89.136.29 - - [19/Aug/2023:11:34:43 +0000] "CONNECT zingfast.vn:443:443 HTTP/1.1" 400 -
159.65.160.150 - - [19/Aug/2023:11:34:47 +0000] "CONNECT 51.79.243.160:443:443 HTTP/1.1" 400 -
159.89.143.238 - - [19/Aug/2023:11:34:58 +0000] "CONNECT 123br.xyz:443:443 HTTP/1.1" 400 -
159.65.160.150 - - [19/Aug/2023:11:35:12 +0000] "CONNECT 51.79.243.160:443:443 HTTP/1.1" 400 -
159.65.160.150 - - [19/Aug/2023:11:35:37 +0000] "CONNECT 51.79.243.160:443:443 HTTP/1.1" 400 -
159.65.160.150 - - [19/Aug/2023:11:35:46 +0000] "CONNECT 51.79.243.160:443:443 HTTP/1.1" 400 -
159.65.160.150 - - [19/Aug/2023:11:35:52 +0000] "CONNECT 51.79.243.160:443:443 HTTP/1.1" 400 -
159.65.160.150 - - [19/Aug/2023:11:35:58 +0000] "CONNECT 51.79.243.160:443:443 HTTP/1.1" 400 -
159.89.143.238 - - [19/Aug/2023:11:36:09 +0000] "CONNECT k9win.agency:443:443 HTTP/1.1" 400 -
159.65.160.150 - - [19/Aug/2023:11:36:16 +0000] "CONNECT 51.79.243.160:443:443 HTTP/1.1" 400 -
159.65.160.150 - - [19/Aug/2023:11:36:19 +0000] "CONNECT 51.79.243.160:443:443 HTTP/1.1" 400 -
138.197.28.9 - - [19/Aug/2023:11:36:43 +0000] "CONNECT play.rikvip.net:443:443 HTTP/1.1" 400 -
159.65.160.150 - - [19/Aug/2023:11:36:47 +0000] "CONNECT 51.79.243.160:443:443 HTTP/1.1" 400 -
138.197.28.9 - - [19/Aug/2023:11:37:12 +0000] "CONNECT play.rikvip.net:443:443 HTTP/1.1" 400 -
159.65.160.150 - - [19/Aug/2023:11:37:15 +0000] "CONNECT 51.79.243.160:443:443 HTTP/1.1" 400 -
159.89.136.29 - - [19/Aug/2023:11:37:21 +0000] "CONNECT 123br.xyz:443:443 HTTP/1.1" 400 -
159.65.160.150 - - [19/Aug/2023:11:37:26 +0000] "CONNECT 51.79.243.160:443:443 HTTP/1.1" 400 -
159.65.160.150 - - [19/Aug/2023:11:37:30 +0000] "CONNECT 51.79.243.160:443:443 HTTP/1.1" 400 -
159.65.160.150 - - [19/Aug/2023:11:37:39 +0000] "CONNECT 51.79.243.160:443:443 HTTP/1.1" 400 -
159.65.160.150 - - [19/Aug/2023:11:37:47 +0000] "CONNECT 51.79.243.160:443:443 HTTP/1.1" 400 -
159.65.160.150 - - [19/Aug/2023:11:37:53 +0000] "CONNECT 51.79.243.160:443:443 HTTP/1.1" 400 -
159.65.160.150 - - [19/Aug/2023:11:37:53 +0000] "CONNECT 51.79.243.160:443:443 HTTP/1.1" 400 -
159.65.160.150 - - [19/Aug/2023:11:37:56 +0000] "CONNECT 51.79.243.160:443:443 HTTP/1.1" 400 -
138.197.28.9 - - [19/Aug/2023:11:37:59 +0000] "CONNECT play.rikvip.net:443:443 HTTP/1.1" 400 -
159.65.160.150 - - [19/Aug/2023:11:38:08 +0000] "CONNECT 51.79.243.160:443:443 HTTP/1.1" 400 -
138.197.28.9 - - [19/Aug/2023:11:38:10 +0000] "CONNECT play.rikvip.net:443:443 HTTP/1.1" 400 -
159.89.136.29 - - [19/Aug/2023:11:38:10 +0000] "CONNECT 123br.xyz:443:443 HTTP/1.1" 400 -
159.89.136.29 - - [19/Aug/2023:11:38:18 +0000] "CONNECT 123br.xyz:443:443 HTTP/1.1" 400 -
159.65.160.150 - - [19/Aug/2023:11:38:19 +0000] "CONNECT 51.79.243.160:443:443 HTTP/1.1" 400 -
159.65.160.150 - - [19/Aug/2023:11:38:24 +0000] "CONNECT 51.79.243.160:443:443 HTTP/1.1" 400 -
159.89.136.29 - - [19/Aug/2023:11:38:45 +0000] "CONNECT bia333.vn:443:443 HTTP/1.1" 400 -
159.65.160.150 - - [19/Aug/2023:11:38:50 +0000] "CONNECT 51.79.243.160:443:443 HTTP/1.1" 400 -
159.65.160.150 - - [19/Aug/2023:11:39:02 +0000] "CONNECT 51.79.243.160:443:443 HTTP/1.1" 400 -
159.89.136.29 - - [19/Aug/2023:11:39:24 +0000] "CONNECT mobilpay.live:443:443 HTTP/1.1" 400 -
138.197.28.9 - - [19/Aug/2023:11:39:36 +0000] "CONNECT play.rikvip.net:443:443 HTTP/1.1" 400 -
159.89.136.29 - - [19/Aug/2023:11:39:45 +0000] "CONNECT lo88.org:443:443 HTTP/1.1" 400 -
138.197.28.9 - - [19/Aug/2023:11:39:51 +0000] "CONNECT play.rikvip.net:443:443 HTTP/1.1" 400 -
138.197.28.9 - - [19/Aug/2023:11:40:03 +0000] "CONNECT play.rikvip.net:443:443 HTTP/1.1" 400 -
159.89.136.29 - - [19/Aug/2023:11:40:06 +0000] "CONNECT 51.254.89.60:30120:443:443 HTTP/1.1" 400 -
159.89.136.29 - - [19/Aug/2023:11:40:15 +0000] "CONNECT starvend.xyz:443:443 HTTP/1.1" 400 -
138.197.28.9 - - [19/Aug/2023:11:40:44 +0000] "CONNECT play.rikvip.net:443:443 HTTP/1.1" 400 -
159.89.143.238 - - [19/Aug/2023:11:40:50 +0000] "CONNECT userbackupbot.shop:443:443 HTTP/1.1" 400 -
138.197.28.9 - - [19/Aug/2023:11:40:50 +0000] "CONNECT play.rikvip.net:443:443 HTTP/1.1" 400 -
159.89.143.238 - - [19/Aug/2023:11:41:03 +0000] "CONNECT test.lo88.org:443:443 HTTP/1.1" 400 -
159.89.143.238 - - [19/Aug/2023:11:41:07 +0000] "CONNECT starvend.xyz:443:443 HTTP/1.1" 400 -
159.65.160.150 - - [19/Aug/2023:11:41:14 +0000] "CONNECT 51.79.243.160:443:443 HTTP/1.1" 400 -
159.89.143.238 - - [19/Aug/2023:11:41:18 +0000] "CONNECT k9win.agency:443:443 HTTP/1.1" 400 -
159.65.160.150 - - [19/Aug/2023:11:41:23 +0000] "CONNECT 51.79.243.160:443:443 HTTP/1.1" 400 -
159.89.136.29 - - [19/Aug/2023:11:41:23 +0000] "CONNECT starvend.xyz:443:443 HTTP/1.1" 400 -
159.65.160.150 - - [19/Aug/2023:11:41:33 +0000] "CONNECT 51.79.243.160:443:443 HTTP/1.1" 400 -
159.89.143.238 - - [19/Aug/2023:11:41:37 +0000] "CONNECT userbackupbot.shop:443:443 HTTP/1.1" 400 -
159.89.143.238 - - [19/Aug/2023:11:41:50 +0000] "CONNECT lo88.org:443:443 HTTP/1.1" 400 -
159.65.160.150 - - [19/Aug/2023:11:41:52 +0000] "CONNECT 51.79.243.160:443:443 HTTP/1.1" 400 -
138.197.28.9 - - [19/Aug/2023:11:41:59 +0000] "CONNECT play.rikvip.net:443:443 HTTP/1.1" 400 -
159.89.143.238 - - [19/Aug/2023:11:42:04 +0000] "CONNECT starvend.xyz:443:443 HTTP/1.1" 400 -
159.89.136.29 - - [19/Aug/2023:11:42:05 +0000] "CONNECT lo88.org:443:443 HTTP/1.1" 400 -
159.89.143.238 - - [19/Aug/2023:11:42:07 +0000] "CONNECT www.serinakit.com:443:443 HTTP/1.1" 400 -
159.65.160.150 - - [19/Aug/2023:11:42:07 +0000] "CONNECT 51.79.243.160:443:443 HTTP/1.1" 400 -
159.89.136.29 - - [19/Aug/2023:11:42:20 +0000] "CONNECT starvend.xyz:443:443 HTTP/1.1" 400 -
159.65.160.150 - - [19/Aug/2023:11:42:27 +0000] "CONNECT 51.79.243.160:443:443 HTTP/1.1" 400 -
159.89.143.238 - - [19/Aug/2023:11:42:28 +0000] "CONNECT sumvip3.club:443:443 HTTP/1.1" 400 -
159.89.136.29 - - [19/Aug/2023:11:42:31 +0000] "CONNECT www.serinakit.com:443:443 HTTP/1.1" 400 -
159.89.136.29 - - [19/Aug/2023:11:42:39 +0000] "CONNECT 51.79.243.160:443:443 HTTP/1.1" 400 -
159.65.160.150 - - [19/Aug/2023:11:42:46 +0000] "CONNECT 51.79.243.160:443:443 HTTP/1.1" 400 -
159.89.136.29 - - [19/Aug/2023:11:42:56 +0000] "CONNECT 51.79.243.160:443:443 HTTP/1.1" 400 -
159.65.160.150 - - [19/Aug/2023:11:43:02 +0000] "CONNECT 51.79.243.160:443:443 HTTP/1.1" 400 -
159.89.136.29 - - [19/Aug/2023:11:43:03 +0000] "CONNECT azota.vn:443:443 HTTP/1.1" 400 -
159.65.160.150 - - [19/Aug/2023:11:43:10 +0000] "CONNECT 51.79.243.160:443:443 HTTP/1.1" 400 -
159.89.143.238 - - [19/Aug/2023:11:43:16 +0000] "CONNECT lo88.org:443:443 HTTP/1.1" 400 -
159.89.136.29 - - [19/Aug/2023:11:43:17 +0000] "CONNECT lo88.org:443:443 HTTP/1.1" 400 -
138.197.28.9 - - [19/Aug/2023:11:43:26 +0000] "CONNECT play.rikvip.net:443:443 HTTP/1.1" 400 -
159.65.160.150 - - [19/Aug/2023:11:43:41 +0000] "CONNECT 51.79.243.160:443:443 HTTP/1.1" 400 -
159.89.143.238 - - [19/Aug/2023:11:43:49 +0000] "CONNECT test.lo88.org:443:443 HTTP/1.1" 400 -
159.65.160.150 - - [19/Aug/2023:11:43:51 +0000] "CONNECT 51.79.243.160:443:443 HTTP/1.1" 400 -
159.65.160.150 - - [19/Aug/2023:11:43:58 +0000] "CONNECT 51.79.243.160:443:443 HTTP/1.1" 400 -
159.65.160.150 - - [19/Aug/2023:11:43:58 +0000] "CONNECT 51.79.243.160:443:443 HTTP/1.1" 400 -
138.197.28.9 - - [19/Aug/2023:11:44:05 +0000] "CONNECT play.rikvip.net:443:443 HTTP/1.1" 400 -
159.89.136.29 - - [19/Aug/2023:11:44:08 +0000] "CONNECT cant-hit.us:443:443 HTTP/1.1" 400 -
159.89.143.238 - - [19/Aug/2023:11:44:11 +0000] "CONNECT lo88.org:443:443 HTTP/1.1" 400 -
159.89.136.29 - - [19/Aug/2023:11:44:14 +0000] "CONNECT 51.254.89.60:30120:443:443 HTTP/1.1" 400 -
159.65.160.150 - - [19/Aug/2023:11:44:19 +0000] "CONNECT 51.79.243.160:443:443 HTTP/1.1" 400 -
159.89.136.29 - - [19/Aug/2023:11:44:23 +0000] "CONNECT lo88.org:443:443 HTTP/1.1" 400 -
159.89.136.29 - - [19/Aug/2023:11:44:25 +0000] "CONNECT lo88.org:443:443 HTTP/1.1" 400 -
138.197.28.9 - - [19/Aug/2023:11:44:28 +0000] "CONNECT play.rikvip.net:443:443 HTTP/1.1" 400 -
159.89.143.238 - - [19/Aug/2023:11:44:31 +0000] "CONNECT 51.254.89.60:30120:443:443 HTTP/1.1" 400 -
138.197.28.9 - - [19/Aug/2023:11:44:36 +0000] "CONNECT play.rikvip.net:443:443 HTTP/1.1" 400 -
159.89.143.238 - - [19/Aug/2023:11:44:37 +0000] "CONNECT lo88.org:443:443 HTTP/1.1" 400 -
138.197.28.9 - - [19/Aug/2023:11:44:56 +0000] "CONNECT play.rikvip.net:443:443 HTTP/1.1" 400 -
159.89.143.238 - - [19/Aug/2023:11:44:56 +0000] "CONNECT nasawatch.com:443:443 HTTP/1.1" 400 -
159.89.136.29 - - [19/Aug/2023:11:45:19 +0000] "CONNECT apkadmin.com:443:443 HTTP/1.1" 400 -
159.65.160.150 - - [19/Aug/2023:11:45:21 +0000] "CONNECT 51.79.243.160:443:443 HTTP/1.1" 400 -
159.89.143.238 - - [19/Aug/2023:11:45:23 +0000] "CONNECT apkadmin.com:443:443 HTTP/1.1" 400 -
159.65.160.150 - - [19/Aug/2023:11:45:24 +0000] "CONNECT 51.79.243.160:443:443 HTTP/1.1" 400 -
159.65.160.150 - - [19/Aug/2023:11:45:29 +0000] "CONNECT 51.79.243.160:443:443 HTTP/1.1" 400 -
159.89.136.29 - - [19/Aug/2023:11:45:30 +0000] "CONNECT test.lo88.org:443:443 HTTP/1.1" 400 -
159.89.143.238 - - [19/Aug/2023:11:45:35 +0000] "CONNECT hengfu100.com:443:443 HTTP/1.1" 400 -
159.89.136.29 - - [19/Aug/2023:11:45:45 +0000] "CONNECT hengfu100.com:443:443 HTTP/1.1" 400 -
159.89.143.238 - - [19/Aug/2023:11:45:57 +0000] "CONNECT www.7505522.com:443:443 HTTP/1.1" 400 -
159.65.160.150 - - [19/Aug/2023:11:46:07 +0000] "CONNECT 51.79.243.160:443:443 HTTP/1.1" 400 -
159.89.136.29 - - [19/Aug/2023:11:46:14 +0000] "CONNECT apkadmin.com:443:443 HTTP/1.1" 400 -
159.89.143.238 - - [19/Aug/2023:11:46:19 +0000] "CONNECT 51.79.243.160:443:443 HTTP/1.1" 400 -
159.89.136.29 - - [19/Aug/2023:11:46:44 +0000] "CONNECT ngocrongyellow.fun:443:443 HTTP/1.1" 400 -
159.89.136.29 - - [19/Aug/2023:11:46:47 +0000] "CONNECT ngocrongyellow.fun:443:443 HTTP/1.1" 400 -
159.65.160.150 - - [19/Aug/2023:11:46:48 +0000] "CONNECT 51.79.243.160:443:443 HTTP/1.1" 400 -
159.65.160.150 - - [19/Aug/2023:11:46:56 +0000] "CONNECT 51.79.243.160:443:443 HTTP/1.1" 400 -
159.65.160.150 - - [19/Aug/2023:11:47:01 +0000] "CONNECT 51.79.243.160:443:443 HTTP/1.1" 400 -
159.89.136.29 - - [19/Aug/2023:11:47:05 +0000] "CONNECT prudentialfinance.online:443:443 HTTP/1.1" 400 -
138.197.28.9 - - [19/Aug/2023:11:47:09 +0000] "CONNECT play.rikvip.net:443:443 HTTP/1.1" 400 -
159.89.143.238 - - [19/Aug/2023:11:47:12 +0000] "CONNECT ngocrongyellow.fun:443:443 HTTP/1.1" 400 -
138.197.28.9 - - [19/Aug/2023:11:47:19 +0000] "CONNECT play.rikvip.net:443:443 HTTP/1.1" 400 -
159.89.136.29 - - [19/Aug/2023:11:47:32 +0000] "CONNECT sumvip3.club:443:443 HTTP/1.1" 400 -
159.89.136.29 - - [19/Aug/2023:11:47:42 +0000] "CONNECT ngocrongyellow.fun:443:443 HTTP/1.1" 400 -
159.65.160.150 - - [19/Aug/2023:11:47:48 +0000] "CONNECT 51.79.243.160:443:443 HTTP/1.1" 400 -
159.65.160.150 - - [19/Aug/2023:11:47:48 +0000] "CONNECT 51.79.243.160:443:443 HTTP/1.1" 400 -
159.89.143.238 - - [19/Aug/2023:11:47:53 +0000] "CONNECT k9win.agency:443:443 HTTP/1.1" 400 -
159.65.160.150 - - [19/Aug/2023:11:47:58 +0000] "CONNECT 51.79.243.160:443:443 HTTP/1.1" 400 -
159.89.143.238 - - [19/Aug/2023:11:48:03 +0000] "CONNECT www.zjkqhlxx.cn:443:443 HTTP/1.1" 400 -
159.89.143.238 - - [19/Aug/2023:11:48:03 +0000] "CONNECT apkadmin.com:443:443 HTTP/1.1" 400 -
159.89.136.29 - - [19/Aug/2023:11:48:03 +0000] "CONNECT hengfu100.com:443:443 HTTP/1.1" 400 -
159.89.136.29 - - [19/Aug/2023:11:48:25 +0000] "CONNECT ngocrongyellow.fun:443:443 HTTP/1.1" 400 -
159.65.160.150 - - [19/Aug/2023:11:48:27 +0000] "CONNECT 51.79.243.160:443:443 HTTP/1.1" 400 -
159.89.136.29 - - [19/Aug/2023:11:48:30 +0000] "CONNECT www.capcut.com:443:443 HTTP/1.1" 400 -
159.65.160.150 - - [19/Aug/2023:11:48:31 +0000] "CONNECT 51.79.243.160:443:443 HTTP/1.1" 400 -
159.65.160.150 - - [19/Aug/2023:11:48:34 +0000] "CONNECT 51.79.243.160:443:443 HTTP/1.1" 400 -
198.98.58.175 - - [19/Aug/2023:11:48:39 +0000] "CONNECT ip138.com:443 HTTP/1.1" 400 -
138.197.28.9 - - [19/Aug/2023:11:48:44 +0000] "CONNECT play.rikvip.net:443:443 HTTP/1.1" 400 -
159.65.160.150 - - [19/Aug/2023:11:48:45 +0000] "CONNECT 51.79.243.160:443:443 HTTP/1.1" 400 -
159.89.136.29 - - [19/Aug/2023:11:48:54 +0000] "CONNECT www.zjkqhlxx.cn:443:443 HTTP/1.1" 400 -
159.65.160.150 - - [19/Aug/2023:11:48:56 +0000] "CONNECT 51.79.243.160:443:443 HTTP/1.1" 400 -
159.89.136.29 - - [19/Aug/2023:11:48:57 +0000] "CONNECT apkadmin.com:443:443 HTTP/1.1" 400 -
159.89.143.238 - - [19/Aug/2023:11:48:59 +0000] "CONNECT mobilpay.io:443:443 HTTP/1.1" 400 -
159.89.143.238 - - [19/Aug/2023:11:49:18 +0000] "CONNECT mobilpay.io:443:443 HTTP/1.1" 400 -
159.65.160.150 - - [19/Aug/2023:11:49:21 +0000] "CONNECT 51.79.243.160:443:443 HTTP/1.1" 400 -
159.89.143.238 - - [19/Aug/2023:11:49:29 +0000] "CONNECT www.bombclick.net:443:443 HTTP/1.1" 400 -
159.89.143.238 - - [19/Aug/2023:11:49:30 +0000] "CONNECT apkadmin.com:443:443 HTTP/1.1" 400 -
159.65.160.150 - - [19/Aug/2023:11:49:31 +0000] "CONNECT 51.79.243.160:443:443 HTTP/1.1" 400 -
159.89.136.29 - - [19/Aug/2023:11:49:33 +0000] "CONNECT www.bombclick.net:443:443 HTTP/1.1" 400 -
159.89.136.29 - - [19/Aug/2023:11:49:45 +0000] "CONNECT www.bombclick.net:443:443 HTTP/1.1" 400 -
138.197.28.9 - - [19/Aug/2023:11:50:09 +0000] "CONNECT play.rikvip.net:443:443 HTTP/1.1" 400 -
159.65.160.150 - - [19/Aug/2023:11:50:12 +0000] "CONNECT 51.79.243.160:443:443 HTTP/1.1" 400 -
159.65.160.150 - - [19/Aug/2023:11:50:14 +0000] "CONNECT 51.79.243.160:443:443 HTTP/1.1" 400 -
159.89.136.29 - - [19/Aug/2023:11:50:21 +0000] "CONNECT apkadmin.com:443:443 HTTP/1.1" 400 -
159.89.136.29 - - [19/Aug/2023:11:50:31 +0000] "CONNECT apkadmin.com:443:443 HTTP/1.1" 400 -
159.65.160.150 - - [19/Aug/2023:11:50:45 +0000] "CONNECT 51.79.243.160:443:443 HTTP/1.1" 400 -
159.65.160.150 - - [19/Aug/2023:11:50:59 +0000] "CONNECT 51.79.243.160:443:443 HTTP/1.1" 400 -
159.65.160.150 - - [19/Aug/2023:11:51:02 +0000] "CONNECT 51.79.243.160:443:443 HTTP/1.1" 400 -
159.65.160.150 - - [19/Aug/2023:11:51:03 +0000] "CONNECT 51.79.243.160:443:443 HTTP/1.1" 400 -
159.89.143.238 - - [19/Aug/2023:11:51:08 +0000] "CONNECT apkadmin.com:443:443 HTTP/1.1" 400 -
159.65.160.150 - - [19/Aug/2023:11:51:18 +0000] "CONNECT 51.79.243.160:443:443 HTTP/1.1" 400 -
159.89.136.29 - - [19/Aug/2023:11:51:20 +0000] "CONNECT www.bombclick.net:443:443 HTTP/1.1" 400 -
159.65.160.150 - - [19/Aug/2023:11:51:23 +0000] "CONNECT 51.79.243.160:443:443 HTTP/1.1" 400 -
159.89.136.29 - - [19/Aug/2023:11:51:24 +0000] "CONNECT www.bombclick.net:443:443 HTTP/1.1" 400 -
159.89.136.29 - - [19/Aug/2023:11:51:28 +0000] "CONNECT www.zjkqhlxx.cn:443:443 HTTP/1.1" 400 -
138.197.28.9 - - [19/Aug/2023:11:51:32 +0000] "CONNECT play.rikvip.net:443:443 HTTP/1.1" 400 -
159.89.136.29 - - [19/Aug/2023:11:51:39 +0000] "CONNECT hengfu100.com:443:443 HTTP/1.1" 400 -
159.65.160.150 - - [19/Aug/2023:11:51:52 +0000] "CONNECT 51.79.243.160:443:443 HTTP/1.1" 400 -
159.65.160.150 - - [19/Aug/2023:11:52:00 +0000] "CONNECT 51.79.243.160:443:443 HTTP/1.1" 400 -
159.89.136.29 - - [19/Aug/2023:11:52:03 +0000] "CONNECT www.zjkqhlxx.cn:443:443 HTTP/1.1" 400 -
159.65.160.150 - - [19/Aug/2023:11:52:13 +0000] "CONNECT 51.79.243.160:443:443 HTTP/1.1" 400 -
159.89.143.238 - - [19/Aug/2023:11:52:15 +0000] "CONNECT hengfu100.com:443:443 HTTP/1.1" 400 -
159.89.136.29 - - [19/Aug/2023:11:52:18 +0000] "CONNECT www.bombclick.net:443:443 HTTP/1.1" 400 -
159.65.160.150 - - [19/Aug/2023:11:52:28 +0000] "CONNECT 51.79.243.160:443:443 HTTP/1.1" 400 -
159.65.160.150 - - [19/Aug/2023:11:52:30 +0000] "CONNECT 51.79.243.160:443:443 HTTP/1.1" 400 -
159.89.136.29 - - [19/Aug/2023:11:52:35 +0000] "CONNECT www.zjkqhlxx.cn:443:443 HTTP/1.1" 400 -
159.65.160.150 - - [19/Aug/2023:11:52:37 +0000] "CONNECT 51.79.243.160:443:443 HTTP/1.1" 400 -
138.197.28.9 - - [19/Aug/2023:11:52:37 +0000] "CONNECT play.rikvip.net:443:443 HTTP/1.1" 400 -
159.65.160.150 - - [19/Aug/2023:11:52:54 +0000] "CONNECT 51.79.243.160:443:443 HTTP/1.1" 400 -
159.89.143.238 - - [19/Aug/2023:11:52:55 +0000] "CONNECT check-host.cc:443:443 HTTP/1.1" 400 -
159.65.160.150 - - [19/Aug/2023:11:53:10 +0000] "CONNECT 51.79.243.160:443:443 HTTP/1.1" 400 -
159.89.143.238 - - [19/Aug/2023:11:53:17 +0000] "CONNECT www.adskoru.com:443:443 HTTP/1.1" 400 -
159.65.160.150 - - [19/Aug/2023:11:53:27 +0000] "CONNECT 51.79.243.160:443:443 HTTP/1.1" 400 -
138.197.28.9 - - [19/Aug/2023:11:53:31 +0000] "CONNECT play.rikvip.net:443:443 HTTP/1.1" 400 -
159.65.160.150 - - [19/Aug/2023:11:53:33 +0000] "CONNECT 51.79.243.160:443:443 HTTP/1.1" 400 -
159.65.160.150 - - [19/Aug/2023:11:53:40 +0000] "CONNECT 51.79.243.160:443:443 HTTP/1.1" 400 -
159.89.143.238 - - [19/Aug/2023:11:53:44 +0000] "CONNECT hengfu100.com:443:443 HTTP/1.1" 400 -
159.89.136.29 - - [19/Aug/2023:11:53:58 +0000] "CONNECT www.adskoru.com:443:443 HTTP/1.1" 400 -
159.65.160.150 - - [19/Aug/2023:11:54:15 +0000] "CONNECT 51.79.243.160:443:443 HTTP/1.1" 400 -
159.89.143.238 - - [19/Aug/2023:11:54:29 +0000] "CONNECT www.adskoru.com:443:443 HTTP/1.1" 400 -
159.65.160.150 - - [19/Aug/2023:11:54:44 +0000] "CONNECT 51.79.243.160:443:443 HTTP/1.1" 400 -
138.197.28.9 - - [19/Aug/2023:11:54:59 +0000] "CONNECT play.rikvip.net:443:443 HTTP/1.1" 400 -
159.89.143.238 - - [19/Aug/2023:11:55:09 +0000] "CONNECT hengfu100.com:443:443 HTTP/1.1" 400 -
159.89.136.29 - - [19/Aug/2023:11:55:13 +0000] "CONNECT sumvip3.club:443:443 HTTP/1.1" 400 -
159.65.160.150 - - [19/Aug/2023:11:55:22 +0000] "CONNECT 51.79.243.160:443:443 HTTP/1.1" 400 -
159.89.136.29 - - [19/Aug/2023:11:55:34 +0000] "CONNECT www.adskoru.com:443:443 HTTP/1.1" 400 -
159.65.160.150 - - [19/Aug/2023:11:55:36 +0000] "CONNECT 51.79.243.160:443:443 HTTP/1.1" 400 -
159.65.160.150 - - [19/Aug/2023:11:55:38 +0000] "CONNECT 51.79.243.160:443:443 HTTP/1.1" 400 -
159.89.143.238 - - [19/Aug/2023:11:55:43 +0000] "CONNECT www.adskoru.com:443:443 HTTP/1.1" 400 -
159.89.136.29 - - [19/Aug/2023:11:55:48 +0000] "CONNECT sumvip3.club:443:443 HTTP/1.1" 400 -
159.89.143.238 - - [19/Aug/2023:11:55:50 +0000] "CONNECT www.adskoru.com:443:443 HTTP/1.1" 400 -
159.65.160.150 - - [19/Aug/2023:11:55:59 +0000] "CONNECT 51.79.243.160:443:443 HTTP/1.1" 400 -
159.89.143.238 - - [19/Aug/2023:11:56:04 +0000] "CONNECT k9win.agency:443:443 HTTP/1.1" 400 -
159.89.143.238 - - [19/Aug/2023:11:56:06 +0000] "CONNECT k9win.agency:443:443 HTTP/1.1" 400 -
159.89.136.29 - - [19/Aug/2023:11:56:08 +0000] "CONNECT hengfu100.com:443:443 HTTP/1.1" 400 -
138.197.28.9 - - [19/Aug/2023:11:56:13 +0000] "CONNECT play.rikvip.net:443:443 HTTP/1.1" 400 -
159.89.136.29 - - [19/Aug/2023:11:56:14 +0000] "CONNECT hengfu100.com:443:443 HTTP/1.1" 400 -
159.89.143.238 - - [19/Aug/2023:11:56:20 +0000] "CONNECT sumvip3.club:443:443 HTTP/1.1" 400 -
159.65.160.150 - - [19/Aug/2023:11:56:20 +0000] "CONNECT 51.79.243.160:443:443 HTTP/1.1" 400 -
138.197.28.9 - - [19/Aug/2023:11:56:24 +0000] "CONNECT play.rikvip.net:443:443 HTTP/1.1" 400 -
159.65.160.150 - - [19/Aug/2023:11:56:28 +0000] "CONNECT 51.79.243.160:443:443 HTTP/1.1" 400 -
159.89.136.29 - - [19/Aug/2023:11:56:32 +0000] "CONNECT widget.getbutton.io:443:443 HTTP/1.1" 400 -
159.89.143.238 - - [19/Aug/2023:11:56:32 +0000] "CONNECT lo88.org:443:443 HTTP/1.1" 400 -
159.89.136.29 - - [19/Aug/2023:11:56:37 +0000] "CONNECT www.medistart.com:443:443 HTTP/1.1" 400 -
138.197.28.9 - - [19/Aug/2023:11:56:43 +0000] "CONNECT play.rikvip.net:443:443 HTTP/1.1" 400 -
159.65.160.150 - - [19/Aug/2023:11:56:46 +0000] "CONNECT 51.79.243.160:443:443 HTTP/1.1" 400 -
159.65.160.150 - - [19/Aug/2023:11:56:52 +0000] "CONNECT 51.79.243.160:443:443 HTTP/1.1" 400 -
159.89.136.29 - - [19/Aug/2023:11:56:58 +0000] "CONNECT lo88.org:443:443 HTTP/1.1" 400 -
159.89.136.29 - - [19/Aug/2023:11:57:01 +0000] "CONNECT www.medistart.com:443:443 HTTP/1.1" 400 -
159.89.143.238 - - [19/Aug/2023:11:57:11 +0000] "CONNECT sumvip3.club:443:443 HTTP/1.1" 400 -
159.89.136.29 - - [19/Aug/2023:11:57:11 +0000] "CONNECT www.adskoru.com:443:443 HTTP/1.1" 400 -
159.89.143.238 - - [19/Aug/2023:11:57:16 +0000] "CONNECT k9win.agency:443:443 HTTP/1.1" 400 -
159.65.160.150 - - [19/Aug/2023:11:57:22 +0000] "CONNECT 51.79.243.160:443:443 HTTP/1.1" 400 -
159.89.136.29 - - [19/Aug/2023:11:57:29 +0000] "CONNECT www.adskoru.com:443:443 HTTP/1.1" 400 -
159.65.160.150 - - [19/Aug/2023:11:57:31 +0000] "CONNECT 51.79.243.160:443:443 HTTP/1.1" 400 -
159.89.136.29 - - [19/Aug/2023:11:57:35 +0000] "CONNECT www.medistart.com:443:443 HTTP/1.1" 400 -
159.65.160.150 - - [19/Aug/2023:11:57:41 +0000] "CONNECT 51.79.243.160:443:443 HTTP/1.1" 400 -
159.65.160.150 - - [19/Aug/2023:11:58:00 +0000] "CONNECT 51.79.243.160:443:443 HTTP/1.1" 400 -
159.65.160.150 - - [19/Aug/2023:11:58:01 +0000] "CONNECT 51.79.243.160:443:443 HTTP/1.1" 400 -
159.89.136.29 - - [19/Aug/2023:11:58:06 +0000] "CONNECT sumvip3.club:443:443 HTTP/1.1" 400 -
159.65.160.150 - - [19/Aug/2023:11:58:16 +0000] "CONNECT 51.79.243.160:443:443 HTTP/1.1" 400 -
159.89.143.238 - - [19/Aug/2023:11:58:18 +0000] "CONNECT lo88.org:443:443 HTTP/1.1" 400 -
159.65.160.150 - - [19/Aug/2023:11:58:18 +0000] "CONNECT 51.79.243.160:443:443 HTTP/1.1" 400 -
159.65.160.150 - - [19/Aug/2023:11:58:24 +0000] "CONNECT 51.79.243.160:443:443 HTTP/1.1" 400 -
159.89.143.238 - - [19/Aug/2023:11:58:38 +0000] "CONNECT www.zjkqhlxx.cn:443:443 HTTP/1.1" 400 -
159.89.143.238 - - [19/Aug/2023:11:59:00 +0000] "CONNECT lo88.org:443:443 HTTP/1.1" 400 -
159.89.143.238 - - [19/Aug/2023:11:59:06 +0000] "CONNECT www.zjkqhlxx.cn:443:443 HTTP/1.1" 400 -
159.89.143.238 - - [19/Aug/2023:11:59:09 +0000] "CONNECT k9win.agency:443:443 HTTP/1.1" 400 -
138.197.28.9 - - [19/Aug/2023:11:59:10 +0000] "CONNECT play.rikvip.net:443:443 HTTP/1.1" 400 -
159.65.160.150 - - [19/Aug/2023:11:59:20 +0000] "CONNECT 51.79.243.160:443:443 HTTP/1.1" 400 -
159.89.143.238 - - [19/Aug/2023:11:59:28 +0000] "CONNECT hengfu100.com:443:443 HTTP/1.1" 400 -
159.65.160.150 - - [19/Aug/2023:11:59:33 +0000] "CONNECT 51.79.243.160:443:443 HTTP/1.1" 400 -
159.65.160.150 - - [19/Aug/2023:11:59:34 +0000] "CONNECT 51.79.243.160:443:443 HTTP/1.1" 400 -
159.89.143.238 - - [19/Aug/2023:11:59:38 +0000] "CONNECT hengfu100.com:443:443 HTTP/1.1" 400 -
159.89.136.29 - - [19/Aug/2023:11:59:42 +0000] "CONNECT 206.168.173.67:3028:443:443 HTTP/1.1" 400 -
138.197.28.9 - - [19/Aug/2023:12:00:02 +0000] "CONNECT play.rikvip.net:443:443 HTTP/1.1" 400 -
159.89.143.238 - - [19/Aug/2023:12:00:11 +0000] "CONNECT 206.168.173.67:3028:443:443 HTTP/1.1" 400 -
