142.93.80.219 - - [18/Aug/2023:04:19:23 +0000] "CONNECT test.lo88.org:443:443 HTTP/1.1" 400 -
159.89.136.33 - - [18/Aug/2023:04:19:26 +0000] "CONNECT lo88.org:443:443 HTTP/1.1" 400 -
159.89.143.221 - - [18/Aug/2023:04:19:32 +0000] "CONNECT peticaopublica.com:443:443 HTTP/1.1" 400 -
159.89.136.29 - - [18/Aug/2023:04:19:32 +0000] "CONNECT test.lo88.org:443:443 HTTP/1.1" 400 -
159.89.136.29 - - [18/Aug/2023:04:19:39 +0000] "CONNECT k9win.agency:443:443 HTTP/1.1" 400 -
159.89.136.33 - - [18/Aug/2023:04:19:42 +0000] "CONNECT k9win.agency:443:443 HTTP/1.1" 400 -
159.89.136.29 - - [18/Aug/2023:04:19:46 +0000] "CONNECT sumvip3.club:443:443 HTTP/1.1" 400 -
159.89.143.221 - - [18/Aug/2023:04:19:53 +0000] "CONNECT sumvip3.club:443:443 HTTP/1.1" 400 -
159.89.136.29 - - [18/Aug/2023:04:19:54 +0000] "CONNECT k9win.agency:443:443 HTTP/1.1" 400 -
159.89.136.29 - - [18/Aug/2023:04:20:03 +0000] "CONNECT lo88.org:443:443 HTTP/1.1" 400 -
159.89.136.33 - - [18/Aug/2023:04:20:06 +0000] "CONNECT lo88.org:443:443 HTTP/1.1" 400 -
142.93.80.219 - - [18/Aug/2023:04:20:07 +0000] "CONNECT sumvip3.club:443:443 HTTP/1.1" 400 -
159.89.143.221 - - [18/Aug/2023:04:20:26 +0000] "CONNECT peticaopublica.com:443:443 HTTP/1.1" 400 -
159.89.143.221 - - [18/Aug/2023:04:20:32 +0000] "CONNECT k9win.agency:443:443 HTTP/1.1" 400 -
159.89.143.221 - - [18/Aug/2023:04:20:32 +0000] "CONNECT peticaopublica.com:443:443 HTTP/1.1" 400 -
159.89.143.238 - - [18/Aug/2023:04:20:33 +0000] "CONNECT lo88.org:443:443 HTTP/1.1" 400 -
159.89.143.238 - - [18/Aug/2023:04:20:38 +0000] "CONNECT test.lo88.org:443:443 HTTP/1.1" 400 -
159.89.143.221 - - [18/Aug/2023:04:20:40 +0000] "CONNECT sumvip3.club:443:443 HTTP/1.1" 400 -
159.89.143.238 - - [18/Aug/2023:04:20:51 +0000] "CONNECT sumvip3.club:443:443 HTTP/1.1" 400 -
159.89.136.33 - - [18/Aug/2023:04:20:53 +0000] "CONNECT sumvip3.club:443:443 HTTP/1.1" 400 -
159.89.136.29 - - [18/Aug/2023:04:21:00 +0000] "CONNECT k9win.agency:443:443 HTTP/1.1" 400 -
159.89.143.238 - - [18/Aug/2023:04:21:03 +0000] "CONNECT vnew88.com:443:443 HTTP/1.1" 400 -
159.89.143.238 - - [18/Aug/2023:04:21:05 +0000] "CONNECT k9win.agency:443:443 HTTP/1.1" 400 -
159.89.143.221 - - [18/Aug/2023:04:21:11 +0000] "CONNECT lo88.org:443:443 HTTP/1.1" 400 -
142.93.80.219 - - [18/Aug/2023:04:21:14 +0000] "CONNECT test.lo88.org:443:443 HTTP/1.1" 400 -
159.89.143.238 - - [18/Aug/2023:04:21:20 +0000] "CONNECT k9win.agency:443:443 HTTP/1.1" 400 -
142.93.80.219 - - [18/Aug/2023:04:21:26 +0000] "CONNECT sumvip3.club:443:443 HTTP/1.1" 400 -
138.197.28.9 - - [18/Aug/2023:04:21:34 +0000] "CONNECT play.rikvip.net:443:443 HTTP/1.1" 400 -
159.89.143.221 - - [18/Aug/2023:04:21:36 +0000] "CONNECT sumvip3.club:443:443 HTTP/1.1" 400 -
159.89.136.29 - - [18/Aug/2023:04:21:45 +0000] "CONNECT peticaopublica.com:443:443 HTTP/1.1" 400 -
142.93.80.219 - - [18/Aug/2023:04:21:46 +0000] "CONNECT peticaopublica.com:443:443 HTTP/1.1" 400 -
159.89.143.221 - - [18/Aug/2023:04:22:05 +0000] "CONNECT lo88.org:443:443 HTTP/1.1" 400 -
142.93.80.219 - - [18/Aug/2023:04:22:05 +0000] "CONNECT sumvip3.club:443:443 HTTP/1.1" 400 -
159.89.136.33 - - [18/Aug/2023:04:22:09 +0000] "CONNECT test.lo88.org:443:443 HTTP/1.1" 400 -
159.89.143.238 - - [18/Aug/2023:04:22:12 +0000] "CONNECT vnew88.com:443:443 HTTP/1.1" 400 -
159.89.136.33 - - [18/Aug/2023:04:22:12 +0000] "CONNECT k9win.agency:443:443 HTTP/1.1" 400 -
159.89.136.33 - - [18/Aug/2023:04:22:15 +0000] "CONNECT lo88.org:443:443 HTTP/1.1" 400 -
159.89.143.221 - - [18/Aug/2023:04:22:20 +0000] "CONNECT lo88.org:443:443 HTTP/1.1" 400 -
159.89.136.33 - - [18/Aug/2023:04:22:23 +0000] "CONNECT test.lo88.org:443:443 HTTP/1.1" 400 -
159.89.136.29 - - [18/Aug/2023:04:22:24 +0000] "CONNECT test.lo88.org:443:443 HTTP/1.1" 400 -
159.89.143.221 - - [18/Aug/2023:04:22:28 +0000] "CONNECT lo88.org:443:443 HTTP/1.1" 400 -
159.89.143.221 - - [18/Aug/2023:04:22:34 +0000] "CONNECT peticaopublica.com:443:443 HTTP/1.1" 400 -
159.89.143.238 - - [18/Aug/2023:04:22:34 +0000] "CONNECT k9win.agency:443:443 HTTP/1.1" 400 -
159.89.136.29 - - [18/Aug/2023:04:22:41 +0000] "CONNECT peticaopublica.com:443:443 HTTP/1.1" 400 -
159.89.143.238 - - [18/Aug/2023:04:22:57 +0000] "CONNECT vnew88.com:443:443 HTTP/1.1" 400 -
142.93.80.219 - - [18/Aug/2023:04:23:01 +0000] "CONNECT test.lo88.org:443:443 HTTP/1.1" 400 -
159.89.136.29 - - [18/Aug/2023:04:23:13 +0000] "CONNECT lo88.org:443:443 HTTP/1.1" 400 -
159.89.143.221 - - [18/Aug/2023:04:23:14 +0000] "CONNECT k9win.agency:443:443 HTTP/1.1" 400 -
142.93.80.219 - - [18/Aug/2023:04:23:14 +0000] "CONNECT lo88.org:443:443 HTTP/1.1" 400 -
159.89.143.221 - - [18/Aug/2023:04:23:17 +0000] "CONNECT sumvip3.club:443:443 HTTP/1.1" 400 -
159.89.143.221 - - [18/Aug/2023:04:23:18 +0000] "CONNECT k9win.agency:443:443 HTTP/1.1" 400 -
159.89.143.221 - - [18/Aug/2023:04:23:19 +0000] "CONNECT lo88.org:443:443 HTTP/1.1" 400 -
142.93.80.219 - - [18/Aug/2023:04:23:21 +0000] "CONNECT lo88.org:443:443 HTTP/1.1" 400 -
159.89.136.29 - - [18/Aug/2023:04:23:27 +0000] "CONNECT k9win.agency:443:443 HTTP/1.1" 400 -
159.89.136.29 - - [18/Aug/2023:04:23:38 +0000] "CONNECT lo88.org:443:443 HTTP/1.1" 400 -
159.89.143.238 - - [18/Aug/2023:04:23:42 +0000] "CONNECT lo88.org:443:443 HTTP/1.1" 400 -
142.93.80.219 - - [18/Aug/2023:04:23:43 +0000] "CONNECT lo88.org:443:443 HTTP/1.1" 400 -
142.93.80.219 - - [18/Aug/2023:04:23:45 +0000] "CONNECT test.lo88.org:443:443 HTTP/1.1" 400 -
159.89.143.238 - - [18/Aug/2023:04:23:45 +0000] "CONNECT vnew88.com:443:443 HTTP/1.1" 400 -
159.89.136.29 - - [18/Aug/2023:04:23:47 +0000] "CONNECT lo88.org:443:443 HTTP/1.1" 400 -
159.89.143.221 - - [18/Aug/2023:04:23:49 +0000] "CONNECT sumvip3.club:443:443 HTTP/1.1" 400 -
159.89.136.29 - - [18/Aug/2023:04:24:18 +0000] "CONNECT k9win.agency:443:443 HTTP/1.1" 400 -
159.89.136.29 - - [18/Aug/2023:04:24:26 +0000] "CONNECT test.lo88.org:443:443 HTTP/1.1" 400 -
159.89.143.238 - - [18/Aug/2023:04:24:27 +0000] "CONNECT vnew88.com:443:443 HTTP/1.1" 400 -
159.89.143.238 - - [18/Aug/2023:04:24:31 +0000] "CONNECT vnew88.com:443:443 HTTP/1.1" 400 -
142.93.80.219 - - [18/Aug/2023:04:24:31 +0000] "CONNECT lo88.org:443:443 HTTP/1.1" 400 -
159.89.136.29 - - [18/Aug/2023:04:24:32 +0000] "CONNECT peticaopublica.com:443:443 HTTP/1.1" 400 -
142.93.80.219 - - [18/Aug/2023:04:24:45 +0000] "CONNECT lacdau.com:443:443 HTTP/1.1" 400 -
138.197.28.9 - - [18/Aug/2023:04:24:47 +0000] "CONNECT play.rikvip.net:443:443 HTTP/1.1" 400 -
159.89.136.29 - - [18/Aug/2023:04:24:49 +0000] "CONNECT lo88.org:443:443 HTTP/1.1" 400 -
159.89.136.33 - - [18/Aug/2023:04:24:52 +0000] "CONNECT lo88.org:443:443 HTTP/1.1" 400 -
159.89.136.29 - - [18/Aug/2023:04:24:57 +0000] "CONNECT lo88.org:443:443 HTTP/1.1" 400 -
198.98.58.175 - - [18/Aug/2023:04:24:58 +0000] "CONNECT ip138.com:443 HTTP/1.1" 400 -
159.89.143.238 - - [18/Aug/2023:04:25:01 +0000] "CONNECT vnew88.com:443:443 HTTP/1.1" 400 -
159.89.143.221 - - [18/Aug/2023:04:25:04 +0000] "CONNECT sumvip3.club:443:443 HTTP/1.1" 400 -
159.89.143.238 - - [18/Aug/2023:04:25:05 +0000] "CONNECT vnew88.com:443:443 HTTP/1.1" 400 -
142.93.80.219 - - [18/Aug/2023:04:25:05 +0000] "CONNECT sumvip3.club:443:443 HTTP/1.1" 400 -
159.89.143.238 - - [18/Aug/2023:04:25:12 +0000] "CONNECT k9win.agency:443:443 HTTP/1.1" 400 -
159.89.143.221 - - [18/Aug/2023:04:25:17 +0000] "CONNECT lacdau.com:443:443 HTTP/1.1" 400 -
159.89.143.238 - - [18/Aug/2023:04:25:29 +0000] "CONNECT vnew88.com:443:443 HTTP/1.1" 400 -
159.89.143.238 - - [18/Aug/2023:04:25:30 +0000] "CONNECT vnew88.com:443:443 HTTP/1.1" 400 -
159.89.136.29 - - [18/Aug/2023:04:25:31 +0000] "CONNECT k9win.agency:443:443 HTTP/1.1" 400 -
159.89.143.238 - - [18/Aug/2023:04:25:37 +0000] "CONNECT test.lo88.org:443:443 HTTP/1.1" 400 -
159.89.143.238 - - [18/Aug/2023:04:25:44 +0000] "CONNECT vnew88.com:443:443 HTTP/1.1" 400 -
142.93.80.219 - - [18/Aug/2023:04:25:45 +0000] "CONNECT test.lo88.org:443:443 HTTP/1.1" 400 -
159.89.136.29 - - [18/Aug/2023:04:25:47 +0000] "CONNECT sumvip3.club:443:443 HTTP/1.1" 400 -
159.89.143.238 - - [18/Aug/2023:04:25:49 +0000] "CONNECT vnew88.com:443:443 HTTP/1.1" 400 -
142.93.80.219 - - [18/Aug/2023:04:25:59 +0000] "CONNECT k9win.agency:443:443 HTTP/1.1" 400 -
159.89.143.238 - - [18/Aug/2023:04:26:08 +0000] "CONNECT vnew88.com:443:443 HTTP/1.1" 400 -
159.89.143.238 - - [18/Aug/2023:04:26:19 +0000] "CONNECT k9win.agency:443:443 HTTP/1.1" 400 -
159.89.143.221 - - [18/Aug/2023:04:26:34 +0000] "CONNECT www.haejuseyo.com:443:443 HTTP/1.1" 400 -
142.93.80.219 - - [18/Aug/2023:04:26:44 +0000] "CONNECT lo88.org:443:443 HTTP/1.1" 400 -
159.89.143.221 - - [18/Aug/2023:04:26:48 +0000] "CONNECT sumvip3.club:443:443 HTTP/1.1" 400 -
159.89.143.238 - - [18/Aug/2023:04:26:48 +0000] "CONNECT www.haejuseyo.com:443:443 HTTP/1.1" 400 -
159.89.143.238 - - [18/Aug/2023:04:26:58 +0000] "CONNECT vnew88.com:443:443 HTTP/1.1" 400 -
159.89.136.29 - - [18/Aug/2023:04:26:59 +0000] "CONNECT sumvip3.club:443:443 HTTP/1.1" 400 -
159.89.136.33 - - [18/Aug/2023:04:27:05 +0000] "CONNECT lo88.org:443:443 HTTP/1.1" 400 -
159.89.136.33 - - [18/Aug/2023:04:27:07 +0000] "CONNECT lo88.org:443:443 HTTP/1.1" 400 -
159.89.143.238 - - [18/Aug/2023:04:27:07 +0000] "CONNECT vnew88.com:443:443 HTTP/1.1" 400 -
159.89.136.29 - - [18/Aug/2023:04:27:08 +0000] "CONNECT k9win.agency:443:443 HTTP/1.1" 400 -
138.197.28.9 - - [18/Aug/2023:04:27:14 +0000] "CONNECT play.rikvip.net:443:443 HTTP/1.1" 400 -
159.89.136.29 - - [18/Aug/2023:04:27:17 +0000] "CONNECT k9win.agency:443:443 HTTP/1.1" 400 -
159.89.136.33 - - [18/Aug/2023:04:27:20 +0000] "CONNECT lo88.org:443:443 HTTP/1.1" 400 -
159.89.136.29 - - [18/Aug/2023:04:27:24 +0000] "CONNECT lo88.org:443:443 HTTP/1.1" 400 -
159.89.143.221 - - [18/Aug/2023:04:27:29 +0000] "CONNECT test.lo88.org:443:443 HTTP/1.1" 400 -
159.89.136.29 - - [18/Aug/2023:04:27:30 +0000] "CONNECT lo88.org:443:443 HTTP/1.1" 400 -
159.89.143.221 - - [18/Aug/2023:04:27:40 +0000] "CONNECT k9win.agency:443:443 HTTP/1.1" 400 -
159.89.143.238 - - [18/Aug/2023:04:27:49 +0000] "CONNECT vnew88.com:443:443 HTTP/1.1" 400 -
159.89.136.29 - - [18/Aug/2023:04:27:52 +0000] "CONNECT test.lo88.org:443:443 HTTP/1.1" 400 -
142.93.80.219 - - [18/Aug/2023:04:28:19 +0000] "CONNECT test.lo88.org:443:443 HTTP/1.1" 400 -
159.89.143.238 - - [18/Aug/2023:04:28:19 +0000] "CONNECT vnew88.com:443:443 HTTP/1.1" 400 -
159.89.143.238 - - [18/Aug/2023:04:28:30 +0000] "CONNECT vnew88.com:443:443 HTTP/1.1" 400 -
138.197.28.9 - - [18/Aug/2023:04:28:31 +0000] "CONNECT play.rikvip.net:443:443 HTTP/1.1" 400 -
142.93.80.219 - - [18/Aug/2023:04:28:50 +0000] "CONNECT test.lo88.org:443:443 HTTP/1.1" 400 -
159.89.143.238 - - [18/Aug/2023:04:28:51 +0000] "CONNECT sumvip3.club:443:443 HTTP/1.1" 400 -
138.197.28.9 - - [18/Aug/2023:04:28:53 +0000] "CONNECT play.rikvip.net:443:443 HTTP/1.1" 400 -
159.89.143.221 - - [18/Aug/2023:04:29:01 +0000] "CONNECT shoprobuxvn.net:443:443 HTTP/1.1" 400 -
142.93.80.219 - - [18/Aug/2023:04:29:05 +0000] "CONNECT sumvip3.club:443:443 HTTP/1.1" 400 -
159.89.136.33 - - [18/Aug/2023:04:29:16 +0000] "CONNECT k9win.agency:443:443 HTTP/1.1" 400 -
159.89.143.221 - - [18/Aug/2023:04:29:17 +0000] "CONNECT k9win.agency:443:443 HTTP/1.1" 400 -
159.89.143.238 - - [18/Aug/2023:04:29:17 +0000] "CONNECT vnew88.com:443:443 HTTP/1.1" 400 -
138.197.28.9 - - [18/Aug/2023:04:29:17 +0000] "CONNECT play.rikvip.net:443:443 HTTP/1.1" 400 -
159.89.136.29 - - [18/Aug/2023:04:29:22 +0000] "CONNECT discords.com:443:443 HTTP/1.1" 400 -
159.89.136.29 - - [18/Aug/2023:04:29:28 +0000] "CONNECT netflix.com:443:443 HTTP/1.1" 400 -
159.89.143.238 - - [18/Aug/2023:04:29:30 +0000] "CONNECT shoprobuxvn.net:443:443 HTTP/1.1" 400 -
159.89.143.238 - - [18/Aug/2023:04:29:32 +0000] "CONNECT shoprobuxvn.net:443:443 HTTP/1.1" 400 -
142.93.80.219 - - [18/Aug/2023:04:29:39 +0000] "CONNECT k9win.agency:443:443 HTTP/1.1" 400 -
159.89.143.221 - - [18/Aug/2023:04:29:48 +0000] "CONNECT shoprobuxvn.net:443:443 HTTP/1.1" 400 -
159.89.143.238 - - [18/Aug/2023:04:30:04 +0000] "CONNECT vnew88.com:443:443 HTTP/1.1" 400 -
159.89.143.238 - - [18/Aug/2023:04:30:08 +0000] "CONNECT vnew88.com:443:443 HTTP/1.1" 400 -
142.93.80.219 - - [18/Aug/2023:04:30:13 +0000] "CONNECT shoprobuxvn.net:443:443 HTTP/1.1" 400 -
159.89.136.33 - - [18/Aug/2023:04:30:17 +0000] "CONNECT k9win.agency:443:443 HTTP/1.1" 400 -
159.89.136.33 - - [18/Aug/2023:04:30:25 +0000] "CONNECT sumvip3.club:443:443 HTTP/1.1" 400 -
159.89.136.33 - - [18/Aug/2023:04:30:31 +0000] "CONNECT k9win.agency:443:443 HTTP/1.1" 400 -
142.93.80.219 - - [18/Aug/2023:04:30:33 +0000] "CONNECT k9win.agency:443:443 HTTP/1.1" 400 -
159.89.143.221 - - [18/Aug/2023:04:30:35 +0000] "CONNECT test.lo88.org:443:443 HTTP/1.1" 400 -
159.89.143.238 - - [18/Aug/2023:04:30:36 +0000] "CONNECT test.lo88.org:443:443 HTTP/1.1" 400 -
159.89.143.238 - - [18/Aug/2023:04:30:38 +0000] "CONNECT vnew88.com:443:443 HTTP/1.1" 400 -
159.89.143.238 - - [18/Aug/2023:04:30:40 +0000] "CONNECT vnew88.com:443:443 HTTP/1.1" 400 -
159.89.136.33 - - [18/Aug/2023:04:30:44 +0000] "CONNECT shoprobuxvn.net:443:443 HTTP/1.1" 400 -
159.89.136.29 - - [18/Aug/2023:04:30:47 +0000] "CONNECT lo88.org:443:443 HTTP/1.1" 400 -
159.89.136.33 - - [18/Aug/2023:04:30:52 +0000] "CONNECT sumvip3.club:443:443 HTTP/1.1" 400 -
159.89.143.238 - - [18/Aug/2023:04:30:52 +0000] "CONNECT shoprobloxviet.com:443:443 HTTP/1.1" 400 -
159.89.136.33 - - [18/Aug/2023:04:30:52 +0000] "CONNECT lo88.org:443:443 HTTP/1.1" 400 -
142.93.80.219 - - [18/Aug/2023:04:30:57 +0000] "CONNECT test.lo88.org:443:443 HTTP/1.1" 400 -
159.89.136.33 - - [18/Aug/2023:04:31:01 +0000] "CONNECT k9win.agency:443:443 HTTP/1.1" 400 -
142.93.80.219 - - [18/Aug/2023:04:31:03 +0000] "CONNECT shop2fa.com:443:443 HTTP/1.1" 400 -
159.89.136.29 - - [18/Aug/2023:04:31:05 +0000] "CONNECT shoprobloxviet.com:443:443 HTTP/1.1" 400 -
159.89.143.221 - - [18/Aug/2023:04:31:06 +0000] "CONNECT k9win.agency:443:443 HTTP/1.1" 400 -
159.89.143.238 - - [18/Aug/2023:04:31:11 +0000] "CONNECT sumvip3.club:443:443 HTTP/1.1" 400 -
159.89.143.238 - - [18/Aug/2023:04:31:18 +0000] "CONNECT vnew88.com:443:443 HTTP/1.1" 400 -
138.197.28.9 - - [18/Aug/2023:04:31:32 +0000] "CONNECT play.rikvip.net:443:443 HTTP/1.1" 400 -
159.89.136.29 - - [18/Aug/2023:04:31:41 +0000] "CONNECT k9win.agency:443:443 HTTP/1.1" 400 -
142.93.80.219 - - [18/Aug/2023:04:31:42 +0000] "CONNECT test.lo88.org:443:443 HTTP/1.1" 400 -
142.93.80.219 - - [18/Aug/2023:04:31:52 +0000] "CONNECT lo88.org:443:443 HTTP/1.1" 400 -
159.89.143.238 - - [18/Aug/2023:04:31:55 +0000] "CONNECT vnew88.com:443:443 HTTP/1.1" 400 -
159.89.143.238 - - [18/Aug/2023:04:31:55 +0000] "CONNECT test.lo88.org:443:443 HTTP/1.1" 400 -
159.89.136.33 - - [18/Aug/2023:04:31:55 +0000] "CONNECT test.lo88.org:443:443 HTTP/1.1" 400 -
142.93.80.219 - - [18/Aug/2023:04:32:02 +0000] "CONNECT lo88.org:443:443 HTTP/1.1" 400 -
159.89.143.238 - - [18/Aug/2023:04:32:05 +0000] "CONNECT peticaopublica.com:443:443 HTTP/1.1" 400 -
159.89.136.29 - - [18/Aug/2023:04:32:08 +0000] "CONNECT shoprobloxviet.com:443:443 HTTP/1.1" 400 -
159.89.136.29 - - [18/Aug/2023:04:32:08 +0000] "CONNECT k9win.agency:443:443 HTTP/1.1" 400 -
159.89.143.221 - - [18/Aug/2023:04:32:08 +0000] "CONNECT lo88.org:443:443 HTTP/1.1" 400 -
159.89.143.221 - - [18/Aug/2023:04:32:09 +0000] "CONNECT sumvip3.club:443:443 HTTP/1.1" 400 -
159.89.136.29 - - [18/Aug/2023:04:32:10 +0000] "CONNECT sumvip3.club:443:443 HTTP/1.1" 400 -
159.89.136.29 - - [18/Aug/2023:04:32:25 +0000] "CONNECT test.lo88.org:443:443 HTTP/1.1" 400 -
159.89.136.29 - - [18/Aug/2023:04:32:27 +0000] "CONNECT k9win.agency:443:443 HTTP/1.1" 400 -
159.89.136.29 - - [18/Aug/2023:04:32:33 +0000] "CONNECT peticaopublica.com:443:443 HTTP/1.1" 400 -
159.89.136.33 - - [18/Aug/2023:04:32:36 +0000] "CONNECT sumvip3.club:443:443 HTTP/1.1" 400 -
159.89.143.221 - - [18/Aug/2023:04:32:37 +0000] "CONNECT k9win.agency:443:443 HTTP/1.1" 400 -
159.89.136.29 - - [18/Aug/2023:04:32:38 +0000] "CONNECT test.lo88.org:443:443 HTTP/1.1" 400 -
159.89.143.238 - - [18/Aug/2023:04:32:43 +0000] "CONNECT vnew88.com:443:443 HTTP/1.1" 400 -
138.197.28.9 - - [18/Aug/2023:04:32:47 +0000] "CONNECT play.rikvip.net:443:443 HTTP/1.1" 400 -
159.89.136.29 - - [18/Aug/2023:04:32:48 +0000] "CONNECT sumvip3.club:443:443 HTTP/1.1" 400 -
159.89.143.221 - - [18/Aug/2023:04:33:06 +0000] "CONNECT f8bet50.com:443:443 HTTP/1.1" 400 -
142.93.80.219 - - [18/Aug/2023:04:33:10 +0000] "CONNECT lo88.org:443:443 HTTP/1.1" 400 -
159.89.136.29 - - [18/Aug/2023:04:33:11 +0000] "CONNECT f8bet50.com:443:443 HTTP/1.1" 400 -
159.89.136.29 - - [18/Aug/2023:04:33:21 +0000] "CONNECT peticaopublica.com:443:443 HTTP/1.1" 400 -
159.89.143.238 - - [18/Aug/2023:04:33:22 +0000] "CONNECT k9win.agency:443:443 HTTP/1.1" 400 -
159.89.136.33 - - [18/Aug/2023:04:33:33 +0000] "CONNECT f8bet50.com:443:443 HTTP/1.1" 400 -
159.89.143.238 - - [18/Aug/2023:04:33:36 +0000] "CONNECT k9win.agency:443:443 HTTP/1.1" 400 -
159.89.136.29 - - [18/Aug/2023:04:33:38 +0000] "CONNECT f8bet50.com:443:443 HTTP/1.1" 400 -
159.89.143.221 - - [18/Aug/2023:04:33:39 +0000] "CONNECT test.lo88.org:443:443 HTTP/1.1" 400 -
159.89.143.238 - - [18/Aug/2023:04:33:39 +0000] "CONNECT vnew88.com:443:443 HTTP/1.1" 400 -
159.89.143.221 - - [18/Aug/2023:04:33:42 +0000] "CONNECT f8bet50.com:443:443 HTTP/1.1" 400 -
159.89.143.221 - - [18/Aug/2023:04:33:44 +0000] "CONNECT test.lo88.org:443:443 HTTP/1.1" 400 -
142.93.80.219 - - [18/Aug/2023:04:33:49 +0000] "CONNECT sumvip3.club:443:443 HTTP/1.1" 400 -
159.89.136.29 - - [18/Aug/2023:04:33:50 +0000] "CONNECT f8bet50.com:443:443 HTTP/1.1" 400 -
159.89.143.238 - - [18/Aug/2023:04:33:56 +0000] "CONNECT vnew88.com:443:443 HTTP/1.1" 400 -
138.197.28.9 - - [18/Aug/2023:04:34:01 +0000] "CONNECT play.rikvip.net:443:443 HTTP/1.1" 400 -
159.89.143.221 - - [18/Aug/2023:04:34:02 +0000] "CONNECT lo88.org:443:443 HTTP/1.1" 400 -
159.89.143.238 - - [18/Aug/2023:04:34:06 +0000] "CONNECT freeddos.pw:443:443 HTTP/1.1" 400 -
159.89.143.238 - - [18/Aug/2023:04:34:07 +0000] "CONNECT freeddos.pw:443:443 HTTP/1.1" 400 -
159.89.143.238 - - [18/Aug/2023:04:34:10 +0000] "CONNECT peticaopublica.com:443:443 HTTP/1.1" 400 -
159.89.143.221 - - [18/Aug/2023:04:34:10 +0000] "CONNECT freeddos.pw:443:443 HTTP/1.1" 400 -
159.89.136.33 - - [18/Aug/2023:04:34:11 +0000] "CONNECT peticaopublica.com:443:443 HTTP/1.1" 400 -
159.89.136.33 - - [18/Aug/2023:04:34:18 +0000] "CONNECT bizflycloud.vn:443:443 HTTP/1.1" 400 -
159.89.136.33 - - [18/Aug/2023:04:34:18 +0000] "CONNECT f8bet50.com:443:443 HTTP/1.1" 400 -
159.89.136.29 - - [18/Aug/2023:04:34:20 +0000] "CONNECT f8bet50.com:443:443 HTTP/1.1" 400 -
159.89.136.29 - - [18/Aug/2023:04:34:25 +0000] "CONNECT k9win.agency:443:443 HTTP/1.1" 400 -
159.89.143.238 - - [18/Aug/2023:04:34:27 +0000] "CONNECT bizflycloud.vn:443:443 HTTP/1.1" 400 -
159.89.136.29 - - [18/Aug/2023:04:34:39 +0000] "CONNECT lo88.org:443:443 HTTP/1.1" 400 -
138.197.28.9 - - [18/Aug/2023:04:34:45 +0000] "CONNECT play.rikvip.net:443:443 HTTP/1.1" 400 -
159.89.143.221 - - [18/Aug/2023:04:34:51 +0000] "CONNECT sumvip3.club:443:443 HTTP/1.1" 400 -
159.89.143.238 - - [18/Aug/2023:04:34:52 +0000] "CONNECT vnew88.com:443:443 HTTP/1.1" 400 -
159.89.136.33 - - [18/Aug/2023:04:35:01 +0000] "CONNECT freeddos.pw:443:443 HTTP/1.1" 400 -
159.89.143.238 - - [18/Aug/2023:04:35:06 +0000] "CONNECT vnew88.com:443:443 HTTP/1.1" 400 -
159.89.136.29 - - [18/Aug/2023:04:35:09 +0000] "CONNECT k9win.agency:443:443 HTTP/1.1" 400 -
159.89.143.221 - - [18/Aug/2023:04:35:12 +0000] "CONNECT f8bet50.com:443:443 HTTP/1.1" 400 -
159.89.143.238 - - [18/Aug/2023:04:35:18 +0000] "CONNECT vnew88.com:443:443 HTTP/1.1" 400 -
159.89.143.238 - - [18/Aug/2023:04:35:19 +0000] "CONNECT vnew88.com:443:443 HTTP/1.1" 400 -
138.197.28.9 - - [18/Aug/2023:04:35:20 +0000] "CONNECT play.rikvip.net:443:443 HTTP/1.1" 400 -
159.89.136.33 - - [18/Aug/2023:04:35:24 +0000] "CONNECT f8bet50.com:443:443 HTTP/1.1" 400 -
159.89.143.238 - - [18/Aug/2023:04:35:26 +0000] "CONNECT k9win.agency:443:443 HTTP/1.1" 400 -
142.93.80.219 - - [18/Aug/2023:04:35:30 +0000] "CONNECT test.lo88.org:443:443 HTTP/1.1" 400 -
159.89.136.29 - - [18/Aug/2023:04:35:35 +0000] "CONNECT test.lo88.org:443:443 HTTP/1.1" 400 -
142.93.80.219 - - [18/Aug/2023:04:35:38 +0000] "CONNECT sumvip3.club:443:443 HTTP/1.1" 400 -
159.89.143.238 - - [18/Aug/2023:04:35:48 +0000] "CONNECT lo88.org:443:443 HTTP/1.1" 400 -
159.89.143.238 - - [18/Aug/2023:04:35:52 +0000] "CONNECT vnew88.com:443:443 HTTP/1.1" 400 -
159.89.143.238 - - [18/Aug/2023:04:35:55 +0000] "CONNECT vnew88.com:443:443 HTTP/1.1" 400 -
159.89.143.221 - - [18/Aug/2023:04:35:57 +0000] "CONNECT lo88.org:443:443 HTTP/1.1" 400 -
159.89.136.29 - - [18/Aug/2023:04:35:59 +0000] "CONNECT k9win.agency:443:443 HTTP/1.1" 400 -
159.89.143.238 - - [18/Aug/2023:04:36:03 +0000] "CONNECT sumvip3.club:443:443 HTTP/1.1" 400 -
159.89.136.33 - - [18/Aug/2023:04:36:11 +0000] "CONNECT f8bet50.com:443:443 HTTP/1.1" 400 -
142.93.80.219 - - [18/Aug/2023:04:36:15 +0000] "CONNECT www.bitrefill.com:443:443 HTTP/1.1" 400 -
142.93.80.219 - - [18/Aug/2023:04:36:18 +0000] "CONNECT k9win.agency:443:443 HTTP/1.1" 400 -
159.89.136.29 - - [18/Aug/2023:04:36:18 +0000] "CONNECT www.bitrefill.com:443:443 HTTP/1.1" 400 -
159.89.143.238 - - [18/Aug/2023:04:36:18 +0000] "CONNECT sumvip3.club:443:443 HTTP/1.1" 400 -
159.89.136.33 - - [18/Aug/2023:04:36:22 +0000] "CONNECT f8bet50.com:443:443 HTTP/1.1" 400 -
138.197.28.9 - - [18/Aug/2023:04:36:23 +0000] "CONNECT play.rikvip.net:443:443 HTTP/1.1" 400 -
142.93.80.219 - - [18/Aug/2023:04:36:26 +0000] "CONNECT lo88.org:443:443 HTTP/1.1" 400 -
159.89.136.33 - - [18/Aug/2023:04:36:33 +0000] "CONNECT f8bet50.com:443:443 HTTP/1.1" 400 -
159.89.136.33 - - [18/Aug/2023:04:36:37 +0000] "CONNECT f8bet50.com:443:443 HTTP/1.1" 400 -
159.89.136.33 - - [18/Aug/2023:04:36:39 +0000] "CONNECT test.lo88.org:443:443 HTTP/1.1" 400 -
159.89.143.238 - - [18/Aug/2023:04:36:42 +0000] "CONNECT vnew88.com:443:443 HTTP/1.1" 400 -
159.89.136.29 - - [18/Aug/2023:04:36:52 +0000] "CONNECT sumvip3.club:443:443 HTTP/1.1" 400 -
142.93.80.219 - - [18/Aug/2023:04:36:52 +0000] "CONNECT seosniffer.com:443:443 HTTP/1.1" 400 -
159.89.136.29 - - [18/Aug/2023:04:36:58 +0000] "CONNECT shyunshop.com:443:443 HTTP/1.1" 400 -
159.89.143.238 - - [18/Aug/2023:04:36:59 +0000] "CONNECT vnew88.com:443:443 HTTP/1.1" 400 -
159.89.143.221 - - [18/Aug/2023:04:37:03 +0000] "CONNECT shyunshop.com:443:443 HTTP/1.1" 400 -
159.89.136.33 - - [18/Aug/2023:04:37:12 +0000] "CONNECT f8bet50.com:443:443 HTTP/1.1" 400 -
159.89.136.33 - - [18/Aug/2023:04:37:21 +0000] "CONNECT shyunshop.com:443:443 HTTP/1.1" 400 -
159.89.136.29 - - [18/Aug/2023:04:37:21 +0000] "CONNECT lo88.org:443:443 HTTP/1.1" 400 -
159.89.136.29 - - [18/Aug/2023:04:37:22 +0000] "CONNECT k9win.agency:443:443 HTTP/1.1" 400 -
138.197.28.9 - - [18/Aug/2023:04:37:22 +0000] "CONNECT play.rikvip.net:443:443 HTTP/1.1" 400 -
142.93.80.219 - - [18/Aug/2023:04:37:33 +0000] "CONNECT seosniffer.com:443:443 HTTP/1.1" 400 -
159.89.143.238 - - [18/Aug/2023:04:37:43 +0000] "CONNECT vnew88.com:443:443 HTTP/1.1" 400 -
159.89.143.221 - - [18/Aug/2023:04:37:47 +0000] "CONNECT seosniffer.com:443:443 HTTP/1.1" 400 -
159.89.143.221 - - [18/Aug/2023:04:37:48 +0000] "CONNECT lo88.org:443:443 HTTP/1.1" 400 -
142.93.80.219 - - [18/Aug/2023:04:37:51 +0000] "CONNECT www.bitrefill.com:443:443 HTTP/1.1" 400 -
159.89.136.29 - - [18/Aug/2023:04:37:53 +0000] "CONNECT test.lo88.org:443:443 HTTP/1.1" 400 -
159.89.136.33 - - [18/Aug/2023:04:37:58 +0000] "CONNECT lo88.org:443:443 HTTP/1.1" 400 -
159.89.143.221 - - [18/Aug/2023:04:38:01 +0000] "CONNECT www.bitrefill.com:443:443 HTTP/1.1" 400 -
142.93.80.219 - - [18/Aug/2023:04:38:10 +0000] "CONNECT lo88.org:443:443 HTTP/1.1" 400 -
159.89.143.221 - - [18/Aug/2023:04:38:14 +0000] "CONNECT www.bitrefill.com:443:443 HTTP/1.1" 400 -
159.89.143.238 - - [18/Aug/2023:04:38:14 +0000] "CONNECT vnew88.com:443:443 HTTP/1.1" 400 -
159.89.143.238 - - [18/Aug/2023:04:38:16 +0000] "CONNECT vnew88.com:443:443 HTTP/1.1" 400 -
159.89.136.29 - - [18/Aug/2023:04:38:18 +0000] "CONNECT shyunshop.com:443:443 HTTP/1.1" 400 -
159.89.136.29 - - [18/Aug/2023:04:38:24 +0000] "CONNECT k9win.agency:443:443 HTTP/1.1" 400 -
159.89.136.33 - - [18/Aug/2023:04:38:28 +0000] "CONNECT k9win.agency:443:443 HTTP/1.1" 400 -
159.89.136.33 - - [18/Aug/2023:04:38:30 +0000] "CONNECT k9win.agency:443:443 HTTP/1.1" 400 -
142.93.80.219 - - [18/Aug/2023:04:38:52 +0000] "CONNECT lo88.org:443:443 HTTP/1.1" 400 -
142.93.80.219 - - [18/Aug/2023:04:38:53 +0000] "CONNECT lo88.org:443:443 HTTP/1.1" 400 -
142.93.80.219 - - [18/Aug/2023:04:38:53 +0000] "CONNECT www.bitrefill.com:443:443 HTTP/1.1" 400 -
159.89.143.221 - - [18/Aug/2023:04:38:54 +0000] "CONNECT sumvip3.club:443:443 HTTP/1.1" 400 -
159.89.136.33 - - [18/Aug/2023:04:38:57 +0000] "CONNECT test.lo88.org:443:443 HTTP/1.1" 400 -
159.89.136.33 - - [18/Aug/2023:04:38:58 +0000] "CONNECT lo88.org:443:443 HTTP/1.1" 400 -
159.89.143.221 - - [18/Aug/2023:04:38:59 +0000] "CONNECT test.lo88.org:443:443 HTTP/1.1" 400 -
159.89.143.238 - - [18/Aug/2023:04:39:00 +0000] "CONNECT vnew88.com:443:443 HTTP/1.1" 400 -
138.197.28.9 - - [18/Aug/2023:04:39:05 +0000] "CONNECT play.rikvip.net:443:443 HTTP/1.1" 400 -
159.89.143.221 - - [18/Aug/2023:04:39:16 +0000] "CONNECT shyunshop.com:443:443 HTTP/1.1" 400 -
159.89.136.33 - - [18/Aug/2023:04:39:34 +0000] "CONNECT lo88.org:443:443 HTTP/1.1" 400 -
138.197.28.9 - - [18/Aug/2023:04:39:39 +0000] "CONNECT play.rikvip.net:443:443 HTTP/1.1" 400 -
159.89.143.238 - - [18/Aug/2023:04:39:45 +0000] "CONNECT vnew88.com:443:443 HTTP/1.1" 400 -
159.89.136.33 - - [18/Aug/2023:04:39:49 +0000] "CONNECT test.lo88.org:443:443 HTTP/1.1" 400 -
159.89.136.29 - - [18/Aug/2023:04:39:56 +0000] "CONNECT lo88.org:443:443 HTTP/1.1" 400 -
159.89.143.238 - - [18/Aug/2023:04:39:58 +0000] "CONNECT vnew88.com:443:443 HTTP/1.1" 400 -
159.89.143.238 - - [18/Aug/2023:04:40:01 +0000] "CONNECT vnew88.com:443:443 HTTP/1.1" 400 -
159.89.143.221 - - [18/Aug/2023:04:40:08 +0000] "CONNECT k9win.agency:443:443 HTTP/1.1" 400 -
159.89.143.221 - - [18/Aug/2023:04:40:12 +0000] "CONNECT lo88.org:443:443 HTTP/1.1" 400 -
159.89.136.29 - - [18/Aug/2023:04:40:27 +0000] "CONNECT k9win.agency:443:443 HTTP/1.1" 400 -
159.89.143.221 - - [18/Aug/2023:04:40:32 +0000] "CONNECT k9win.agency:443:443 HTTP/1.1" 400 -
142.93.80.219 - - [18/Aug/2023:04:40:55 +0000] "CONNECT sumvip3.club:443:443 HTTP/1.1" 400 -
159.89.143.238 - - [18/Aug/2023:04:40:58 +0000] "CONNECT lo88.org:443:443 HTTP/1.1" 400 -
142.93.80.219 - - [18/Aug/2023:04:41:00 +0000] "CONNECT lo88.org:443:443 HTTP/1.1" 400 -
159.89.136.33 - - [18/Aug/2023:04:41:02 +0000] "CONNECT test.lo88.org:443:443 HTTP/1.1" 400 -
142.93.80.219 - - [18/Aug/2023:04:41:05 +0000] "CONNECT lo88.org:443:443 HTTP/1.1" 400 -
159.89.136.29 - - [18/Aug/2023:04:41:09 +0000] "CONNECT sumvip3.club:443:443 HTTP/1.1" 400 -
159.89.136.33 - - [18/Aug/2023:04:41:12 +0000] "CONNECT lo88.org:443:443 HTTP/1.1" 400 -
159.89.136.33 - - [18/Aug/2023:04:41:34 +0000] "CONNECT lo88.org:443:443 HTTP/1.1" 400 -
138.197.28.9 - - [18/Aug/2023:04:41:35 +0000] "CONNECT play.rikvip.net:443:443 HTTP/1.1" 400 -
159.89.136.33 - - [18/Aug/2023:04:41:49 +0000] "CONNECT sumvip3.club:443:443 HTTP/1.1" 400 -
138.197.28.9 - - [18/Aug/2023:04:41:51 +0000] "CONNECT play.rikvip.net:443:443 HTTP/1.1" 400 -
159.89.143.221 - - [18/Aug/2023:04:42:06 +0000] "CONNECT lo88.org:443:443 HTTP/1.1" 400 -
159.89.136.29 - - [18/Aug/2023:04:42:19 +0000] "CONNECT peticaopublica.com:443:443 HTTP/1.1" 400 -
159.89.143.221 - - [18/Aug/2023:04:42:38 +0000] "CONNECT lo88.org:443:443 HTTP/1.1" 400 -
159.89.143.238 - - [18/Aug/2023:04:42:38 +0000] "CONNECT shyunshop.com:443:443 HTTP/1.1" 400 -
142.93.80.219 - - [18/Aug/2023:04:42:40 +0000] "CONNECT test.lo88.org:443:443 HTTP/1.1" 400 -
159.89.143.221 - - [18/Aug/2023:04:42:44 +0000] "CONNECT sumvip3.club:443:443 HTTP/1.1" 400 -
142.93.80.219 - - [18/Aug/2023:04:42:49 +0000] "CONNECT huyxingum.link:443:443 HTTP/1.1" 400 -
159.89.136.29 - - [18/Aug/2023:04:42:51 +0000] "CONNECT test.lo88.org:443:443 HTTP/1.1" 400 -
159.89.143.221 - - [18/Aug/2023:04:42:53 +0000] "CONNECT k9win.agency:443:443 HTTP/1.1" 400 -
159.89.143.238 - - [18/Aug/2023:04:42:54 +0000] "CONNECT shyunshop.com:443:443 HTTP/1.1" 400 -
159.89.136.29 - - [18/Aug/2023:04:42:55 +0000] "CONNECT sumvip3.club:443:443 HTTP/1.1" 400 -
159.89.143.238 - - [18/Aug/2023:04:42:58 +0000] "CONNECT test.lo88.org:443:443 HTTP/1.1" 400 -
142.93.80.219 - - [18/Aug/2023:04:42:59 +0000] "CONNECT huyxingum.link:443:443 HTTP/1.1" 400 -
138.197.28.9 - - [18/Aug/2023:04:43:06 +0000] "CONNECT play.rikvip.net:443:443 HTTP/1.1" 400 -
159.89.143.221 - - [18/Aug/2023:04:43:06 +0000] "CONNECT peticaopublica.com:443:443 HTTP/1.1" 400 -
159.89.143.238 - - [18/Aug/2023:04:43:06 +0000] "CONNECT peticaopublica.com:443:443 HTTP/1.1" 400 -
138.197.28.9 - - [18/Aug/2023:04:43:08 +0000] "CONNECT play.rikvip.net:443:443 HTTP/1.1" 400 -
159.89.143.221 - - [18/Aug/2023:04:43:14 +0000] "CONNECT peticaopublica.com:443:443 HTTP/1.1" 400 -
159.89.143.221 - - [18/Aug/2023:04:43:16 +0000] "CONNECT sumvip3.club:443:443 HTTP/1.1" 400 -
159.89.136.29 - - [18/Aug/2023:04:43:18 +0000] "CONNECT shopfb.io.vn:443:443 HTTP/1.1" 400 -
142.93.80.219 - - [18/Aug/2023:04:43:19 +0000] "CONNECT shopfb.io.vn:443:443 HTTP/1.1" 400 -
159.89.136.29 - - [18/Aug/2023:04:43:20 +0000] "CONNECT shyunshop.com:443:443 HTTP/1.1" 400 -
159.89.136.33 - - [18/Aug/2023:04:43:26 +0000] "CONNECT shyunshop.com:443:443 HTTP/1.1" 400 -
159.89.143.221 - - [18/Aug/2023:04:43:27 +0000] "CONNECT k9win.agency:443:443 HTTP/1.1" 400 -
159.89.136.33 - - [18/Aug/2023:04:43:31 +0000] "CONNECT test.lo88.org:443:443 HTTP/1.1" 400 -
159.89.136.29 - - [18/Aug/2023:04:43:33 +0000] "CONNECT peticaopublica.com:443:443 HTTP/1.1" 400 -
159.89.143.238 - - [18/Aug/2023:04:43:34 +0000] "CONNECT test.lo88.org:443:443 HTTP/1.1" 400 -
142.93.80.219 - - [18/Aug/2023:04:43:42 +0000] "CONNECT sumvip3.club:443:443 HTTP/1.1" 400 -
159.89.143.221 - - [18/Aug/2023:04:43:52 +0000] "CONNECT shopfb.io.vn:443:443 HTTP/1.1" 400 -
142.93.80.219 - - [18/Aug/2023:04:43:55 +0000] "CONNECT sumvip3.club:443:443 HTTP/1.1" 400 -
142.93.80.219 - - [18/Aug/2023:04:43:57 +0000] "CONNECT sumvip3.club:443:443 HTTP/1.1" 400 -
159.89.143.221 - - [18/Aug/2023:04:43:59 +0000] "CONNECT lo88.org:443:443 HTTP/1.1" 400 -
142.93.80.219 - - [18/Aug/2023:04:44:12 +0000] "CONNECT sumvip3.club:443:443 HTTP/1.1" 400 -
159.89.136.29 - - [18/Aug/2023:04:44:30 +0000] "CONNECT netflix.com:443:443 HTTP/1.1" 400 -
159.89.136.29 - - [18/Aug/2023:04:44:32 +0000] "CONNECT test.lo88.org:443:443 HTTP/1.1" 400 -
159.89.143.221 - - [18/Aug/2023:04:44:36 +0000] "CONNECT peticaopublica.com:443:443 HTTP/1.1" 400 -
142.93.80.219 - - [18/Aug/2023:04:44:36 +0000] "CONNECT lo88.org:443:443 HTTP/1.1" 400 -
159.89.143.238 - - [18/Aug/2023:04:44:37 +0000] "CONNECT vnew88.com:443:443 HTTP/1.1" 400 -
159.89.136.33 - - [18/Aug/2023:04:44:46 +0000] "CONNECT k9win.agency:443:443 HTTP/1.1" 400 -
159.89.143.238 - - [18/Aug/2023:04:44:51 +0000] "CONNECT vnew88.com:443:443 HTTP/1.1" 400 -
159.89.143.238 - - [18/Aug/2023:04:44:51 +0000] "CONNECT vnew88.com:443:443 HTTP/1.1" 400 -
159.89.143.238 - - [18/Aug/2023:04:44:56 +0000] "CONNECT vnew88.com:443:443 HTTP/1.1" 400 -
159.89.136.29 - - [18/Aug/2023:04:45:00 +0000] "CONNECT shopfb.io.vn:443:443 HTTP/1.1" 400 -
159.89.143.238 - - [18/Aug/2023:04:45:02 +0000] "CONNECT vnew88.com:443:443 HTTP/1.1" 400 -
159.89.143.221 - - [18/Aug/2023:04:45:07 +0000] "CONNECT sumvip3.club:443:443 HTTP/1.1" 400 -
159.89.136.29 - - [18/Aug/2023:04:45:18 +0000] "CONNECT shop2fa.com:443:443 HTTP/1.1" 400 -
159.89.136.33 - - [18/Aug/2023:04:45:20 +0000] "CONNECT shyunshop.com:443:443 HTTP/1.1" 400 -
159.89.136.29 - - [18/Aug/2023:04:45:24 +0000] "CONNECT test.lo88.org:443:443 HTTP/1.1" 400 -
159.89.136.29 - - [18/Aug/2023:04:45:28 +0000] "CONNECT shyunshop.com:443:443 HTTP/1.1" 400 -
142.93.80.219 - - [18/Aug/2023:04:45:30 +0000] "CONNECT sumvip3.club:443:443 HTTP/1.1" 400 -
138.197.28.9 - - [18/Aug/2023:04:45:31 +0000] "CONNECT play.rikvip.net:443:443 HTTP/1.1" 400 -
159.89.143.238 - - [18/Aug/2023:04:45:33 +0000] "CONNECT vnew88.com:443:443 HTTP/1.1" 400 -
159.89.143.221 - - [18/Aug/2023:04:45:49 +0000] "CONNECT k9win.agency:443:443 HTTP/1.1" 400 -
142.93.80.219 - - [18/Aug/2023:04:45:51 +0000] "CONNECT lo88.org:443:443 HTTP/1.1" 400 -
159.89.136.29 - - [18/Aug/2023:04:45:55 +0000] "CONNECT shop2fa.com:443:443 HTTP/1.1" 400 -
159.89.136.33 - - [18/Aug/2023:04:45:58 +0000] "CONNECT shyunshop.com:443:443 HTTP/1.1" 400 -
159.89.136.33 - - [18/Aug/2023:04:46:05 +0000] "CONNECT sumvip3.club:443:443 HTTP/1.1" 400 -
159.89.136.29 - - [18/Aug/2023:04:46:07 +0000] "CONNECT lo88.org:443:443 HTTP/1.1" 400 -
142.93.80.219 - - [18/Aug/2023:04:46:10 +0000] "CONNECT huyxingum.link:443:443 HTTP/1.1" 400 -
159.89.143.238 - - [18/Aug/2023:04:46:12 +0000] "CONNECT vnew88.com:443:443 HTTP/1.1" 400 -
159.89.143.238 - - [18/Aug/2023:04:46:27 +0000] "CONNECT vnew88.com:443:443 HTTP/1.1" 400 -
159.89.143.238 - - [18/Aug/2023:04:46:33 +0000] "CONNECT test.lo88.org:443:443 HTTP/1.1" 400 -
142.93.80.219 - - [18/Aug/2023:04:46:34 +0000] "CONNECT test.lo88.org:443:443 HTTP/1.1" 400 -
142.93.80.219 - - [18/Aug/2023:04:46:34 +0000] "CONNECT sumvip3.club:443:443 HTTP/1.1" 400 -
142.93.80.219 - - [18/Aug/2023:04:46:48 +0000] "CONNECT sumvip3.club:443:443 HTTP/1.1" 400 -
159.89.136.33 - - [18/Aug/2023:04:46:50 +0000] "CONNECT sumvip3.club:443:443 HTTP/1.1" 400 -
159.89.143.221 - - [18/Aug/2023:04:46:51 +0000] "CONNECT lo88.org:443:443 HTTP/1.1" 400 -
159.89.143.238 - - [18/Aug/2023:04:46:57 +0000] "CONNECT vnew88.com:443:443 HTTP/1.1" 400 -
159.89.143.238 - - [18/Aug/2023:04:47:06 +0000] "CONNECT vnew88.com:443:443 HTTP/1.1" 400 -
159.89.143.221 - - [18/Aug/2023:04:47:07 +0000] "CONNECT lo88.org:443:443 HTTP/1.1" 400 -
159.89.143.221 - - [18/Aug/2023:04:47:09 +0000] "CONNECT sumvip3.club:443:443 HTTP/1.1" 400 -
142.93.80.219 - - [18/Aug/2023:04:47:12 +0000] "CONNECT sumvip3.club:443:443 HTTP/1.1" 400 -
159.89.143.221 - - [18/Aug/2023:04:47:20 +0000] "CONNECT lo88.org:443:443 HTTP/1.1" 400 -
159.89.143.221 - - [18/Aug/2023:04:47:21 +0000] "CONNECT sumvip3.club:443:443 HTTP/1.1" 400 -
159.89.143.221 - - [18/Aug/2023:04:47:24 +0000] "CONNECT k9win.agency:443:443 HTTP/1.1" 400 -
159.89.143.221 - - [18/Aug/2023:04:47:28 +0000] "CONNECT sumvip3.club:443:443 HTTP/1.1" 400 -
138.197.28.9 - - [18/Aug/2023:04:47:29 +0000] "CONNECT play.rikvip.net:443:443 HTTP/1.1" 400 -
159.89.136.33 - - [18/Aug/2023:04:47:33 +0000] "CONNECT lo88.org:443:443 HTTP/1.1" 400 -
159.89.143.238 - - [18/Aug/2023:04:47:37 +0000] "CONNECT test.lo88.org:443:443 HTTP/1.1" 400 -
159.89.143.221 - - [18/Aug/2023:04:47:37 +0000] "CONNECT sumvip3.club:443:443 HTTP/1.1" 400 -
138.197.28.9 - - [18/Aug/2023:04:47:39 +0000] "CONNECT play.rikvip.net:443:443 HTTP/1.1" 400 -
159.89.143.238 - - [18/Aug/2023:04:47:42 +0000] "CONNECT k9win.agency:443:443 HTTP/1.1" 400 -
159.89.143.238 - - [18/Aug/2023:04:47:46 +0000] "CONNECT vnew88.com:443:443 HTTP/1.1" 400 -
142.93.80.219 - - [18/Aug/2023:04:47:58 +0000] "CONNECT sumvip3.club:443:443 HTTP/1.1" 400 -
159.89.136.33 - - [18/Aug/2023:04:48:00 +0000] "CONNECT k9win.agency:443:443 HTTP/1.1" 400 -
142.93.80.219 - - [18/Aug/2023:04:48:03 +0000] "CONNECT lo88.org:443:443 HTTP/1.1" 400 -
159.89.136.33 - - [18/Aug/2023:04:48:03 +0000] "CONNECT test.lo88.org:443:443 HTTP/1.1" 400 -
142.93.80.219 - - [18/Aug/2023:04:48:13 +0000] "CONNECT sumvip3.club:443:443 HTTP/1.1" 400 -
159.89.136.29 - - [18/Aug/2023:04:48:14 +0000] "CONNECT shyunshop.com:443:443 HTTP/1.1" 400 -
142.93.80.219 - - [18/Aug/2023:04:48:18 +0000] "CONNECT lo88.org:443:443 HTTP/1.1" 400 -
159.89.143.238 - - [18/Aug/2023:04:48:18 +0000] "CONNECT vnew88.com:443:443 HTTP/1.1" 400 -
142.93.80.219 - - [18/Aug/2023:04:48:19 +0000] "CONNECT k9win.agency:443:443 HTTP/1.1" 400 -
159.89.143.238 - - [18/Aug/2023:04:48:21 +0000] "CONNECT k9win.agency:443:443 HTTP/1.1" 400 -
159.89.143.238 - - [18/Aug/2023:04:48:26 +0000] "CONNECT test.lo88.org:443:443 HTTP/1.1" 400 -
138.197.28.9 - - [18/Aug/2023:04:48:32 +0000] "CONNECT play.rikvip.net:443:443 HTTP/1.1" 400 -
159.89.136.29 - - [18/Aug/2023:04:48:51 +0000] "CONNECT sumvip3.club:443:443 HTTP/1.1" 400 -
159.89.143.238 - - [18/Aug/2023:04:48:51 +0000] "CONNECT sumvip3.club:443:443 HTTP/1.1" 400 -
159.89.136.33 - - [18/Aug/2023:04:48:59 +0000] "CONNECT k9win.agency:443:443 HTTP/1.1" 400 -
138.197.28.9 - - [18/Aug/2023:04:49:03 +0000] "CONNECT play.rikvip.net:443:443 HTTP/1.1" 400 -
159.89.143.221 - - [18/Aug/2023:04:49:09 +0000] "CONNECT sumvip3.club:443:443 HTTP/1.1" 400 -
159.89.143.238 - - [18/Aug/2023:04:49:23 +0000] "CONNECT sumvip3.club:443:443 HTTP/1.1" 400 -
159.89.143.238 - - [18/Aug/2023:04:49:34 +0000] "CONNECT test.lo88.org:443:443 HTTP/1.1" 400 -
159.89.136.29 - - [18/Aug/2023:04:49:40 +0000] "CONNECT sumvip3.club:443:443 HTTP/1.1" 400 -
159.89.136.33 - - [18/Aug/2023:04:49:44 +0000] "CONNECT k9win.agency:443:443 HTTP/1.1" 400 -
159.89.136.33 - - [18/Aug/2023:04:49:46 +0000] "CONNECT lo88.org:443:443 HTTP/1.1" 400 -
159.89.143.238 - - [18/Aug/2023:04:49:49 +0000] "CONNECT vnew88.com:443:443 HTTP/1.1" 400 -
159.89.136.33 - - [18/Aug/2023:04:49:52 +0000] "CONNECT k9win.agency:443:443 HTTP/1.1" 400 -
159.89.143.221 - - [18/Aug/2023:04:49:57 +0000] "CONNECT lo88.org:443:443 HTTP/1.1" 400 -
159.89.136.33 - - [18/Aug/2023:04:50:06 +0000] "CONNECT test.lo88.org:443:443 HTTP/1.1" 400 -
159.89.136.29 - - [18/Aug/2023:04:50:11 +0000] "CONNECT sumvip3.club:443:443 HTTP/1.1" 400 -
159.89.143.221 - - [18/Aug/2023:04:50:26 +0000] "CONNECT test.lo88.org:443:443 HTTP/1.1" 400 -
142.93.80.219 - - [18/Aug/2023:04:50:26 +0000] "CONNECT test.lo88.org:443:443 HTTP/1.1" 400 -
159.89.143.238 - - [18/Aug/2023:04:50:27 +0000] "CONNECT vnew88.com:443:443 HTTP/1.1" 400 -
159.89.143.238 - - [18/Aug/2023:04:50:30 +0000] "CONNECT sumvip3.club:443:443 HTTP/1.1" 400 -
159.89.143.238 - - [18/Aug/2023:04:50:36 +0000] "CONNECT sumvip3.club:443:443 HTTP/1.1" 400 -
159.89.136.33 - - [18/Aug/2023:04:50:46 +0000] "CONNECT test.lo88.org:443:443 HTTP/1.1" 400 -
159.89.143.221 - - [18/Aug/2023:04:50:49 +0000] "CONNECT k9win.agency:443:443 HTTP/1.1" 400 -
159.89.143.238 - - [18/Aug/2023:04:50:51 +0000] "CONNECT sumvip3.club:443:443 HTTP/1.1" 400 -
159.89.136.29 - - [18/Aug/2023:04:51:00 +0000] "CONNECT k9win.agency:443:443 HTTP/1.1" 400 -
159.89.136.33 - - [18/Aug/2023:04:51:01 +0000] "CONNECT test.lo88.org:443:443 HTTP/1.1" 400 -
159.89.143.238 - - [18/Aug/2023:04:51:02 +0000] "CONNECT vnew88.com:443:443 HTTP/1.1" 400 -
159.89.143.238 - - [18/Aug/2023:04:51:04 +0000] "CONNECT test.lo88.org:443:443 HTTP/1.1" 400 -
159.89.143.221 - - [18/Aug/2023:04:51:06 +0000] "CONNECT lo88.org:443:443 HTTP/1.1" 400 -
159.89.143.221 - - [18/Aug/2023:04:51:10 +0000] "CONNECT test.lo88.org:443:443 HTTP/1.1" 400 -
159.89.143.238 - - [18/Aug/2023:04:51:10 +0000] "CONNECT vnew88.com:443:443 HTTP/1.1" 400 -
159.89.136.29 - - [18/Aug/2023:04:51:20 +0000] "CONNECT test.lo88.org:443:443 HTTP/1.1" 400 -
159.89.136.29 - - [18/Aug/2023:04:51:28 +0000] "CONNECT test.lo88.org:443:443 HTTP/1.1" 400 -
159.89.143.221 - - [18/Aug/2023:04:51:35 +0000] "CONNECT test.lo88.org:443:443 HTTP/1.1" 400 -
159.89.136.33 - - [18/Aug/2023:04:51:44 +0000] "CONNECT lo88.org:443:443 HTTP/1.1" 400 -
159.89.143.238 - - [18/Aug/2023:04:51:50 +0000] "CONNECT vnew88.com:443:443 HTTP/1.1" 400 -
159.89.136.33 - - [18/Aug/2023:04:51:55 +0000] "CONNECT k9win.agency:443:443 HTTP/1.1" 400 -
159.89.143.238 - - [18/Aug/2023:04:51:57 +0000] "CONNECT lo88.org:443:443 HTTP/1.1" 400 -
142.93.80.219 - - [18/Aug/2023:04:52:01 +0000] "CONNECT lo88.org:443:443 HTTP/1.1" 400 -
159.89.136.33 - - [18/Aug/2023:04:52:03 +0000] "CONNECT antiddos.vn:443:443 HTTP/1.1" 400 -
138.197.28.9 - - [18/Aug/2023:04:52:04 +0000] "CONNECT play.rikvip.net:443:443 HTTP/1.1" 400 -
142.93.80.219 - - [18/Aug/2023:04:52:11 +0000] "CONNECT lo88.org:443:443 HTTP/1.1" 400 -
159.89.136.33 - - [18/Aug/2023:04:52:17 +0000] "CONNECT k9win.agency:443:443 HTTP/1.1" 400 -
159.89.143.221 - - [18/Aug/2023:04:52:18 +0000] "CONNECT k9win.agency:443:443 HTTP/1.1" 400 -
159.89.143.221 - - [18/Aug/2023:04:52:35 +0000] "CONNECT sumvip3.club:443:443 HTTP/1.1" 400 -
159.89.136.29 - - [18/Aug/2023:04:52:51 +0000] "CONNECT antiddos.vn:443:443 HTTP/1.1" 400 -
138.197.28.9 - - [18/Aug/2023:04:52:52 +0000] "CONNECT play.rikvip.net:443:443 HTTP/1.1" 400 -
159.89.136.33 - - [18/Aug/2023:04:52:55 +0000] "CONNECT test.lo88.org:443:443 HTTP/1.1" 400 -
159.89.143.238 - - [18/Aug/2023:04:52:59 +0000] "CONNECT vnew88.com:443:443 HTTP/1.1" 400 -
159.89.143.238 - - [18/Aug/2023:04:53:04 +0000] "CONNECT vnew88.com:443:443 HTTP/1.1" 400 -
159.89.136.29 - - [18/Aug/2023:04:53:07 +0000] "CONNECT k9win.agency:443:443 HTTP/1.1" 400 -
159.89.143.221 - - [18/Aug/2023:04:53:11 +0000] "CONNECT k9win.agency:443:443 HTTP/1.1" 400 -
159.89.136.29 - - [18/Aug/2023:04:53:23 +0000] "CONNECT test.lo88.org:443:443 HTTP/1.1" 400 -
142.93.80.219 - - [18/Aug/2023:04:53:24 +0000] "CONNECT k9win.agency:443:443 HTTP/1.1" 400 -
159.89.136.33 - - [18/Aug/2023:04:53:25 +0000] "CONNECT test.lo88.org:443:443 HTTP/1.1" 400 -
159.89.143.221 - - [18/Aug/2023:04:53:28 +0000] "CONNECT peticaopublica.com:443:443 HTTP/1.1" 400 -
159.89.143.238 - - [18/Aug/2023:04:53:29 +0000] "CONNECT test.lo88.org:443:443 HTTP/1.1" 400 -
159.89.136.33 - - [18/Aug/2023:04:53:29 +0000] "CONNECT sumvip3.club:443:443 HTTP/1.1" 400 -
142.93.80.219 - - [18/Aug/2023:04:53:31 +0000] "CONNECT lo88.org:443:443 HTTP/1.1" 400 -
159.89.136.33 - - [18/Aug/2023:04:53:41 +0000] "CONNECT k9win.agency:443:443 HTTP/1.1" 400 -
159.89.143.221 - - [18/Aug/2023:04:53:51 +0000] "CONNECT test.lo88.org:443:443 HTTP/1.1" 400 -
159.89.143.221 - - [18/Aug/2023:04:53:51 +0000] "CONNECT lo88.org:443:443 HTTP/1.1" 400 -
159.89.143.221 - - [18/Aug/2023:04:53:53 +0000] "CONNECT antiddos.vn:443:443 HTTP/1.1" 400 -
159.89.143.238 - - [18/Aug/2023:04:53:59 +0000] "CONNECT antiddos.vn:443:443 HTTP/1.1" 400 -
142.93.80.219 - - [18/Aug/2023:04:54:00 +0000] "CONNECT test.lo88.org:443:443 HTTP/1.1" 400 -
159.89.136.29 - - [18/Aug/2023:04:54:01 +0000] "CONNECT sumvip3.club:443:443 HTTP/1.1" 400 -
159.89.136.33 - - [18/Aug/2023:04:54:02 +0000] "CONNECT test.lo88.org:443:443 HTTP/1.1" 400 -
159.89.143.238 - - [18/Aug/2023:04:54:03 +0000] "CONNECT vnew88.com:443:443 HTTP/1.1" 400 -
159.89.143.238 - - [18/Aug/2023:04:54:04 +0000] "CONNECT sumvip3.club:443:443 HTTP/1.1" 400 -
142.93.80.219 - - [18/Aug/2023:04:54:05 +0000] "CONNECT antiddos.vn:443:443 HTTP/1.1" 400 -
159.89.136.33 - - [18/Aug/2023:04:54:06 +0000] "CONNECT antiddos.vn:443:443 HTTP/1.1" 400 -
159.89.143.238 - - [18/Aug/2023:04:54:07 +0000] "CONNECT lo88.org:443:443 HTTP/1.1" 400 -
159.89.143.238 - - [18/Aug/2023:04:54:08 +0000] "CONNECT antiddos.vn:443:443 HTTP/1.1" 400 -
159.89.143.238 - - [18/Aug/2023:04:54:08 +0000] "CONNECT vnew88.com:443:443 HTTP/1.1" 400 -
138.197.28.9 - - [18/Aug/2023:04:54:10 +0000] "CONNECT play.rikvip.net:443:443 HTTP/1.1" 400 -
138.197.28.9 - - [18/Aug/2023:04:54:13 +0000] "CONNECT play.rikvip.net:443:443 HTTP/1.1" 400 -
142.93.80.219 - - [18/Aug/2023:04:54:14 +0000] "CONNECT k9win.agency:443:443 HTTP/1.1" 400 -
159.89.143.238 - - [18/Aug/2023:04:54:20 +0000] "CONNECT lo88.org:443:443 HTTP/1.1" 400 -
159.89.143.238 - - [18/Aug/2023:04:54:20 +0000] "CONNECT test.lo88.org:443:443 HTTP/1.1" 400 -
159.89.143.221 - - [18/Aug/2023:04:54:22 +0000] "CONNECT k9win.agency:443:443 HTTP/1.1" 400 -
159.89.143.221 - - [18/Aug/2023:04:54:24 +0000] "CONNECT sumvip3.club:443:443 HTTP/1.1" 400 -
159.89.136.33 - - [18/Aug/2023:04:54:31 +0000] "CONNECT devox.me:443:443 HTTP/1.1" 400 -
159.89.143.238 - - [18/Aug/2023:04:54:32 +0000] "CONNECT lo88.org:443:443 HTTP/1.1" 400 -
159.89.136.33 - - [18/Aug/2023:04:54:32 +0000] "CONNECT k9win.agency:443:443 HTTP/1.1" 400 -
142.93.80.219 - - [18/Aug/2023:04:54:38 +0000] "CONNECT devox.me:443:443 HTTP/1.1" 400 -
159.89.136.29 - - [18/Aug/2023:04:54:39 +0000] "CONNECT k9win.agency:443:443 HTTP/1.1" 400 -
159.89.136.29 - - [18/Aug/2023:04:54:40 +0000] "CONNECT peticaopublica.com:443:443 HTTP/1.1" 400 -
142.93.80.219 - - [18/Aug/2023:04:54:43 +0000] "CONNECT lo88.org:443:443 HTTP/1.1" 400 -
142.93.80.219 - - [18/Aug/2023:04:54:43 +0000] "CONNECT devox.me:443:443 HTTP/1.1" 400 -
159.89.143.221 - - [18/Aug/2023:04:54:48 +0000] "CONNECT test.lo88.org:443:443 HTTP/1.1" 400 -
142.93.80.219 - - [18/Aug/2023:04:54:54 +0000] "CONNECT shitflare.asia:443:443 HTTP/1.1" 400 -
159.89.143.221 - - [18/Aug/2023:04:54:55 +0000] "CONNECT test.lo88.org:443:443 HTTP/1.1" 400 -
159.89.143.221 - - [18/Aug/2023:04:54:55 +0000] "CONNECT lo88.org:443:443 HTTP/1.1" 400 -
138.197.28.9 - - [18/Aug/2023:04:54:57 +0000] "CONNECT play.rikvip.net:443:443 HTTP/1.1" 400 -
138.197.28.9 - - [18/Aug/2023:04:54:59 +0000] "CONNECT play.rikvip.net:443:443 HTTP/1.1" 400 -
159.89.143.238 - - [18/Aug/2023:04:55:01 +0000] "CONNECT vnew88.com:443:443 HTTP/1.1" 400 -
138.197.28.9 - - [18/Aug/2023:04:55:04 +0000] "CONNECT play.rikvip.net:443:443 HTTP/1.1" 400 -
142.93.80.219 - - [18/Aug/2023:04:55:10 +0000] "CONNECT shitflare.asia:443:443 HTTP/1.1" 400 -
159.89.143.221 - - [18/Aug/2023:04:55:17 +0000] "CONNECT sumvip3.club:443:443 HTTP/1.1" 400 -
159.89.143.221 - - [18/Aug/2023:04:55:25 +0000] "CONNECT devox.me:443:443 HTTP/1.1" 400 -
159.89.143.238 - - [18/Aug/2023:04:55:38 +0000] "CONNECT vnew88.com:443:443 HTTP/1.1" 400 -
138.197.28.9 - - [18/Aug/2023:04:55:45 +0000] "CONNECT play.rikvip.net:443:443 HTTP/1.1" 400 -
142.93.80.219 - - [18/Aug/2023:04:56:03 +0000] "CONNECT peticaopublica.com:443:443 HTTP/1.1" 400 -
159.89.143.221 - - [18/Aug/2023:04:56:05 +0000] "CONNECT shitflare.asia:443:443 HTTP/1.1" 400 -
159.89.136.33 - - [18/Aug/2023:04:56:28 +0000] "CONNECT lo88.org:443:443 HTTP/1.1" 400 -
142.93.80.219 - - [18/Aug/2023:04:56:41 +0000] "CONNECT lo88.org:443:443 HTTP/1.1" 400 -
159.89.143.238 - - [18/Aug/2023:04:56:50 +0000] "CONNECT vnew88.com:443:443 HTTP/1.1" 400 -
159.89.143.238 - - [18/Aug/2023:04:56:59 +0000] "CONNECT www.bluestacks.com:443:443 HTTP/1.1" 400 -
159.89.136.29 - - [18/Aug/2023:04:57:04 +0000] "CONNECT lo88.org:443:443 HTTP/1.1" 400 -
159.89.143.221 - - [18/Aug/2023:04:57:05 +0000] "CONNECT lo88.org:443:443 HTTP/1.1" 400 -
138.197.28.9 - - [18/Aug/2023:04:57:14 +0000] "CONNECT play.rikvip.net:443:443 HTTP/1.1" 400 -
159.89.143.238 - - [18/Aug/2023:04:57:17 +0000] "CONNECT vnew88.com:443:443 HTTP/1.1" 400 -
159.89.143.238 - - [18/Aug/2023:04:57:22 +0000] "CONNECT vnew88.com:443:443 HTTP/1.1" 400 -
159.89.143.221 - - [18/Aug/2023:04:57:33 +0000] "CONNECT www.bluestacks.com:443:443 HTTP/1.1" 400 -
159.89.143.221 - - [18/Aug/2023:04:57:38 +0000] "CONNECT test.lo88.org:443:443 HTTP/1.1" 400 -
159.89.136.33 - - [18/Aug/2023:04:57:38 +0000] "CONNECT test.lo88.org:443:443 HTTP/1.1" 400 -
159.89.143.238 - - [18/Aug/2023:04:57:44 +0000] "CONNECT vnew88.com:443:443 HTTP/1.1" 400 -
159.89.143.221 - - [18/Aug/2023:04:57:55 +0000] "CONNECT k9win.agency:443:443 HTTP/1.1" 400 -
159.89.143.221 - - [18/Aug/2023:04:57:59 +0000] "CONNECT shyunshop.com:443:443 HTTP/1.1" 400 -
142.93.80.219 - - [18/Aug/2023:04:58:05 +0000] "CONNECT sumvip3.club:443:443 HTTP/1.1" 400 -
159.89.136.29 - - [18/Aug/2023:04:58:07 +0000] "CONNECT lo88.org:443:443 HTTP/1.1" 400 -
159.89.143.221 - - [18/Aug/2023:04:58:47 +0000] "CONNECT sumvip3.club:443:443 HTTP/1.1" 400 -
142.93.80.219 - - [18/Aug/2023:04:59:09 +0000] "CONNECT shyunshop.com:443:443 HTTP/1.1" 400 -
142.93.80.219 - - [18/Aug/2023:04:59:14 +0000] "CONNECT lo88.org:443:443 HTTP/1.1" 400 -
159.89.136.29 - - [18/Aug/2023:04:59:28 +0000] "CONNECT huyxingum.link:443:443 HTTP/1.1" 400 -
159.89.143.221 - - [18/Aug/2023:04:59:38 +0000] "CONNECT shyunshop.com:443:443 HTTP/1.1" 400 -
159.89.143.238 - - [18/Aug/2023:04:59:39 +0000] "CONNECT vnew88.com:443:443 HTTP/1.1" 400 -
159.89.143.238 - - [18/Aug/2023:04:59:40 +0000] "CONNECT lo88.org:443:443 HTTP/1.1" 400 -
159.89.136.33 - - [18/Aug/2023:04:59:52 +0000] "CONNECT lo88.org:443:443 HTTP/1.1" 400 -
159.89.136.29 - - [18/Aug/2023:04:59:54 +0000] "CONNECT lo88.org:443:443 HTTP/1.1" 400 -
159.89.143.238 - - [18/Aug/2023:04:59:55 +0000] "CONNECT vnew88.com:443:443 HTTP/1.1" 400 -
138.197.28.9 - - [18/Aug/2023:04:59:56 +0000] "CONNECT play.rikvip.net:443:443 HTTP/1.1" 400 -
159.89.143.221 - - [18/Aug/2023:05:00:00 +0000] "CONNECT shyunshop.com:443:443 HTTP/1.1" 400 -
159.89.143.238 - - [18/Aug/2023:05:00:02 +0000] "CONNECT vnew88.com:443:443 HTTP/1.1" 400 -
159.89.143.221 - - [18/Aug/2023:05:00:08 +0000] "CONNECT lo88.org:443:443 HTTP/1.1" 400 -
159.89.143.238 - - [18/Aug/2023:05:00:09 +0000] "CONNECT test.lo88.org:443:443 HTTP/1.1" 400 -
159.89.136.33 - - [18/Aug/2023:05:00:10 +0000] "CONNECT test.lo88.org:443:443 HTTP/1.1" 400 -
159.89.143.238 - - [18/Aug/2023:05:00:16 +0000] "CONNECT vnew88.com:443:443 HTTP/1.1" 400 -
159.89.143.221 - - [18/Aug/2023:05:00:25 +0000] "CONNECT sumvip3.club:443:443 HTTP/1.1" 400 -
159.89.136.29 - - [18/Aug/2023:05:00:29 +0000] "CONNECT sumvip3.club:443:443 HTTP/1.1" 400 -
159.89.143.238 - - [18/Aug/2023:05:00:33 +0000] "CONNECT vnew88.com:443:443 HTTP/1.1" 400 -
159.89.143.221 - - [18/Aug/2023:05:00:34 +0000] "CONNECT test.lo88.org:443:443 HTTP/1.1" 400 -
159.89.143.238 - - [18/Aug/2023:05:00:36 +0000] "CONNECT vnew88.com:443:443 HTTP/1.1" 400 -
159.89.143.238 - - [18/Aug/2023:05:00:38 +0000] "CONNECT k9win.agency:443:443 HTTP/1.1" 400 -
159.89.143.238 - - [18/Aug/2023:05:00:41 +0000] "CONNECT vnew88.com:443:443 HTTP/1.1" 400 -
142.93.80.219 - - [18/Aug/2023:05:00:46 +0000] "CONNECT k9win.agency:443:443 HTTP/1.1" 400 -
159.89.136.29 - - [18/Aug/2023:05:00:47 +0000] "CONNECT test.lo88.org:443:443 HTTP/1.1" 400 -
142.93.80.219 - - [18/Aug/2023:05:00:47 +0000] "CONNECT lo88.org:443:443 HTTP/1.1" 400 -
159.89.136.33 - - [18/Aug/2023:05:00:54 +0000] "CONNECT test.lo88.org:443:443 HTTP/1.1" 400 -
