159.89.136.33 - - [17/Aug/2023:01:31:39 +0000] "CONNECT 4g.tintuc247.top:443:443 HTTP/1.1" 400 -
143.110.235.92 - - [17/Aug/2023:01:31:43 +0000] "CONNECT 149.28.141.122:443:443 HTTP/1.1" 400 -
159.89.136.33 - - [17/Aug/2023:01:31:45 +0000] "CONNECT 149.28.141.122:443:443 HTTP/1.1" 400 -
159.89.136.33 - - [17/Aug/2023:01:31:54 +0000] "CONNECT 4g.tintuc247.top:443:443 HTTP/1.1" 400 -
159.89.136.29 - - [17/Aug/2023:01:32:05 +0000] "CONNECT 149.28.141.122:443:443 HTTP/1.1" 400 -
159.89.136.29 - - [17/Aug/2023:01:32:13 +0000] "CONNECT 149.28.141.122:443:443 HTTP/1.1" 400 -
143.110.235.92 - - [17/Aug/2023:01:32:16 +0000] "CONNECT 149.28.141.122:443:443 HTTP/1.1" 400 -
159.89.136.29 - - [17/Aug/2023:01:32:17 +0000] "CONNECT 4g.tintuc247.top:443:443 HTTP/1.1" 400 -
143.110.235.92 - - [17/Aug/2023:01:32:34 +0000] "CONNECT 4g.tintuc247.top:443:443 HTTP/1.1" 400 -
159.89.136.33 - - [17/Aug/2023:01:32:41 +0000] "CONNECT 149.28.141.122:443:443 HTTP/1.1" 400 -
138.197.28.9 - - [17/Aug/2023:01:32:43 +0000] "CONNECT play.b52.tips:443:443 HTTP/1.1" 400 -
159.89.136.33 - - [17/Aug/2023:01:32:44 +0000] "CONNECT 149.28.141.122:443:443 HTTP/1.1" 400 -
143.110.235.92 - - [17/Aug/2023:01:32:52 +0000] "CONNECT 149.28.141.122:443:443 HTTP/1.1" 400 -
143.110.235.92 - - [17/Aug/2023:01:32:53 +0000] "CONNECT 149.28.141.122:443:443 HTTP/1.1" 400 -
142.93.80.219 - - [17/Aug/2023:01:33:01 +0000] "CONNECT k9win.ca:443:443 HTTP/1.1" 400 -
143.110.235.92 - - [17/Aug/2023:01:33:09 +0000] "CONNECT 149.28.141.122:443:443 HTTP/1.1" 400 -
159.89.136.29 - - [17/Aug/2023:01:33:13 +0000] "CONNECT 149.28.141.122:443:443 HTTP/1.1" 400 -
159.89.136.29 - - [17/Aug/2023:01:33:19 +0000] "CONNECT 149.28.141.122:443:443 HTTP/1.1" 400 -
159.89.136.33 - - [17/Aug/2023:01:33:20 +0000] "CONNECT 149.28.141.122:443:443 HTTP/1.1" 400 -
159.89.143.221 - - [17/Aug/2023:01:33:29 +0000] "CONNECT 149.28.141.122:443:443 HTTP/1.1" 400 -
143.110.235.92 - - [17/Aug/2023:01:33:31 +0000] "CONNECT 4g.tintuc247.top:443:443 HTTP/1.1" 400 -
159.89.136.29 - - [17/Aug/2023:01:33:38 +0000] "CONNECT 149.28.141.122:443:443 HTTP/1.1" 400 -
159.89.136.33 - - [17/Aug/2023:01:33:49 +0000] "CONNECT 149.28.141.122:443:443 HTTP/1.1" 400 -
143.110.235.92 - - [17/Aug/2023:01:33:51 +0000] "CONNECT 4g.tintuc247.top:443:443 HTTP/1.1" 400 -
159.89.136.29 - - [17/Aug/2023:01:34:00 +0000] "CONNECT 149.28.141.122:443:443 HTTP/1.1" 400 -
159.89.136.29 - - [17/Aug/2023:01:34:19 +0000] "CONNECT 149.28.141.122:443:443 HTTP/1.1" 400 -
159.89.143.221 - - [17/Aug/2023:01:34:21 +0000] "CONNECT 149.28.141.122:443:443 HTTP/1.1" 400 -
143.110.235.92 - - [17/Aug/2023:01:34:21 +0000] "CONNECT 149.28.141.122:443:443 HTTP/1.1" 400 -
159.89.136.33 - - [17/Aug/2023:01:34:25 +0000] "CONNECT 149.28.141.122:443:443 HTTP/1.1" 400 -
159.89.136.29 - - [17/Aug/2023:01:34:34 +0000] "CONNECT 149.28.141.122:443:443 HTTP/1.1" 400 -
159.89.136.29 - - [17/Aug/2023:01:34:40 +0000] "CONNECT 149.28.141.122:443:443 HTTP/1.1" 400 -
159.89.136.29 - - [17/Aug/2023:01:34:40 +0000] "CONNECT twchecker.com:443:443 HTTP/1.1" 400 -
159.89.143.221 - - [17/Aug/2023:01:34:43 +0000] "CONNECT twchecker.com:443:443 HTTP/1.1" 400 -
159.89.136.33 - - [17/Aug/2023:01:34:46 +0000] "CONNECT 149.28.141.122:443:443 HTTP/1.1" 400 -
159.89.136.29 - - [17/Aug/2023:01:34:48 +0000] "CONNECT 149.28.141.122:443:443 HTTP/1.1" 400 -
159.89.136.33 - - [17/Aug/2023:01:34:49 +0000] "CONNECT twchecker.com:443:443 HTTP/1.1" 400 -
143.110.235.92 - - [17/Aug/2023:01:34:50 +0000] "CONNECT 149.28.141.122:443:443 HTTP/1.1" 400 -
159.89.143.221 - - [17/Aug/2023:01:34:55 +0000] "CONNECT 149.28.141.122:443:443 HTTP/1.1" 400 -
159.89.143.221 - - [17/Aug/2023:01:34:59 +0000] "CONNECT twchecker.com:443:443 HTTP/1.1" 400 -
143.110.235.92 - - [17/Aug/2023:01:35:04 +0000] "CONNECT 149.28.141.122:443:443 HTTP/1.1" 400 -
159.89.136.33 - - [17/Aug/2023:01:35:17 +0000] "CONNECT 149.28.141.122:443:443 HTTP/1.1" 400 -
159.89.136.33 - - [17/Aug/2023:01:35:30 +0000] "CONNECT 149.28.141.122:443:443 HTTP/1.1" 400 -
159.89.143.238 - - [17/Aug/2023:01:35:38 +0000] "CONNECT vnew88.com:443:443 HTTP/1.1" 400 -
159.89.136.29 - - [17/Aug/2023:01:35:52 +0000] "CONNECT twchecker.com:443:443 HTTP/1.1" 400 -
159.89.136.29 - - [17/Aug/2023:01:35:54 +0000] "CONNECT 149.28.141.122:443:443 HTTP/1.1" 400 -
159.89.143.221 - - [17/Aug/2023:01:36:01 +0000] "CONNECT 149.28.141.122:443:443 HTTP/1.1" 400 -
143.110.235.92 - - [17/Aug/2023:01:36:12 +0000] "CONNECT 149.28.141.122:443:443 HTTP/1.1" 400 -
143.110.235.92 - - [17/Aug/2023:01:36:21 +0000] "CONNECT 149.28.141.122:443:443 HTTP/1.1" 400 -
159.89.136.33 - - [17/Aug/2023:01:36:26 +0000] "CONNECT 149.28.141.122:443:443 HTTP/1.1" 400 -
159.89.136.29 - - [17/Aug/2023:01:36:26 +0000] "CONNECT 149.28.141.122:443:443 HTTP/1.1" 400 -
143.110.235.92 - - [17/Aug/2023:01:36:28 +0000] "CONNECT 149.28.141.122:443:443 HTTP/1.1" 400 -
143.110.235.92 - - [17/Aug/2023:01:36:41 +0000] "CONNECT 149.28.141.122:443:443 HTTP/1.1" 400 -
142.93.80.219 - - [17/Aug/2023:01:36:41 +0000] "CONNECT k9win.ca:443:443 HTTP/1.1" 400 -
159.89.136.33 - - [17/Aug/2023:01:36:44 +0000] "CONNECT 149.28.141.122:443:443 HTTP/1.1" 400 -
159.89.143.221 - - [17/Aug/2023:01:36:46 +0000] "CONNECT guys.kanercvi.com:443:443 HTTP/1.1" 400 -
159.89.136.29 - - [17/Aug/2023:01:36:47 +0000] "CONNECT twchecker.com:443:443 HTTP/1.1" 400 -
159.89.136.33 - - [17/Aug/2023:01:36:58 +0000] "CONNECT 149.28.141.122:443:443 HTTP/1.1" 400 -
159.89.143.221 - - [17/Aug/2023:01:36:59 +0000] "CONNECT 149.28.141.122:443:443 HTTP/1.1" 400 -
159.89.143.221 - - [17/Aug/2023:01:37:04 +0000] "CONNECT www.beacukai.go.id:443:443 HTTP/1.1" 400 -
143.110.235.92 - - [17/Aug/2023:01:37:17 +0000] "CONNECT guys.kanercvi.com:443:443 HTTP/1.1" 400 -
159.89.136.33 - - [17/Aug/2023:01:37:23 +0000] "CONNECT 149.28.141.122:443:443 HTTP/1.1" 400 -
159.89.136.29 - - [17/Aug/2023:01:37:23 +0000] "CONNECT 149.28.141.122:443:443 HTTP/1.1" 400 -
159.89.136.33 - - [17/Aug/2023:01:37:37 +0000] "CONNECT 149.28.141.122:443:443 HTTP/1.1" 400 -
159.89.136.29 - - [17/Aug/2023:01:37:38 +0000] "CONNECT 149.28.141.122:443:443 HTTP/1.1" 400 -
159.89.136.33 - - [17/Aug/2023:01:38:00 +0000] "CONNECT 149.28.141.122:443:443 HTTP/1.1" 400 -
159.89.136.29 - - [17/Aug/2023:01:38:11 +0000] "CONNECT 149.28.141.122:443:443 HTTP/1.1" 400 -
159.89.143.221 - - [17/Aug/2023:01:38:15 +0000] "CONNECT 149.28.141.122:443:443 HTTP/1.1" 400 -
159.89.136.33 - - [17/Aug/2023:01:38:16 +0000] "CONNECT 149.28.141.122:443:443 HTTP/1.1" 400 -
143.110.235.92 - - [17/Aug/2023:01:38:18 +0000] "CONNECT 149.28.141.122:443:443 HTTP/1.1" 400 -
143.110.235.92 - - [17/Aug/2023:01:38:33 +0000] "CONNECT 149.28.141.122:443:443 HTTP/1.1" 400 -
143.110.235.92 - - [17/Aug/2023:01:38:55 +0000] "CONNECT 149.28.141.122:443:443 HTTP/1.1" 400 -
159.89.143.221 - - [17/Aug/2023:01:39:01 +0000] "CONNECT 149.28.141.122:443:443 HTTP/1.1" 400 -
159.89.136.33 - - [17/Aug/2023:01:39:02 +0000] "CONNECT 149.28.141.122:443:443 HTTP/1.1" 400 -
159.89.136.29 - - [17/Aug/2023:01:39:03 +0000] "CONNECT luatnguyenphat.vn:443:443 HTTP/1.1" 400 -
159.89.136.29 - - [17/Aug/2023:01:39:03 +0000] "CONNECT 149.28.141.122:443:443 HTTP/1.1" 400 -
159.89.143.221 - - [17/Aug/2023:01:39:04 +0000] "CONNECT 149.28.141.122:443:443 HTTP/1.1" 400 -
159.89.136.33 - - [17/Aug/2023:01:39:05 +0000] "CONNECT 149.28.141.122:443:443 HTTP/1.1" 400 -
159.89.136.29 - - [17/Aug/2023:01:39:13 +0000] "CONNECT 149.28.141.122:443:443 HTTP/1.1" 400 -
159.89.143.221 - - [17/Aug/2023:01:39:15 +0000] "CONNECT lawplus.vn:443:443 HTTP/1.1" 400 -
143.110.235.92 - - [17/Aug/2023:01:39:22 +0000] "CONNECT 149.28.141.122:443:443 HTTP/1.1" 400 -
159.89.136.33 - - [17/Aug/2023:01:39:23 +0000] "CONNECT 149.28.141.122:443:443 HTTP/1.1" 400 -
159.89.136.29 - - [17/Aug/2023:01:39:24 +0000] "CONNECT 149.28.141.122:443:443 HTTP/1.1" 400 -
159.89.136.33 - - [17/Aug/2023:01:39:27 +0000] "CONNECT 149.28.141.122:443:443 HTTP/1.1" 400 -
159.89.136.33 - - [17/Aug/2023:01:39:28 +0000] "CONNECT 149.28.141.122:443:443 HTTP/1.1" 400 -
159.89.143.221 - - [17/Aug/2023:01:39:34 +0000] "CONNECT seized.solutions:443:443 HTTP/1.1" 400 -
159.89.136.33 - - [17/Aug/2023:01:39:34 +0000] "CONNECT 149.28.141.122:443:443 HTTP/1.1" 400 -
159.89.136.29 - - [17/Aug/2023:01:39:35 +0000] "CONNECT lawplus.vn:443:443 HTTP/1.1" 400 -
159.89.136.33 - - [17/Aug/2023:01:39:47 +0000] "CONNECT 149.28.141.122:443:443 HTTP/1.1" 400 -
159.89.143.221 - - [17/Aug/2023:01:39:52 +0000] "CONNECT 149.28.141.122:443:443 HTTP/1.1" 400 -
159.89.143.221 - - [17/Aug/2023:01:39:53 +0000] "CONNECT 149.28.141.122:443:443 HTTP/1.1" 400 -
143.110.235.92 - - [17/Aug/2023:01:40:02 +0000] "CONNECT 149.28.141.122:443:443 HTTP/1.1" 400 -
143.110.235.92 - - [17/Aug/2023:01:40:50 +0000] "CONNECT 198.251.82.233:30170:443:443 HTTP/1.1" 400 -
159.89.143.221 - - [17/Aug/2023:01:40:53 +0000] "CONNECT 198.251.82.233:30170:443:443 HTTP/1.1" 400 -
159.89.143.238 - - [17/Aug/2023:01:40:54 +0000] "CONNECT vnew88.com:443:443 HTTP/1.1" 400 -
159.89.143.221 - - [17/Aug/2023:01:41:09 +0000] "CONNECT 198.251.82.233:30170:443:443 HTTP/1.1" 400 -
159.89.143.221 - - [17/Aug/2023:01:41:10 +0000] "CONNECT 149.28.141.122:443:443 HTTP/1.1" 400 -
84.54.51.27 - - [17/Aug/2023:01:41:22 +0000] "CONNECT google.com:443 HTTP/1.1" 400 -
159.89.143.221 - - [17/Aug/2023:01:41:28 +0000] "CONNECT 198.251.82.233:30170:443:443 HTTP/1.1" 400 -
193.35.18.33 - - [17/Aug/2023:01:42:09 +0000] "CONNECT google.com:443 HTTP/1.1" 400 -
138.197.28.9 - - [17/Aug/2023:01:42:44 +0000] "CONNECT b52.tips:443:443 HTTP/1.1" 400 -
159.89.143.221 - - [17/Aug/2023:01:44:04 +0000] "CONNECT 149.28.141.122:443:443 HTTP/1.1" 400 -
143.110.235.92 - - [17/Aug/2023:01:44:30 +0000] "CONNECT square.geometriea.com:443:443 HTTP/1.1" 400 -
159.89.143.221 - - [17/Aug/2023:01:44:37 +0000] "CONNECT square.geometriea.com:443:443 HTTP/1.1" 400 -
143.110.235.92 - - [17/Aug/2023:01:44:53 +0000] "CONNECT 149.28.141.122:443:443 HTTP/1.1" 400 -
159.89.143.238 - - [17/Aug/2023:01:44:56 +0000] "CONNECT vnew88.com:443:443 HTTP/1.1" 400 -
143.110.235.92 - - [17/Aug/2023:01:45:07 +0000] "CONNECT 149.28.141.122:443:443 HTTP/1.1" 400 -
159.89.143.238 - - [17/Aug/2023:01:45:11 +0000] "CONNECT vnew88.com:443:443 HTTP/1.1" 400 -
143.110.235.92 - - [17/Aug/2023:01:45:31 +0000] "CONNECT square.geometriea.com:443:443 HTTP/1.1" 400 -
159.89.136.33 - - [17/Aug/2023:01:45:37 +0000] "CONNECT square.geometriea.com:443:443 HTTP/1.1" 400 -
159.89.143.221 - - [17/Aug/2023:01:46:04 +0000] "CONNECT 149.28.141.122:443:443 HTTP/1.1" 400 -
159.89.136.29 - - [17/Aug/2023:01:46:12 +0000] "CONNECT square.geometriea.com:443:443 HTTP/1.1" 400 -
159.89.136.29 - - [17/Aug/2023:01:46:15 +0000] "CONNECT 149.28.141.122:443:443 HTTP/1.1" 400 -
143.110.235.92 - - [17/Aug/2023:01:46:18 +0000] "CONNECT square.geometriea.com:443:443 HTTP/1.1" 400 -
159.89.136.33 - - [17/Aug/2023:01:46:35 +0000] "CONNECT 149.28.141.122:443:443 HTTP/1.1" 400 -
159.89.143.221 - - [17/Aug/2023:01:46:47 +0000] "CONNECT square.geometriea.com:443:443 HTTP/1.1" 400 -
159.89.143.221 - - [17/Aug/2023:01:46:55 +0000] "CONNECT square.geometriea.com:443:443 HTTP/1.1" 400 -
159.89.143.238 - - [17/Aug/2023:01:47:19 +0000] "CONNECT vnew88.com:443:443 HTTP/1.1" 400 -
159.89.136.33 - - [17/Aug/2023:01:48:21 +0000] "CONNECT 149.28.141.122:443:443 HTTP/1.1" 400 -
159.89.143.221 - - [17/Aug/2023:01:48:22 +0000] "CONNECT 149.28.141.122:443:443 HTTP/1.1" 400 -
159.89.143.221 - - [17/Aug/2023:01:48:25 +0000] "CONNECT 149.28.141.122:443:443 HTTP/1.1" 400 -
143.110.235.92 - - [17/Aug/2023:01:48:45 +0000] "CONNECT 149.28.141.122:443:443 HTTP/1.1" 400 -
159.89.143.221 - - [17/Aug/2023:01:48:49 +0000] "CONNECT 149.28.141.122:443:443 HTTP/1.1" 400 -
159.89.136.33 - - [17/Aug/2023:01:49:24 +0000] "CONNECT nitroxsec.xyz:443:443 HTTP/1.1" 400 -
159.89.143.238 - - [17/Aug/2023:01:49:51 +0000] "CONNECT vnew88.com:443:443 HTTP/1.1" 400 -
159.89.143.238 - - [17/Aug/2023:01:50:01 +0000] "CONNECT vnew88.com:443:443 HTTP/1.1" 400 -
159.89.143.238 - - [17/Aug/2023:01:50:02 +0000] "CONNECT vnew88.com:443:443 HTTP/1.1" 400 -
159.89.136.33 - - [17/Aug/2023:01:50:06 +0000] "CONNECT 149.28.141.122:443:443 HTTP/1.1" 400 -
143.110.235.92 - - [17/Aug/2023:01:50:17 +0000] "CONNECT 149.28.141.122:443:443 HTTP/1.1" 400 -
159.89.143.221 - - [17/Aug/2023:01:50:23 +0000] "CONNECT 149.28.141.122:443:443 HTTP/1.1" 400 -
143.110.235.92 - - [17/Aug/2023:01:50:26 +0000] "CONNECT 149.28.141.122:443:443 HTTP/1.1" 400 -
159.89.136.33 - - [17/Aug/2023:01:50:59 +0000] "CONNECT 149.28.141.122:443:443 HTTP/1.1" 400 -
143.110.235.92 - - [17/Aug/2023:01:51:10 +0000] "CONNECT 149.28.141.122:443:443 HTTP/1.1" 400 -
159.89.143.221 - - [17/Aug/2023:01:51:12 +0000] "CONNECT 149.28.141.122:443:443 HTTP/1.1" 400 -
159.89.136.33 - - [17/Aug/2023:01:51:14 +0000] "CONNECT 149.28.141.122:443:443 HTTP/1.1" 400 -
159.89.143.221 - - [17/Aug/2023:01:51:29 +0000] "CONNECT 149.28.141.122:443:443 HTTP/1.1" 400 -
143.110.235.92 - - [17/Aug/2023:01:51:31 +0000] "CONNECT 149.28.141.122:443:443 HTTP/1.1" 400 -
159.89.136.29 - - [17/Aug/2023:01:51:34 +0000] "CONNECT 149.28.141.122:443:443 HTTP/1.1" 400 -
159.89.136.33 - - [17/Aug/2023:01:51:51 +0000] "CONNECT 149.28.141.122:443:443 HTTP/1.1" 400 -
159.89.136.29 - - [17/Aug/2023:01:51:51 +0000] "CONNECT 149.28.141.122:443:443 HTTP/1.1" 400 -
143.110.235.92 - - [17/Aug/2023:01:51:52 +0000] "CONNECT 149.28.141.122:443:443 HTTP/1.1" 400 -
143.110.235.92 - - [17/Aug/2023:01:51:55 +0000] "CONNECT 149.28.141.122:443:443 HTTP/1.1" 400 -
143.110.235.92 - - [17/Aug/2023:01:52:06 +0000] "CONNECT 149.28.141.122:443:443 HTTP/1.1" 400 -
159.89.136.33 - - [17/Aug/2023:01:52:37 +0000] "CONNECT 149.28.141.122:443:443 HTTP/1.1" 400 -
159.89.143.238 - - [17/Aug/2023:01:52:54 +0000] "CONNECT vnew88.com:443:443 HTTP/1.1" 400 -
159.89.143.221 - - [17/Aug/2023:01:52:57 +0000] "CONNECT 149.28.141.122:443:443 HTTP/1.1" 400 -
159.89.143.221 - - [17/Aug/2023:01:53:01 +0000] "CONNECT 149.28.141.122:443:443 HTTP/1.1" 400 -
159.89.136.33 - - [17/Aug/2023:01:54:15 +0000] "CONNECT jokercard.net:443:443 HTTP/1.1" 400 -
143.110.235.92 - - [17/Aug/2023:01:54:18 +0000] "CONNECT 149.28.141.122:443:443 HTTP/1.1" 400 -
143.110.235.92 - - [17/Aug/2023:01:54:26 +0000] "CONNECT 149.28.141.122:443:443 HTTP/1.1" 400 -
143.110.235.92 - - [17/Aug/2023:01:54:49 +0000] "CONNECT 149.28.141.122:443:443 HTTP/1.1" 400 -
143.110.235.92 - - [17/Aug/2023:01:55:04 +0000] "CONNECT 149.28.141.122:443:443 HTTP/1.1" 400 -
159.89.143.221 - - [17/Aug/2023:01:55:13 +0000] "CONNECT 149.28.141.122:443:443 HTTP/1.1" 400 -
159.89.143.221 - - [17/Aug/2023:01:55:14 +0000] "CONNECT 149.28.141.122:443:443 HTTP/1.1" 400 -
159.89.136.29 - - [17/Aug/2023:01:55:14 +0000] "CONNECT 149.28.141.122:443:443 HTTP/1.1" 400 -
159.89.136.33 - - [17/Aug/2023:01:55:14 +0000] "CONNECT 149.28.141.122:443:443 HTTP/1.1" 400 -
159.89.143.238 - - [17/Aug/2023:01:55:19 +0000] "CONNECT vnew88.com:443:443 HTTP/1.1" 400 -
159.89.143.221 - - [17/Aug/2023:01:55:24 +0000] "CONNECT 149.28.141.122:443:443 HTTP/1.1" 400 -
159.89.136.33 - - [17/Aug/2023:01:55:29 +0000] "CONNECT 149.28.141.122:443:443 HTTP/1.1" 400 -
143.110.235.92 - - [17/Aug/2023:01:55:29 +0000] "CONNECT 149.28.141.122:443:443 HTTP/1.1" 400 -
159.89.143.221 - - [17/Aug/2023:01:55:40 +0000] "CONNECT 149.28.141.122:443:443 HTTP/1.1" 400 -
159.89.143.221 - - [17/Aug/2023:01:57:11 +0000] "CONNECT 149.28.141.122:443:443 HTTP/1.1" 400 -
159.89.136.29 - - [17/Aug/2023:01:57:29 +0000] "CONNECT 149.28.141.122:443:443 HTTP/1.1" 400 -
159.89.143.221 - - [17/Aug/2023:01:57:33 +0000] "CONNECT 149.28.141.122:443:443 HTTP/1.1" 400 -
159.89.143.238 - - [17/Aug/2023:01:58:03 +0000] "CONNECT vnew88.com:443:443 HTTP/1.1" 400 -
159.89.143.221 - - [17/Aug/2023:01:58:10 +0000] "CONNECT 149.28.141.122:443:443 HTTP/1.1" 400 -
159.89.136.33 - - [17/Aug/2023:01:58:36 +0000] "CONNECT 149.28.141.122:443:443 HTTP/1.1" 400 -
159.89.143.238 - - [17/Aug/2023:01:58:37 +0000] "CONNECT vnew88.com:443:443 HTTP/1.1" 400 -
159.89.136.29 - - [17/Aug/2023:01:58:57 +0000] "CONNECT 149.28.141.122:443:443 HTTP/1.1" 400 -
159.89.136.33 - - [17/Aug/2023:01:59:25 +0000] "CONNECT 149.28.141.122:443:443 HTTP/1.1" 400 -
159.89.143.238 - - [17/Aug/2023:01:59:57 +0000] "CONNECT vnew88.com:443:443 HTTP/1.1" 400 -
138.197.28.9 - - [17/Aug/2023:02:00:15 +0000] "CONNECT b52.tips:443:443 HTTP/1.1" 400 -
159.89.136.29 - - [17/Aug/2023:02:00:42 +0000] "CONNECT 149.28.141.122:443:443 HTTP/1.1" 400 -
159.89.136.33 - - [17/Aug/2023:02:01:19 +0000] "CONNECT 149.28.141.122:443:443 HTTP/1.1" 400 -
159.89.136.29 - - [17/Aug/2023:02:01:28 +0000] "CONNECT 149.28.141.122:443:443 HTTP/1.1" 400 -
159.89.136.29 - - [17/Aug/2023:02:01:30 +0000] "CONNECT 149.28.141.122:443:443 HTTP/1.1" 400 -
159.89.143.221 - - [17/Aug/2023:02:01:38 +0000] "CONNECT 149.28.141.122:443:443 HTTP/1.1" 400 -
143.110.235.92 - - [17/Aug/2023:02:01:41 +0000] "CONNECT 80.76.43.137:443:443 HTTP/1.1" 400 -
159.89.136.33 - - [17/Aug/2023:02:01:46 +0000] "CONNECT 149.28.141.122:443:443 HTTP/1.1" 400 -
159.89.136.33 - - [17/Aug/2023:02:01:48 +0000] "CONNECT 80.76.43.137:443:443 HTTP/1.1" 400 -
143.110.235.92 - - [17/Aug/2023:02:02:25 +0000] "CONNECT 149.28.141.122:443:443 HTTP/1.1" 400 -
159.89.136.29 - - [17/Aug/2023:02:03:00 +0000] "CONNECT 149.28.141.122:443:443 HTTP/1.1" 400 -
143.110.235.92 - - [17/Aug/2023:02:03:08 +0000] "CONNECT 149.28.141.122:443:443 HTTP/1.1" 400 -
159.89.143.238 - - [17/Aug/2023:02:03:15 +0000] "CONNECT vnew88.com:443:443 HTTP/1.1" 400 -
159.89.136.29 - - [17/Aug/2023:02:03:19 +0000] "CONNECT 149.28.141.122:443:443 HTTP/1.1" 400 -
159.89.143.238 - - [17/Aug/2023:02:03:40 +0000] "CONNECT vnew88.com:443:443 HTTP/1.1" 400 -
159.89.136.33 - - [17/Aug/2023:02:04:02 +0000] "CONNECT 149.28.141.122:443:443 HTTP/1.1" 400 -
143.110.235.92 - - [17/Aug/2023:02:04:14 +0000] "CONNECT 149.28.141.122:443:443 HTTP/1.1" 400 -
159.89.136.29 - - [17/Aug/2023:02:04:17 +0000] "CONNECT 149.28.141.122:443:443 HTTP/1.1" 400 -
143.110.235.92 - - [17/Aug/2023:02:04:17 +0000] "CONNECT auth.build:443:443 HTTP/1.1" 400 -
143.110.235.92 - - [17/Aug/2023:02:04:51 +0000] "CONNECT 149.28.141.122:443:443 HTTP/1.1" 400 -
159.89.136.29 - - [17/Aug/2023:02:05:14 +0000] "CONNECT 149.28.141.122:443:443 HTTP/1.1" 400 -
184.105.139.74 - - [17/Aug/2023:02:05:18 +0000] "-" 400 -
143.110.235.92 - - [17/Aug/2023:02:05:32 +0000] "CONNECT 149.28.141.122:443:443 HTTP/1.1" 400 -
159.89.136.29 - - [17/Aug/2023:02:05:35 +0000] "CONNECT 149.28.141.122:443:443 HTTP/1.1" 400 -
159.89.136.33 - - [17/Aug/2023:02:05:52 +0000] "CONNECT 149.28.141.122:443:443 HTTP/1.1" 400 -
159.89.143.221 - - [17/Aug/2023:02:05:57 +0000] "CONNECT 149.28.141.122:443:443 HTTP/1.1" 400 -
159.89.143.221 - - [17/Aug/2023:02:06:37 +0000] "CONNECT 149.28.141.122:443:443 HTTP/1.1" 400 -
159.89.143.221 - - [17/Aug/2023:02:06:49 +0000] "CONNECT 149.28.141.122:443:443 HTTP/1.1" 400 -
159.89.136.29 - - [17/Aug/2023:02:06:57 +0000] "CONNECT 149.28.141.122:443:443 HTTP/1.1" 400 -
159.89.143.221 - - [17/Aug/2023:02:06:57 +0000] "CONNECT 149.28.141.122:443:443 HTTP/1.1" 400 -
159.89.136.29 - - [17/Aug/2023:02:07:09 +0000] "CONNECT 149.28.141.122:443:443 HTTP/1.1" 400 -
159.89.136.29 - - [17/Aug/2023:02:07:27 +0000] "CONNECT 149.28.141.122:443:443 HTTP/1.1" 400 -
159.89.136.33 - - [17/Aug/2023:02:07:27 +0000] "CONNECT 149.28.141.122:443:443 HTTP/1.1" 400 -
143.110.235.92 - - [17/Aug/2023:02:07:52 +0000] "CONNECT 149.28.141.122:443:443 HTTP/1.1" 400 -
159.89.136.29 - - [17/Aug/2023:02:07:54 +0000] "CONNECT 149.28.141.122:443:443 HTTP/1.1" 400 -
159.89.136.33 - - [17/Aug/2023:02:08:07 +0000] "CONNECT 149.28.141.122:443:443 HTTP/1.1" 400 -
159.89.136.29 - - [17/Aug/2023:02:08:14 +0000] "CONNECT 149.28.141.122:443:443 HTTP/1.1" 400 -
159.89.136.29 - - [17/Aug/2023:02:08:19 +0000] "CONNECT 149.28.141.122:443:443 HTTP/1.1" 400 -
143.110.235.92 - - [17/Aug/2023:02:08:37 +0000] "CONNECT 149.28.141.122:443:443 HTTP/1.1" 400 -
143.110.235.92 - - [17/Aug/2023:02:08:40 +0000] "CONNECT 149.28.141.122:443:443 HTTP/1.1" 400 -
143.110.235.92 - - [17/Aug/2023:02:08:43 +0000] "CONNECT static.88-198-48-45.clients.your-server.de:443:443 HTTP/1.1" 400 -
143.110.235.92 - - [17/Aug/2023:02:09:04 +0000] "CONNECT 149.28.141.122:443:443 HTTP/1.1" 400 -
159.89.143.221 - - [17/Aug/2023:02:09:08 +0000] "CONNECT 149.28.141.122:443:443 HTTP/1.1" 400 -
159.89.143.238 - - [17/Aug/2023:02:09:08 +0000] "CONNECT vnew88.com:443:443 HTTP/1.1" 400 -
143.110.235.92 - - [17/Aug/2023:02:09:18 +0000] "CONNECT 149.28.141.122:443:443 HTTP/1.1" 400 -
159.89.143.221 - - [17/Aug/2023:02:09:19 +0000] "CONNECT 149.28.141.122:443:443 HTTP/1.1" 400 -
159.89.143.221 - - [17/Aug/2023:02:09:25 +0000] "CONNECT 149.28.141.122:443:443 HTTP/1.1" 400 -
159.89.136.29 - - [17/Aug/2023:02:09:25 +0000] "CONNECT 149.28.141.122:443:443 HTTP/1.1" 400 -
143.110.235.92 - - [17/Aug/2023:02:09:27 +0000] "CONNECT 149.28.141.122:443:443 HTTP/1.1" 400 -
159.89.143.221 - - [17/Aug/2023:02:09:50 +0000] "CONNECT www.fdcservers.net:443:443 HTTP/1.1" 400 -
143.110.235.92 - - [17/Aug/2023:02:09:50 +0000] "CONNECT www.fdcservers.net:443:443 HTTP/1.1" 400 -
159.89.136.29 - - [17/Aug/2023:02:09:55 +0000] "CONNECT 149.28.141.122:443:443 HTTP/1.1" 400 -
159.89.136.33 - - [17/Aug/2023:02:10:00 +0000] "CONNECT fedcc.online:443:443 HTTP/1.1" 400 -
159.89.136.33 - - [17/Aug/2023:02:10:00 +0000] "CONNECT 149.28.141.122:443:443 HTTP/1.1" 400 -
159.89.143.221 - - [17/Aug/2023:02:10:09 +0000] "CONNECT fedcc.online:443:443 HTTP/1.1" 400 -
159.89.136.29 - - [17/Aug/2023:02:10:15 +0000] "CONNECT 149.28.141.122:443:443 HTTP/1.1" 400 -
159.89.143.221 - - [17/Aug/2023:02:10:16 +0000] "CONNECT 149.28.141.122:443:443 HTTP/1.1" 400 -
159.89.143.221 - - [17/Aug/2023:02:10:21 +0000] "CONNECT 149.28.141.122:443:443 HTTP/1.1" 400 -
159.89.136.33 - - [17/Aug/2023:02:10:21 +0000] "CONNECT 149.28.141.122:443:443 HTTP/1.1" 400 -
159.89.136.33 - - [17/Aug/2023:02:10:23 +0000] "CONNECT www.fdcservers.net:443:443 HTTP/1.1" 400 -
143.110.235.92 - - [17/Aug/2023:02:10:23 +0000] "CONNECT 149.28.141.122:443:443 HTTP/1.1" 400 -
159.89.136.29 - - [17/Aug/2023:02:10:29 +0000] "CONNECT 149.28.141.122:443:443 HTTP/1.1" 400 -
159.89.136.29 - - [17/Aug/2023:02:10:35 +0000] "CONNECT 149.28.141.122:443:443 HTTP/1.1" 400 -
143.110.235.92 - - [17/Aug/2023:02:10:46 +0000] "CONNECT 149.28.141.122:443:443 HTTP/1.1" 400 -
159.89.143.221 - - [17/Aug/2023:02:10:49 +0000] "CONNECT 149.28.141.122:443:443 HTTP/1.1" 400 -
159.89.143.221 - - [17/Aug/2023:02:10:49 +0000] "CONNECT 149.28.141.122:443:443 HTTP/1.1" 400 -
159.89.143.221 - - [17/Aug/2023:02:11:02 +0000] "CONNECT 149.28.141.122:443:443 HTTP/1.1" 400 -
159.89.143.238 - - [17/Aug/2023:02:11:04 +0000] "CONNECT vnew88.com:443:443 HTTP/1.1" 400 -
143.110.235.92 - - [17/Aug/2023:02:11:12 +0000] "CONNECT 149.28.141.122:443:443 HTTP/1.1" 400 -
159.89.136.33 - - [17/Aug/2023:02:11:19 +0000] "CONNECT 149.28.141.122:443:443 HTTP/1.1" 400 -
159.89.136.29 - - [17/Aug/2023:02:11:21 +0000] "CONNECT 149.28.141.122:443:443 HTTP/1.1" 400 -
159.89.143.221 - - [17/Aug/2023:02:11:29 +0000] "CONNECT 149.28.141.122:443:443 HTTP/1.1" 400 -
159.89.136.33 - - [17/Aug/2023:02:11:33 +0000] "CONNECT 149.28.141.122:443:443 HTTP/1.1" 400 -
159.89.136.33 - - [17/Aug/2023:02:11:35 +0000] "CONNECT 149.28.141.122:443:443 HTTP/1.1" 400 -
159.89.136.33 - - [17/Aug/2023:02:11:35 +0000] "CONNECT 149.28.141.122:443:443 HTTP/1.1" 400 -
159.89.143.221 - - [17/Aug/2023:02:11:41 +0000] "CONNECT 149.28.141.122:443:443 HTTP/1.1" 400 -
159.89.143.221 - - [17/Aug/2023:02:11:42 +0000] "CONNECT 149.28.141.122:443:443 HTTP/1.1" 400 -
159.89.143.221 - - [17/Aug/2023:02:11:54 +0000] "CONNECT 149.28.141.122:443:443 HTTP/1.1" 400 -
143.110.235.92 - - [17/Aug/2023:02:12:01 +0000] "CONNECT 149.28.141.122:443:443 HTTP/1.1" 400 -
159.89.136.29 - - [17/Aug/2023:02:12:04 +0000] "CONNECT 149.28.141.122:443:443 HTTP/1.1" 400 -
143.110.235.92 - - [17/Aug/2023:02:12:10 +0000] "CONNECT static.88-198-48-45.clients.your-server.de:443:443 HTTP/1.1" 400 -
159.89.143.238 - - [17/Aug/2023:02:12:14 +0000] "CONNECT vnew88.com:443:443 HTTP/1.1" 400 -
159.89.136.29 - - [17/Aug/2023:02:12:21 +0000] "CONNECT jokercard.net:443:443 HTTP/1.1" 400 -
143.110.235.92 - - [17/Aug/2023:02:12:27 +0000] "CONNECT 149.28.141.122:443:443 HTTP/1.1" 400 -
159.89.136.33 - - [17/Aug/2023:02:12:28 +0000] "CONNECT 149.28.141.122:443:443 HTTP/1.1" 400 -
159.89.136.29 - - [17/Aug/2023:02:12:30 +0000] "CONNECT jokercard.net:443:443 HTTP/1.1" 400 -
143.110.235.92 - - [17/Aug/2023:02:12:35 +0000] "CONNECT 149.28.141.122:443:443 HTTP/1.1" 400 -
143.110.235.92 - - [17/Aug/2023:02:12:40 +0000] "CONNECT static.88-198-48-45.clients.your-server.de:443:443 HTTP/1.1" 400 -
159.89.143.238 - - [17/Aug/2023:02:12:40 +0000] "CONNECT vnew88.com:443:443 HTTP/1.1" 400 -
159.89.136.33 - - [17/Aug/2023:02:12:53 +0000] "CONNECT 149.28.141.122:443:443 HTTP/1.1" 400 -
138.197.28.9 - - [17/Aug/2023:02:12:57 +0000] "CONNECT play.b52.tips:443:443 HTTP/1.1" 400 -
159.89.136.29 - - [17/Aug/2023:02:12:58 +0000] "CONNECT 149.28.141.122:443:443 HTTP/1.1" 400 -
143.110.235.92 - - [17/Aug/2023:02:12:59 +0000] "CONNECT 149.28.141.122:443:443 HTTP/1.1" 400 -
159.89.143.221 - - [17/Aug/2023:02:13:07 +0000] "CONNECT 149.28.141.122:443:443 HTTP/1.1" 400 -
143.110.235.92 - - [17/Aug/2023:02:13:07 +0000] "CONNECT 149.28.141.122:443:443 HTTP/1.1" 400 -
159.89.136.33 - - [17/Aug/2023:02:13:08 +0000] "CONNECT 149.28.141.122:443:443 HTTP/1.1" 400 -
159.89.136.29 - - [17/Aug/2023:02:13:14 +0000] "CONNECT jokercard.net:443:443 HTTP/1.1" 400 -
159.89.136.29 - - [17/Aug/2023:02:13:17 +0000] "CONNECT 149.28.141.122:443:443 HTTP/1.1" 400 -
159.89.136.33 - - [17/Aug/2023:02:13:24 +0000] "CONNECT 149.28.141.122:443:443 HTTP/1.1" 400 -
159.89.143.221 - - [17/Aug/2023:02:13:34 +0000] "CONNECT 149.28.141.122:443:443 HTTP/1.1" 400 -
159.89.143.221 - - [17/Aug/2023:02:13:38 +0000] "CONNECT 149.28.141.122:443:443 HTTP/1.1" 400 -
159.89.143.238 - - [17/Aug/2023:02:13:43 +0000] "CONNECT vnew88.com:443:443 HTTP/1.1" 400 -
159.89.136.29 - - [17/Aug/2023:02:13:57 +0000] "CONNECT 149.28.141.122:443:443 HTTP/1.1" 400 -
143.110.235.92 - - [17/Aug/2023:02:13:59 +0000] "CONNECT 149.28.141.122:443:443 HTTP/1.1" 400 -
159.89.136.33 - - [17/Aug/2023:02:14:00 +0000] "CONNECT static.88-198-48-45.clients.your-server.de:443:443 HTTP/1.1" 400 -
143.110.235.92 - - [17/Aug/2023:02:14:00 +0000] "CONNECT 149.28.141.122:443:443 HTTP/1.1" 400 -
143.110.235.92 - - [17/Aug/2023:02:14:05 +0000] "CONNECT 149.28.141.122:443:443 HTTP/1.1" 400 -
159.89.143.221 - - [17/Aug/2023:02:14:18 +0000] "CONNECT 149.28.141.122:443:443 HTTP/1.1" 400 -
143.110.235.92 - - [17/Aug/2023:02:14:31 +0000] "CONNECT static.88-198-48-45.clients.your-server.de:443:443 HTTP/1.1" 400 -
159.89.143.221 - - [17/Aug/2023:02:14:36 +0000] "CONNECT 149.28.141.122:443:443 HTTP/1.1" 400 -
159.89.136.29 - - [17/Aug/2023:02:14:47 +0000] "CONNECT 149.28.141.122:443:443 HTTP/1.1" 400 -
143.110.235.92 - - [17/Aug/2023:02:14:52 +0000] "CONNECT 149.28.141.122:443:443 HTTP/1.1" 400 -
159.89.136.33 - - [17/Aug/2023:02:14:56 +0000] "CONNECT 149.28.141.122:443:443 HTTP/1.1" 400 -
143.110.235.92 - - [17/Aug/2023:02:15:04 +0000] "CONNECT 149.28.141.122:443:443 HTTP/1.1" 400 -
159.89.143.221 - - [17/Aug/2023:02:15:07 +0000] "CONNECT 149.28.141.122:443:443 HTTP/1.1" 400 -
159.89.136.33 - - [17/Aug/2023:02:15:08 +0000] "CONNECT 149.28.141.122:443:443 HTTP/1.1" 400 -
159.89.136.29 - - [17/Aug/2023:02:15:09 +0000] "CONNECT 149.28.141.122:443:443 HTTP/1.1" 400 -
159.89.143.238 - - [17/Aug/2023:02:15:19 +0000] "CONNECT vnew88.com:443:443 HTTP/1.1" 400 -
159.89.136.33 - - [17/Aug/2023:02:15:21 +0000] "CONNECT 149.28.141.122:443:443 HTTP/1.1" 400 -
159.89.143.221 - - [17/Aug/2023:02:15:24 +0000] "CONNECT 149.28.141.122:443:443 HTTP/1.1" 400 -
159.89.136.33 - - [17/Aug/2023:02:15:25 +0000] "CONNECT static.88-198-48-45.clients.your-server.de:443:443 HTTP/1.1" 400 -
159.89.136.29 - - [17/Aug/2023:02:15:28 +0000] "CONNECT 149.28.141.122:443:443 HTTP/1.1" 400 -
159.89.136.29 - - [17/Aug/2023:02:15:28 +0000] "CONNECT 149.28.141.122:443:443 HTTP/1.1" 400 -
159.89.136.33 - - [17/Aug/2023:02:15:31 +0000] "CONNECT 149.28.141.122:443:443 HTTP/1.1" 400 -
159.89.143.221 - - [17/Aug/2023:02:15:36 +0000] "CONNECT 149.28.141.122:443:443 HTTP/1.1" 400 -
159.89.136.33 - - [17/Aug/2023:02:15:38 +0000] "CONNECT 149.28.141.122:443:443 HTTP/1.1" 400 -
159.89.143.221 - - [17/Aug/2023:02:15:39 +0000] "CONNECT 149.28.141.122:443:443 HTTP/1.1" 400 -
143.110.235.92 - - [17/Aug/2023:02:15:41 +0000] "CONNECT static.88-198-48-45.clients.your-server.de:443:443 HTTP/1.1" 400 -
159.89.136.33 - - [17/Aug/2023:02:15:55 +0000] "CONNECT 149.28.141.122:443:443 HTTP/1.1" 400 -
159.89.143.238 - - [17/Aug/2023:02:16:00 +0000] "CONNECT vnew88.com:443:443 HTTP/1.1" 400 -
143.110.235.92 - - [17/Aug/2023:02:16:03 +0000] "CONNECT 149.28.141.122:443:443 HTTP/1.1" 400 -
143.110.235.92 - - [17/Aug/2023:02:16:11 +0000] "CONNECT 149.28.141.122:443:443 HTTP/1.1" 400 -
143.110.235.92 - - [17/Aug/2023:02:16:15 +0000] "CONNECT 149.28.141.122:443:443 HTTP/1.1" 400 -
159.89.136.29 - - [17/Aug/2023:02:16:15 +0000] "CONNECT 149.28.141.122:443:443 HTTP/1.1" 400 -
159.89.136.29 - - [17/Aug/2023:02:16:31 +0000] "CONNECT 149.28.141.122:443:443 HTTP/1.1" 400 -
143.110.235.92 - - [17/Aug/2023:02:16:38 +0000] "CONNECT static.88-198-48-45.clients.your-server.de:443:443 HTTP/1.1" 400 -
143.110.235.92 - - [17/Aug/2023:02:16:55 +0000] "CONNECT 149.28.141.122:443:443 HTTP/1.1" 400 -
159.89.136.29 - - [17/Aug/2023:02:16:58 +0000] "CONNECT 149.28.141.122:443:443 HTTP/1.1" 400 -
159.89.143.221 - - [17/Aug/2023:02:17:02 +0000] "CONNECT 149.28.141.122:443:443 HTTP/1.1" 400 -
159.89.136.33 - - [17/Aug/2023:02:17:07 +0000] "CONNECT 149.28.141.122:443:443 HTTP/1.1" 400 -
159.89.136.33 - - [17/Aug/2023:02:17:15 +0000] "CONNECT 149.28.141.122:443:443 HTTP/1.1" 400 -
159.89.136.29 - - [17/Aug/2023:02:17:16 +0000] "CONNECT 149.28.141.122:443:443 HTTP/1.1" 400 -
143.110.235.92 - - [17/Aug/2023:02:17:23 +0000] "CONNECT 149.28.141.122:443:443 HTTP/1.1" 400 -
159.89.136.29 - - [17/Aug/2023:02:17:26 +0000] "CONNECT 149.28.141.122:443:443 HTTP/1.1" 400 -
143.110.235.92 - - [17/Aug/2023:02:17:30 +0000] "CONNECT 149.28.141.122:443:443 HTTP/1.1" 400 -
159.89.143.221 - - [17/Aug/2023:02:17:30 +0000] "CONNECT 149.28.141.122:443:443 HTTP/1.1" 400 -
159.89.136.29 - - [17/Aug/2023:02:17:31 +0000] "CONNECT 149.28.141.122:443:443 HTTP/1.1" 400 -
143.110.235.92 - - [17/Aug/2023:02:17:34 +0000] "CONNECT 149.28.141.122:443:443 HTTP/1.1" 400 -
143.110.235.92 - - [17/Aug/2023:02:17:47 +0000] "CONNECT 149.28.141.122:443:443 HTTP/1.1" 400 -
143.110.235.92 - - [17/Aug/2023:02:17:52 +0000] "CONNECT 149.28.141.122:443:443 HTTP/1.1" 400 -
159.89.143.221 - - [17/Aug/2023:02:17:56 +0000] "CONNECT 149.28.141.122:443:443 HTTP/1.1" 400 -
159.89.143.238 - - [17/Aug/2023:02:17:58 +0000] "CONNECT vnew88.com:443:443 HTTP/1.1" 400 -
159.89.136.33 - - [17/Aug/2023:02:18:06 +0000] "CONNECT 149.28.141.122:443:443 HTTP/1.1" 400 -
143.110.235.92 - - [17/Aug/2023:02:18:14 +0000] "CONNECT 149.28.141.122:443:443 HTTP/1.1" 400 -
143.110.235.92 - - [17/Aug/2023:02:18:35 +0000] "CONNECT 149.28.141.122:443:443 HTTP/1.1" 400 -
159.89.136.29 - - [17/Aug/2023:02:18:36 +0000] "CONNECT 149.28.141.122:443:443 HTTP/1.1" 400 -
159.89.136.29 - - [17/Aug/2023:02:18:39 +0000] "CONNECT 149.28.141.122:443:443 HTTP/1.1" 400 -
159.89.143.221 - - [17/Aug/2023:02:18:46 +0000] "CONNECT 149.28.141.122:443:443 HTTP/1.1" 400 -
143.110.235.92 - - [17/Aug/2023:02:18:46 +0000] "CONNECT 149.28.141.122:443:443 HTTP/1.1" 400 -
159.89.143.221 - - [17/Aug/2023:02:18:50 +0000] "CONNECT 149.28.141.122:443:443 HTTP/1.1" 400 -
159.89.136.29 - - [17/Aug/2023:02:18:54 +0000] "CONNECT 149.28.141.122:443:443 HTTP/1.1" 400 -
143.110.235.92 - - [17/Aug/2023:02:19:10 +0000] "CONNECT 149.28.141.122:443:443 HTTP/1.1" 400 -
159.89.143.238 - - [17/Aug/2023:02:19:18 +0000] "CONNECT vnew88.com:443:443 HTTP/1.1" 400 -
143.110.235.92 - - [17/Aug/2023:02:19:36 +0000] "CONNECT 149.28.141.122:443:443 HTTP/1.1" 400 -
159.89.136.33 - - [17/Aug/2023:02:19:39 +0000] "CONNECT 149.28.141.122:443:443 HTTP/1.1" 400 -
159.89.143.221 - - [17/Aug/2023:02:19:39 +0000] "CONNECT 149.28.141.122:443:443 HTTP/1.1" 400 -
159.89.136.33 - - [17/Aug/2023:02:19:40 +0000] "CONNECT 149.28.141.122:443:443 HTTP/1.1" 400 -
159.89.136.29 - - [17/Aug/2023:02:19:42 +0000] "CONNECT 149.28.141.122:443:443 HTTP/1.1" 400 -
159.89.136.33 - - [17/Aug/2023:02:19:43 +0000] "CONNECT 149.28.141.122:443:443 HTTP/1.1" 400 -
143.110.235.92 - - [17/Aug/2023:02:19:45 +0000] "CONNECT 149.28.141.122:443:443 HTTP/1.1" 400 -
159.89.143.238 - - [17/Aug/2023:02:19:48 +0000] "CONNECT vnew88.com:443:443 HTTP/1.1" 400 -
143.110.235.92 - - [17/Aug/2023:02:19:54 +0000] "CONNECT 149.28.141.122:443:443 HTTP/1.1" 400 -
159.89.143.238 - - [17/Aug/2023:02:19:54 +0000] "CONNECT vnew88.com:443:443 HTTP/1.1" 400 -
159.89.143.221 - - [17/Aug/2023:02:20:20 +0000] "CONNECT www.beneventocalcio.club:443:443 HTTP/1.1" 400 -
143.110.235.92 - - [17/Aug/2023:02:20:26 +0000] "CONNECT 149.28.141.122:443:443 HTTP/1.1" 400 -
159.89.136.33 - - [17/Aug/2023:02:20:27 +0000] "CONNECT 149.28.141.122:443:443 HTTP/1.1" 400 -
159.89.136.29 - - [17/Aug/2023:02:20:41 +0000] "CONNECT 149.28.141.122:443:443 HTTP/1.1" 400 -
159.89.136.29 - - [17/Aug/2023:02:20:44 +0000] "CONNECT 149.28.141.122:443:443 HTTP/1.1" 400 -
159.89.136.29 - - [17/Aug/2023:02:21:03 +0000] "CONNECT 149.28.141.122:443:443 HTTP/1.1" 400 -
143.110.235.92 - - [17/Aug/2023:02:21:09 +0000] "CONNECT 149.28.141.122:443:443 HTTP/1.1" 400 -
159.89.136.29 - - [17/Aug/2023:02:21:20 +0000] "CONNECT 149.28.141.122:443:443 HTTP/1.1" 400 -
159.89.136.33 - - [17/Aug/2023:02:21:20 +0000] "CONNECT 149.28.141.122:443:443 HTTP/1.1" 400 -
159.89.136.33 - - [17/Aug/2023:02:21:22 +0000] "CONNECT 149.28.141.122:443:443 HTTP/1.1" 400 -
159.89.143.221 - - [17/Aug/2023:02:21:33 +0000] "CONNECT 149.28.141.122:443:443 HTTP/1.1" 400 -
159.89.136.29 - - [17/Aug/2023:02:21:38 +0000] "CONNECT 149.28.141.122:443:443 HTTP/1.1" 400 -
159.89.136.33 - - [17/Aug/2023:02:21:40 +0000] "CONNECT 149.28.141.122:443:443 HTTP/1.1" 400 -
159.89.136.33 - - [17/Aug/2023:02:21:41 +0000] "CONNECT 149.28.141.122:443:443 HTTP/1.1" 400 -
159.89.136.29 - - [17/Aug/2023:02:21:45 +0000] "CONNECT 149.28.141.122:443:443 HTTP/1.1" 400 -
159.89.143.221 - - [17/Aug/2023:02:21:54 +0000] "CONNECT 149.28.141.122:443:443 HTTP/1.1" 400 -
159.89.136.29 - - [17/Aug/2023:02:22:19 +0000] "CONNECT 149.28.141.122:443:443 HTTP/1.1" 400 -
159.89.143.221 - - [17/Aug/2023:02:22:24 +0000] "CONNECT xn--oy2b86kswd.com:443:443 HTTP/1.1" 400 -
143.110.235.92 - - [17/Aug/2023:02:22:27 +0000] "CONNECT 149.28.141.122:443:443 HTTP/1.1" 400 -
159.89.136.33 - - [17/Aug/2023:02:22:31 +0000] "CONNECT xn--oy2b86kswd.com:443:443 HTTP/1.1" 400 -
143.110.235.92 - - [17/Aug/2023:02:22:34 +0000] "CONNECT 149.28.141.122:443:443 HTTP/1.1" 400 -
159.89.136.33 - - [17/Aug/2023:02:22:38 +0000] "CONNECT 149.28.141.122:443:443 HTTP/1.1" 400 -
143.110.235.92 - - [17/Aug/2023:02:22:41 +0000] "CONNECT xn--oy2b86kswd.com:443:443 HTTP/1.1" 400 -
143.110.235.92 - - [17/Aug/2023:02:22:48 +0000] "CONNECT 149.28.141.122:443:443 HTTP/1.1" 400 -
143.110.235.92 - - [17/Aug/2023:02:22:50 +0000] "CONNECT 149.28.141.122:443:443 HTTP/1.1" 400 -
159.89.136.29 - - [17/Aug/2023:02:22:53 +0000] "CONNECT 149.28.141.122:443:443 HTTP/1.1" 400 -
159.89.136.29 - - [17/Aug/2023:02:22:58 +0000] "CONNECT xn--oy2b86kswd.com:443:443 HTTP/1.1" 400 -
159.89.136.33 - - [17/Aug/2023:02:23:02 +0000] "CONNECT 149.28.141.122:443:443 HTTP/1.1" 400 -
159.89.143.221 - - [17/Aug/2023:02:23:09 +0000] "CONNECT 149.28.141.122:443:443 HTTP/1.1" 400 -
159.89.143.221 - - [17/Aug/2023:02:23:09 +0000] "CONNECT 149.28.141.122:443:443 HTTP/1.1" 400 -
143.110.235.92 - - [17/Aug/2023:02:23:22 +0000] "CONNECT dichvulyhon.luatsudfc.vn:443:443 HTTP/1.1" 400 -
143.110.235.92 - - [17/Aug/2023:02:23:24 +0000] "CONNECT xn--oy2b86kswd.com:443:443 HTTP/1.1" 400 -
159.89.136.33 - - [17/Aug/2023:02:23:41 +0000] "CONNECT xn--oy2b86kswd.com:443:443 HTTP/1.1" 400 -
159.89.136.33 - - [17/Aug/2023:02:23:45 +0000] "CONNECT 149.28.141.122:443:443 HTTP/1.1" 400 -
159.89.143.221 - - [17/Aug/2023:02:23:47 +0000] "CONNECT 149.28.141.122:443:443 HTTP/1.1" 400 -
159.89.136.33 - - [17/Aug/2023:02:23:49 +0000] "CONNECT 149.28.141.122:443:443 HTTP/1.1" 400 -
159.89.143.221 - - [17/Aug/2023:02:24:05 +0000] "CONNECT dichvulyhon.luatsudfc.vn:443:443 HTTP/1.1" 400 -
159.89.136.29 - - [17/Aug/2023:02:24:08 +0000] "CONNECT 149.28.141.122:443:443 HTTP/1.1" 400 -
143.110.235.92 - - [17/Aug/2023:02:24:19 +0000] "CONNECT 149.28.141.122:443:443 HTTP/1.1" 400 -
159.89.143.221 - - [17/Aug/2023:02:24:32 +0000] "CONNECT 149.28.141.122:443:443 HTTP/1.1" 400 -
159.89.143.221 - - [17/Aug/2023:02:24:35 +0000] "CONNECT xn--oy2b86kswd.com:443:443 HTTP/1.1" 400 -
159.89.136.33 - - [17/Aug/2023:02:24:37 +0000] "CONNECT 149.28.141.122:443:443 HTTP/1.1" 400 -
143.110.235.92 - - [17/Aug/2023:02:24:39 +0000] "CONNECT 149.28.141.122:443:443 HTTP/1.1" 400 -
159.89.136.29 - - [17/Aug/2023:02:24:42 +0000] "CONNECT 149.28.141.122:443:443 HTTP/1.1" 400 -
159.89.136.33 - - [17/Aug/2023:02:24:42 +0000] "CONNECT 149.28.141.122:443:443 HTTP/1.1" 400 -
159.89.136.29 - - [17/Aug/2023:02:24:47 +0000] "CONNECT 149.28.141.122:443:443 HTTP/1.1" 400 -
159.89.143.221 - - [17/Aug/2023:02:24:57 +0000] "CONNECT 149.28.141.122:443:443 HTTP/1.1" 400 -
159.89.136.29 - - [17/Aug/2023:02:25:23 +0000] "CONNECT 149.28.141.122:443:443 HTTP/1.1" 400 -
143.110.235.92 - - [17/Aug/2023:02:25:25 +0000] "CONNECT 149.28.141.122:443:443 HTTP/1.1" 400 -
159.89.136.29 - - [17/Aug/2023:02:25:26 +0000] "CONNECT 149.28.141.122:443:443 HTTP/1.1" 400 -
143.110.235.92 - - [17/Aug/2023:02:25:28 +0000] "CONNECT 149.28.141.122:443:443 HTTP/1.1" 400 -
159.89.143.221 - - [17/Aug/2023:02:25:31 +0000] "CONNECT 149.28.141.122:443:443 HTTP/1.1" 400 -
159.89.136.29 - - [17/Aug/2023:02:25:39 +0000] "CONNECT 149.28.141.122:443:443 HTTP/1.1" 400 -
159.89.143.221 - - [17/Aug/2023:02:25:44 +0000] "CONNECT 149.28.141.122:443:443 HTTP/1.1" 400 -
143.110.235.92 - - [17/Aug/2023:02:25:53 +0000] "CONNECT 149.28.141.122:443:443 HTTP/1.1" 400 -
159.89.136.29 - - [17/Aug/2023:02:26:12 +0000] "CONNECT 149.28.141.122:443:443 HTTP/1.1" 400 -
143.110.235.92 - - [17/Aug/2023:02:26:13 +0000] "CONNECT 149.28.141.122:443:443 HTTP/1.1" 400 -
159.89.136.33 - - [17/Aug/2023:02:26:14 +0000] "CONNECT 149.28.141.122:443:443 HTTP/1.1" 400 -
159.89.143.221 - - [17/Aug/2023:02:26:20 +0000] "CONNECT 149.28.141.122:443:443 HTTP/1.1" 400 -
159.89.143.221 - - [17/Aug/2023:02:26:29 +0000] "CONNECT 149.28.141.122:443:443 HTTP/1.1" 400 -
143.110.235.92 - - [17/Aug/2023:02:26:31 +0000] "CONNECT 149.28.141.122:443:443 HTTP/1.1" 400 -
159.89.136.33 - - [17/Aug/2023:02:26:31 +0000] "CONNECT 149.28.141.122:443:443 HTTP/1.1" 400 -
159.89.143.221 - - [17/Aug/2023:02:26:32 +0000] "CONNECT 149.28.141.122:443:443 HTTP/1.1" 400 -
143.110.235.92 - - [17/Aug/2023:02:26:37 +0000] "CONNECT 149.28.141.122:443:443 HTTP/1.1" 400 -
159.89.136.33 - - [17/Aug/2023:02:26:38 +0000] "CONNECT 149.28.141.122:443:443 HTTP/1.1" 400 -
159.89.143.221 - - [17/Aug/2023:02:26:52 +0000] "CONNECT 149.28.141.122:443:443 HTTP/1.1" 400 -
159.89.143.221 - - [17/Aug/2023:02:26:57 +0000] "CONNECT 149.28.141.122:443:443 HTTP/1.1" 400 -
143.110.235.92 - - [17/Aug/2023:02:27:09 +0000] "CONNECT 149.28.141.122:443:443 HTTP/1.1" 400 -
159.89.143.221 - - [17/Aug/2023:02:27:16 +0000] "CONNECT 149.28.141.122:443:443 HTTP/1.1" 400 -
159.89.143.238 - - [17/Aug/2023:02:27:16 +0000] "CONNECT vnew88.com:443:443 HTTP/1.1" 400 -
143.110.235.92 - - [17/Aug/2023:02:27:26 +0000] "CONNECT dichvulyhon.luatsudfc.vn:443:443 HTTP/1.1" 400 -
159.89.136.33 - - [17/Aug/2023:02:27:36 +0000] "CONNECT 149.28.141.122:443:443 HTTP/1.1" 400 -
159.89.143.221 - - [17/Aug/2023:02:27:38 +0000] "CONNECT 149.28.141.122:443:443 HTTP/1.1" 400 -
159.89.136.29 - - [17/Aug/2023:02:27:42 +0000] "CONNECT 149.28.141.122:443:443 HTTP/1.1" 400 -
159.89.136.33 - - [17/Aug/2023:02:27:45 +0000] "CONNECT clmm7.com:443:443 HTTP/1.1" 400 -
143.110.235.92 - - [17/Aug/2023:02:28:04 +0000] "CONNECT 149.28.141.122:443:443 HTTP/1.1" 400 -
159.89.143.221 - - [17/Aug/2023:02:28:14 +0000] "CONNECT 149.28.141.122:443:443 HTTP/1.1" 400 -
159.89.136.33 - - [17/Aug/2023:02:28:16 +0000] "CONNECT 149.28.141.122:443:443 HTTP/1.1" 400 -
143.110.235.92 - - [17/Aug/2023:02:28:19 +0000] "CONNECT 149.28.141.122:443:443 HTTP/1.1" 400 -
143.110.235.92 - - [17/Aug/2023:02:28:25 +0000] "CONNECT 149.28.141.122:443:443 HTTP/1.1" 400 -
159.89.136.33 - - [17/Aug/2023:02:28:46 +0000] "CONNECT 149.28.141.122:443:443 HTTP/1.1" 400 -
159.89.136.33 - - [17/Aug/2023:02:28:50 +0000] "CONNECT 149.28.141.122:443:443 HTTP/1.1" 400 -
159.89.143.221 - - [17/Aug/2023:02:28:52 +0000] "CONNECT 149.28.141.122:443:443 HTTP/1.1" 400 -
143.110.235.92 - - [17/Aug/2023:02:29:12 +0000] "CONNECT 149.28.141.122:443:443 HTTP/1.1" 400 -
159.89.143.221 - - [17/Aug/2023:02:29:13 +0000] "CONNECT 149.28.141.122:443:443 HTTP/1.1" 400 -
143.110.235.92 - - [17/Aug/2023:02:29:15 +0000] "CONNECT 149.28.141.122:443:443 HTTP/1.1" 400 -
159.89.136.33 - - [17/Aug/2023:02:29:16 +0000] "CONNECT 149.28.141.122:443:443 HTTP/1.1" 400 -
159.89.136.33 - - [17/Aug/2023:02:29:19 +0000] "CONNECT 149.28.141.122:443:443 HTTP/1.1" 400 -
159.89.136.29 - - [17/Aug/2023:02:29:42 +0000] "CONNECT 149.28.141.122:443:443 HTTP/1.1" 400 -
143.110.235.92 - - [17/Aug/2023:02:29:46 +0000] "CONNECT 149.28.141.122:443:443 HTTP/1.1" 400 -
159.89.136.33 - - [17/Aug/2023:02:29:47 +0000] "CONNECT 149.28.141.122:443:443 HTTP/1.1" 400 -
159.89.136.33 - - [17/Aug/2023:02:29:49 +0000] "CONNECT 149.28.141.122:443:443 HTTP/1.1" 400 -
159.89.136.29 - - [17/Aug/2023:02:30:05 +0000] "CONNECT 149.28.141.122:443:443 HTTP/1.1" 400 -
143.110.235.92 - - [17/Aug/2023:02:30:08 +0000] "CONNECT clmm7.com:443:443 HTTP/1.1" 400 -
159.89.143.221 - - [17/Aug/2023:02:30:09 +0000] "CONNECT 149.28.141.122:443:443 HTTP/1.1" 400 -
159.89.136.29 - - [17/Aug/2023:02:30:23 +0000] "CONNECT 149.28.141.122:443:443 HTTP/1.1" 400 -
159.89.143.238 - - [17/Aug/2023:02:30:32 +0000] "CONNECT vnew88.com:443:443 HTTP/1.1" 400 -
159.89.143.221 - - [17/Aug/2023:02:30:33 +0000] "CONNECT 149.28.141.122:443:443 HTTP/1.1" 400 -
159.89.136.33 - - [17/Aug/2023:02:30:35 +0000] "CONNECT 149.28.141.122:443:443 HTTP/1.1" 400 -
143.110.235.92 - - [17/Aug/2023:02:30:37 +0000] "CONNECT 149.28.141.122:443:443 HTTP/1.1" 400 -
159.89.143.238 - - [17/Aug/2023:02:30:41 +0000] "CONNECT vnew88.com:443:443 HTTP/1.1" 400 -
143.110.235.92 - - [17/Aug/2023:02:30:41 +0000] "CONNECT 149.28.141.122:443:443 HTTP/1.1" 400 -
159.89.136.33 - - [17/Aug/2023:02:30:44 +0000] "CONNECT clmm7.com:443:443 HTTP/1.1" 400 -
159.89.136.33 - - [17/Aug/2023:02:30:48 +0000] "CONNECT 149.28.141.122:443:443 HTTP/1.1" 400 -
159.89.143.221 - - [17/Aug/2023:02:30:54 +0000] "CONNECT 149.28.141.122:443:443 HTTP/1.1" 400 -
138.197.28.9 - - [17/Aug/2023:02:30:56 +0000] "CONNECT b52.tips:443:443 HTTP/1.1" 400 -
143.110.235.92 - - [17/Aug/2023:02:31:04 +0000] "CONNECT jokercard.net:443:443 HTTP/1.1" 400 -
143.110.235.92 - - [17/Aug/2023:02:31:10 +0000] "CONNECT 149.28.141.122:443:443 HTTP/1.1" 400 -
159.89.143.221 - - [17/Aug/2023:02:31:11 +0000] "CONNECT jokercard.net:443:443 HTTP/1.1" 400 -
159.89.136.33 - - [17/Aug/2023:02:31:14 +0000] "CONNECT 149.28.141.122:443:443 HTTP/1.1" 400 -
159.89.136.33 - - [17/Aug/2023:02:31:15 +0000] "CONNECT 149.28.141.122:443:443 HTTP/1.1" 400 -
159.89.143.221 - - [17/Aug/2023:02:31:25 +0000] "CONNECT 149.28.141.122:443:443 HTTP/1.1" 400 -
159.89.143.238 - - [17/Aug/2023:02:31:37 +0000] "CONNECT vnew88.com:443:443 HTTP/1.1" 400 -
159.89.143.221 - - [17/Aug/2023:02:31:55 +0000] "CONNECT 149.28.141.122:443:443 HTTP/1.1" 400 -
159.89.143.221 - - [17/Aug/2023:02:31:58 +0000] "CONNECT www.sysyyun.cn:443:443:443 HTTP/1.1" 400 -
143.110.235.92 - - [17/Aug/2023:02:32:04 +0000] "CONNECT 149.28.141.122:443:443 HTTP/1.1" 400 -
159.89.143.221 - - [17/Aug/2023:02:32:10 +0000] "CONNECT 149.28.141.122:443:443 HTTP/1.1" 400 -
143.110.235.92 - - [17/Aug/2023:02:32:11 +0000] "CONNECT www.sysyyun.cn:443:443:443 HTTP/1.1" 400 -
159.89.136.33 - - [17/Aug/2023:02:32:20 +0000] "CONNECT www.sysyyun.cn:443:443:443 HTTP/1.1" 400 -
159.89.143.221 - - [17/Aug/2023:02:32:21 +0000] "CONNECT 149.28.141.122:443:443 HTTP/1.1" 400 -
159.89.143.221 - - [17/Aug/2023:02:32:24 +0000] "CONNECT static.88-198-48-45.clients.your-server.de:443:443 HTTP/1.1" 400 -
159.89.136.29 - - [17/Aug/2023:02:32:27 +0000] "CONNECT 149.28.141.122:443:443 HTTP/1.1" 400 -
159.89.136.29 - - [17/Aug/2023:02:32:29 +0000] "CONNECT 149.28.141.122:443:443 HTTP/1.1" 400 -
159.89.136.29 - - [17/Aug/2023:02:32:31 +0000] "CONNECT static.88-198-48-45.clients.your-server.de:443:443 HTTP/1.1" 400 -
159.89.143.238 - - [17/Aug/2023:02:32:34 +0000] "CONNECT vnew88.com:443:443 HTTP/1.1" 400 -
159.89.143.221 - - [17/Aug/2023:02:32:37 +0000] "CONNECT 149.28.141.122:443:443 HTTP/1.1" 400 -
159.89.136.29 - - [17/Aug/2023:02:32:37 +0000] "CONNECT 149.28.141.122:443:443 HTTP/1.1" 400 -
143.110.235.92 - - [17/Aug/2023:02:32:39 +0000] "CONNECT static.88-198-48-45.clients.your-server.de:443:443 HTTP/1.1" 400 -
159.89.143.221 - - [17/Aug/2023:02:32:40 +0000] "CONNECT 149.28.141.122:443:443 HTTP/1.1" 400 -
159.89.136.29 - - [17/Aug/2023:02:32:46 +0000] "CONNECT 149.28.141.122:443:443 HTTP/1.1" 400 -
159.89.143.221 - - [17/Aug/2023:02:32:55 +0000] "CONNECT 149.28.141.122:443:443 HTTP/1.1" 400 -
159.89.143.221 - - [17/Aug/2023:02:32:56 +0000] "CONNECT 149.28.141.122:443:443 HTTP/1.1" 400 -
143.110.235.92 - - [17/Aug/2023:02:33:03 +0000] "CONNECT 149.28.141.122:443:443 HTTP/1.1" 400 -
143.110.235.92 - - [17/Aug/2023:02:33:08 +0000] "CONNECT static.88-198-48-45.clients.your-server.de:443:443 HTTP/1.1" 400 -
159.89.136.33 - - [17/Aug/2023:02:33:14 +0000] "CONNECT 149.28.141.122:443:443 HTTP/1.1" 400 -
143.110.235.92 - - [17/Aug/2023:02:33:15 +0000] "CONNECT 149.28.141.122:443:443 HTTP/1.1" 400 -
159.89.136.29 - - [17/Aug/2023:02:33:32 +0000] "CONNECT 149.28.141.122:443:443 HTTP/1.1" 400 -
143.110.235.92 - - [17/Aug/2023:02:33:56 +0000] "CONNECT 149.28.141.122:443:443 HTTP/1.1" 400 -
159.89.136.33 - - [17/Aug/2023:02:34:07 +0000] "CONNECT 149.28.141.122:443:443 HTTP/1.1" 400 -
159.89.136.29 - - [17/Aug/2023:02:34:09 +0000] "CONNECT 149.28.141.122:443:443 HTTP/1.1" 400 -
143.110.235.92 - - [17/Aug/2023:02:34:11 +0000] "CONNECT 149.28.141.122:443:443 HTTP/1.1" 400 -
143.110.235.92 - - [17/Aug/2023:02:34:16 +0000] "CONNECT 149.28.141.122:443:443 HTTP/1.1" 400 -
159.89.136.29 - - [17/Aug/2023:02:34:24 +0000] "CONNECT 149.28.141.122:443:443 HTTP/1.1" 400 -
159.89.136.33 - - [17/Aug/2023:02:34:35 +0000] "CONNECT 149.28.141.122:443:443 HTTP/1.1" 400 -
159.89.143.221 - - [17/Aug/2023:02:34:49 +0000] "CONNECT 149.28.141.122:443:443 HTTP/1.1" 400 -
159.89.136.29 - - [17/Aug/2023:02:34:53 +0000] "CONNECT static.88-198-48-45.clients.your-server.de:443:443 HTTP/1.1" 400 -
159.89.143.221 - - [17/Aug/2023:02:34:58 +0000] "CONNECT 149.28.141.122:443:443 HTTP/1.1" 400 -
143.110.235.92 - - [17/Aug/2023:02:35:02 +0000] "CONNECT 149.28.141.122:443:443 HTTP/1.1" 400 -
159.89.143.238 - - [17/Aug/2023:02:35:08 +0000] "CONNECT vnew88.com:443:443 HTTP/1.1" 400 -
159.89.136.29 - - [17/Aug/2023:02:35:13 +0000] "CONNECT 149.28.141.122:443:443 HTTP/1.1" 400 -
159.89.143.221 - - [17/Aug/2023:02:35:15 +0000] "CONNECT 149.28.141.122:443:443 HTTP/1.1" 400 -
143.110.235.92 - - [17/Aug/2023:02:35:30 +0000] "CONNECT 149.28.141.122:443:443 HTTP/1.1" 400 -
159.89.136.29 - - [17/Aug/2023:02:35:31 +0000] "CONNECT starvend.xyz:443:443 HTTP/1.1" 400 -
159.89.136.33 - - [17/Aug/2023:02:35:31 +0000] "CONNECT 149.28.141.122:443:443 HTTP/1.1" 400 -
143.110.235.92 - - [17/Aug/2023:02:35:36 +0000] "CONNECT 149.28.141.122:443:443 HTTP/1.1" 400 -
159.89.136.29 - - [17/Aug/2023:02:35:38 +0000] "CONNECT 149.28.141.122:443:443 HTTP/1.1" 400 -
159.89.136.33 - - [17/Aug/2023:02:35:40 +0000] "CONNECT 149.28.141.122:443:443 HTTP/1.1" 400 -
159.89.143.221 - - [17/Aug/2023:02:35:43 +0000] "CONNECT 149.28.141.122:443:443 HTTP/1.1" 400 -
159.89.143.221 - - [17/Aug/2023:02:35:43 +0000] "CONNECT 149.28.141.122:443:443 HTTP/1.1" 400 -
159.89.136.33 - - [17/Aug/2023:02:35:45 +0000] "CONNECT 149.28.141.122:443:443 HTTP/1.1" 400 -
143.110.235.92 - - [17/Aug/2023:02:35:46 +0000] "CONNECT 149.28.141.122:443:443 HTTP/1.1" 400 -
159.89.143.221 - - [17/Aug/2023:02:35:49 +0000] "CONNECT 149.28.141.122:443:443 HTTP/1.1" 400 -
159.89.136.33 - - [17/Aug/2023:02:35:53 +0000] "CONNECT 149.28.141.122:443:443 HTTP/1.1" 400 -
143.110.235.92 - - [17/Aug/2023:02:35:56 +0000] "CONNECT 149.28.141.122:443:443 HTTP/1.1" 400 -
159.89.136.33 - - [17/Aug/2023:02:36:02 +0000] "CONNECT 149.28.141.122:443:443 HTTP/1.1" 400 -
159.89.136.29 - - [17/Aug/2023:02:36:14 +0000] "CONNECT 149.28.141.122:443:443 HTTP/1.1" 400 -
143.110.235.92 - - [17/Aug/2023:02:36:35 +0000] "CONNECT 149.28.141.122:443:443 HTTP/1.1" 400 -
159.89.136.33 - - [17/Aug/2023:02:37:05 +0000] "CONNECT 149.28.141.122:443:443 HTTP/1.1" 400 -
159.89.143.221 - - [17/Aug/2023:02:37:33 +0000] "CONNECT 149.28.141.122:443:443 HTTP/1.1" 400 -
143.110.235.92 - - [17/Aug/2023:02:37:36 +0000] "CONNECT 149.28.141.122:443:443 HTTP/1.1" 400 -
159.89.143.221 - - [17/Aug/2023:02:37:38 +0000] "CONNECT 149.28.141.122:443:443 HTTP/1.1" 400 -
143.110.235.92 - - [17/Aug/2023:02:37:38 +0000] "CONNECT 149.28.141.122:443:443 HTTP/1.1" 400 -
143.110.235.92 - - [17/Aug/2023:02:37:45 +0000] "CONNECT 149.28.141.122:443:443 HTTP/1.1" 400 -
159.89.143.221 - - [17/Aug/2023:02:37:46 +0000] "CONNECT 149.28.141.122:443:443 HTTP/1.1" 400 -
159.89.136.33 - - [17/Aug/2023:02:38:01 +0000] "CONNECT 149.28.141.122:443:443 HTTP/1.1" 400 -
159.89.143.221 - - [17/Aug/2023:02:38:04 +0000] "CONNECT 149.28.141.122:443:443 HTTP/1.1" 400 -
159.89.143.221 - - [17/Aug/2023:02:38:06 +0000] "CONNECT 149.28.141.122:443:443 HTTP/1.1" 400 -
