159.89.136.29 - - [18/Aug/2023:02:01:35 +0000] "CONNECT lo88.org:443:443 HTTP/1.1" 400 -
159.89.136.33 - - [18/Aug/2023:02:01:54 +0000] "CONNECT lo88.org:443:443 HTTP/1.1" 400 -
159.89.136.33 - - [18/Aug/2023:02:01:59 +0000] "CONNECT test.lo88.org:443:443 HTTP/1.1" 400 -
159.89.136.33 - - [18/Aug/2023:02:02:01 +0000] "CONNECT test.lo88.org:443:443 HTTP/1.1" 400 -
159.89.136.29 - - [18/Aug/2023:02:02:04 +0000] "CONNECT test.lo88.org:443:443 HTTP/1.1" 400 -
159.89.143.221 - - [18/Aug/2023:02:02:11 +0000] "CONNECT test.lo88.org:443:443 HTTP/1.1" 400 -
159.89.143.238 - - [18/Aug/2023:02:02:16 +0000] "CONNECT vnew88.com:443:443 HTTP/1.1" 400 -
159.89.143.221 - - [18/Aug/2023:02:02:17 +0000] "CONNECT lo88.org:443:443 HTTP/1.1" 400 -
159.89.136.33 - - [18/Aug/2023:02:02:19 +0000] "CONNECT developer.paypal.com:443:443 HTTP/1.1" 400 -
159.89.136.29 - - [18/Aug/2023:02:02:20 +0000] "CONNECT test.lo88.org:443:443 HTTP/1.1" 400 -
159.89.143.221 - - [18/Aug/2023:02:02:32 +0000] "CONNECT lo88.org:443:443 HTTP/1.1" 400 -
159.89.136.29 - - [18/Aug/2023:02:02:49 +0000] "CONNECT lo88.org:443:443 HTTP/1.1" 400 -
159.89.136.33 - - [18/Aug/2023:02:02:51 +0000] "CONNECT test.lo88.org:443:443 HTTP/1.1" 400 -
159.89.143.221 - - [18/Aug/2023:02:02:51 +0000] "CONNECT www.opera.com:443:443 HTTP/1.1" 400 -
159.89.136.29 - - [18/Aug/2023:02:02:56 +0000] "CONNECT sumvip3.club:443:443 HTTP/1.1" 400 -
159.89.143.238 - - [18/Aug/2023:02:03:02 +0000] "CONNECT vnew88.com:443:443 HTTP/1.1" 400 -
159.89.143.221 - - [18/Aug/2023:02:03:04 +0000] "CONNECT test.lo88.org:443:443 HTTP/1.1" 400 -
159.89.143.221 - - [18/Aug/2023:02:03:06 +0000] "CONNECT lo88.org:443:443 HTTP/1.1" 400 -
159.89.136.29 - - [18/Aug/2023:02:03:15 +0000] "CONNECT lo88.org:443:443 HTTP/1.1" 400 -
159.89.136.29 - - [18/Aug/2023:02:03:25 +0000] "CONNECT lo88.org:443:443 HTTP/1.1" 400 -
159.89.136.33 - - [18/Aug/2023:02:03:28 +0000] "CONNECT test.lo88.org:443:443 HTTP/1.1" 400 -
159.89.136.33 - - [18/Aug/2023:02:03:31 +0000] "CONNECT peticaopublica.com:443:443 HTTP/1.1" 400 -
159.89.136.29 - - [18/Aug/2023:02:03:35 +0000] "CONNECT peticaopublica.com:443:443 HTTP/1.1" 400 -
159.89.136.29 - - [18/Aug/2023:02:03:46 +0000] "CONNECT sumvip3.club:443:443 HTTP/1.1" 400 -
159.89.136.33 - - [18/Aug/2023:02:04:02 +0000] "CONNECT test.lo88.org:443:443 HTTP/1.1" 400 -
159.89.136.33 - - [18/Aug/2023:02:04:06 +0000] "CONNECT test.lo88.org:443:443 HTTP/1.1" 400 -
159.89.143.221 - - [18/Aug/2023:02:04:10 +0000] "CONNECT lo88.org:443:443 HTTP/1.1" 400 -
159.89.136.33 - - [18/Aug/2023:02:04:15 +0000] "CONNECT lo88.org:443:443 HTTP/1.1" 400 -
159.89.136.33 - - [18/Aug/2023:02:04:34 +0000] "CONNECT test.lo88.org:443:443 HTTP/1.1" 400 -
159.89.136.33 - - [18/Aug/2023:02:04:48 +0000] "CONNECT sumvip3.club:443:443 HTTP/1.1" 400 -
159.89.136.33 - - [18/Aug/2023:02:05:00 +0000] "CONNECT peticaopublica.com:443:443 HTTP/1.1" 400 -
159.89.143.221 - - [18/Aug/2023:02:05:09 +0000] "CONNECT test.lo88.org:443:443 HTTP/1.1" 400 -
159.89.136.29 - - [18/Aug/2023:02:05:16 +0000] "CONNECT peticaopublica.com:443:443 HTTP/1.1" 400 -
159.89.136.29 - - [18/Aug/2023:02:05:21 +0000] "CONNECT lo88.org:443:443 HTTP/1.1" 400 -
159.89.136.29 - - [18/Aug/2023:02:05:23 +0000] "CONNECT peticaopublica.com:443:443 HTTP/1.1" 400 -
159.89.143.238 - - [18/Aug/2023:02:05:26 +0000] "CONNECT vnew88.com:443:443 HTTP/1.1" 400 -
159.89.143.221 - - [18/Aug/2023:02:05:30 +0000] "CONNECT blacklivesmatter.com:443:443 HTTP/1.1" 400 -
159.89.136.33 - - [18/Aug/2023:02:05:36 +0000] "CONNECT blacklivesmatter.com:443:443 HTTP/1.1" 400 -
159.89.136.33 - - [18/Aug/2023:02:05:46 +0000] "CONNECT blacklivesmatter.com:443:443 HTTP/1.1" 400 -
159.89.136.29 - - [18/Aug/2023:02:05:57 +0000] "CONNECT lo88.org:443:443 HTTP/1.1" 400 -
159.89.136.29 - - [18/Aug/2023:02:06:07 +0000] "CONNECT test.lo88.org:443:443 HTTP/1.1" 400 -
159.89.136.33 - - [18/Aug/2023:02:06:34 +0000] "CONNECT test.lo88.org:443:443 HTTP/1.1" 400 -
159.89.143.221 - - [18/Aug/2023:02:06:43 +0000] "CONNECT roblox-scripts.co:443:443 HTTP/1.1" 400 -
159.89.136.29 - - [18/Aug/2023:02:06:52 +0000] "CONNECT b52.lo88.org:443:443 HTTP/1.1" 400 -
159.89.136.29 - - [18/Aug/2023:02:06:59 +0000] "CONNECT b52.lo88.org:443:443 HTTP/1.1" 400 -
159.89.136.29 - - [18/Aug/2023:02:07:05 +0000] "CONNECT test.lo88.org:443:443 HTTP/1.1" 400 -
159.89.136.29 - - [18/Aug/2023:02:07:20 +0000] "CONNECT www.lequangminh591.id.vn:443:443 HTTP/1.1" 400 -
159.89.136.33 - - [18/Aug/2023:02:07:49 +0000] "CONNECT b52.lo88.org:443:443 HTTP/1.1" 400 -
159.89.136.33 - - [18/Aug/2023:02:07:58 +0000] "CONNECT b52.lo88.org:443:443 HTTP/1.1" 400 -
159.89.136.33 - - [18/Aug/2023:02:08:07 +0000] "CONNECT www.zjkqhlxx.cn:443:443 HTTP/1.1" 400 -
159.89.136.29 - - [18/Aug/2023:02:08:08 +0000] "CONNECT hengfu100.com:443:443 HTTP/1.1" 400 -
159.89.143.221 - - [18/Aug/2023:02:08:08 +0000] "CONNECT www.zjkqhlxx.cn:443:443 HTTP/1.1" 400 -
159.89.136.29 - - [18/Aug/2023:02:08:09 +0000] "CONNECT www.zjkqhlxx.cn:443:443 HTTP/1.1" 400 -
159.89.136.33 - - [18/Aug/2023:02:08:09 +0000] "CONNECT hengfu100.com:443:443 HTTP/1.1" 400 -
159.89.143.221 - - [18/Aug/2023:02:08:21 +0000] "CONNECT hengfu100.com:443:443 HTTP/1.1" 400 -
159.89.136.33 - - [18/Aug/2023:02:08:30 +0000] "CONNECT www.zjkqhlxx.cn:443:443 HTTP/1.1" 400 -
159.89.136.33 - - [18/Aug/2023:02:08:33 +0000] "CONNECT www.linear.pub:443:443 HTTP/1.1" 400 -
159.89.136.33 - - [18/Aug/2023:02:08:39 +0000] "CONNECT hengfu100.com:443:443 HTTP/1.1" 400 -
159.89.136.29 - - [18/Aug/2023:02:08:40 +0000] "CONNECT www.zjkqhlxx.cn:443:443 HTTP/1.1" 400 -
138.197.28.9 - - [18/Aug/2023:02:09:11 +0000] "CONNECT play.rikvip.net:443:443 HTTP/1.1" 400 -
159.89.136.29 - - [18/Aug/2023:02:09:20 +0000] "CONNECT quanganhdeveloper.link:443:443 HTTP/1.1" 400 -
159.89.136.29 - - [18/Aug/2023:02:09:38 +0000] "CONNECT b52.lo88.org:443:443 HTTP/1.1" 400 -
159.89.136.29 - - [18/Aug/2023:02:09:53 +0000] "CONNECT lo88.org:443:443 HTTP/1.1" 400 -
159.89.136.29 - - [18/Aug/2023:02:09:54 +0000] "CONNECT test.lo88.org:443:443 HTTP/1.1" 400 -
159.89.136.33 - - [18/Aug/2023:02:09:54 +0000] "CONNECT lo88.org:443:443 HTTP/1.1" 400 -
159.89.136.29 - - [18/Aug/2023:02:09:59 +0000] "CONNECT b52.lo88.org:443:443 HTTP/1.1" 400 -
159.89.136.29 - - [18/Aug/2023:02:10:22 +0000] "CONNECT sumvip3.club:443:443 HTTP/1.1" 400 -
159.89.136.29 - - [18/Aug/2023:02:10:32 +0000] "CONNECT www.zjkqhlxx.cn:443:443 HTTP/1.1" 400 -
159.89.136.33 - - [18/Aug/2023:02:11:03 +0000] "CONNECT hengfu100.com:443:443 HTTP/1.1" 400 -
159.89.136.29 - - [18/Aug/2023:02:11:06 +0000] "CONNECT peticaopublica.com:443:443 HTTP/1.1" 400 -
159.89.136.33 - - [18/Aug/2023:02:11:17 +0000] "CONNECT test.lo88.org:443:443 HTTP/1.1" 400 -
159.89.136.29 - - [18/Aug/2023:02:11:20 +0000] "CONNECT b52.lo88.org:443:443 HTTP/1.1" 400 -
159.89.136.33 - - [18/Aug/2023:02:11:34 +0000] "CONNECT peticaopublica.com:443:443 HTTP/1.1" 400 -
159.89.136.33 - - [18/Aug/2023:02:11:34 +0000] "CONNECT lo88.org:443:443 HTTP/1.1" 400 -
159.89.136.33 - - [18/Aug/2023:02:11:47 +0000] "CONNECT hengfu100.com:443:443 HTTP/1.1" 400 -
159.89.136.33 - - [18/Aug/2023:02:11:48 +0000] "CONNECT roblox-scripts.co:443:443 HTTP/1.1" 400 -
159.89.136.33 - - [18/Aug/2023:02:11:53 +0000] "CONNECT roblox-scripts.co:443:443 HTTP/1.1" 400 -
159.89.143.221 - - [18/Aug/2023:02:11:58 +0000] "CONNECT lo88.org:443:443 HTTP/1.1" 400 -
159.89.143.221 - - [18/Aug/2023:02:12:00 +0000] "CONNECT test.lo88.org:443:443 HTTP/1.1" 400 -
159.89.143.238 - - [18/Aug/2023:02:12:20 +0000] "CONNECT vnew88.com:443:443 HTTP/1.1" 400 -
159.89.143.221 - - [18/Aug/2023:02:12:25 +0000] "CONNECT sumvip3.club:443:443 HTTP/1.1" 400 -
159.89.143.221 - - [18/Aug/2023:02:12:26 +0000] "CONNECT www.zjkqhlxx.cn:443:443 HTTP/1.1" 400 -
159.89.136.29 - - [18/Aug/2023:02:12:27 +0000] "CONNECT m.alibaba.com:443:443 HTTP/1.1" 400 -
159.89.143.221 - - [18/Aug/2023:02:12:45 +0000] "CONNECT hengfu100.com:443:443 HTTP/1.1" 400 -
159.89.143.221 - - [18/Aug/2023:02:12:58 +0000] "CONNECT lo88.org:443:443 HTTP/1.1" 400 -
159.89.143.238 - - [18/Aug/2023:02:13:05 +0000] "CONNECT vnew88.com:443:443 HTTP/1.1" 400 -
159.89.143.221 - - [18/Aug/2023:02:13:40 +0000] "CONNECT sumvip3.club:443:443 HTTP/1.1" 400 -
159.89.143.238 - - [18/Aug/2023:02:13:43 +0000] "CONNECT vnew88.com:443:443 HTTP/1.1" 400 -
159.89.136.33 - - [18/Aug/2023:02:13:47 +0000] "CONNECT roblox-scripts.co:443:443 HTTP/1.1" 400 -
138.197.28.9 - - [18/Aug/2023:02:13:57 +0000] "CONNECT play.rikvip.net:443:443 HTTP/1.1" 400 -
159.89.136.33 - - [18/Aug/2023:02:14:02 +0000] "CONNECT lo88.org:443:443 HTTP/1.1" 400 -
159.89.136.29 - - [18/Aug/2023:02:14:09 +0000] "CONNECT www.zjkqhlxx.cn:443:443 HTTP/1.1" 400 -
159.89.136.33 - - [18/Aug/2023:02:14:14 +0000] "CONNECT www.zjkqhlxx.cn:443:443 HTTP/1.1" 400 -
159.89.143.221 - - [18/Aug/2023:02:14:34 +0000] "CONNECT m.alibaba.com:443:443 HTTP/1.1" 400 -
159.89.136.29 - - [18/Aug/2023:02:14:43 +0000] "CONNECT quanganhdeveloper.link:443:443 HTTP/1.1" 400 -
159.89.136.29 - - [18/Aug/2023:02:14:46 +0000] "CONNECT m.alibaba.com:443:443 HTTP/1.1" 400 -
159.89.136.33 - - [18/Aug/2023:02:15:19 +0000] "CONNECT sumvip3.club:443:443 HTTP/1.1" 400 -
159.89.136.29 - - [18/Aug/2023:02:15:29 +0000] "CONNECT peticaopublica.com:443:443 HTTP/1.1" 400 -
159.89.143.238 - - [18/Aug/2023:02:15:57 +0000] "CONNECT vnew88.com:443:443 HTTP/1.1" 400 -
159.89.143.238 - - [18/Aug/2023:02:16:08 +0000] "CONNECT vnew88.com:443:443 HTTP/1.1" 400 -
159.89.136.29 - - [18/Aug/2023:02:16:31 +0000] "CONNECT sumvip3.club:443:443 HTTP/1.1" 400 -
159.89.136.29 - - [18/Aug/2023:02:16:47 +0000] "CONNECT lo88.org:443:443 HTTP/1.1" 400 -
159.89.136.33 - - [18/Aug/2023:02:16:55 +0000] "CONNECT lo88.org:443:443 HTTP/1.1" 400 -
159.89.136.29 - - [18/Aug/2023:02:17:42 +0000] "CONNECT test.lo88.org:443:443 HTTP/1.1" 400 -
159.89.143.221 - - [18/Aug/2023:02:18:26 +0000] "CONNECT test.lo88.org:443:443 HTTP/1.1" 400 -
159.89.143.221 - - [18/Aug/2023:02:18:35 +0000] "CONNECT sumvip3.club:443:443 HTTP/1.1" 400 -
159.89.143.221 - - [18/Aug/2023:02:18:35 +0000] "CONNECT sumvip3.club:443:443 HTTP/1.1" 400 -
159.89.136.33 - - [18/Aug/2023:02:19:38 +0000] "CONNECT sumvip3.club:443:443 HTTP/1.1" 400 -
159.89.143.221 - - [18/Aug/2023:02:20:01 +0000] "CONNECT sumvip3.club:443:443 HTTP/1.1" 400 -
159.89.136.29 - - [18/Aug/2023:02:20:12 +0000] "CONNECT sumvip3.club:443:443 HTTP/1.1" 400 -
138.197.28.9 - - [18/Aug/2023:02:20:24 +0000] "CONNECT play.rikvip.net:443:443 HTTP/1.1" 400 -
159.89.136.29 - - [18/Aug/2023:02:20:49 +0000] "CONNECT sell.amazon.vn:443:443 HTTP/1.1" 400 -
138.197.28.9 - - [18/Aug/2023:02:21:09 +0000] "CONNECT play.rikvip.net:443:443 HTTP/1.1" 400 -
159.89.136.29 - - [18/Aug/2023:02:21:13 +0000] "CONNECT sell.amazon.vn:443:443 HTTP/1.1" 400 -
159.89.136.33 - - [18/Aug/2023:02:21:14 +0000] "CONNECT test.lo88.org:443:443 HTTP/1.1" 400 -
159.89.136.33 - - [18/Aug/2023:02:21:30 +0000] "CONNECT test.lo88.org:443:443 HTTP/1.1" 400 -
159.89.136.29 - - [18/Aug/2023:02:21:38 +0000] "CONNECT sumvip3.club:443:443 HTTP/1.1" 400 -
159.89.136.29 - - [18/Aug/2023:02:21:41 +0000] "CONNECT sumvip3.club:443:443 HTTP/1.1" 400 -
138.197.28.9 - - [18/Aug/2023:02:21:57 +0000] "CONNECT play.rikvip.net:443:443 HTTP/1.1" 400 -
159.89.143.221 - - [18/Aug/2023:02:22:09 +0000] "CONNECT sumvip3.club:443:443 HTTP/1.1" 400 -
159.89.143.221 - - [18/Aug/2023:02:22:10 +0000] "CONNECT lo88.org:443:443 HTTP/1.1" 400 -
159.89.136.29 - - [18/Aug/2023:02:22:32 +0000] "CONNECT lo88.org:443:443 HTTP/1.1" 400 -
159.89.143.221 - - [18/Aug/2023:02:22:32 +0000] "CONNECT lo88.org:443:443 HTTP/1.1" 400 -
159.89.136.33 - - [18/Aug/2023:02:22:41 +0000] "CONNECT test.lo88.org:443:443 HTTP/1.1" 400 -
159.89.143.221 - - [18/Aug/2023:02:22:49 +0000] "CONNECT sumvip3.club:443:443 HTTP/1.1" 400 -
159.89.136.33 - - [18/Aug/2023:02:22:55 +0000] "CONNECT lo88.org:443:443 HTTP/1.1" 400 -
159.89.136.33 - - [18/Aug/2023:02:23:05 +0000] "CONNECT sumvip3.club:443:443 HTTP/1.1" 400 -
159.89.143.221 - - [18/Aug/2023:02:23:06 +0000] "CONNECT sumvip3.club:443:443 HTTP/1.1" 400 -
159.89.136.33 - - [18/Aug/2023:02:23:20 +0000] "CONNECT sumvip3.club:443:443 HTTP/1.1" 400 -
159.89.136.29 - - [18/Aug/2023:02:23:44 +0000] "CONNECT lo88.org:443:443 HTTP/1.1" 400 -
138.197.28.9 - - [18/Aug/2023:02:23:50 +0000] "CONNECT play.rikvip.net:443:443 HTTP/1.1" 400 -
159.89.136.29 - - [18/Aug/2023:02:23:57 +0000] "CONNECT hachihachi.com.vn:443:443 HTTP/1.1" 400 -
138.197.28.9 - - [18/Aug/2023:02:23:59 +0000] "CONNECT play.rikvip.net:443:443 HTTP/1.1" 400 -
138.197.28.9 - - [18/Aug/2023:02:24:01 +0000] "CONNECT play.rikvip.net:443:443 HTTP/1.1" 400 -
159.89.136.29 - - [18/Aug/2023:02:24:10 +0000] "CONNECT test.lo88.org:443:443 HTTP/1.1" 400 -
159.89.143.221 - - [18/Aug/2023:02:24:50 +0000] "CONNECT sumvip3.club:443:443 HTTP/1.1" 400 -
159.89.136.29 - - [18/Aug/2023:02:25:18 +0000] "CONNECT lo88.org:443:443 HTTP/1.1" 400 -
138.197.28.9 - - [18/Aug/2023:02:25:23 +0000] "CONNECT play.rikvip.net:443:443 HTTP/1.1" 400 -
159.89.136.29 - - [18/Aug/2023:02:25:27 +0000] "CONNECT sumvip3.club:443:443 HTTP/1.1" 400 -
159.89.136.33 - - [18/Aug/2023:02:25:42 +0000] "CONNECT sumvip3.club:443:443 HTTP/1.1" 400 -
159.89.136.33 - - [18/Aug/2023:02:25:43 +0000] "CONNECT lo88.org:443:443 HTTP/1.1" 400 -
159.89.136.29 - - [18/Aug/2023:02:25:52 +0000] "CONNECT lo88.org:443:443 HTTP/1.1" 400 -
159.89.143.221 - - [18/Aug/2023:02:26:06 +0000] "CONNECT lo88.org:443:443 HTTP/1.1" 400 -
159.89.143.221 - - [18/Aug/2023:02:26:32 +0000] "CONNECT test.lo88.org:443:443 HTTP/1.1" 400 -
159.89.136.33 - - [18/Aug/2023:02:26:34 +0000] "CONNECT test.lo88.org:443:443 HTTP/1.1" 400 -
138.197.28.9 - - [18/Aug/2023:02:27:00 +0000] "CONNECT play.rikvip.net:443:443 HTTP/1.1" 400 -
159.89.136.29 - - [18/Aug/2023:02:27:09 +0000] "CONNECT peticaopublica.com:443:443 HTTP/1.1" 400 -
159.89.136.29 - - [18/Aug/2023:02:27:24 +0000] "CONNECT test.lo88.org:443:443 HTTP/1.1" 400 -
159.89.136.29 - - [18/Aug/2023:02:27:38 +0000] "CONNECT test.lo88.org:443:443 HTTP/1.1" 400 -
159.89.136.33 - - [18/Aug/2023:02:27:45 +0000] "CONNECT lo88.org:443:443 HTTP/1.1" 400 -
159.89.143.238 - - [18/Aug/2023:02:27:51 +0000] "CONNECT vnew88.com:443:443 HTTP/1.1" 400 -
159.89.136.29 - - [18/Aug/2023:02:27:59 +0000] "CONNECT azota.vn:443:443 HTTP/1.1" 400 -
159.89.136.33 - - [18/Aug/2023:02:28:10 +0000] "CONNECT test.lo88.org:443:443 HTTP/1.1" 400 -
159.89.136.29 - - [18/Aug/2023:02:28:13 +0000] "CONNECT sumvip3.club:443:443 HTTP/1.1" 400 -
159.89.143.221 - - [18/Aug/2023:02:28:13 +0000] "CONNECT sumvip3.club:443:443 HTTP/1.1" 400 -
159.89.143.221 - - [18/Aug/2023:02:28:22 +0000] "CONNECT sumvip3.club:443:443 HTTP/1.1" 400 -
159.89.136.29 - - [18/Aug/2023:02:28:26 +0000] "CONNECT azota.vn:443:443 HTTP/1.1" 400 -
159.89.143.221 - - [18/Aug/2023:02:28:35 +0000] "CONNECT test.lo88.org:443:443 HTTP/1.1" 400 -
159.89.136.29 - - [18/Aug/2023:02:28:36 +0000] "CONNECT azota.vn:443:443 HTTP/1.1" 400 -
159.89.143.238 - - [18/Aug/2023:02:29:03 +0000] "CONNECT vnew88.com:443:443 HTTP/1.1" 400 -
159.89.136.29 - - [18/Aug/2023:02:29:41 +0000] "CONNECT test.lo88.org:443:443 HTTP/1.1" 400 -
159.89.136.29 - - [18/Aug/2023:02:29:41 +0000] "CONNECT sumvip3.club:443:443 HTTP/1.1" 400 -
159.89.136.33 - - [18/Aug/2023:02:31:38 +0000] "CONNECT peticaopublica.com:443:443 HTTP/1.1" 400 -
159.89.143.221 - - [18/Aug/2023:02:31:51 +0000] "CONNECT peticaopublica.com:443:443 HTTP/1.1" 400 -
138.197.28.9 - - [18/Aug/2023:02:31:53 +0000] "CONNECT play.rikvip.net:443:443 HTTP/1.1" 400 -
138.197.28.9 - - [18/Aug/2023:02:31:58 +0000] "CONNECT play.rikvip.net:443:443 HTTP/1.1" 400 -
159.89.136.29 - - [18/Aug/2023:02:32:04 +0000] "CONNECT peticaopublica.com:443:443 HTTP/1.1" 400 -
138.197.28.9 - - [18/Aug/2023:02:32:09 +0000] "CONNECT play.rikvip.net:443:443 HTTP/1.1" 400 -
159.89.136.29 - - [18/Aug/2023:02:32:30 +0000] "CONNECT peticaopublica.com:443:443 HTTP/1.1" 400 -
138.197.28.9 - - [18/Aug/2023:02:32:42 +0000] "CONNECT play.rikvip.net:443:443 HTTP/1.1" 400 -
159.89.136.33 - - [18/Aug/2023:02:32:48 +0000] "CONNECT peticaopublica.com:443:443 HTTP/1.1" 400 -
159.89.136.29 - - [18/Aug/2023:02:32:49 +0000] "CONNECT peticaopublica.com:443:443 HTTP/1.1" 400 -
138.197.28.9 - - [18/Aug/2023:02:32:56 +0000] "CONNECT play.rikvip.net:443:443 HTTP/1.1" 400 -
159.89.136.29 - - [18/Aug/2023:02:33:04 +0000] "CONNECT vtc.vn:443:443 HTTP/1.1" 400 -
159.89.143.238 - - [18/Aug/2023:02:33:20 +0000] "CONNECT vnew88.com:443:443 HTTP/1.1" 400 -
138.197.28.9 - - [18/Aug/2023:02:33:30 +0000] "CONNECT play.rikvip.net:443:443 HTTP/1.1" 400 -
138.197.28.9 - - [18/Aug/2023:02:33:59 +0000] "CONNECT play.rikvip.net:443:443 HTTP/1.1" 400 -
159.89.136.29 - - [18/Aug/2023:02:34:22 +0000] "CONNECT peticaopublica.com:443:443 HTTP/1.1" 400 -
159.89.136.29 - - [18/Aug/2023:02:34:43 +0000] "CONNECT sites.google.com:443:443 HTTP/1.1" 400 -
138.197.28.9 - - [18/Aug/2023:02:34:58 +0000] "CONNECT play.rikvip.net:443:443 HTTP/1.1" 400 -
138.197.28.9 - - [18/Aug/2023:02:35:00 +0000] "CONNECT play.rikvip.net:443:443 HTTP/1.1" 400 -
138.197.28.9 - - [18/Aug/2023:02:35:02 +0000] "CONNECT play.rikvip.net:443:443 HTTP/1.1" 400 -
159.89.136.29 - - [18/Aug/2023:02:35:13 +0000] "CONNECT test.lo88.org:443:443 HTTP/1.1" 400 -
138.197.28.9 - - [18/Aug/2023:02:35:14 +0000] "CONNECT play.rikvip.net:443:443 HTTP/1.1" 400 -
138.197.28.9 - - [18/Aug/2023:02:35:22 +0000] "CONNECT play.rikvip.net:443:443 HTTP/1.1" 400 -
159.89.136.29 - - [18/Aug/2023:02:35:36 +0000] "CONNECT lo88.org:443:443 HTTP/1.1" 400 -
159.89.143.221 - - [18/Aug/2023:02:36:13 +0000] "CONNECT test.lo88.org:443:443 HTTP/1.1" 400 -
138.197.28.9 - - [18/Aug/2023:02:36:19 +0000] "CONNECT play.rikvip.net:443:443 HTTP/1.1" 400 -
159.89.136.29 - - [18/Aug/2023:02:36:20 +0000] "CONNECT peticaopublica.com:443:443 HTTP/1.1" 400 -
159.89.136.33 - - [18/Aug/2023:02:36:49 +0000] "CONNECT lo88.org:443:443 HTTP/1.1" 400 -
159.89.136.29 - - [18/Aug/2023:02:36:51 +0000] "CONNECT peticaopublica.com:443:443 HTTP/1.1" 400 -
159.89.143.221 - - [18/Aug/2023:02:36:57 +0000] "CONNECT peticaopublica.com:443:443 HTTP/1.1" 400 -
159.89.143.221 - - [18/Aug/2023:02:36:57 +0000] "CONNECT lo88.org:443:443 HTTP/1.1" 400 -
159.89.136.29 - - [18/Aug/2023:02:37:00 +0000] "CONNECT vtv.vn:443:443 HTTP/1.1" 400 -
159.89.136.33 - - [18/Aug/2023:02:37:00 +0000] "CONNECT test.lo88.org:443:443 HTTP/1.1" 400 -
159.89.143.221 - - [18/Aug/2023:02:37:09 +0000] "CONNECT peticaopublica.com:443:443 HTTP/1.1" 400 -
159.89.136.29 - - [18/Aug/2023:02:37:11 +0000] "CONNECT test.lo88.org:443:443 HTTP/1.1" 400 -
159.89.136.33 - - [18/Aug/2023:02:37:14 +0000] "CONNECT test.lo88.org:443:443 HTTP/1.1" 400 -
159.89.136.29 - - [18/Aug/2023:02:37:14 +0000] "CONNECT peticaopublica.com:443:443 HTTP/1.1" 400 -
159.89.143.221 - - [18/Aug/2023:02:37:18 +0000] "CONNECT duong.codes:443:443 HTTP/1.1" 400 -
159.89.143.238 - - [18/Aug/2023:02:37:35 +0000] "CONNECT vnew88.com:443:443 HTTP/1.1" 400 -
159.89.136.29 - - [18/Aug/2023:02:37:43 +0000] "CONNECT lo88.org:443:443 HTTP/1.1" 400 -
159.89.143.238 - - [18/Aug/2023:02:37:46 +0000] "CONNECT vnew88.com:443:443 HTTP/1.1" 400 -
159.89.143.221 - - [18/Aug/2023:02:37:54 +0000] "CONNECT lo88.org:443:443 HTTP/1.1" 400 -
159.89.136.33 - - [18/Aug/2023:02:38:04 +0000] "CONNECT sites.google.com:443:443 HTTP/1.1" 400 -
159.89.143.221 - - [18/Aug/2023:02:38:24 +0000] "CONNECT lo88.org:443:443 HTTP/1.1" 400 -
159.89.143.221 - - [18/Aug/2023:02:38:27 +0000] "CONNECT dstat.cc:443:443 HTTP/1.1" 400 -
159.89.143.221 - - [18/Aug/2023:02:38:36 +0000] "CONNECT lo88.org:443:443 HTTP/1.1" 400 -
159.89.143.221 - - [18/Aug/2023:02:38:37 +0000] "CONNECT lo88.org:443:443 HTTP/1.1" 400 -
159.89.143.221 - - [18/Aug/2023:02:38:58 +0000] "CONNECT dstat.cc:443:443 HTTP/1.1" 400 -
138.197.28.9 - - [18/Aug/2023:02:38:59 +0000] "CONNECT play.rikvip.net:443:443 HTTP/1.1" 400 -
159.89.143.238 - - [18/Aug/2023:02:39:03 +0000] "CONNECT vnew88.com:443:443 HTTP/1.1" 400 -
159.89.143.221 - - [18/Aug/2023:02:39:07 +0000] "CONNECT test.lo88.org:443:443 HTTP/1.1" 400 -
159.89.143.221 - - [18/Aug/2023:02:40:04 +0000] "CONNECT test.lo88.org:443:443 HTTP/1.1" 400 -
159.89.143.221 - - [18/Aug/2023:02:40:29 +0000] "CONNECT sumvip3.club:443:443 HTTP/1.1" 400 -
159.89.143.221 - - [18/Aug/2023:02:40:38 +0000] "CONNECT lo88.org:443:443 HTTP/1.1" 400 -
138.197.28.9 - - [18/Aug/2023:02:40:48 +0000] "CONNECT play.rikvip.net:443:443 HTTP/1.1" 400 -
159.89.143.221 - - [18/Aug/2023:02:41:08 +0000] "CONNECT sumvip3.club:443:443 HTTP/1.1" 400 -
159.89.136.29 - - [18/Aug/2023:02:42:07 +0000] "CONNECT sumvip3.club:443:443 HTTP/1.1" 400 -
159.89.136.29 - - [18/Aug/2023:02:42:54 +0000] "CONNECT lo88.org:443:443 HTTP/1.1" 400 -
159.89.143.221 - - [18/Aug/2023:02:43:23 +0000] "CONNECT test.lo88.org:443:443 HTTP/1.1" 400 -
138.197.28.9 - - [18/Aug/2023:02:43:58 +0000] "CONNECT play.rikvip.net:443:443 HTTP/1.1" 400 -
138.197.28.9 - - [18/Aug/2023:02:44:09 +0000] "CONNECT play.rikvip.net:443:443 HTTP/1.1" 400 -
159.89.136.29 - - [18/Aug/2023:02:44:16 +0000] "CONNECT ps.al:443:443 HTTP/1.1" 400 -
159.89.143.238 - - [18/Aug/2023:02:44:26 +0000] "CONNECT vnew88.com:443:443 HTTP/1.1" 400 -
159.89.136.29 - - [18/Aug/2023:02:44:29 +0000] "CONNECT ps.al:443:443 HTTP/1.1" 400 -
138.197.28.9 - - [18/Aug/2023:02:44:33 +0000] "CONNECT play.rikvip.net:443:443 HTTP/1.1" 400 -
138.197.28.9 - - [18/Aug/2023:02:44:56 +0000] "CONNECT play.rikvip.net:443:443 HTTP/1.1" 400 -
138.197.28.9 - - [18/Aug/2023:02:44:59 +0000] "CONNECT play.rikvip.net:443:443 HTTP/1.1" 400 -
159.89.136.33 - - [18/Aug/2023:02:45:08 +0000] "CONNECT lo88.org:443:443 HTTP/1.1" 400 -
159.89.136.29 - - [18/Aug/2023:02:45:09 +0000] "CONNECT sumvip3.club:443:443 HTTP/1.1" 400 -
159.89.136.33 - - [18/Aug/2023:02:45:14 +0000] "CONNECT lo88.org:443:443 HTTP/1.1" 400 -
159.89.136.29 - - [18/Aug/2023:02:45:14 +0000] "CONNECT peticaopublica.com:443:443 HTTP/1.1" 400 -
159.89.136.33 - - [18/Aug/2023:02:45:21 +0000] "CONNECT shop2fa.com:443:443 HTTP/1.1" 400 -
159.89.136.29 - - [18/Aug/2023:02:45:24 +0000] "CONNECT sumvip3.club:443:443 HTTP/1.1" 400 -
159.89.136.29 - - [18/Aug/2023:02:45:25 +0000] "CONNECT shop2fa.com:443:443 HTTP/1.1" 400 -
159.89.136.29 - - [18/Aug/2023:02:45:29 +0000] "CONNECT lo88.org:443:443 HTTP/1.1" 400 -
159.89.143.221 - - [18/Aug/2023:02:45:34 +0000] "CONNECT lo88.org:443:443 HTTP/1.1" 400 -
159.89.143.221 - - [18/Aug/2023:02:45:37 +0000] "CONNECT test.lo88.org:443:443 HTTP/1.1" 400 -
159.89.136.33 - - [18/Aug/2023:02:45:43 +0000] "CONNECT lo88.org:443:443 HTTP/1.1" 400 -
159.89.136.33 - - [18/Aug/2023:02:45:44 +0000] "CONNECT lo88.org:443:443 HTTP/1.1" 400 -
159.89.143.221 - - [18/Aug/2023:02:45:45 +0000] "CONNECT b52.tips:443:443 HTTP/1.1" 400 -
159.89.136.33 - - [18/Aug/2023:02:45:45 +0000] "CONNECT b52.tips:443:443 HTTP/1.1" 400 -
159.89.143.238 - - [18/Aug/2023:02:45:52 +0000] "CONNECT vnew88.com:443:443 HTTP/1.1" 400 -
159.89.136.33 - - [18/Aug/2023:02:45:55 +0000] "CONNECT lo88.org:443:443 HTTP/1.1" 400 -
159.89.136.29 - - [18/Aug/2023:02:45:59 +0000] "CONNECT sumvip3.club:443:443 HTTP/1.1" 400 -
159.89.143.221 - - [18/Aug/2023:02:46:06 +0000] "CONNECT sites.google.com:443:443 HTTP/1.1" 400 -
159.89.136.33 - - [18/Aug/2023:02:46:08 +0000] "CONNECT b52.tips:443:443 HTTP/1.1" 400 -
159.89.143.221 - - [18/Aug/2023:02:46:08 +0000] "CONNECT b52.tips:443:443 HTTP/1.1" 400 -
159.89.136.33 - - [18/Aug/2023:02:46:13 +0000] "CONNECT peticaopublica.com:443:443 HTTP/1.1" 400 -
138.197.28.9 - - [18/Aug/2023:02:46:22 +0000] "CONNECT play.rikvip.net:443:443 HTTP/1.1" 400 -
159.89.143.221 - - [18/Aug/2023:02:46:44 +0000] "CONNECT b52.tips:443:443 HTTP/1.1" 400 -
159.89.136.33 - - [18/Aug/2023:02:46:46 +0000] "CONNECT b52.tips:443:443 HTTP/1.1" 400 -
159.89.136.33 - - [18/Aug/2023:02:46:49 +0000] "CONNECT lo88.org:443:443 HTTP/1.1" 400 -
159.89.143.221 - - [18/Aug/2023:02:46:54 +0000] "CONNECT b52.tips:443:443 HTTP/1.1" 400 -
138.197.28.9 - - [18/Aug/2023:02:46:54 +0000] "CONNECT play.rikvip.net:443:443 HTTP/1.1" 400 -
159.89.136.33 - - [18/Aug/2023:02:46:59 +0000] "CONNECT b52.tips:443:443 HTTP/1.1" 400 -
159.89.136.29 - - [18/Aug/2023:02:47:17 +0000] "CONNECT b52.tips:443:443 HTTP/1.1" 400 -
159.89.136.29 - - [18/Aug/2023:02:47:28 +0000] "CONNECT b52.tips:443:443 HTTP/1.1" 400 -
123.145.13.92 - - [18/Aug/2023:02:47:39 +0000] "GET / HTTP/1.0" 200 11197
167.99.203.80 - - [18/Aug/2023:02:47:49 +0000] "-" 400 -
138.197.28.9 - - [18/Aug/2023:02:47:52 +0000] "CONNECT play.rikvip.net:443:443 HTTP/1.1" 400 -
159.89.136.29 - - [18/Aug/2023:02:47:59 +0000] "CONNECT test.lo88.org:443:443 HTTP/1.1" 400 -
159.89.143.221 - - [18/Aug/2023:02:47:59 +0000] "CONNECT b52.tips:443:443 HTTP/1.1" 400 -
117.15.94.190 - - [18/Aug/2023:02:48:12 +0000] "GET / HTTP/1.1" 200 11217
159.89.136.29 - - [18/Aug/2023:02:48:17 +0000] "CONNECT b52.tips:443:443 HTTP/1.1" 400 -
27.98.228.16 - - [18/Aug/2023:02:48:28 +0000] "GET / HTTP/1.1" 200 11217
1.83.125.219 - - [18/Aug/2023:02:48:28 +0000] "GET /favicon.ico HTTP/1.1" 200 21630
159.89.143.221 - - [18/Aug/2023:02:48:40 +0000] "CONNECT b52.tips:443:443 HTTP/1.1" 400 -
138.197.28.9 - - [18/Aug/2023:02:49:08 +0000] "CONNECT play.rikvip.net:443:443 HTTP/1.1" 400 -
159.89.143.238 - - [18/Aug/2023:02:50:02 +0000] "CONNECT vnew88.com:443:443 HTTP/1.1" 400 -
159.89.136.33 - - [18/Aug/2023:02:50:09 +0000] "CONNECT test.lo88.org:443:443 HTTP/1.1" 400 -
159.89.136.29 - - [18/Aug/2023:02:50:26 +0000] "CONNECT www.opera.com:443:443 HTTP/1.1" 400 -
159.89.136.33 - - [18/Aug/2023:02:50:27 +0000] "CONNECT lo88.org:443:443 HTTP/1.1" 400 -
159.89.136.33 - - [18/Aug/2023:02:50:51 +0000] "CONNECT sumvip3.club:443:443 HTTP/1.1" 400 -
159.89.136.29 - - [18/Aug/2023:02:50:57 +0000] "CONNECT sumvip3.club:443:443 HTTP/1.1" 400 -
159.89.143.238 - - [18/Aug/2023:02:51:44 +0000] "CONNECT vnew88.com:443:443 HTTP/1.1" 400 -
138.197.28.9 - - [18/Aug/2023:02:51:55 +0000] "CONNECT play.rikvip.net:443:443 HTTP/1.1" 400 -
138.197.28.9 - - [18/Aug/2023:02:52:01 +0000] "CONNECT play.rikvip.net:443:443 HTTP/1.1" 400 -
138.197.28.9 - - [18/Aug/2023:02:52:23 +0000] "CONNECT play.rikvip.net:443:443 HTTP/1.1" 400 -
159.89.136.33 - - [18/Aug/2023:02:52:34 +0000] "CONNECT lo88.org:443:443 HTTP/1.1" 400 -
159.89.136.33 - - [18/Aug/2023:02:52:43 +0000] "CONNECT lo88.org:443:443 HTTP/1.1" 400 -
159.89.143.221 - - [18/Aug/2023:02:52:51 +0000] "CONNECT lo88.org:443:443 HTTP/1.1" 400 -
159.89.143.221 - - [18/Aug/2023:02:53:03 +0000] "CONNECT b52.tips:443:443 HTTP/1.1" 400 -
159.89.143.221 - - [18/Aug/2023:02:53:06 +0000] "CONNECT sumvip3.club:443:443 HTTP/1.1" 400 -
159.89.136.33 - - [18/Aug/2023:02:53:08 +0000] "CONNECT test.lo88.org:443:443 HTTP/1.1" 400 -
159.89.136.33 - - [18/Aug/2023:02:53:38 +0000] "CONNECT peticaopublica.com:443:443 HTTP/1.1" 400 -
159.89.136.29 - - [18/Aug/2023:02:53:49 +0000] "CONNECT test.lo88.org:443:443 HTTP/1.1" 400 -
159.89.136.29 - - [18/Aug/2023:02:54:05 +0000] "CONNECT lo88.org:443:443 HTTP/1.1" 400 -
159.89.143.221 - - [18/Aug/2023:02:54:05 +0000] "CONNECT b52.tips:443:443 HTTP/1.1" 400 -
138.197.28.9 - - [18/Aug/2023:02:54:07 +0000] "CONNECT play.rikvip.net:443:443 HTTP/1.1" 400 -
159.89.143.221 - - [18/Aug/2023:02:54:07 +0000] "CONNECT sumvip3.club:443:443 HTTP/1.1" 400 -
159.89.143.238 - - [18/Aug/2023:02:54:30 +0000] "CONNECT vnew88.com:443:443 HTTP/1.1" 400 -
159.89.143.221 - - [18/Aug/2023:02:54:35 +0000] "CONNECT b52.tips:443:443 HTTP/1.1" 400 -
159.89.143.221 - - [18/Aug/2023:02:54:38 +0000] "CONNECT lo88.org:443:443 HTTP/1.1" 400 -
159.89.136.33 - - [18/Aug/2023:02:54:40 +0000] "CONNECT peticaopublica.com:443:443 HTTP/1.1" 400 -
159.89.136.29 - - [18/Aug/2023:02:54:55 +0000] "CONNECT sumvip3.club:443:443 HTTP/1.1" 400 -
159.89.143.221 - - [18/Aug/2023:02:55:03 +0000] "CONNECT sumvip3.club:443:443 HTTP/1.1" 400 -
159.89.136.29 - - [18/Aug/2023:02:55:46 +0000] "CONNECT lo88.org:443:443 HTTP/1.1" 400 -
159.89.143.221 - - [18/Aug/2023:02:55:47 +0000] "CONNECT vouchify.me:443:443 HTTP/1.1" 400 -
159.89.143.221 - - [18/Aug/2023:02:55:50 +0000] "CONNECT b52.tips:443:443 HTTP/1.1" 400 -
138.197.28.9 - - [18/Aug/2023:02:55:52 +0000] "CONNECT play.rikvip.net:443:443 HTTP/1.1" 400 -
159.89.143.221 - - [18/Aug/2023:02:56:04 +0000] "CONNECT lo88.org:443:443 HTTP/1.1" 400 -
159.89.136.33 - - [18/Aug/2023:02:56:20 +0000] "CONNECT lo88.org:443:443 HTTP/1.1" 400 -
138.197.28.9 - - [18/Aug/2023:02:56:34 +0000] "CONNECT play.rikvip.net:443:443 HTTP/1.1" 400 -
159.89.143.221 - - [18/Aug/2023:02:56:35 +0000] "CONNECT b52.tips:443:443 HTTP/1.1" 400 -
159.89.143.221 - - [18/Aug/2023:02:56:50 +0000] "CONNECT thanhdieu.com:443:443 HTTP/1.1" 400 -
159.89.136.33 - - [18/Aug/2023:02:56:50 +0000] "CONNECT b52.tips:443:443 HTTP/1.1" 400 -
159.89.143.221 - - [18/Aug/2023:02:56:54 +0000] "CONNECT peticaopublica.com:443:443 HTTP/1.1" 400 -
159.89.136.33 - - [18/Aug/2023:02:57:02 +0000] "CONNECT b52.tips:443:443 HTTP/1.1" 400 -
159.89.143.221 - - [18/Aug/2023:02:57:04 +0000] "CONNECT lo88.org:443:443 HTTP/1.1" 400 -
159.89.136.29 - - [18/Aug/2023:02:57:08 +0000] "CONNECT peticaopublica.com:443:443 HTTP/1.1" 400 -
138.197.28.9 - - [18/Aug/2023:02:57:12 +0000] "CONNECT play.rikvip.net:443:443 HTTP/1.1" 400 -
159.89.143.221 - - [18/Aug/2023:02:57:12 +0000] "CONNECT b52.tips:443:443 HTTP/1.1" 400 -
159.89.143.221 - - [18/Aug/2023:02:57:53 +0000] "CONNECT peticaopublica.com:443:443 HTTP/1.1" 400 -
138.197.28.9 - - [18/Aug/2023:02:57:59 +0000] "CONNECT play.rikvip.net:443:443 HTTP/1.1" 400 -
159.89.136.29 - - [18/Aug/2023:02:58:00 +0000] "CONNECT proxymart.net:443:443 HTTP/1.1" 400 -
159.89.143.221 - - [18/Aug/2023:02:58:14 +0000] "CONNECT proxymart.net:443:443 HTTP/1.1" 400 -
159.89.143.238 - - [18/Aug/2023:02:58:27 +0000] "CONNECT vnew88.com:443:443 HTTP/1.1" 400 -
159.89.143.221 - - [18/Aug/2023:02:58:29 +0000] "CONNECT proxymart.net:443:443 HTTP/1.1" 400 -
159.89.136.29 - - [18/Aug/2023:02:58:35 +0000] "CONNECT peticaopublica.com:443:443 HTTP/1.1" 400 -
159.89.136.29 - - [18/Aug/2023:02:58:54 +0000] "CONNECT peticaopublica.com:443:443 HTTP/1.1" 400 -
159.89.143.221 - - [18/Aug/2023:02:58:59 +0000] "CONNECT proxymart.net:443:443 HTTP/1.1" 400 -
159.89.136.29 - - [18/Aug/2023:02:59:03 +0000] "CONNECT proxymart.net:443:443 HTTP/1.1" 400 -
159.89.136.29 - - [18/Aug/2023:02:59:21 +0000] "CONNECT lo88.org:443:443 HTTP/1.1" 400 -
159.89.143.221 - - [18/Aug/2023:02:59:24 +0000] "CONNECT check-host.net:443:443 HTTP/1.1" 400 -
159.89.136.33 - - [18/Aug/2023:02:59:32 +0000] "CONNECT check-host.net:443:443 HTTP/1.1" 400 -
159.89.136.29 - - [18/Aug/2023:02:59:39 +0000] "CONNECT lo88.org:443:443 HTTP/1.1" 400 -
138.197.28.9 - - [18/Aug/2023:02:59:39 +0000] "CONNECT play.rikvip.net:443:443 HTTP/1.1" 400 -
159.89.136.29 - - [18/Aug/2023:02:59:47 +0000] "CONNECT proxymart.net:443:443 HTTP/1.1" 400 -
159.89.143.238 - - [18/Aug/2023:03:00:02 +0000] "CONNECT vnew88.com:443:443 HTTP/1.1" 400 -
159.89.136.33 - - [18/Aug/2023:03:00:08 +0000] "CONNECT lo88.org:443:443 HTTP/1.1" 400 -
159.89.143.238 - - [18/Aug/2023:03:00:20 +0000] "CONNECT vnew88.com:443:443 HTTP/1.1" 400 -
159.89.143.221 - - [18/Aug/2023:03:00:24 +0000] "CONNECT check-host.net:443:443 HTTP/1.1" 400 -
138.197.28.9 - - [18/Aug/2023:03:00:33 +0000] "CONNECT play.rikvip.net:443:443 HTTP/1.1" 400 -
159.89.143.221 - - [18/Aug/2023:03:00:40 +0000] "CONNECT shop2fa.com:443:443 HTTP/1.1" 400 -
138.197.28.9 - - [18/Aug/2023:03:00:41 +0000] "CONNECT play.rikvip.net:443:443 HTTP/1.1" 400 -
138.197.28.9 - - [18/Aug/2023:03:00:49 +0000] "CONNECT play.rikvip.net:443:443 HTTP/1.1" 400 -
138.197.28.9 - - [18/Aug/2023:03:01:00 +0000] "CONNECT play.rikvip.net:443:443 HTTP/1.1" 400 -
159.89.143.238 - - [18/Aug/2023:03:01:04 +0000] "CONNECT vnew88.com:443:443 HTTP/1.1" 400 -
159.89.143.221 - - [18/Aug/2023:03:01:05 +0000] "CONNECT rocash.com:443:443 HTTP/1.1" 400 -
159.89.136.33 - - [18/Aug/2023:03:01:09 +0000] "CONNECT lo88.org:443:443 HTTP/1.1" 400 -
159.89.136.33 - - [18/Aug/2023:03:01:25 +0000] "CONNECT rocash.com:443:443 HTTP/1.1" 400 -
159.89.136.29 - - [18/Aug/2023:03:01:28 +0000] "CONNECT rocash.com:443:443 HTTP/1.1" 400 -
138.197.28.9 - - [18/Aug/2023:03:01:29 +0000] "CONNECT play.rikvip.net:443:443 HTTP/1.1" 400 -
138.197.28.9 - - [18/Aug/2023:03:01:46 +0000] "CONNECT play.rikvip.net:443:443 HTTP/1.1" 400 -
159.89.143.221 - - [18/Aug/2023:03:01:57 +0000] "CONNECT test.lo88.org:443:443 HTTP/1.1" 400 -
159.89.143.221 - - [18/Aug/2023:03:02:06 +0000] "CONNECT test.lo88.org:443:443 HTTP/1.1" 400 -
159.89.143.221 - - [18/Aug/2023:03:02:13 +0000] "CONNECT lo88.org:443:443 HTTP/1.1" 400 -
159.89.136.33 - - [18/Aug/2023:03:02:14 +0000] "CONNECT test.lo88.org:443:443 HTTP/1.1" 400 -
159.89.136.29 - - [18/Aug/2023:03:02:15 +0000] "CONNECT freetuts.net:443:443 HTTP/1.1" 400 -
159.89.143.221 - - [18/Aug/2023:03:02:18 +0000] "CONNECT rocash.com:443:443 HTTP/1.1" 400 -
159.89.136.29 - - [18/Aug/2023:03:02:28 +0000] "CONNECT rocash.com:443:443 HTTP/1.1" 400 -
159.89.136.33 - - [18/Aug/2023:03:02:53 +0000] "CONNECT test.lo88.org:443:443 HTTP/1.1" 400 -
159.89.136.29 - - [18/Aug/2023:03:03:01 +0000] "CONNECT freetuts.net:443:443 HTTP/1.1" 400 -
159.89.143.221 - - [18/Aug/2023:03:03:04 +0000] "CONNECT rocash.com:443:443 HTTP/1.1" 400 -
159.89.143.238 - - [18/Aug/2023:03:03:05 +0000] "CONNECT vnew88.com:443:443 HTTP/1.1" 400 -
138.197.28.9 - - [18/Aug/2023:03:03:13 +0000] "CONNECT play.rikvip.net:443:443 HTTP/1.1" 400 -
159.89.136.29 - - [18/Aug/2023:03:03:17 +0000] "CONNECT test.lo88.org:443:443 HTTP/1.1" 400 -
159.89.136.29 - - [18/Aug/2023:03:03:24 +0000] "CONNECT test.lo88.org:443:443 HTTP/1.1" 400 -
159.89.136.29 - - [18/Aug/2023:03:03:25 +0000] "CONNECT test.lo88.org:443:443 HTTP/1.1" 400 -
159.89.136.33 - - [18/Aug/2023:03:03:47 +0000] "CONNECT lo88.org:443:443 HTTP/1.1" 400 -
159.89.136.33 - - [18/Aug/2023:03:03:57 +0000] "CONNECT sumvip3.club:443:443 HTTP/1.1" 400 -
138.197.28.9 - - [18/Aug/2023:03:04:02 +0000] "CONNECT play.rikvip.net:443:443 HTTP/1.1" 400 -
159.89.136.29 - - [18/Aug/2023:03:04:06 +0000] "CONNECT gudplay.com:443:443 HTTP/1.1" 400 -
159.89.136.33 - - [18/Aug/2023:03:04:20 +0000] "CONNECT sumvip3.club:443:443 HTTP/1.1" 400 -
159.89.136.33 - - [18/Aug/2023:03:04:24 +0000] "CONNECT freetuts.net:443:443 HTTP/1.1" 400 -
159.89.143.221 - - [18/Aug/2023:03:04:27 +0000] "CONNECT lo88.org:443:443 HTTP/1.1" 400 -
159.89.143.238 - - [18/Aug/2023:03:04:38 +0000] "CONNECT vnew88.com:443:443 HTTP/1.1" 400 -
159.89.143.221 - - [18/Aug/2023:03:04:57 +0000] "CONNECT freetuts.net:443:443 HTTP/1.1" 400 -
159.89.143.221 - - [18/Aug/2023:03:05:00 +0000] "CONNECT lo88.org:443:443 HTTP/1.1" 400 -
159.89.143.221 - - [18/Aug/2023:03:06:28 +0000] "CONNECT variant.gay:443:443 HTTP/1.1" 400 -
159.89.136.33 - - [18/Aug/2023:03:06:31 +0000] "CONNECT variant.gay:443:443 HTTP/1.1" 400 -
159.89.136.29 - - [18/Aug/2023:03:06:42 +0000] "CONNECT sync.top:443:443 HTTP/1.1" 400 -
159.89.143.238 - - [18/Aug/2023:03:07:15 +0000] "CONNECT vnew88.com:443:443 HTTP/1.1" 400 -
138.197.28.9 - - [18/Aug/2023:03:08:31 +0000] "CONNECT play.rikvip.net:443:443 HTTP/1.1" 400 -
138.197.28.9 - - [18/Aug/2023:03:08:41 +0000] "CONNECT play.rikvip.net:443:443 HTTP/1.1" 400 -
138.197.28.9 - - [18/Aug/2023:03:08:58 +0000] "CONNECT play.rikvip.net:443:443 HTTP/1.1" 400 -
138.197.28.9 - - [18/Aug/2023:03:09:04 +0000] "CONNECT play.rikvip.net:443:443 HTTP/1.1" 400 -
159.89.143.238 - - [18/Aug/2023:03:09:18 +0000] "CONNECT vnew88.com:443:443 HTTP/1.1" 400 -
138.197.28.9 - - [18/Aug/2023:03:09:47 +0000] "CONNECT play.rikvip.net:443:443 HTTP/1.1" 400 -
159.89.136.29 - - [18/Aug/2023:03:10:20 +0000] "CONNECT sumvip3.club:443:443 HTTP/1.1" 400 -
159.89.136.29 - - [18/Aug/2023:03:10:27 +0000] "CONNECT sumvip3.club:443:443 HTTP/1.1" 400 -
138.197.28.9 - - [18/Aug/2023:03:10:38 +0000] "CONNECT play.rikvip.net:443:443 HTTP/1.1" 400 -
159.89.136.29 - - [18/Aug/2023:03:10:41 +0000] "CONNECT sumvip3.club:443:443 HTTP/1.1" 400 -
138.197.28.9 - - [18/Aug/2023:03:10:42 +0000] "CONNECT play.rikvip.net:443:443 HTTP/1.1" 400 -
159.89.136.29 - - [18/Aug/2023:03:10:47 +0000] "CONNECT sumvip3.club:443:443 HTTP/1.1" 400 -
159.89.136.33 - - [18/Aug/2023:03:10:48 +0000] "CONNECT sumvip3.club:443:443 HTTP/1.1" 400 -
64.62.197.3 - - [18/Aug/2023:03:10:57 +0000] "GET / HTTP/1.1" 200 11217
64.62.197.13 - - [18/Aug/2023:03:11:13 +0000] "GET /favicon.ico HTTP/1.1" 200 21630
159.89.143.221 - - [18/Aug/2023:03:11:15 +0000] "CONNECT sumvip3.club:443:443 HTTP/1.1" 400 -
64.62.197.6 - - [18/Aug/2023:03:11:22 +0000] "GET /?format=json HTTP/1.1" 200 11217
64.62.197.10 - - [18/Aug/2023:03:11:29 +0000] "CONNECT www.shadowserver.org:443 HTTP/1.1" 400 -
159.89.136.33 - - [18/Aug/2023:03:11:30 +0000] "CONNECT lo88.org:443:443 HTTP/1.1" 400 -
159.89.143.238 - - [18/Aug/2023:03:11:39 +0000] "CONNECT vnew88.com:443:443 HTTP/1.1" 400 -
159.89.136.29 - - [18/Aug/2023:03:11:48 +0000] "CONNECT test.lo88.org:443:443 HTTP/1.1" 400 -
159.89.136.29 - - [18/Aug/2023:03:12:16 +0000] "CONNECT sumvip3.club:443:443 HTTP/1.1" 400 -
159.89.143.221 - - [18/Aug/2023:03:12:48 +0000] "CONNECT test.lo88.org:443:443 HTTP/1.1" 400 -
159.89.136.29 - - [18/Aug/2023:03:13:10 +0000] "CONNECT www.cheatbay.net:443:443 HTTP/1.1" 400 -
159.89.143.221 - - [18/Aug/2023:03:13:26 +0000] "CONNECT lo88.org:443:443 HTTP/1.1" 400 -
138.197.28.9 - - [18/Aug/2023:03:13:42 +0000] "CONNECT play.rikvip.net:443:443 HTTP/1.1" 400 -
159.89.143.221 - - [18/Aug/2023:03:13:53 +0000] "CONNECT sumvip3.club:443:443 HTTP/1.1" 400 -
159.89.143.221 - - [18/Aug/2023:03:13:53 +0000] "CONNECT www.cheatbay.net:443:443 HTTP/1.1" 400 -
159.89.143.221 - - [18/Aug/2023:03:13:55 +0000] "CONNECT www.cheatbay.net:443:443 HTTP/1.1" 400 -
159.89.143.221 - - [18/Aug/2023:03:13:58 +0000] "CONNECT sumvip3.club:443:443 HTTP/1.1" 400 -
159.89.143.221 - - [18/Aug/2023:03:14:15 +0000] "CONNECT sumvip3.club:443:443 HTTP/1.1" 400 -
159.89.136.29 - - [18/Aug/2023:03:14:18 +0000] "CONNECT peticaopublica.com:443:443 HTTP/1.1" 400 -
138.197.28.9 - - [18/Aug/2023:03:14:18 +0000] "CONNECT play.rikvip.net:443:443 HTTP/1.1" 400 -
159.89.136.29 - - [18/Aug/2023:03:14:19 +0000] "CONNECT sumvip3.club:443:443 HTTP/1.1" 400 -
159.89.143.221 - - [18/Aug/2023:03:14:19 +0000] "CONNECT peticaopublica.com:443:443 HTTP/1.1" 400 -
159.89.143.238 - - [18/Aug/2023:03:14:38 +0000] "CONNECT vnew88.com:443:443 HTTP/1.1" 400 -
159.89.136.29 - - [18/Aug/2023:03:14:43 +0000] "CONNECT test.lo88.org:443:443 HTTP/1.1" 400 -
159.89.136.33 - - [18/Aug/2023:03:14:44 +0000] "CONNECT k9win.agency:443:443 HTTP/1.1" 400 -
159.89.136.29 - - [18/Aug/2023:03:14:49 +0000] "CONNECT k9win.agency:443:443 HTTP/1.1" 400 -
159.89.143.221 - - [18/Aug/2023:03:14:55 +0000] "CONNECT sumvip3.club:443:443 HTTP/1.1" 400 -
159.89.136.29 - - [18/Aug/2023:03:15:03 +0000] "CONNECT peticaopublica.com:443:443 HTTP/1.1" 400 -
159.89.136.29 - - [18/Aug/2023:03:15:04 +0000] "CONNECT lo88.org:443:443 HTTP/1.1" 400 -
159.89.136.29 - - [18/Aug/2023:03:15:04 +0000] "CONNECT k9win.agency:443:443 HTTP/1.1" 400 -
138.197.28.9 - - [18/Aug/2023:03:15:21 +0000] "CONNECT play.rikvip.net:443:443 HTTP/1.1" 400 -
138.197.28.9 - - [18/Aug/2023:03:16:35 +0000] "CONNECT play.rikvip.net:443:443 HTTP/1.1" 400 -
159.89.136.29 - - [18/Aug/2023:03:17:06 +0000] "CONNECT bypass.vip:443:443 HTTP/1.1" 400 -
159.89.143.238 - - [18/Aug/2023:03:17:21 +0000] "CONNECT vnew88.com:443:443 HTTP/1.1" 400 -
159.89.136.29 - - [18/Aug/2023:03:17:36 +0000] "CONNECT bypass.vip:443:443 HTTP/1.1" 400 -
159.89.136.29 - - [18/Aug/2023:03:17:42 +0000] "CONNECT peticaopublica.com:443:443 HTTP/1.1" 400 -
159.89.143.221 - - [18/Aug/2023:03:17:48 +0000] "CONNECT peticaopublica.com:443:443 HTTP/1.1" 400 -
159.89.136.33 - - [18/Aug/2023:03:17:58 +0000] "CONNECT bypass.vip:443:443 HTTP/1.1" 400 -
159.89.136.33 - - [18/Aug/2023:03:18:15 +0000] "CONNECT bypass.vip:443:443 HTTP/1.1" 400 -
138.197.28.9 - - [18/Aug/2023:03:18:21 +0000] "CONNECT play.rikvip.net:443:443 HTTP/1.1" 400 -
159.89.136.33 - - [18/Aug/2023:03:19:04 +0000] "CONNECT peticaopublica.com:443:443 HTTP/1.1" 400 -
138.197.28.9 - - [18/Aug/2023:03:19:19 +0000] "CONNECT play.rikvip.net:443:443 HTTP/1.1" 400 -
138.197.28.9 - - [18/Aug/2023:03:19:58 +0000] "CONNECT play.rikvip.net:443:443 HTTP/1.1" 400 -
159.89.143.221 - - [18/Aug/2023:03:20:04 +0000] "CONNECT test.lo88.org:443:443 HTTP/1.1" 400 -
159.89.136.29 - - [18/Aug/2023:03:20:09 +0000] "CONNECT sumvip3.club:443:443 HTTP/1.1" 400 -
159.89.143.221 - - [18/Aug/2023:03:20:21 +0000] "CONNECT baoit24h.com:443:443 HTTP/1.1" 400 -
159.89.136.33 - - [18/Aug/2023:03:20:22 +0000] "CONNECT peticaopublica.com:443:443 HTTP/1.1" 400 -
159.89.136.29 - - [18/Aug/2023:03:20:35 +0000] "CONNECT k9win.agency:443:443 HTTP/1.1" 400 -
159.89.136.33 - - [18/Aug/2023:03:20:40 +0000] "CONNECT lo88.org:443:443 HTTP/1.1" 400 -
159.89.143.238 - - [18/Aug/2023:03:21:16 +0000] "CONNECT vnew88.com:443:443 HTTP/1.1" 400 -
138.197.28.9 - - [18/Aug/2023:03:23:58 +0000] "CONNECT play.rikvip.net:443:443 HTTP/1.1" 400 -
159.89.136.33 - - [18/Aug/2023:03:25:13 +0000] "CONNECT k9win.agency:443:443 HTTP/1.1" 400 -
159.89.136.33 - - [18/Aug/2023:03:25:27 +0000] "CONNECT sumvip3.club:443:443 HTTP/1.1" 400 -
159.89.136.33 - - [18/Aug/2023:03:25:31 +0000] "CONNECT k9win.agency:443:443 HTTP/1.1" 400 -
159.89.143.221 - - [18/Aug/2023:03:25:36 +0000] "CONNECT lo88.org:443:443 HTTP/1.1" 400 -
159.89.136.33 - - [18/Aug/2023:03:25:40 +0000] "CONNECT k9win.agency:443:443 HTTP/1.1" 400 -
138.197.28.9 - - [18/Aug/2023:03:25:43 +0000] "CONNECT play.rikvip.net:443:443 HTTP/1.1" 400 -
159.89.136.29 - - [18/Aug/2023:03:25:43 +0000] "CONNECT gnfex.gne.go.kr:443:443 HTTP/1.1" 400 -
159.89.143.238 - - [18/Aug/2023:03:25:44 +0000] "CONNECT vnew88.com:443:443 HTTP/1.1" 400 -
159.89.143.221 - - [18/Aug/2023:03:25:48 +0000] "CONNECT lo88.org:443:443 HTTP/1.1" 400 -
159.89.143.221 - - [18/Aug/2023:03:25:53 +0000] "CONNECT k9win.agency:443:443 HTTP/1.1" 400 -
159.89.136.29 - - [18/Aug/2023:03:25:57 +0000] "CONNECT instantfast.io:443:443 HTTP/1.1" 400 -
159.89.143.221 - - [18/Aug/2023:03:25:59 +0000] "CONNECT gnfex.gne.go.kr:443:443 HTTP/1.1" 400 -
159.89.136.29 - - [18/Aug/2023:03:26:04 +0000] "CONNECT gnfex.gne.go.kr:443:443 HTTP/1.1" 400 -
159.89.136.33 - - [18/Aug/2023:03:26:09 +0000] "CONNECT lo88.org:443:443 HTTP/1.1" 400 -
159.89.136.33 - - [18/Aug/2023:03:26:10 +0000] "CONNECT k9win.agency:443:443 HTTP/1.1" 400 -
159.89.143.238 - - [18/Aug/2023:03:26:28 +0000] "CONNECT vnew88.com:443:443 HTTP/1.1" 400 -
159.89.143.238 - - [18/Aug/2023:03:26:28 +0000] "CONNECT vnew88.com:443:443 HTTP/1.1" 400 -
159.89.136.33 - - [18/Aug/2023:03:26:40 +0000] "CONNECT gnfex.gne.go.kr:443:443 HTTP/1.1" 400 -
159.89.143.221 - - [18/Aug/2023:03:26:40 +0000] "CONNECT k9win.agency:443:443 HTTP/1.1" 400 -
159.89.136.33 - - [18/Aug/2023:03:26:42 +0000] "CONNECT instantfast.io:443:443 HTTP/1.1" 400 -
159.89.143.221 - - [18/Aug/2023:03:26:49 +0000] "CONNECT instantfast.io:443:443 HTTP/1.1" 400 -
159.89.136.33 - - [18/Aug/2023:03:27:25 +0000] "CONNECT sumvip3.club:443:443 HTTP/1.1" 400 -
159.89.143.221 - - [18/Aug/2023:03:27:29 +0000] "CONNECT gnfex.gne.go.kr:443:443 HTTP/1.1" 400 -
159.89.143.221 - - [18/Aug/2023:03:27:35 +0000] "CONNECT discord.com:443:443 HTTP/1.1" 400 -
159.89.136.29 - - [18/Aug/2023:03:27:43 +0000] "CONNECT gnfex.gne.go.kr:443:443 HTTP/1.1" 400 -
159.89.136.33 - - [18/Aug/2023:03:27:52 +0000] "CONNECT gnfex.gne.go.kr:443:443 HTTP/1.1" 400 -
159.89.136.33 - - [18/Aug/2023:03:28:03 +0000] "CONNECT k9win.agency:443:443 HTTP/1.1" 400 -
159.89.143.221 - - [18/Aug/2023:03:28:03 +0000] "CONNECT peticaopublica.com:443:443 HTTP/1.1" 400 -
159.89.136.33 - - [18/Aug/2023:03:28:05 +0000] "CONNECT gnfex.gne.go.kr:443:443 HTTP/1.1" 400 -
159.89.136.29 - - [18/Aug/2023:03:28:29 +0000] "CONNECT lo88.org:443:443 HTTP/1.1" 400 -
159.89.136.33 - - [18/Aug/2023:03:28:34 +0000] "CONNECT lo88.org:443:443 HTTP/1.1" 400 -
159.89.136.33 - - [18/Aug/2023:03:28:45 +0000] "CONNECT lo88.org:443:443 HTTP/1.1" 400 -
138.197.28.9 - - [18/Aug/2023:03:29:07 +0000] "CONNECT play.rikvip.net:443:443 HTTP/1.1" 400 -
159.89.143.238 - - [18/Aug/2023:03:29:52 +0000] "CONNECT vnew88.com:443:443 HTTP/1.1" 400 -
107.170.231.40 - - [18/Aug/2023:03:29:54 +0000] "-" 400 -
159.89.143.238 - - [18/Aug/2023:03:30:08 +0000] "CONNECT vnew88.com:443:443 HTTP/1.1" 400 -
159.89.136.29 - - [18/Aug/2023:03:30:11 +0000] "CONNECT k9win.agency:443:443 HTTP/1.1" 400 -
142.93.80.219 - - [18/Aug/2023:03:30:11 +0000] "CONNECT sumvip3.club:443:443 HTTP/1.1" 400 -
142.93.80.219 - - [18/Aug/2023:03:30:13 +0000] "CONNECT sumvip3.club:443:443 HTTP/1.1" 400 -
159.89.136.33 - - [18/Aug/2023:03:30:13 +0000] "CONNECT lo88.org:443:443 HTTP/1.1" 400 -
159.89.143.238 - - [18/Aug/2023:03:30:15 +0000] "CONNECT vnew88.com:443:443 HTTP/1.1" 400 -
159.89.136.29 - - [18/Aug/2023:03:30:18 +0000] "CONNECT k9win.agency:443:443 HTTP/1.1" 400 -
159.89.143.221 - - [18/Aug/2023:03:30:24 +0000] "CONNECT lo88.org:443:443 HTTP/1.1" 400 -
159.89.136.29 - - [18/Aug/2023:03:30:25 +0000] "CONNECT shop2fa.com:443:443 HTTP/1.1" 400 -
159.89.136.29 - - [18/Aug/2023:03:30:28 +0000] "CONNECT sumvip3.club:443:443 HTTP/1.1" 400 -
159.89.143.238 - - [18/Aug/2023:03:30:36 +0000] "CONNECT vnew88.com:443:443 HTTP/1.1" 400 -
159.89.143.238 - - [18/Aug/2023:03:30:43 +0000] "CONNECT lo88.org:443:443 HTTP/1.1" 400 -
159.89.143.238 - - [18/Aug/2023:03:30:44 +0000] "CONNECT vnew88.com:443:443 HTTP/1.1" 400 -
159.89.143.221 - - [18/Aug/2023:03:30:45 +0000] "CONNECT lo88.org:443:443 HTTP/1.1" 400 -
159.89.143.238 - - [18/Aug/2023:03:30:48 +0000] "CONNECT test.lo88.org:443:443 HTTP/1.1" 400 -
159.89.143.238 - - [18/Aug/2023:03:30:50 +0000] "CONNECT vnew88.com:443:443 HTTP/1.1" 400 -
159.89.136.33 - - [18/Aug/2023:03:30:56 +0000] "CONNECT sumvip3.club:443:443 HTTP/1.1" 400 -
159.89.136.29 - - [18/Aug/2023:03:30:57 +0000] "CONNECT shop2fa.com:443:443 HTTP/1.1" 400 -
159.89.136.29 - - [18/Aug/2023:03:30:58 +0000] "CONNECT sumvip3.club:443:443 HTTP/1.1" 400 -
159.89.143.238 - - [18/Aug/2023:03:31:00 +0000] "CONNECT gnfex.gne.go.kr:443:443 HTTP/1.1" 400 -
159.89.136.33 - - [18/Aug/2023:03:31:03 +0000] "CONNECT gnfex.gne.go.kr:443:443 HTTP/1.1" 400 -
159.89.143.238 - - [18/Aug/2023:03:31:06 +0000] "CONNECT sumvip3.club:443:443 HTTP/1.1" 400 -
142.93.80.219 - - [18/Aug/2023:03:31:06 +0000] "CONNECT sumvip3.club:443:443 HTTP/1.1" 400 -
159.89.136.33 - - [18/Aug/2023:03:31:16 +0000] "CONNECT gnfex.gne.go.kr:443:443 HTTP/1.1" 400 -
159.89.136.33 - - [18/Aug/2023:03:31:17 +0000] "CONNECT sumvip3.club:443:443 HTTP/1.1" 400 -
142.93.80.219 - - [18/Aug/2023:03:31:18 +0000] "CONNECT gnfex.gne.go.kr:443:443 HTTP/1.1" 400 -
142.93.80.219 - - [18/Aug/2023:03:31:19 +0000] "CONNECT shop2fa.com:443:443 HTTP/1.1" 400 -
159.89.143.221 - - [18/Aug/2023:03:31:22 +0000] "CONNECT shop2fa.com:443:443 HTTP/1.1" 400 -
159.89.143.221 - - [18/Aug/2023:03:31:32 +0000] "CONNECT lo88.org:443:443 HTTP/1.1" 400 -
159.89.143.238 - - [18/Aug/2023:03:31:37 +0000] "CONNECT vnew88.com:443:443 HTTP/1.1" 400 -
138.197.28.9 - - [18/Aug/2023:03:31:39 +0000] "CONNECT play.rikvip.net:443:443 HTTP/1.1" 400 -
159.89.136.29 - - [18/Aug/2023:03:31:42 +0000] "CONNECT test.lo88.org:443:443 HTTP/1.1" 400 -
138.197.28.9 - - [18/Aug/2023:03:31:44 +0000] "CONNECT play.rikvip.net:443:443 HTTP/1.1" 400 -
159.89.143.221 - - [18/Aug/2023:03:31:50 +0000] "CONNECT k9win.agency:443:443 HTTP/1.1" 400 -
159.89.143.238 - - [18/Aug/2023:03:31:54 +0000] "CONNECT vnew88.com:443:443 HTTP/1.1" 400 -
159.89.143.221 - - [18/Aug/2023:03:31:59 +0000] "CONNECT gnfex.gne.go.kr:443:443 HTTP/1.1" 400 -
159.89.136.29 - - [18/Aug/2023:03:31:59 +0000] "CONNECT test.lo88.org:443:443 HTTP/1.1" 400 -
159.89.143.238 - - [18/Aug/2023:03:32:03 +0000] "CONNECT k9win.agency:443:443 HTTP/1.1" 400 -
159.89.143.238 - - [18/Aug/2023:03:32:03 +0000] "CONNECT test.lo88.org:443:443 HTTP/1.1" 400 -
159.89.143.238 - - [18/Aug/2023:03:32:05 +0000] "CONNECT vnew88.com:443:443 HTTP/1.1" 400 -
159.89.136.29 - - [18/Aug/2023:03:32:09 +0000] "CONNECT test.lo88.org:443:443 HTTP/1.1" 400 -
159.89.143.221 - - [18/Aug/2023:03:32:25 +0000] "CONNECT sumvip3.club:443:443 HTTP/1.1" 400 -
159.89.143.238 - - [18/Aug/2023:03:32:32 +0000] "CONNECT test.lo88.org:443:443 HTTP/1.1" 400 -
159.89.136.29 - - [18/Aug/2023:03:32:38 +0000] "CONNECT test.lo88.org:443:443 HTTP/1.1" 400 -
159.89.143.238 - - [18/Aug/2023:03:32:40 +0000] "CONNECT test.lo88.org:443:443 HTTP/1.1" 400 -
142.93.80.219 - - [18/Aug/2023:03:32:41 +0000] "CONNECT sumvip3.club:443:443 HTTP/1.1" 400 -
159.89.136.33 - - [18/Aug/2023:03:32:43 +0000] "CONNECT test.lo88.org:443:443 HTTP/1.1" 400 -
159.89.143.238 - - [18/Aug/2023:03:32:44 +0000] "CONNECT k9win.agency:443:443 HTTP/1.1" 400 -
159.89.143.238 - - [18/Aug/2023:03:32:46 +0000] "CONNECT vnew88.com:443:443 HTTP/1.1" 400 -
159.89.143.221 - - [18/Aug/2023:03:32:53 +0000] "CONNECT sumvip3.club:443:443 HTTP/1.1" 400 -
159.89.143.238 - - [18/Aug/2023:03:33:05 +0000] "CONNECT k9win.agency:443:443 HTTP/1.1" 400 -
142.93.80.219 - - [18/Aug/2023:03:33:10 +0000] "CONNECT sumvip3.club:443:443 HTTP/1.1" 400 -
159.89.143.238 - - [18/Aug/2023:03:33:27 +0000] "CONNECT lo88.org:443:443 HTTP/1.1" 400 -
159.89.143.238 - - [18/Aug/2023:03:33:32 +0000] "CONNECT vnew88.com:443:443 HTTP/1.1" 400 -
159.89.136.33 - - [18/Aug/2023:03:33:34 +0000] "CONNECT gnfex.gne.go.kr:443:443 HTTP/1.1" 400 -
159.89.143.221 - - [18/Aug/2023:03:33:36 +0000] "CONNECT sumvip3.club:443:443 HTTP/1.1" 400 -
159.89.143.221 - - [18/Aug/2023:03:33:36 +0000] "CONNECT gnfex.gne.go.kr:443:443 HTTP/1.1" 400 -
159.89.136.29 - - [18/Aug/2023:03:33:41 +0000] "CONNECT lo88.org:443:443 HTTP/1.1" 400 -
159.89.143.238 - - [18/Aug/2023:03:33:42 +0000] "CONNECT vnew88.com:443:443 HTTP/1.1" 400 -
159.89.136.29 - - [18/Aug/2023:03:33:43 +0000] "CONNECT rapy.pl:443:443 HTTP/1.1" 400 -
159.89.136.29 - - [18/Aug/2023:03:33:45 +0000] "CONNECT gnfex.gne.go.kr:443:443 HTTP/1.1" 400 -
142.93.80.219 - - [18/Aug/2023:03:33:46 +0000] "CONNECT sumvip3.club:443:443 HTTP/1.1" 400 -
