159.89.136.33 - - [18/Aug/2023:05:40:58 +0000] "CONNECT sumvip3.club:443:443 HTTP/1.1" 400 -
159.89.143.238 - - [18/Aug/2023:05:41:07 +0000] "CONNECT k9win.agency:443:443 HTTP/1.1" 400 -
159.89.143.221 - - [18/Aug/2023:05:41:07 +0000] "CONNECT lo88.org:443:443 HTTP/1.1" 400 -
138.197.28.9 - - [18/Aug/2023:05:41:11 +0000] "CONNECT play.rikvip.net:443:443 HTTP/1.1" 400 -
159.89.143.238 - - [18/Aug/2023:05:41:12 +0000] "CONNECT vnew88.com:443:443 HTTP/1.1" 400 -
159.89.143.238 - - [18/Aug/2023:05:41:12 +0000] "CONNECT vnew88.com:443:443 HTTP/1.1" 400 -
159.89.136.29 - - [18/Aug/2023:05:41:30 +0000] "CONNECT lo88.org:443:443 HTTP/1.1" 400 -
159.89.143.221 - - [18/Aug/2023:05:41:30 +0000] "CONNECT lo88.org:443:443 HTTP/1.1" 400 -
142.93.80.219 - - [18/Aug/2023:05:41:35 +0000] "CONNECT sumvip3.club:443:443 HTTP/1.1" 400 -
159.89.143.221 - - [18/Aug/2023:05:41:51 +0000] "CONNECT lo88.org:443:443 HTTP/1.1" 400 -
159.89.143.238 - - [18/Aug/2023:05:42:00 +0000] "CONNECT lo88.org:443:443 HTTP/1.1" 400 -
159.89.136.29 - - [18/Aug/2023:05:42:01 +0000] "CONNECT lo88.org:443:443 HTTP/1.1" 400 -
159.89.143.238 - - [18/Aug/2023:05:42:02 +0000] "CONNECT sumvip3.club:443:443 HTTP/1.1" 400 -
142.93.80.219 - - [18/Aug/2023:05:42:06 +0000] "CONNECT test.lo88.org:443:443 HTTP/1.1" 400 -
142.93.80.219 - - [18/Aug/2023:05:42:08 +0000] "CONNECT test.lo88.org:443:443 HTTP/1.1" 400 -
142.93.80.219 - - [18/Aug/2023:05:42:09 +0000] "CONNECT k9win.agency:443:443 HTTP/1.1" 400 -
142.93.80.219 - - [18/Aug/2023:05:42:11 +0000] "CONNECT sumvip3.club:443:443 HTTP/1.1" 400 -
159.89.136.29 - - [18/Aug/2023:05:42:16 +0000] "CONNECT test.lo88.org:443:443 HTTP/1.1" 400 -
159.89.143.238 - - [18/Aug/2023:05:42:18 +0000] "CONNECT test.lo88.org:443:443 HTTP/1.1" 400 -
159.89.143.221 - - [18/Aug/2023:05:42:29 +0000] "CONNECT k9win.agency:443:443 HTTP/1.1" 400 -
159.89.143.238 - - [18/Aug/2023:05:42:34 +0000] "CONNECT sumvip3.club:443:443 HTTP/1.1" 400 -
159.89.136.29 - - [18/Aug/2023:05:42:37 +0000] "CONNECT k9win.agency:443:443 HTTP/1.1" 400 -
159.89.143.238 - - [18/Aug/2023:05:42:43 +0000] "CONNECT vnew88.com:443:443 HTTP/1.1" 400 -
159.89.143.221 - - [18/Aug/2023:05:42:50 +0000] "CONNECT lo88.org:443:443 HTTP/1.1" 400 -
138.197.28.9 - - [18/Aug/2023:05:42:52 +0000] "CONNECT play.rikvip.net:443:443 HTTP/1.1" 400 -
159.89.136.33 - - [18/Aug/2023:05:42:54 +0000] "CONNECT k9win.agency:443:443 HTTP/1.1" 400 -
159.89.136.33 - - [18/Aug/2023:05:42:56 +0000] "CONNECT lo88.org:443:443 HTTP/1.1" 400 -
159.89.143.221 - - [18/Aug/2023:05:42:59 +0000] "CONNECT test.lo88.org:443:443 HTTP/1.1" 400 -
159.89.136.29 - - [18/Aug/2023:05:43:09 +0000] "CONNECT k9win.agency:443:443 HTTP/1.1" 400 -
159.89.143.221 - - [18/Aug/2023:05:43:09 +0000] "CONNECT peticaopublica.com:443:443 HTTP/1.1" 400 -
159.89.143.238 - - [18/Aug/2023:05:43:16 +0000] "CONNECT vnew88.com:443:443 HTTP/1.1" 400 -
159.89.136.33 - - [18/Aug/2023:05:43:24 +0000] "CONNECT test.lo88.org:443:443 HTTP/1.1" 400 -
159.89.136.29 - - [18/Aug/2023:05:43:25 +0000] "CONNECT sumvip3.club:443:443 HTTP/1.1" 400 -
159.89.143.238 - - [18/Aug/2023:05:43:26 +0000] "CONNECT vnew88.com:443:443 HTTP/1.1" 400 -
159.89.143.221 - - [18/Aug/2023:05:43:28 +0000] "CONNECT test.lo88.org:443:443 HTTP/1.1" 400 -
159.89.136.33 - - [18/Aug/2023:05:43:34 +0000] "CONNECT peticaopublica.com:443:443 HTTP/1.1" 400 -
159.89.143.221 - - [18/Aug/2023:05:43:57 +0000] "CONNECT test.lo88.org:443:443 HTTP/1.1" 400 -
142.93.80.219 - - [18/Aug/2023:05:44:00 +0000] "CONNECT lo88.org:443:443 HTTP/1.1" 400 -
138.197.28.9 - - [18/Aug/2023:05:44:09 +0000] "CONNECT play.rikvip.net:443:443 HTTP/1.1" 400 -
159.89.136.29 - - [18/Aug/2023:05:44:11 +0000] "CONNECT sumvip3.club:443:443 HTTP/1.1" 400 -
159.89.143.221 - - [18/Aug/2023:05:44:20 +0000] "CONNECT lo88.org:443:443 HTTP/1.1" 400 -
159.89.143.238 - - [18/Aug/2023:05:44:21 +0000] "CONNECT vnew88.com:443:443 HTTP/1.1" 400 -
159.89.143.221 - - [18/Aug/2023:05:44:28 +0000] "CONNECT www.hulu.com:443:443 HTTP/1.1" 400 -
159.89.136.33 - - [18/Aug/2023:05:44:32 +0000] "CONNECT k9win.agency:443:443 HTTP/1.1" 400 -
159.89.136.29 - - [18/Aug/2023:05:44:47 +0000] "CONNECT k9win.agency:443:443 HTTP/1.1" 400 -
142.93.80.219 - - [18/Aug/2023:05:44:49 +0000] "CONNECT sumvip3.club:443:443 HTTP/1.1" 400 -
159.89.143.238 - - [18/Aug/2023:05:44:55 +0000] "CONNECT vnew88.com:443:443 HTTP/1.1" 400 -
159.89.136.29 - - [18/Aug/2023:05:45:13 +0000] "CONNECT test.lo88.org:443:443 HTTP/1.1" 400 -
159.89.136.33 - - [18/Aug/2023:05:45:14 +0000] "CONNECT test.lo88.org:443:443 HTTP/1.1" 400 -
142.93.80.219 - - [18/Aug/2023:05:45:14 +0000] "CONNECT peticaopublica.com:443:443 HTTP/1.1" 400 -
159.89.143.238 - - [18/Aug/2023:05:45:17 +0000] "CONNECT lo88.org:443:443 HTTP/1.1" 400 -
159.89.143.238 - - [18/Aug/2023:05:45:17 +0000] "CONNECT vnew88.com:443:443 HTTP/1.1" 400 -
142.93.80.219 - - [18/Aug/2023:05:45:32 +0000] "CONNECT shop2fa.com:443:443 HTTP/1.1" 400 -
159.89.136.33 - - [18/Aug/2023:05:45:34 +0000] "CONNECT lo88.org:443:443 HTTP/1.1" 400 -
159.89.136.33 - - [18/Aug/2023:05:45:37 +0000] "CONNECT test.lo88.org:443:443 HTTP/1.1" 400 -
142.93.80.219 - - [18/Aug/2023:05:45:40 +0000] "CONNECT shop2fa.com:443:443 HTTP/1.1" 400 -
142.93.80.219 - - [18/Aug/2023:05:45:43 +0000] "CONNECT k9win.agency:443:443 HTTP/1.1" 400 -
159.89.143.238 - - [18/Aug/2023:05:45:46 +0000] "CONNECT test.lo88.org:443:443 HTTP/1.1" 400 -
142.93.80.219 - - [18/Aug/2023:05:45:50 +0000] "CONNECT test.lo88.org:443:443 HTTP/1.1" 400 -
159.89.136.33 - - [18/Aug/2023:05:45:53 +0000] "CONNECT shop2fa.com:443:443 HTTP/1.1" 400 -
142.93.80.219 - - [18/Aug/2023:05:45:58 +0000] "CONNECT shop2fa.com:443:443 HTTP/1.1" 400 -
159.89.136.29 - - [18/Aug/2023:05:46:08 +0000] "CONNECT lo88.org:443:443 HTTP/1.1" 400 -
159.89.143.221 - - [18/Aug/2023:05:46:10 +0000] "CONNECT sumvip3.club:443:443 HTTP/1.1" 400 -
142.93.80.219 - - [18/Aug/2023:05:46:15 +0000] "CONNECT sumvip3.club:443:443 HTTP/1.1" 400 -
159.89.143.238 - - [18/Aug/2023:05:46:15 +0000] "CONNECT vnew88.com:443:443 HTTP/1.1" 400 -
142.93.80.219 - - [18/Aug/2023:05:46:23 +0000] "CONNECT k9win.agency:443:443 HTTP/1.1" 400 -
159.89.136.29 - - [18/Aug/2023:05:46:30 +0000] "CONNECT lo88.org:443:443 HTTP/1.1" 400 -
159.89.136.29 - - [18/Aug/2023:05:46:33 +0000] "CONNECT test.lo88.org:443:443 HTTP/1.1" 400 -
159.89.143.238 - - [18/Aug/2023:05:46:35 +0000] "CONNECT vnew88.com:443:443 HTTP/1.1" 400 -
159.89.136.33 - - [18/Aug/2023:05:46:46 +0000] "CONNECT k9win.agency:443:443 HTTP/1.1" 400 -
159.89.143.238 - - [18/Aug/2023:05:46:49 +0000] "CONNECT sumvip3.club:443:443 HTTP/1.1" 400 -
159.89.136.29 - - [18/Aug/2023:05:46:54 +0000] "CONNECT lo88.org:443:443 HTTP/1.1" 400 -
159.89.143.238 - - [18/Aug/2023:05:46:58 +0000] "CONNECT vnew88.com:443:443 HTTP/1.1" 400 -
159.89.143.238 - - [18/Aug/2023:05:46:58 +0000] "CONNECT vnew88.com:443:443 HTTP/1.1" 400 -
159.89.143.221 - - [18/Aug/2023:05:47:04 +0000] "CONNECT peticaopublica.com:443:443 HTTP/1.1" 400 -
159.89.143.221 - - [18/Aug/2023:05:47:07 +0000] "CONNECT lo88.org:443:443 HTTP/1.1" 400 -
159.89.136.29 - - [18/Aug/2023:05:47:26 +0000] "CONNECT sumvip3.club:443:443 HTTP/1.1" 400 -
159.89.143.221 - - [18/Aug/2023:05:47:29 +0000] "CONNECT peticaopublica.com:443:443 HTTP/1.1" 400 -
159.89.136.29 - - [18/Aug/2023:05:47:33 +0000] "CONNECT lo88.org:443:443 HTTP/1.1" 400 -
159.89.136.33 - - [18/Aug/2023:05:47:40 +0000] "CONNECT sumvip3.club:443:443 HTTP/1.1" 400 -
159.89.136.29 - - [18/Aug/2023:05:47:41 +0000] "CONNECT peticaopublica.com:443:443 HTTP/1.1" 400 -
138.197.28.9 - - [18/Aug/2023:05:47:42 +0000] "CONNECT play.rikvip.net:443:443 HTTP/1.1" 400 -
159.89.136.33 - - [18/Aug/2023:05:47:42 +0000] "CONNECT k9win.agency:443:443 HTTP/1.1" 400 -
142.93.80.219 - - [18/Aug/2023:05:47:50 +0000] "CONNECT peticaopublica.com:443:443 HTTP/1.1" 400 -
142.93.80.219 - - [18/Aug/2023:05:48:11 +0000] "CONNECT peticaopublica.com:443:443 HTTP/1.1" 400 -
159.89.136.29 - - [18/Aug/2023:05:48:11 +0000] "CONNECT test.lo88.org:443:443 HTTP/1.1" 400 -
159.89.143.238 - - [18/Aug/2023:05:48:19 +0000] "CONNECT sumvip3.club:443:443 HTTP/1.1" 400 -
159.89.136.33 - - [18/Aug/2023:05:48:22 +0000] "CONNECT sumvip3.club:443:443 HTTP/1.1" 400 -
159.89.136.33 - - [18/Aug/2023:05:48:33 +0000] "CONNECT sumvip3.club:443:443 HTTP/1.1" 400 -
159.89.136.33 - - [18/Aug/2023:05:48:38 +0000] "CONNECT test.lo88.org:443:443 HTTP/1.1" 400 -
159.89.143.238 - - [18/Aug/2023:05:48:39 +0000] "CONNECT test.lo88.org:443:443 HTTP/1.1" 400 -
142.93.80.219 - - [18/Aug/2023:05:48:39 +0000] "CONNECT lo88.org:443:443 HTTP/1.1" 400 -
142.93.80.219 - - [18/Aug/2023:05:48:40 +0000] "CONNECT peticaopublica.com:443:443 HTTP/1.1" 400 -
159.89.143.238 - - [18/Aug/2023:05:48:44 +0000] "CONNECT vnew88.com:443:443 HTTP/1.1" 400 -
142.93.80.219 - - [18/Aug/2023:05:48:45 +0000] "CONNECT test.lo88.org:443:443 HTTP/1.1" 400 -
159.89.136.29 - - [18/Aug/2023:05:48:46 +0000] "CONNECT peticaopublica.com:443:443 HTTP/1.1" 400 -
138.197.28.9 - - [18/Aug/2023:05:48:52 +0000] "CONNECT play.rikvip.net:443:443 HTTP/1.1" 400 -
138.197.28.9 - - [18/Aug/2023:05:49:15 +0000] "CONNECT play.rikvip.net:443:443 HTTP/1.1" 400 -
198.235.24.89 - - [18/Aug/2023:05:49:25 +0000] "GET / HTTP/1.0" 200 11197
159.89.136.33 - - [18/Aug/2023:05:49:38 +0000] "CONNECT lo88.org:443:443 HTTP/1.1" 400 -
159.89.143.221 - - [18/Aug/2023:05:49:52 +0000] "CONNECT test.lo88.org:443:443 HTTP/1.1" 400 -
159.89.143.238 - - [18/Aug/2023:05:49:53 +0000] "CONNECT vnew88.com:443:443 HTTP/1.1" 400 -
159.89.136.29 - - [18/Aug/2023:05:50:06 +0000] "CONNECT sumvip3.club:443:443 HTTP/1.1" 400 -
138.197.28.9 - - [18/Aug/2023:05:50:08 +0000] "CONNECT play.rikvip.net:443:443 HTTP/1.1" 400 -
142.93.80.219 - - [18/Aug/2023:05:50:12 +0000] "CONNECT lo88.org:443:443 HTTP/1.1" 400 -
159.89.143.221 - - [18/Aug/2023:05:50:12 +0000] "CONNECT sumvip3.club:443:443 HTTP/1.1" 400 -
159.89.136.29 - - [18/Aug/2023:05:50:13 +0000] "CONNECT test.lo88.org:443:443 HTTP/1.1" 400 -
159.89.143.238 - - [18/Aug/2023:05:50:19 +0000] "CONNECT k9win.agency:443:443 HTTP/1.1" 400 -
159.89.143.238 - - [18/Aug/2023:05:50:21 +0000] "CONNECT sumvip3.club:443:443 HTTP/1.1" 400 -
159.89.143.238 - - [18/Aug/2023:05:50:21 +0000] "CONNECT test.lo88.org:443:443 HTTP/1.1" 400 -
159.89.136.29 - - [18/Aug/2023:05:50:25 +0000] "CONNECT test.lo88.org:443:443 HTTP/1.1" 400 -
159.89.136.29 - - [18/Aug/2023:05:50:39 +0000] "CONNECT k9win.agency:443:443 HTTP/1.1" 400 -
142.93.80.219 - - [18/Aug/2023:05:50:45 +0000] "CONNECT test.lo88.org:443:443 HTTP/1.1" 400 -
159.89.143.221 - - [18/Aug/2023:05:50:53 +0000] "CONNECT sumvip3.club:443:443 HTTP/1.1" 400 -
159.89.136.29 - - [18/Aug/2023:05:50:58 +0000] "CONNECT lo88.org:443:443 HTTP/1.1" 400 -
159.89.143.221 - - [18/Aug/2023:05:50:59 +0000] "CONNECT sumvip3.club:443:443 HTTP/1.1" 400 -
159.89.136.29 - - [18/Aug/2023:05:51:06 +0000] "CONNECT lo88.org:443:443 HTTP/1.1" 400 -
159.89.143.221 - - [18/Aug/2023:05:51:07 +0000] "CONNECT test.lo88.org:443:443 HTTP/1.1" 400 -
159.89.143.238 - - [18/Aug/2023:05:51:12 +0000] "CONNECT vnew88.com:443:443 HTTP/1.1" 400 -
159.89.143.221 - - [18/Aug/2023:05:51:19 +0000] "CONNECT k9win.agency:443:443 HTTP/1.1" 400 -
159.89.143.238 - - [18/Aug/2023:05:51:20 +0000] "CONNECT vnew88.com:443:443 HTTP/1.1" 400 -
159.89.143.238 - - [18/Aug/2023:05:51:34 +0000] "CONNECT vnew88.com:443:443 HTTP/1.1" 400 -
159.89.143.238 - - [18/Aug/2023:05:51:37 +0000] "CONNECT test.lo88.org:443:443 HTTP/1.1" 400 -
159.89.136.29 - - [18/Aug/2023:05:51:40 +0000] "CONNECT lo88.org:443:443 HTTP/1.1" 400 -
159.89.136.33 - - [18/Aug/2023:05:51:46 +0000] "CONNECT test.lo88.org:443:443 HTTP/1.1" 400 -
142.93.80.219 - - [18/Aug/2023:05:51:51 +0000] "CONNECT k9win.agency:443:443 HTTP/1.1" 400 -
142.93.80.219 - - [18/Aug/2023:05:51:52 +0000] "CONNECT lo88.org:443:443 HTTP/1.1" 400 -
159.89.136.33 - - [18/Aug/2023:05:52:05 +0000] "CONNECT sumvip3.club:443:443 HTTP/1.1" 400 -
138.197.28.9 - - [18/Aug/2023:05:52:13 +0000] "CONNECT play.rikvip.net:443:443 HTTP/1.1" 400 -
142.93.80.219 - - [18/Aug/2023:05:52:17 +0000] "CONNECT lo88.org:443:443 HTTP/1.1" 400 -
159.89.136.33 - - [18/Aug/2023:05:52:37 +0000] "CONNECT test.lo88.org:443:443 HTTP/1.1" 400 -
159.89.136.33 - - [18/Aug/2023:05:52:40 +0000] "CONNECT lo88.org:443:443 HTTP/1.1" 400 -
142.93.80.219 - - [18/Aug/2023:05:52:45 +0000] "CONNECT test.lo88.org:443:443 HTTP/1.1" 400 -
159.89.143.238 - - [18/Aug/2023:05:52:47 +0000] "CONNECT test.lo88.org:443:443 HTTP/1.1" 400 -
159.89.136.29 - - [18/Aug/2023:05:52:51 +0000] "CONNECT k9win.agency:443:443 HTTP/1.1" 400 -
159.89.143.238 - - [18/Aug/2023:05:53:04 +0000] "CONNECT vnew88.com:443:443 HTTP/1.1" 400 -
159.89.143.221 - - [18/Aug/2023:05:53:05 +0000] "CONNECT k9win.agency:443:443 HTTP/1.1" 400 -
159.89.143.221 - - [18/Aug/2023:05:53:10 +0000] "CONNECT lo88.org:443:443 HTTP/1.1" 400 -
142.93.80.219 - - [18/Aug/2023:05:53:13 +0000] "CONNECT test.lo88.org:443:443 HTTP/1.1" 400 -
142.93.80.219 - - [18/Aug/2023:05:53:22 +0000] "CONNECT k9win.agency:443:443 HTTP/1.1" 400 -
142.93.80.219 - - [18/Aug/2023:05:53:29 +0000] "CONNECT k9win.agency:443:443 HTTP/1.1" 400 -
159.89.143.238 - - [18/Aug/2023:05:53:36 +0000] "CONNECT vnew88.com:443:443 HTTP/1.1" 400 -
159.89.136.29 - - [18/Aug/2023:05:53:37 +0000] "CONNECT test.lo88.org:443:443 HTTP/1.1" 400 -
159.89.143.221 - - [18/Aug/2023:05:53:43 +0000] "CONNECT test.lo88.org:443:443 HTTP/1.1" 400 -
142.93.80.219 - - [18/Aug/2023:05:53:44 +0000] "CONNECT lo88.org:443:443 HTTP/1.1" 400 -
159.89.136.29 - - [18/Aug/2023:05:53:55 +0000] "CONNECT k9win.agency:443:443 HTTP/1.1" 400 -
159.89.143.221 - - [18/Aug/2023:05:53:56 +0000] "CONNECT test.lo88.org:443:443 HTTP/1.1" 400 -
142.93.80.219 - - [18/Aug/2023:05:53:58 +0000] "CONNECT sumvip3.club:443:443 HTTP/1.1" 400 -
159.89.136.33 - - [18/Aug/2023:05:54:01 +0000] "CONNECT test.lo88.org:443:443 HTTP/1.1" 400 -
159.89.143.238 - - [18/Aug/2023:05:54:02 +0000] "CONNECT vnew88.com:443:443 HTTP/1.1" 400 -
138.197.28.9 - - [18/Aug/2023:05:54:04 +0000] "CONNECT play.rikvip.net:443:443 HTTP/1.1" 400 -
159.89.136.29 - - [18/Aug/2023:05:54:10 +0000] "CONNECT lo88.org:443:443 HTTP/1.1" 400 -
138.197.28.9 - - [18/Aug/2023:05:54:12 +0000] "CONNECT play.rikvip.net:443:443 HTTP/1.1" 400 -
159.89.136.29 - - [18/Aug/2023:05:54:18 +0000] "CONNECT sumvip3.club:443:443 HTTP/1.1" 400 -
159.89.143.238 - - [18/Aug/2023:05:54:25 +0000] "CONNECT vnew88.com:443:443 HTTP/1.1" 400 -
142.93.80.219 - - [18/Aug/2023:05:54:37 +0000] "CONNECT k9win.agency:443:443 HTTP/1.1" 400 -
142.93.80.219 - - [18/Aug/2023:05:54:39 +0000] "CONNECT lo88.org:443:443 HTTP/1.1" 400 -
159.89.136.29 - - [18/Aug/2023:05:54:45 +0000] "CONNECT test.lo88.org:443:443 HTTP/1.1" 400 -
159.89.143.238 - - [18/Aug/2023:05:54:47 +0000] "CONNECT vnew88.com:443:443 HTTP/1.1" 400 -
159.89.143.238 - - [18/Aug/2023:05:54:52 +0000] "CONNECT vnew88.com:443:443 HTTP/1.1" 400 -
159.89.143.238 - - [18/Aug/2023:05:54:54 +0000] "CONNECT vnew88.com:443:443 HTTP/1.1" 400 -
159.89.136.29 - - [18/Aug/2023:05:55:07 +0000] "CONNECT test.lo88.org:443:443 HTTP/1.1" 400 -
159.89.143.238 - - [18/Aug/2023:05:55:11 +0000] "CONNECT vnew88.com:443:443 HTTP/1.1" 400 -
159.89.136.33 - - [18/Aug/2023:05:55:11 +0000] "CONNECT lo88.org:443:443 HTTP/1.1" 400 -
159.89.143.221 - - [18/Aug/2023:05:55:14 +0000] "CONNECT lo88.org:443:443 HTTP/1.1" 400 -
142.93.80.219 - - [18/Aug/2023:05:55:15 +0000] "CONNECT sumvip3.club:443:443 HTTP/1.1" 400 -
159.89.143.221 - - [18/Aug/2023:05:55:24 +0000] "CONNECT test.lo88.org:443:443 HTTP/1.1" 400 -
159.89.143.238 - - [18/Aug/2023:05:55:26 +0000] "CONNECT test.lo88.org:443:443 HTTP/1.1" 400 -
159.89.143.238 - - [18/Aug/2023:05:55:31 +0000] "CONNECT vnew88.com:443:443 HTTP/1.1" 400 -
159.89.143.221 - - [18/Aug/2023:05:55:31 +0000] "CONNECT k9win.agency:443:443 HTTP/1.1" 400 -
159.89.136.29 - - [18/Aug/2023:05:55:43 +0000] "CONNECT lo88.org:443:443 HTTP/1.1" 400 -
159.89.136.33 - - [18/Aug/2023:05:55:45 +0000] "CONNECT test.lo88.org:443:443 HTTP/1.1" 400 -
159.89.136.33 - - [18/Aug/2023:05:55:46 +0000] "CONNECT sumvip3.club:443:443 HTTP/1.1" 400 -
159.89.143.221 - - [18/Aug/2023:05:55:47 +0000] "CONNECT k9win.agency:443:443 HTTP/1.1" 400 -
159.89.143.238 - - [18/Aug/2023:05:55:48 +0000] "CONNECT vnew88.com:443:443 HTTP/1.1" 400 -
159.89.136.33 - - [18/Aug/2023:05:55:50 +0000] "CONNECT sumvip3.club:443:443 HTTP/1.1" 400 -
159.89.136.29 - - [18/Aug/2023:05:56:02 +0000] "CONNECT sumvip3.club:443:443 HTTP/1.1" 400 -
142.93.80.219 - - [18/Aug/2023:05:56:04 +0000] "CONNECT lo88.org:443:443 HTTP/1.1" 400 -
159.89.136.29 - - [18/Aug/2023:05:56:24 +0000] "CONNECT test.lo88.org:443:443 HTTP/1.1" 400 -
159.89.143.221 - - [18/Aug/2023:05:56:26 +0000] "CONNECT k9win.agency:443:443 HTTP/1.1" 400 -
142.93.80.219 - - [18/Aug/2023:05:56:30 +0000] "CONNECT lo88.org:443:443 HTTP/1.1" 400 -
159.89.136.33 - - [18/Aug/2023:05:56:32 +0000] "CONNECT lo88.org:443:443 HTTP/1.1" 400 -
159.89.143.238 - - [18/Aug/2023:05:56:34 +0000] "CONNECT vnew88.com:443:443 HTTP/1.1" 400 -
159.89.136.29 - - [18/Aug/2023:05:56:39 +0000] "CONNECT sumvip3.club:443:443 HTTP/1.1" 400 -
159.89.136.33 - - [18/Aug/2023:05:56:43 +0000] "CONNECT lo88.org:443:443 HTTP/1.1" 400 -
138.197.28.9 - - [18/Aug/2023:05:56:49 +0000] "CONNECT play.rikvip.net:443:443 HTTP/1.1" 400 -
138.197.28.9 - - [18/Aug/2023:05:56:51 +0000] "CONNECT play.rikvip.net:443:443 HTTP/1.1" 400 -
159.89.136.29 - - [18/Aug/2023:05:56:53 +0000] "CONNECT sumvip3.club:443:443 HTTP/1.1" 400 -
159.89.136.33 - - [18/Aug/2023:05:56:57 +0000] "CONNECT lo88.org:443:443 HTTP/1.1" 400 -
142.93.80.219 - - [18/Aug/2023:05:57:07 +0000] "CONNECT lo88.org:443:443 HTTP/1.1" 400 -
159.89.143.238 - - [18/Aug/2023:05:57:14 +0000] "CONNECT vnew88.com:443:443 HTTP/1.1" 400 -
159.89.136.29 - - [18/Aug/2023:05:57:31 +0000] "CONNECT sumvip3.club:443:443 HTTP/1.1" 400 -
159.89.136.33 - - [18/Aug/2023:05:57:37 +0000] "CONNECT peticaopublica.com:443:443 HTTP/1.1" 400 -
159.89.143.238 - - [18/Aug/2023:05:57:53 +0000] "CONNECT peticaopublica.com:443:443 HTTP/1.1" 400 -
159.89.143.221 - - [18/Aug/2023:05:58:03 +0000] "CONNECT sumvip3.club:443:443 HTTP/1.1" 400 -
159.89.143.238 - - [18/Aug/2023:05:58:17 +0000] "CONNECT vnew88.com:443:443 HTTP/1.1" 400 -
159.89.143.238 - - [18/Aug/2023:05:58:18 +0000] "CONNECT vnew88.com:443:443 HTTP/1.1" 400 -
159.89.136.33 - - [18/Aug/2023:05:58:27 +0000] "CONNECT lo88.org:443:443 HTTP/1.1" 400 -
142.93.80.219 - - [18/Aug/2023:05:58:35 +0000] "CONNECT lo88.org:443:443 HTTP/1.1" 400 -
159.89.136.33 - - [18/Aug/2023:05:58:40 +0000] "CONNECT peticaopublica.com:443:443 HTTP/1.1" 400 -
159.89.136.29 - - [18/Aug/2023:05:58:53 +0000] "CONNECT test.lo88.org:443:443 HTTP/1.1" 400 -
159.89.136.29 - - [18/Aug/2023:05:58:54 +0000] "CONNECT test.lo88.org:443:443 HTTP/1.1" 400 -
159.89.143.238 - - [18/Aug/2023:05:58:59 +0000] "CONNECT lo88.org:443:443 HTTP/1.1" 400 -
142.93.80.219 - - [18/Aug/2023:05:58:59 +0000] "CONNECT peticaopublica.com:443:443 HTTP/1.1" 400 -
159.89.143.238 - - [18/Aug/2023:05:59:01 +0000] "CONNECT k9win.agency:443:443 HTTP/1.1" 400 -
138.197.28.9 - - [18/Aug/2023:05:59:03 +0000] "CONNECT play.rikvip.net:443:443 HTTP/1.1" 400 -
159.89.136.33 - - [18/Aug/2023:05:59:06 +0000] "CONNECT lo88.org:443:443 HTTP/1.1" 400 -
138.197.28.9 - - [18/Aug/2023:05:59:10 +0000] "CONNECT play.rikvip.net:443:443 HTTP/1.1" 400 -
159.89.143.238 - - [18/Aug/2023:05:59:17 +0000] "CONNECT sumvip3.club:443:443 HTTP/1.1" 400 -
159.89.143.238 - - [18/Aug/2023:05:59:18 +0000] "CONNECT vnew88.com:443:443 HTTP/1.1" 400 -
159.89.143.238 - - [18/Aug/2023:05:59:24 +0000] "CONNECT sumvip3.club:443:443 HTTP/1.1" 400 -
159.89.143.238 - - [18/Aug/2023:05:59:28 +0000] "CONNECT test.lo88.org:443:443 HTTP/1.1" 400 -
159.89.136.33 - - [18/Aug/2023:05:59:38 +0000] "CONNECT sumvip3.club:443:443 HTTP/1.1" 400 -
159.89.136.33 - - [18/Aug/2023:05:59:43 +0000] "CONNECT lo88.org:443:443 HTTP/1.1" 400 -
142.93.80.219 - - [18/Aug/2023:05:59:55 +0000] "CONNECT k9win.agency:443:443 HTTP/1.1" 400 -
159.89.143.221 - - [18/Aug/2023:06:00:11 +0000] "CONNECT lo88.org:443:443 HTTP/1.1" 400 -
159.89.143.238 - - [18/Aug/2023:06:00:15 +0000] "CONNECT vnew88.com:443:443 HTTP/1.1" 400 -
159.89.143.221 - - [18/Aug/2023:06:00:15 +0000] "CONNECT sumvip3.club:443:443 HTTP/1.1" 400 -
159.89.136.29 - - [18/Aug/2023:06:00:23 +0000] "CONNECT sumvip3.club:443:443 HTTP/1.1" 400 -
159.89.143.238 - - [18/Aug/2023:06:00:23 +0000] "CONNECT vnew88.com:443:443 HTTP/1.1" 400 -
159.89.143.238 - - [18/Aug/2023:06:00:25 +0000] "CONNECT sumvip3.club:443:443 HTTP/1.1" 400 -
138.197.28.9 - - [18/Aug/2023:06:00:45 +0000] "CONNECT play.rikvip.net:443:443 HTTP/1.1" 400 -
138.197.28.9 - - [18/Aug/2023:06:00:53 +0000] "CONNECT play.rikvip.net:443:443 HTTP/1.1" 400 -
138.197.28.9 - - [18/Aug/2023:06:01:00 +0000] "CONNECT play.rikvip.net:443:443 HTTP/1.1" 400 -
159.89.136.29 - - [18/Aug/2023:06:01:01 +0000] "CONNECT k9win.agency:443:443 HTTP/1.1" 400 -
159.89.143.221 - - [18/Aug/2023:06:01:02 +0000] "CONNECT test.lo88.org:443:443 HTTP/1.1" 400 -
159.89.143.238 - - [18/Aug/2023:06:01:04 +0000] "CONNECT test.lo88.org:443:443 HTTP/1.1" 400 -
159.89.136.33 - - [18/Aug/2023:06:01:09 +0000] "CONNECT lo88.org:443:443 HTTP/1.1" 400 -
159.89.136.29 - - [18/Aug/2023:06:01:13 +0000] "CONNECT k9win.agency:443:443 HTTP/1.1" 400 -
142.93.80.219 - - [18/Aug/2023:06:01:14 +0000] "CONNECT lo88.org:443:443 HTTP/1.1" 400 -
159.89.143.238 - - [18/Aug/2023:06:01:15 +0000] "CONNECT shop2fa.com:443:443 HTTP/1.1" 400 -
159.89.143.238 - - [18/Aug/2023:06:01:20 +0000] "CONNECT k9win.agency:443:443 HTTP/1.1" 400 -
138.197.28.9 - - [18/Aug/2023:06:01:20 +0000] "CONNECT play.rikvip.net:443:443 HTTP/1.1" 400 -
159.89.136.33 - - [18/Aug/2023:06:01:21 +0000] "CONNECT k9win.agency:443:443 HTTP/1.1" 400 -
159.89.136.33 - - [18/Aug/2023:06:01:37 +0000] "CONNECT sumvip3.club:443:443 HTTP/1.1" 400 -
159.89.136.29 - - [18/Aug/2023:06:01:48 +0000] "CONNECT k9win.agency:443:443 HTTP/1.1" 400 -
138.197.28.9 - - [18/Aug/2023:06:01:53 +0000] "CONNECT play.rikvip.net:443:443 HTTP/1.1" 400 -
142.93.80.219 - - [18/Aug/2023:06:02:02 +0000] "CONNECT k9win.agency:443:443 HTTP/1.1" 400 -
159.89.136.29 - - [18/Aug/2023:06:02:15 +0000] "CONNECT test.lo88.org:443:443 HTTP/1.1" 400 -
159.89.143.238 - - [18/Aug/2023:06:02:24 +0000] "CONNECT vnew88.com:443:443 HTTP/1.1" 400 -
159.89.143.221 - - [18/Aug/2023:06:02:42 +0000] "CONNECT test.lo88.org:443:443 HTTP/1.1" 400 -
142.93.80.219 - - [18/Aug/2023:06:02:47 +0000] "CONNECT test.lo88.org:443:443 HTTP/1.1" 400 -
159.89.136.29 - - [18/Aug/2023:06:02:52 +0000] "CONNECT www.sportmt2.com.tr:443:443 HTTP/1.1" 400 -
159.89.136.29 - - [18/Aug/2023:06:02:52 +0000] "CONNECT lo88.org:443:443 HTTP/1.1" 400 -
159.89.143.221 - - [18/Aug/2023:06:03:06 +0000] "CONNECT sumvip3.club:443:443 HTTP/1.1" 400 -
138.197.28.9 - - [18/Aug/2023:06:03:08 +0000] "CONNECT play.rikvip.net:443:443 HTTP/1.1" 400 -
142.93.80.219 - - [18/Aug/2023:06:03:11 +0000] "CONNECT lo88.org:443:443 HTTP/1.1" 400 -
142.93.80.219 - - [18/Aug/2023:06:03:12 +0000] "CONNECT www.sportmt2.com.tr:443:443 HTTP/1.1" 400 -
159.89.143.238 - - [18/Aug/2023:06:03:13 +0000] "CONNECT lo88.org:443:443 HTTP/1.1" 400 -
142.93.80.219 - - [18/Aug/2023:06:03:18 +0000] "CONNECT lo88.org:443:443 HTTP/1.1" 400 -
159.89.136.29 - - [18/Aug/2023:06:03:22 +0000] "CONNECT test.lo88.org:443:443 HTTP/1.1" 400 -
159.89.143.221 - - [18/Aug/2023:06:03:23 +0000] "CONNECT k9win.agency:443:443 HTTP/1.1" 400 -
142.93.80.219 - - [18/Aug/2023:06:03:41 +0000] "CONNECT www.sportmt2.com.tr:443:443 HTTP/1.1" 400 -
159.89.136.33 - - [18/Aug/2023:06:03:42 +0000] "CONNECT k9win.agency:443:443 HTTP/1.1" 400 -
142.93.80.219 - - [18/Aug/2023:06:03:44 +0000] "CONNECT k9win.agency:443:443 HTTP/1.1" 400 -
159.89.143.238 - - [18/Aug/2023:06:03:48 +0000] "CONNECT vnew88.com:443:443 HTTP/1.1" 400 -
159.89.136.33 - - [18/Aug/2023:06:03:58 +0000] "CONNECT k9win.agency:443:443 HTTP/1.1" 400 -
159.89.143.221 - - [18/Aug/2023:06:04:01 +0000] "CONNECT k9win.agency:443:443 HTTP/1.1" 400 -
159.89.136.29 - - [18/Aug/2023:06:04:07 +0000] "CONNECT lo88.org:443:443 HTTP/1.1" 400 -
142.93.80.219 - - [18/Aug/2023:06:04:07 +0000] "CONNECT www.sportmt2.com.tr:443:443 HTTP/1.1" 400 -
159.89.143.238 - - [18/Aug/2023:06:04:09 +0000] "CONNECT vnew88.com:443:443 HTTP/1.1" 400 -
138.197.28.9 - - [18/Aug/2023:06:04:24 +0000] "CONNECT play.rikvip.net:443:443 HTTP/1.1" 400 -
142.93.80.219 - - [18/Aug/2023:06:04:27 +0000] "CONNECT k9win.agency:443:443 HTTP/1.1" 400 -
142.93.80.219 - - [18/Aug/2023:06:04:31 +0000] "CONNECT test.lo88.org:443:443 HTTP/1.1" 400 -
159.89.136.29 - - [18/Aug/2023:06:04:34 +0000] "CONNECT peticaopublica.com:443:443 HTTP/1.1" 400 -
159.89.143.221 - - [18/Aug/2023:06:04:37 +0000] "CONNECT peticaopublica.com:443:443 HTTP/1.1" 400 -
159.89.136.29 - - [18/Aug/2023:06:04:40 +0000] "CONNECT sumvip3.club:443:443 HTTP/1.1" 400 -
142.93.80.219 - - [18/Aug/2023:06:04:42 +0000] "CONNECT www.sportmt2.com.tr:443:443 HTTP/1.1" 400 -
159.89.143.238 - - [18/Aug/2023:06:05:03 +0000] "CONNECT vnew88.com:443:443 HTTP/1.1" 400 -
159.89.136.29 - - [18/Aug/2023:06:05:09 +0000] "CONNECT sumvip3.club:443:443 HTTP/1.1" 400 -
159.89.143.238 - - [18/Aug/2023:06:05:12 +0000] "CONNECT test.lo88.org:443:443 HTTP/1.1" 400 -
142.93.80.219 - - [18/Aug/2023:06:05:22 +0000] "CONNECT peticaopublica.com:443:443 HTTP/1.1" 400 -
159.89.143.238 - - [18/Aug/2023:06:05:22 +0000] "CONNECT vnew88.com:443:443 HTTP/1.1" 400 -
159.89.143.238 - - [18/Aug/2023:06:05:25 +0000] "CONNECT test.lo88.org:443:443 HTTP/1.1" 400 -
159.89.143.238 - - [18/Aug/2023:06:05:33 +0000] "CONNECT lo88.org:443:443 HTTP/1.1" 400 -
159.89.136.29 - - [18/Aug/2023:06:05:43 +0000] "CONNECT www.renault.com.tr:443:443 HTTP/1.1" 400 -
159.89.143.221 - - [18/Aug/2023:06:05:45 +0000] "CONNECT lo88.org:443:443 HTTP/1.1" 400 -
159.89.143.221 - - [18/Aug/2023:06:05:45 +0000] "CONNECT test.lo88.org:443:443 HTTP/1.1" 400 -
159.89.143.238 - - [18/Aug/2023:06:05:47 +0000] "CONNECT vnew88.com:443:443 HTTP/1.1" 400 -
159.89.136.33 - - [18/Aug/2023:06:05:47 +0000] "CONNECT k9win.agency:443:443 HTTP/1.1" 400 -
142.93.80.219 - - [18/Aug/2023:06:05:49 +0000] "CONNECT lo88.org:443:443 HTTP/1.1" 400 -
159.89.136.33 - - [18/Aug/2023:06:05:56 +0000] "CONNECT www.renault.com.tr:443:443 HTTP/1.1" 400 -
159.89.136.29 - - [18/Aug/2023:06:05:59 +0000] "CONNECT k9win.agency:443:443 HTTP/1.1" 400 -
159.89.136.33 - - [18/Aug/2023:06:06:03 +0000] "CONNECT www.renault.com.tr:443:443 HTTP/1.1" 400 -
159.89.143.221 - - [18/Aug/2023:06:06:07 +0000] "CONNECT www.renault.com.tr:443:443 HTTP/1.1" 400 -
159.89.143.238 - - [18/Aug/2023:06:06:11 +0000] "CONNECT vnew88.com:443:443 HTTP/1.1" 400 -
159.89.143.238 - - [18/Aug/2023:06:06:13 +0000] "CONNECT test.lo88.org:443:443 HTTP/1.1" 400 -
159.89.136.33 - - [18/Aug/2023:06:06:14 +0000] "CONNECT k9win.agency:443:443 HTTP/1.1" 400 -
159.89.136.29 - - [18/Aug/2023:06:06:23 +0000] "CONNECT www.renault.com.tr:443:443 HTTP/1.1" 400 -
159.89.136.33 - - [18/Aug/2023:06:06:35 +0000] "CONNECT lo88.org:443:443 HTTP/1.1" 400 -
159.89.136.33 - - [18/Aug/2023:06:06:39 +0000] "CONNECT test.lo88.org:443:443 HTTP/1.1" 400 -
159.89.143.221 - - [18/Aug/2023:06:06:46 +0000] "CONNECT peticaopublica.com:443:443 HTTP/1.1" 400 -
159.89.143.221 - - [18/Aug/2023:06:06:52 +0000] "CONNECT test.lo88.org:443:443 HTTP/1.1" 400 -
142.93.80.219 - - [18/Aug/2023:06:06:56 +0000] "CONNECT k9win.agency:443:443 HTTP/1.1" 400 -
138.197.28.9 - - [18/Aug/2023:06:07:01 +0000] "CONNECT play.rikvip.net:443:443 HTTP/1.1" 400 -
142.93.80.219 - - [18/Aug/2023:06:07:16 +0000] "CONNECT www.r10.net:443:443 HTTP/1.1" 400 -
142.93.80.219 - - [18/Aug/2023:06:07:22 +0000] "CONNECT www.r10.net:443:443 HTTP/1.1" 400 -
159.89.143.221 - - [18/Aug/2023:06:07:23 +0000] "CONNECT sumvip3.club:443:443 HTTP/1.1" 400 -
159.89.136.29 - - [18/Aug/2023:06:07:31 +0000] "CONNECT test.lo88.org:443:443 HTTP/1.1" 400 -
138.197.28.9 - - [18/Aug/2023:06:07:39 +0000] "CONNECT play.rikvip.net:443:443 HTTP/1.1" 400 -
142.93.80.219 - - [18/Aug/2023:06:07:39 +0000] "CONNECT sumvip3.club:443:443 HTTP/1.1" 400 -
159.89.136.29 - - [18/Aug/2023:06:07:43 +0000] "CONNECT test.lo88.org:443:443 HTTP/1.1" 400 -
159.89.143.221 - - [18/Aug/2023:06:07:43 +0000] "CONNECT sumvip3.club:443:443 HTTP/1.1" 400 -
159.89.143.221 - - [18/Aug/2023:06:07:45 +0000] "CONNECT lo88.org:443:443 HTTP/1.1" 400 -
159.89.143.238 - - [18/Aug/2023:06:07:49 +0000] "CONNECT vnew88.com:443:443 HTTP/1.1" 400 -
159.89.136.33 - - [18/Aug/2023:06:07:49 +0000] "CONNECT lo88.org:443:443 HTTP/1.1" 400 -
142.93.80.219 - - [18/Aug/2023:06:07:55 +0000] "CONNECT sumvip3.club:443:443 HTTP/1.1" 400 -
159.89.143.221 - - [18/Aug/2023:06:07:58 +0000] "CONNECT sumvip3.club:443:443 HTTP/1.1" 400 -
159.89.136.33 - - [18/Aug/2023:06:08:07 +0000] "CONNECT peticaopublica.com:443:443 HTTP/1.1" 400 -
142.93.80.219 - - [18/Aug/2023:06:08:08 +0000] "CONNECT test.lo88.org:443:443 HTTP/1.1" 400 -
159.89.143.221 - - [18/Aug/2023:06:08:17 +0000] "CONNECT lo88.org:443:443 HTTP/1.1" 400 -
159.89.143.221 - - [18/Aug/2023:06:08:27 +0000] "CONNECT www.r10.net:443:443 HTTP/1.1" 400 -
159.89.136.29 - - [18/Aug/2023:06:08:27 +0000] "CONNECT k9win.agency:443:443 HTTP/1.1" 400 -
159.89.143.221 - - [18/Aug/2023:06:08:28 +0000] "CONNECT peticaopublica.com:443:443 HTTP/1.1" 400 -
159.89.136.29 - - [18/Aug/2023:06:08:29 +0000] "CONNECT k9win.agency:443:443 HTTP/1.1" 400 -
159.89.143.238 - - [18/Aug/2023:06:08:30 +0000] "CONNECT vnew88.com:443:443 HTTP/1.1" 400 -
159.89.143.238 - - [18/Aug/2023:06:08:39 +0000] "CONNECT peticaopublica.com:443:443 HTTP/1.1" 400 -
159.89.136.29 - - [18/Aug/2023:06:08:45 +0000] "CONNECT sumvip3.club:443:443 HTTP/1.1" 400 -
142.93.80.219 - - [18/Aug/2023:06:08:46 +0000] "CONNECT test.lo88.org:443:443 HTTP/1.1" 400 -
159.89.143.221 - - [18/Aug/2023:06:08:52 +0000] "CONNECT lo88.org:443:443 HTTP/1.1" 400 -
142.93.80.219 - - [18/Aug/2023:06:08:59 +0000] "CONNECT test.lo88.org:443:443 HTTP/1.1" 400 -
138.197.28.9 - - [18/Aug/2023:06:09:04 +0000] "CONNECT play.rikvip.net:443:443 HTTP/1.1" 400 -
159.89.143.221 - - [18/Aug/2023:06:09:06 +0000] "CONNECT sumvip3.club:443:443 HTTP/1.1" 400 -
159.89.143.221 - - [18/Aug/2023:06:09:08 +0000] "CONNECT test.lo88.org:443:443 HTTP/1.1" 400 -
159.89.136.33 - - [18/Aug/2023:06:09:09 +0000] "CONNECT peticaopublica.com:443:443 HTTP/1.1" 400 -
159.89.143.238 - - [18/Aug/2023:06:09:11 +0000] "CONNECT test.lo88.org:443:443 HTTP/1.1" 400 -
159.89.143.238 - - [18/Aug/2023:06:09:17 +0000] "CONNECT vnew88.com:443:443 HTTP/1.1" 400 -
159.89.143.238 - - [18/Aug/2023:06:09:17 +0000] "CONNECT peticaopublica.com:443:443 HTTP/1.1" 400 -
142.93.80.219 - - [18/Aug/2023:06:09:18 +0000] "CONNECT lo88.org:443:443 HTTP/1.1" 400 -
138.197.28.9 - - [18/Aug/2023:06:09:20 +0000] "CONNECT play.rikvip.net:443:443 HTTP/1.1" 400 -
159.89.136.33 - - [18/Aug/2023:06:09:24 +0000] "CONNECT peticaopublica.com:443:443 HTTP/1.1" 400 -
159.89.136.29 - - [18/Aug/2023:06:09:25 +0000] "CONNECT peticaopublica.com:443:443 HTTP/1.1" 400 -
159.89.136.33 - - [18/Aug/2023:06:09:33 +0000] "CONNECT test.lo88.org:443:443 HTTP/1.1" 400 -
159.89.136.29 - - [18/Aug/2023:06:09:41 +0000] "CONNECT lo88.org:443:443 HTTP/1.1" 400 -
138.197.28.9 - - [18/Aug/2023:06:09:48 +0000] "CONNECT play.rikvip.net:443:443 HTTP/1.1" 400 -
142.93.80.219 - - [18/Aug/2023:06:09:51 +0000] "CONNECT peticaopublica.com:443:443 HTTP/1.1" 400 -
142.93.80.219 - - [18/Aug/2023:06:09:51 +0000] "CONNECT k9win.agency:443:443 HTTP/1.1" 400 -
159.89.143.221 - - [18/Aug/2023:06:09:53 +0000] "CONNECT test.lo88.org:443:443 HTTP/1.1" 400 -
159.89.143.238 - - [18/Aug/2023:06:09:54 +0000] "CONNECT vnew88.com:443:443 HTTP/1.1" 400 -
138.197.28.9 - - [18/Aug/2023:06:09:56 +0000] "CONNECT play.rikvip.net:443:443 HTTP/1.1" 400 -
159.89.143.238 - - [18/Aug/2023:06:09:57 +0000] "CONNECT vnew88.com:443:443 HTTP/1.1" 400 -
159.89.136.33 - - [18/Aug/2023:06:09:57 +0000] "CONNECT test.lo88.org:443:443 HTTP/1.1" 400 -
142.93.80.219 - - [18/Aug/2023:06:10:04 +0000] "CONNECT lo88.org:443:443 HTTP/1.1" 400 -
159.89.136.29 - - [18/Aug/2023:06:10:05 +0000] "CONNECT peticaopublica.com:443:443 HTTP/1.1" 400 -
159.89.143.238 - - [18/Aug/2023:06:10:05 +0000] "CONNECT vnew88.com:443:443 HTTP/1.1" 400 -
142.93.80.219 - - [18/Aug/2023:06:10:06 +0000] "CONNECT lo88.org:443:443 HTTP/1.1" 400 -
159.89.143.238 - - [18/Aug/2023:06:10:08 +0000] "CONNECT vnew88.com:443:443 HTTP/1.1" 400 -
159.89.143.221 - - [18/Aug/2023:06:10:11 +0000] "CONNECT lo88.org:443:443 HTTP/1.1" 400 -
138.197.28.9 - - [18/Aug/2023:06:10:19 +0000] "CONNECT play.rikvip.net:443:443 HTTP/1.1" 400 -
159.89.143.238 - - [18/Aug/2023:06:10:24 +0000] "CONNECT lo88.org:443:443 HTTP/1.1" 400 -
159.89.143.238 - - [18/Aug/2023:06:10:31 +0000] "CONNECT vnew88.com:443:443 HTTP/1.1" 400 -
159.89.136.33 - - [18/Aug/2023:06:10:36 +0000] "CONNECT sumvip3.club:443:443 HTTP/1.1" 400 -
159.89.143.221 - - [18/Aug/2023:06:10:37 +0000] "CONNECT peticaopublica.com:443:443 HTTP/1.1" 400 -
159.89.136.29 - - [18/Aug/2023:06:10:38 +0000] "CONNECT k9win.agency:443:443 HTTP/1.1" 400 -
159.89.143.221 - - [18/Aug/2023:06:10:41 +0000] "CONNECT k9win.agency:443:443 HTTP/1.1" 400 -
159.89.143.221 - - [18/Aug/2023:06:10:41 +0000] "CONNECT sumvip3.club:443:443 HTTP/1.1" 400 -
159.89.143.238 - - [18/Aug/2023:06:10:44 +0000] "CONNECT vnew88.com:443:443 HTTP/1.1" 400 -
159.89.136.33 - - [18/Aug/2023:06:10:58 +0000] "CONNECT sumvip3.club:443:443 HTTP/1.1" 400 -
159.89.136.29 - - [18/Aug/2023:06:11:02 +0000] "CONNECT k9win.agency:443:443 HTTP/1.1" 400 -
142.93.80.219 - - [18/Aug/2023:06:11:03 +0000] "CONNECT peticaopublica.com:443:443 HTTP/1.1" 400 -
159.89.143.238 - - [18/Aug/2023:06:11:11 +0000] "CONNECT lo88.org:443:443 HTTP/1.1" 400 -
159.89.143.221 - - [18/Aug/2023:06:11:32 +0000] "CONNECT k9win.agency:443:443 HTTP/1.1" 400 -
159.89.143.238 - - [18/Aug/2023:06:11:43 +0000] "CONNECT vnew88.com:443:443 HTTP/1.1" 400 -
159.89.143.221 - - [18/Aug/2023:06:11:43 +0000] "CONNECT k9win.agency:443:443 HTTP/1.1" 400 -
159.89.143.221 - - [18/Aug/2023:06:11:51 +0000] "CONNECT lo88.org:443:443 HTTP/1.1" 400 -
138.197.28.9 - - [18/Aug/2023:06:11:54 +0000] "CONNECT play.rikvip.net:443:443 HTTP/1.1" 400 -
159.89.143.238 - - [18/Aug/2023:06:11:54 +0000] "CONNECT vnew88.com:443:443 HTTP/1.1" 400 -
159.89.136.33 - - [18/Aug/2023:06:11:57 +0000] "CONNECT test.lo88.org:443:443 HTTP/1.1" 400 -
159.89.143.238 - - [18/Aug/2023:06:12:07 +0000] "CONNECT vnew88.com:443:443 HTTP/1.1" 400 -
159.89.143.238 - - [18/Aug/2023:06:12:19 +0000] "CONNECT sumvip3.club:443:443 HTTP/1.1" 400 -
142.93.80.219 - - [18/Aug/2023:06:12:19 +0000] "CONNECT k9win.agency:443:443 HTTP/1.1" 400 -
159.89.143.238 - - [18/Aug/2023:06:12:34 +0000] "CONNECT test.lo88.org:443:443 HTTP/1.1" 400 -
159.89.143.238 - - [18/Aug/2023:06:12:36 +0000] "CONNECT vnew88.com:443:443 HTTP/1.1" 400 -
159.89.143.238 - - [18/Aug/2023:06:12:44 +0000] "CONNECT test.lo88.org:443:443 HTTP/1.1" 400 -
159.89.143.221 - - [18/Aug/2023:06:12:47 +0000] "CONNECT k9win.agency:443:443 HTTP/1.1" 400 -
159.89.136.29 - - [18/Aug/2023:06:12:49 +0000] "CONNECT sumvip3.club:443:443 HTTP/1.1" 400 -
159.89.143.221 - - [18/Aug/2023:06:12:57 +0000] "CONNECT test.lo88.org:443:443 HTTP/1.1" 400 -
159.89.143.238 - - [18/Aug/2023:06:12:57 +0000] "CONNECT vnew88.com:443:443 HTTP/1.1" 400 -
159.89.143.238 - - [18/Aug/2023:06:12:57 +0000] "CONNECT vnew88.com:443:443 HTTP/1.1" 400 -
138.197.28.9 - - [18/Aug/2023:06:13:11 +0000] "CONNECT play.rikvip.net:443:443 HTTP/1.1" 400 -
159.89.143.238 - - [18/Aug/2023:06:13:12 +0000] "CONNECT lo88.org:443:443 HTTP/1.1" 400 -
138.197.28.9 - - [18/Aug/2023:06:13:26 +0000] "CONNECT play.rikvip.net:443:443 HTTP/1.1" 400 -
159.89.143.238 - - [18/Aug/2023:06:13:36 +0000] "CONNECT vnew88.com:443:443 HTTP/1.1" 400 -
159.89.143.238 - - [18/Aug/2023:06:14:00 +0000] "CONNECT lo88.org:443:443 HTTP/1.1" 400 -
159.89.143.238 - - [18/Aug/2023:06:14:02 +0000] "CONNECT vnew88.com:443:443 HTTP/1.1" 400 -
159.89.136.29 - - [18/Aug/2023:06:14:03 +0000] "CONNECT test.lo88.org:443:443 HTTP/1.1" 400 -
159.89.136.33 - - [18/Aug/2023:06:14:03 +0000] "CONNECT k9win.agency:443:443 HTTP/1.1" 400 -
159.89.143.238 - - [18/Aug/2023:06:14:05 +0000] "CONNECT vnew88.com:443:443 HTTP/1.1" 400 -
142.93.80.219 - - [18/Aug/2023:06:14:09 +0000] "CONNECT sumvip3.club:443:443 HTTP/1.1" 400 -
159.89.136.29 - - [18/Aug/2023:06:14:22 +0000] "CONNECT k9win.agency:443:443 HTTP/1.1" 400 -
142.93.80.219 - - [18/Aug/2023:06:14:27 +0000] "CONNECT sumvip3.club:443:443 HTTP/1.1" 400 -
159.89.143.221 - - [18/Aug/2023:06:14:29 +0000] "CONNECT k9win.agency:443:443 HTTP/1.1" 400 -
159.89.136.33 - - [18/Aug/2023:06:14:34 +0000] "CONNECT test.lo88.org:443:443 HTTP/1.1" 400 -
159.89.143.221 - - [18/Aug/2023:06:14:36 +0000] "CONNECT k9win.agency:443:443 HTTP/1.1" 400 -
159.89.143.221 - - [18/Aug/2023:06:15:30 +0000] "CONNECT k9win.agency:443:443 HTTP/1.1" 400 -
142.93.80.219 - - [18/Aug/2023:06:15:39 +0000] "CONNECT lo88.org:443:443 HTTP/1.1" 400 -
159.89.136.29 - - [18/Aug/2023:06:15:41 +0000] "CONNECT shop2fa.com:443:443 HTTP/1.1" 400 -
142.93.80.219 - - [18/Aug/2023:06:15:41 +0000] "CONNECT k9win.agency:443:443 HTTP/1.1" 400 -
159.89.136.29 - - [18/Aug/2023:06:15:42 +0000] "CONNECT sumvip3.club:443:443 HTTP/1.1" 400 -
159.89.143.221 - - [18/Aug/2023:06:15:43 +0000] "CONNECT k9win.agency:443:443 HTTP/1.1" 400 -
159.89.143.221 - - [18/Aug/2023:06:15:46 +0000] "CONNECT lo88.org:443:443 HTTP/1.1" 400 -
142.93.80.219 - - [18/Aug/2023:06:15:49 +0000] "CONNECT shop2fa.com:443:443 HTTP/1.1" 400 -
159.89.136.29 - - [18/Aug/2023:06:15:51 +0000] "CONNECT shop2fa.com:443:443 HTTP/1.1" 400 -
159.89.143.238 - - [18/Aug/2023:06:15:57 +0000] "CONNECT k9win.agency:443:443 HTTP/1.1" 400 -
159.89.143.238 - - [18/Aug/2023:06:16:03 +0000] "CONNECT shop2fa.com:443:443 HTTP/1.1" 400 -
159.89.136.33 - - [18/Aug/2023:06:16:03 +0000] "CONNECT test.lo88.org:443:443 HTTP/1.1" 400 -
159.89.136.33 - - [18/Aug/2023:06:16:08 +0000] "CONNECT k9win.agency:443:443 HTTP/1.1" 400 -
159.89.143.238 - - [18/Aug/2023:06:16:12 +0000] "CONNECT vnew88.com:443:443 HTTP/1.1" 400 -
138.197.28.9 - - [18/Aug/2023:06:16:35 +0000] "CONNECT play.rikvip.net:443:443 HTTP/1.1" 400 -
159.89.143.238 - - [18/Aug/2023:06:16:36 +0000] "CONNECT test.lo88.org:443:443 HTTP/1.1" 400 -
159.89.136.33 - - [18/Aug/2023:06:16:39 +0000] "CONNECT sumvip3.club:443:443 HTTP/1.1" 400 -
159.89.143.221 - - [18/Aug/2023:06:16:40 +0000] "CONNECT sumvip3.club:443:443 HTTP/1.1" 400 -
159.89.143.238 - - [18/Aug/2023:06:16:42 +0000] "CONNECT vnew88.com:443:443 HTTP/1.1" 400 -
142.93.80.219 - - [18/Aug/2023:06:16:43 +0000] "CONNECT k9win.agency:443:443 HTTP/1.1" 400 -
159.89.136.29 - - [18/Aug/2023:06:16:44 +0000] "CONNECT sumvip3.club:443:443 HTTP/1.1" 400 -
159.89.136.29 - - [18/Aug/2023:06:16:47 +0000] "CONNECT test.lo88.org:443:443 HTTP/1.1" 400 -
159.89.143.238 - - [18/Aug/2023:06:16:48 +0000] "CONNECT lo88.org:443:443 HTTP/1.1" 400 -
138.197.28.9 - - [18/Aug/2023:06:16:52 +0000] "CONNECT play.rikvip.net:443:443 HTTP/1.1" 400 -
142.93.80.219 - - [18/Aug/2023:06:16:55 +0000] "CONNECT k9win.agency:443:443 HTTP/1.1" 400 -
142.93.80.219 - - [18/Aug/2023:06:16:55 +0000] "CONNECT lo88.org:443:443 HTTP/1.1" 400 -
159.89.136.29 - - [18/Aug/2023:06:16:58 +0000] "CONNECT lo88.org:443:443 HTTP/1.1" 400 -
159.89.143.221 - - [18/Aug/2023:06:17:08 +0000] "CONNECT sumvip3.club:443:443 HTTP/1.1" 400 -
142.93.80.219 - - [18/Aug/2023:06:17:13 +0000] "CONNECT www.yelp.com:443:443 HTTP/1.1" 400 -
159.89.143.221 - - [18/Aug/2023:06:17:29 +0000] "CONNECT lo88.org:443:443 HTTP/1.1" 400 -
159.89.136.29 - - [18/Aug/2023:06:17:30 +0000] "CONNECT lo88.org:443:443 HTTP/1.1" 400 -
159.89.136.33 - - [18/Aug/2023:06:17:39 +0000] "CONNECT sumvip3.club:443:443 HTTP/1.1" 400 -
159.89.143.238 - - [18/Aug/2023:06:17:40 +0000] "CONNECT www.yelp.com:443:443 HTTP/1.1" 400 -
159.89.143.238 - - [18/Aug/2023:06:17:45 +0000] "CONNECT k9win.agency:443:443 HTTP/1.1" 400 -
142.93.80.219 - - [18/Aug/2023:06:17:47 +0000] "CONNECT www.yelp.com:443:443 HTTP/1.1" 400 -
159.89.143.221 - - [18/Aug/2023:06:17:51 +0000] "CONNECT www.ilmeteo.it:443:443 HTTP/1.1" 400 -
142.93.80.219 - - [18/Aug/2023:06:17:58 +0000] "CONNECT k9win.agency:443:443 HTTP/1.1" 400 -
138.197.28.9 - - [18/Aug/2023:06:18:03 +0000] "CONNECT play.rikvip.net:443:443 HTTP/1.1" 400 -
159.89.136.29 - - [18/Aug/2023:06:18:09 +0000] "CONNECT sumvip3.club:443:443 HTTP/1.1" 400 -
159.89.143.221 - - [18/Aug/2023:06:18:10 +0000] "CONNECT test.lo88.org:443:443 HTTP/1.1" 400 -
142.93.80.219 - - [18/Aug/2023:06:18:11 +0000] "CONNECT test.lo88.org:443:443 HTTP/1.1" 400 -
142.93.80.219 - - [18/Aug/2023:06:18:26 +0000] "CONNECT sumvip3.club:443:443 HTTP/1.1" 400 -
142.93.80.219 - - [18/Aug/2023:06:18:30 +0000] "CONNECT lo88.org:443:443 HTTP/1.1" 400 -
142.93.80.219 - - [18/Aug/2023:06:18:31 +0000] "CONNECT lo88.org:443:443 HTTP/1.1" 400 -
159.89.143.238 - - [18/Aug/2023:06:18:33 +0000] "CONNECT lo88.org:443:443 HTTP/1.1" 400 -
159.89.143.238 - - [18/Aug/2023:06:18:34 +0000] "CONNECT vnew88.com:443:443 HTTP/1.1" 400 -
142.93.80.219 - - [18/Aug/2023:06:18:41 +0000] "CONNECT sumvip3.club:443:443 HTTP/1.1" 400 -
142.93.80.219 - - [18/Aug/2023:06:18:43 +0000] "CONNECT peticaopublica.com:443:443 HTTP/1.1" 400 -
159.89.136.29 - - [18/Aug/2023:06:18:54 +0000] "CONNECT peticaopublica.com:443:443 HTTP/1.1" 400 -
159.89.136.29 - - [18/Aug/2023:06:18:54 +0000] "CONNECT k9win.agency:443:443 HTTP/1.1" 400 -
159.89.143.238 - - [18/Aug/2023:06:18:55 +0000] "CONNECT sumvip3.club:443:443 HTTP/1.1" 400 -
159.89.143.221 - - [18/Aug/2023:06:18:57 +0000] "CONNECT test.lo88.org:443:443 HTTP/1.1" 400 -
159.89.136.33 - - [18/Aug/2023:06:18:57 +0000] "CONNECT k9win.agency:443:443 HTTP/1.1" 400 -
159.89.143.221 - - [18/Aug/2023:06:18:58 +0000] "CONNECT www.tatilbudur.com:443:443 HTTP/1.1" 400 -
159.89.143.238 - - [18/Aug/2023:06:18:59 +0000] "CONNECT sumvip3.club:443:443 HTTP/1.1" 400 -
142.93.80.219 - - [18/Aug/2023:06:18:59 +0000] "CONNECT k9win.agency:443:443 HTTP/1.1" 400 -
159.89.143.238 - - [18/Aug/2023:06:18:59 +0000] "CONNECT peticaopublica.com:443:443 HTTP/1.1" 400 -
138.197.28.9 - - [18/Aug/2023:06:19:07 +0000] "CONNECT play.rikvip.net:443:443 HTTP/1.1" 400 -
142.93.80.219 - - [18/Aug/2023:06:19:07 +0000] "CONNECT www.tatilbudur.com:443:443 HTTP/1.1" 400 -
159.89.143.238 - - [18/Aug/2023:06:19:08 +0000] "CONNECT k9win.agency:443:443 HTTP/1.1" 400 -
142.93.80.219 - - [18/Aug/2023:06:19:19 +0000] "CONNECT k9win.agency:443:443 HTTP/1.1" 400 -
159.89.143.238 - - [18/Aug/2023:06:19:23 +0000] "CONNECT sumvip3.club:443:443 HTTP/1.1" 400 -
159.89.143.238 - - [18/Aug/2023:06:19:35 +0000] "CONNECT lo88.org:443:443 HTTP/1.1" 400 -
142.93.80.219 - - [18/Aug/2023:06:19:46 +0000] "CONNECT www.vanhoa247.vn:443:443 HTTP/1.1" 400 -
159.89.136.33 - - [18/Aug/2023:06:19:49 +0000] "CONNECT k9win.agency:443:443 HTTP/1.1" 400 -
159.89.143.238 - - [18/Aug/2023:06:20:00 +0000] "CONNECT vnew88.com:443:443 HTTP/1.1" 400 -
159.89.136.33 - - [18/Aug/2023:06:20:10 +0000] "CONNECT k9win.agency:443:443 HTTP/1.1" 400 -
159.89.143.221 - - [18/Aug/2023:06:20:10 +0000] "CONNECT sumvip3.club:443:443 HTTP/1.1" 400 -
159.89.136.29 - - [18/Aug/2023:06:20:11 +0000] "CONNECT sumvip3.club:443:443 HTTP/1.1" 400 -
159.89.143.221 - - [18/Aug/2023:06:20:12 +0000] "CONNECT sumvip3.club:443:443 HTTP/1.1" 400 -
159.89.143.221 - - [18/Aug/2023:06:20:15 +0000] "CONNECT peticaopublica.com:443:443 HTTP/1.1" 400 -
159.89.143.238 - - [18/Aug/2023:06:20:17 +0000] "CONNECT vnew88.com:443:443 HTTP/1.1" 400 -
159.89.143.238 - - [18/Aug/2023:06:20:30 +0000] "CONNECT vnew88.com:443:443 HTTP/1.1" 400 -
159.89.136.29 - - [18/Aug/2023:06:20:36 +0000] "CONNECT lo88.org:443:443 HTTP/1.1" 400 -
159.89.136.29 - - [18/Aug/2023:06:21:07 +0000] "CONNECT lo88.org:443:443 HTTP/1.1" 400 -
159.89.143.221 - - [18/Aug/2023:06:21:09 +0000] "CONNECT test.lo88.org:443:443 HTTP/1.1" 400 -
159.89.143.221 - - [18/Aug/2023:06:21:12 +0000] "CONNECT sumvip3.club:443:443 HTTP/1.1" 400 -
142.93.80.219 - - [18/Aug/2023:06:21:13 +0000] "CONNECT k9win.agency:443:443 HTTP/1.1" 400 -
159.89.136.33 - - [18/Aug/2023:06:21:22 +0000] "CONNECT lo88.org:443:443 HTTP/1.1" 400 -
159.89.143.238 - - [18/Aug/2023:06:21:30 +0000] "CONNECT k9win.agency:443:443 HTTP/1.1" 400 -
159.89.136.29 - - [18/Aug/2023:06:21:33 +0000] "CONNECT k9win.agency:443:443 HTTP/1.1" 400 -
159.89.136.29 - - [18/Aug/2023:06:21:49 +0000] "CONNECT k9win.agency:443:443 HTTP/1.1" 400 -
159.89.143.221 - - [18/Aug/2023:06:21:50 +0000] "CONNECT peticaopublica.com:443:443 HTTP/1.1" 400 -
159.89.136.33 - - [18/Aug/2023:06:21:53 +0000] "CONNECT sumvip3.club:443:443 HTTP/1.1" 400 -
159.89.136.33 - - [18/Aug/2023:06:21:56 +0000] "CONNECT lo88.org:443:443 HTTP/1.1" 400 -
138.197.28.9 - - [18/Aug/2023:06:22:10 +0000] "CONNECT play.rikvip.net:443:443 HTTP/1.1" 400 -
159.89.136.29 - - [18/Aug/2023:06:22:20 +0000] "CONNECT lo88.org:443:443 HTTP/1.1" 400 -
159.89.143.238 - - [18/Aug/2023:06:22:21 +0000] "CONNECT lo88.org:443:443 HTTP/1.1" 400 -
159.89.136.33 - - [18/Aug/2023:06:22:24 +0000] "CONNECT test.lo88.org:443:443 HTTP/1.1" 400 -
159.89.136.29 - - [18/Aug/2023:06:22:32 +0000] "CONNECT sumvip3.club:443:443 HTTP/1.1" 400 -
159.89.143.238 - - [18/Aug/2023:06:22:37 +0000] "CONNECT vnew88.com:443:443 HTTP/1.1" 400 -
159.89.143.238 - - [18/Aug/2023:06:22:40 +0000] "CONNECT vnew88.com:443:443 HTTP/1.1" 400 -
159.89.143.238 - - [18/Aug/2023:06:22:40 +0000] "CONNECT vnew88.com:443:443 HTTP/1.1" 400 -
159.89.136.33 - - [18/Aug/2023:06:22:43 +0000] "CONNECT cdnx-ali.quietryo.com:443:443 HTTP/1.1" 400 -
138.197.28.9 - - [18/Aug/2023:06:22:43 +0000] "CONNECT play.rikvip.net:443:443 HTTP/1.1" 400 -
142.93.80.219 - - [18/Aug/2023:06:22:44 +0000] "CONNECT lo88.org:443:443 HTTP/1.1" 400 -
142.93.80.219 - - [18/Aug/2023:06:22:51 +0000] "CONNECT sumvip3.club:443:443 HTTP/1.1" 400 -
138.197.28.9 - - [18/Aug/2023:06:22:58 +0000] "CONNECT play.rikvip.net:443:443 HTTP/1.1" 400 -
159.89.136.33 - - [18/Aug/2023:06:23:03 +0000] "CONNECT cdnx-ali.quietryo.com:443:443 HTTP/1.1" 400 -
138.197.28.9 - - [18/Aug/2023:06:23:05 +0000] "CONNECT play.rikvip.net:443:443 HTTP/1.1" 400 -
138.197.28.9 - - [18/Aug/2023:06:23:33 +0000] "CONNECT play.rikvip.net:443:443 HTTP/1.1" 400 -
159.89.143.238 - - [18/Aug/2023:06:23:40 +0000] "CONNECT lo88.org:443:443 HTTP/1.1" 400 -
159.89.136.29 - - [18/Aug/2023:06:23:49 +0000] "CONNECT sumvip3.club:443:443 HTTP/1.1" 400 -
159.89.143.238 - - [18/Aug/2023:06:23:56 +0000] "CONNECT k9win.agency:443:443 HTTP/1.1" 400 -
142.93.80.219 - - [18/Aug/2023:06:23:57 +0000] "CONNECT sumvip3.club:443:443 HTTP/1.1" 400 -
142.93.80.219 - - [18/Aug/2023:06:23:59 +0000] "CONNECT k9win.agency:443:443 HTTP/1.1" 400 -
142.93.80.219 - - [18/Aug/2023:06:24:05 +0000] "CONNECT test.lo88.org:443:443 HTTP/1.1" 400 -
159.89.143.238 - - [18/Aug/2023:06:24:05 +0000] "CONNECT vnew88.com:443:443 HTTP/1.1" 400 -
159.89.136.33 - - [18/Aug/2023:06:24:05 +0000] "CONNECT lo88.org:443:443 HTTP/1.1" 400 -
138.197.28.9 - - [18/Aug/2023:06:24:10 +0000] "CONNECT play.rikvip.net:443:443 HTTP/1.1" 400 -
159.89.143.238 - - [18/Aug/2023:06:24:12 +0000] "CONNECT vnew88.com:443:443 HTTP/1.1" 400 -
159.89.136.33 - - [18/Aug/2023:06:24:15 +0000] "CONNECT test.lo88.org:443:443 HTTP/1.1" 400 -
159.89.136.33 - - [18/Aug/2023:06:24:15 +0000] "CONNECT sumvip3.club:443:443 HTTP/1.1" 400 -
159.89.136.29 - - [18/Aug/2023:06:24:16 +0000] "CONNECT k9win.agency:443:443 HTTP/1.1" 400 -
159.89.143.221 - - [18/Aug/2023:06:24:17 +0000] "CONNECT k9win.agency:443:443 HTTP/1.1" 400 -
142.93.80.219 - - [18/Aug/2023:06:24:20 +0000] "CONNECT baoit24h.com:443:443 HTTP/1.1" 400 -
142.93.80.219 - - [18/Aug/2023:06:24:22 +0000] "CONNECT sumvip3.club:443:443 HTTP/1.1" 400 -
159.89.143.238 - - [18/Aug/2023:06:24:26 +0000] "CONNECT sumvip3.club:443:443 HTTP/1.1" 400 -
159.89.143.238 - - [18/Aug/2023:06:24:26 +0000] "CONNECT lo88.org:443:443 HTTP/1.1" 400 -
159.89.136.29 - - [18/Aug/2023:06:24:42 +0000] "CONNECT lo88.org:443:443 HTTP/1.1" 400 -
159.89.143.221 - - [18/Aug/2023:06:25:05 +0000] "CONNECT k9win.agency:443:443 HTTP/1.1" 400 -
159.89.136.33 - - [18/Aug/2023:06:25:05 +0000] "CONNECT sumvip3.club:443:443 HTTP/1.1" 400 -
142.93.80.219 - - [18/Aug/2023:06:25:15 +0000] "CONNECT lo88.org:443:443 HTTP/1.1" 400 -
159.89.143.221 - - [18/Aug/2023:06:25:16 +0000] "CONNECT sumvip3.club:443:443 HTTP/1.1" 400 -
159.89.136.29 - - [18/Aug/2023:06:25:22 +0000] "CONNECT test.lo88.org:443:443 HTTP/1.1" 400 -
159.89.136.33 - - [18/Aug/2023:06:25:32 +0000] "CONNECT sumvip3.club:443:443 HTTP/1.1" 400 -
159.89.136.29 - - [18/Aug/2023:06:25:42 +0000] "CONNECT lo88.org:443:443 HTTP/1.1" 400 -
159.89.136.29 - - [18/Aug/2023:06:25:46 +0000] "CONNECT sumvip3.club:443:443 HTTP/1.1" 400 -
159.89.143.221 - - [18/Aug/2023:06:25:50 +0000] "CONNECT k9win.agency:443:443 HTTP/1.1" 400 -
138.197.28.9 - - [18/Aug/2023:06:25:58 +0000] "CONNECT play.rikvip.net:443:443 HTTP/1.1" 400 -
159.89.143.221 - - [18/Aug/2023:06:26:06 +0000] "CONNECT lo88.org:443:443 HTTP/1.1" 400 -
159.89.143.221 - - [18/Aug/2023:06:26:11 +0000] "CONNECT peticaopublica.com:443:443 HTTP/1.1" 400 -
138.197.28.9 - - [18/Aug/2023:06:26:12 +0000] "CONNECT play.rikvip.net:443:443 HTTP/1.1" 400 -
159.89.136.29 - - [18/Aug/2023:06:26:15 +0000] "CONNECT lo88.org:443:443 HTTP/1.1" 400 -
159.89.136.33 - - [18/Aug/2023:06:26:24 +0000] "CONNECT lo88.org:443:443 HTTP/1.1" 400 -
142.93.80.219 - - [18/Aug/2023:06:26:24 +0000] "CONNECT sumvip3.club:443:443 HTTP/1.1" 400 -
142.93.80.219 - - [18/Aug/2023:06:26:25 +0000] "CONNECT k9win.agency:443:443 HTTP/1.1" 400 -
159.89.136.29 - - [18/Aug/2023:06:26:38 +0000] "CONNECT k9win.agency:443:443 HTTP/1.1" 400 -
159.89.136.33 - - [18/Aug/2023:06:26:40 +0000] "CONNECT test.lo88.org:443:443 HTTP/1.1" 400 -
159.89.136.29 - - [18/Aug/2023:06:26:50 +0000] "CONNECT test.lo88.org:443:443 HTTP/1.1" 400 -
159.89.143.238 - - [18/Aug/2023:06:26:58 +0000] "CONNECT sumvip3.club:443:443 HTTP/1.1" 400 -
159.89.136.29 - - [18/Aug/2023:06:27:04 +0000] "CONNECT lo88.org:443:443 HTTP/1.1" 400 -
