164.92.69.219 - - [17/Aug/2023:07:34:25 +0000] "CONNECT k9win.ca:443:443 HTTP/1.1" 400 -
159.89.143.238 - - [17/Aug/2023:07:34:53 +0000] "CONNECT vnew88.com:443:443 HTTP/1.1" 400 -
159.89.143.221 - - [17/Aug/2023:07:35:12 +0000] "CONNECT zarkana2.ro:443:443 HTTP/1.1" 400 -
159.89.136.33 - - [17/Aug/2023:07:35:15 +0000] "CONNECT gmod.fusion-rp.ru:443:443 HTTP/1.1" 400 -
159.89.136.29 - - [17/Aug/2023:07:35:32 +0000] "CONNECT zarkana2.ro:443:443 HTTP/1.1" 400 -
159.89.136.29 - - [17/Aug/2023:07:35:41 +0000] "CONNECT zarkana2.ro:443:443 HTTP/1.1" 400 -
159.89.136.33 - - [17/Aug/2023:07:36:07 +0000] "CONNECT play.b52.tools:443:443 HTTP/1.1" 400 -
159.89.136.29 - - [17/Aug/2023:07:36:10 +0000] "CONNECT zarkana2.ro:443:443 HTTP/1.1" 400 -
143.110.235.92 - - [17/Aug/2023:07:36:20 +0000] "CONNECT play.b52.tools:443:443 HTTP/1.1" 400 -
143.110.235.92 - - [17/Aug/2023:07:36:37 +0000] "CONNECT www.modhay.online:443:443 HTTP/1.1" 400 -
159.89.143.221 - - [17/Aug/2023:07:36:37 +0000] "CONNECT www.modhay.online:443:443 HTTP/1.1" 400 -
159.89.136.29 - - [17/Aug/2023:07:36:48 +0000] "CONNECT www.alibabaexch777.com:443:443 HTTP/1.1" 400 -
159.89.143.221 - - [17/Aug/2023:07:37:00 +0000] "CONNECT www.alibabaexch777.com:443:443 HTTP/1.1" 400 -
159.89.143.238 - - [17/Aug/2023:07:37:10 +0000] "CONNECT vnew88.com:443:443 HTTP/1.1" 400 -
159.89.136.29 - - [17/Aug/2023:07:37:10 +0000] "CONNECT www.alibabaexch777.com:443:443 HTTP/1.1" 400 -
159.89.136.29 - - [17/Aug/2023:07:37:20 +0000] "CONNECT napthecaogarena.vn:443:443 HTTP/1.1" 400 -
159.89.136.29 - - [17/Aug/2023:07:37:30 +0000] "CONNECT www.alibabaexch777.com:443:443 HTTP/1.1" 400 -
143.110.235.92 - - [17/Aug/2023:07:37:55 +0000] "CONNECT thecao5s.vn:443:443 HTTP/1.1" 400 -
164.92.69.219 - - [17/Aug/2023:07:37:58 +0000] "CONNECT k9win.ca:443:443 HTTP/1.1" 400 -
159.89.136.33 - - [17/Aug/2023:07:38:03 +0000] "CONNECT play.b52.tools:443:443 HTTP/1.1" 400 -
143.110.235.92 - - [17/Aug/2023:07:38:13 +0000] "CONNECT play.b52.tools:443:443 HTTP/1.1" 400 -
143.110.235.92 - - [17/Aug/2023:07:38:21 +0000] "CONNECT thecao5s.vn:443:443 HTTP/1.1" 400 -
143.110.235.92 - - [17/Aug/2023:07:38:23 +0000] "CONNECT play.b52.tools:443:443 HTTP/1.1" 400 -
159.89.143.221 - - [17/Aug/2023:07:38:24 +0000] "CONNECT www.alibabaexch777.com:443:443 HTTP/1.1" 400 -
159.89.136.29 - - [17/Aug/2023:07:38:25 +0000] "CONNECT thecao5s.vn:443:443 HTTP/1.1" 400 -
159.89.143.221 - - [17/Aug/2023:07:38:41 +0000] "CONNECT thecao5s.vn:443:443 HTTP/1.1" 400 -
159.89.136.33 - - [17/Aug/2023:07:38:44 +0000] "CONNECT play.b52.tools:443:443 HTTP/1.1" 400 -
164.92.69.219 - - [17/Aug/2023:07:38:54 +0000] "CONNECT k9win.ca:443:443 HTTP/1.1" 400 -
159.89.136.33 - - [17/Aug/2023:07:38:59 +0000] "CONNECT www.alibabaexch777.com:443:443 HTTP/1.1" 400 -
159.89.136.29 - - [17/Aug/2023:07:39:00 +0000] "CONNECT thecao5s.vn:443:443 HTTP/1.1" 400 -
143.110.235.92 - - [17/Aug/2023:07:39:14 +0000] "CONNECT thecao5s.vn:443:443 HTTP/1.1" 400 -
159.89.143.221 - - [17/Aug/2023:07:39:30 +0000] "CONNECT play.b52.tools:443:443 HTTP/1.1" 400 -
143.110.235.92 - - [17/Aug/2023:07:40:09 +0000] "CONNECT play.b52.tools:443:443 HTTP/1.1" 400 -
159.89.143.221 - - [17/Aug/2023:07:40:32 +0000] "CONNECT www.alibabaexch777.com:443:443 HTTP/1.1" 400 -
159.89.136.33 - - [17/Aug/2023:07:40:33 +0000] "CONNECT alaska2.ro:443:443 HTTP/1.1" 400 -
159.89.143.238 - - [17/Aug/2023:07:40:33 +0000] "CONNECT vnew88.com:443:443 HTTP/1.1" 400 -
143.110.235.92 - - [17/Aug/2023:07:41:07 +0000] "CONNECT www.alibabaexch777.com:443:443 HTTP/1.1" 400 -
159.89.143.221 - - [17/Aug/2023:07:41:36 +0000] "CONNECT alaska2.ro:443:443 HTTP/1.1" 400 -
159.89.143.238 - - [17/Aug/2023:07:41:45 +0000] "CONNECT vnew88.com:443:443 HTTP/1.1" 400 -
159.89.136.29 - - [17/Aug/2023:07:41:47 +0000] "CONNECT www.alibabaexch777.com:443:443 HTTP/1.1" 400 -
159.89.143.221 - - [17/Aug/2023:07:41:47 +0000] "CONNECT play.b52.tools:443:443 HTTP/1.1" 400 -
159.89.143.238 - - [17/Aug/2023:07:41:56 +0000] "CONNECT vnew88.com:443:443 HTTP/1.1" 400 -
159.89.143.221 - - [17/Aug/2023:07:42:02 +0000] "CONNECT www.alibabaexch777.com:443:443 HTTP/1.1" 400 -
159.89.143.221 - - [17/Aug/2023:07:42:25 +0000] "CONNECT royalehosting.net:443:443 HTTP/1.1" 400 -
159.89.136.29 - - [17/Aug/2023:07:42:33 +0000] "CONNECT www.alibabaexch777.com:443:443 HTTP/1.1" 400 -
159.89.136.33 - - [17/Aug/2023:07:42:35 +0000] "CONNECT royalehosting.net:443:443 HTTP/1.1" 400 -
143.110.235.92 - - [17/Aug/2023:07:42:51 +0000] "CONNECT global.calliope2-international.com:443:443 HTTP/1.1" 400 -
143.110.235.92 - - [17/Aug/2023:07:42:55 +0000] "CONNECT royalehosting.net:443:443 HTTP/1.1" 400 -
164.92.69.219 - - [17/Aug/2023:07:43:12 +0000] "CONNECT k9win.ca:443:443 HTTP/1.1" 400 -
159.89.143.238 - - [17/Aug/2023:07:43:12 +0000] "CONNECT vnew88.com:443:443 HTTP/1.1" 400 -
164.92.69.219 - - [17/Aug/2023:07:44:31 +0000] "CONNECT k9win.ca:443:443 HTTP/1.1" 400 -
159.89.143.221 - - [17/Aug/2023:07:45:29 +0000] "CONNECT play.b52.tools:443:443 HTTP/1.1" 400 -
143.110.235.92 - - [17/Aug/2023:07:45:35 +0000] "CONNECT play.b52.tools:443:443 HTTP/1.1" 400 -
159.89.136.29 - - [17/Aug/2023:07:45:45 +0000] "CONNECT play.b52.tools:443:443 HTTP/1.1" 400 -
159.89.136.33 - - [17/Aug/2023:07:45:51 +0000] "CONNECT play.b52.tools:443:443 HTTP/1.1" 400 -
159.89.136.29 - - [17/Aug/2023:07:46:13 +0000] "CONNECT play.b52.tools:443:443 HTTP/1.1" 400 -
164.92.69.219 - - [17/Aug/2023:07:46:15 +0000] "CONNECT k9win.ca:443:443 HTTP/1.1" 400 -
164.92.69.219 - - [17/Aug/2023:07:46:32 +0000] "CONNECT k9win.ca:443:443 HTTP/1.1" 400 -
159.89.136.33 - - [17/Aug/2023:07:46:34 +0000] "CONNECT play.b52.tools:443:443 HTTP/1.1" 400 -
164.92.69.219 - - [17/Aug/2023:07:47:28 +0000] "CONNECT k9win.ca:443:443 HTTP/1.1" 400 -
159.89.143.221 - - [17/Aug/2023:07:47:44 +0000] "CONNECT play.b52.tools:443:443 HTTP/1.1" 400 -
164.92.69.219 - - [17/Aug/2023:07:47:55 +0000] "CONNECT k9win.ca:443:443 HTTP/1.1" 400 -
159.89.143.221 - - [17/Aug/2023:07:47:56 +0000] "CONNECT play.b52.tools:443:443 HTTP/1.1" 400 -
159.89.136.33 - - [17/Aug/2023:07:48:08 +0000] "CONNECT play.b52.tools:443:443 HTTP/1.1" 400 -
159.89.136.29 - - [17/Aug/2023:07:48:09 +0000] "CONNECT play.b52.tools:443:443 HTTP/1.1" 400 -
143.110.235.92 - - [17/Aug/2023:07:48:09 +0000] "CONNECT turkcellsuperonlinenet.com:443:443 HTTP/1.1" 400 -
164.92.69.219 - - [17/Aug/2023:07:48:19 +0000] "CONNECT k9win.ca:443:443 HTTP/1.1" 400 -
164.92.69.219 - - [17/Aug/2023:07:48:51 +0000] "CONNECT k9win.ca:443:443 HTTP/1.1" 400 -
164.92.69.219 - - [17/Aug/2023:07:49:08 +0000] "CONNECT k9win.ca:443:443 HTTP/1.1" 400 -
138.197.28.9 - - [17/Aug/2023:07:49:23 +0000] "CONNECT b52.tips:443:443 HTTP/1.1" 400 -
159.89.143.238 - - [17/Aug/2023:07:49:56 +0000] "CONNECT vnew88.com:443:443 HTTP/1.1" 400 -
159.89.136.29 - - [17/Aug/2023:07:50:07 +0000] "CONNECT play.b52.tools:443:443 HTTP/1.1" 400 -
164.92.69.219 - - [17/Aug/2023:07:50:13 +0000] "CONNECT k9win.ca:443:443 HTTP/1.1" 400 -
159.89.136.29 - - [17/Aug/2023:07:50:44 +0000] "CONNECT mobilpay.live:443:443 HTTP/1.1" 400 -
159.89.136.29 - - [17/Aug/2023:07:50:46 +0000] "CONNECT crm.tapuzdelivery.co.il:443:443 HTTP/1.1" 400 -
138.197.28.9 - - [17/Aug/2023:07:50:58 +0000] "CONNECT b52.tips:443:443 HTTP/1.1" 400 -
164.92.69.219 - - [17/Aug/2023:07:51:01 +0000] "CONNECT k9win.ca:443:443 HTTP/1.1" 400 -
164.92.69.219 - - [17/Aug/2023:07:51:09 +0000] "CONNECT k9win.ca:443:443 HTTP/1.1" 400 -
164.92.69.219 - - [17/Aug/2023:07:51:19 +0000] "CONNECT k9win.ca:443:443 HTTP/1.1" 400 -
159.89.143.221 - - [17/Aug/2023:07:51:23 +0000] "CONNECT play.b52.tools:443:443 HTTP/1.1" 400 -
159.89.143.221 - - [17/Aug/2023:07:51:25 +0000] "CONNECT crm.tapuzdelivery.co.il:443:443 HTTP/1.1" 400 -
164.92.69.219 - - [17/Aug/2023:07:51:30 +0000] "CONNECT k9win.ca:443:443 HTTP/1.1" 400 -
159.89.136.29 - - [17/Aug/2023:07:51:43 +0000] "CONNECT play.b52.tools:443:443 HTTP/1.1" 400 -
143.110.235.92 - - [17/Aug/2023:07:51:43 +0000] "CONNECT xenangasia.com:443:443 HTTP/1.1" 400 -
159.89.143.221 - - [17/Aug/2023:07:51:48 +0000] "CONNECT xenangasia.com:443:443 HTTP/1.1" 400 -
143.110.235.92 - - [17/Aug/2023:07:51:57 +0000] "CONNECT crm.tapuzdelivery.co.il:443:443 HTTP/1.1" 400 -
164.92.69.219 - - [17/Aug/2023:07:52:00 +0000] "CONNECT k9win.ca:443:443 HTTP/1.1" 400 -
159.89.136.29 - - [17/Aug/2023:07:52:01 +0000] "CONNECT xenangasia.com:443:443 HTTP/1.1" 400 -
164.92.69.219 - - [17/Aug/2023:07:52:02 +0000] "CONNECT k9win.ca:443:443 HTTP/1.1" 400 -
164.92.69.219 - - [17/Aug/2023:07:52:04 +0000] "CONNECT k9win.ca:443:443 HTTP/1.1" 400 -
159.89.136.29 - - [17/Aug/2023:07:52:28 +0000] "CONNECT play.b52.tools:443:443 HTTP/1.1" 400 -
159.89.143.238 - - [17/Aug/2023:07:52:33 +0000] "CONNECT vnew88.com:443:443 HTTP/1.1" 400 -
159.89.136.29 - - [17/Aug/2023:07:52:39 +0000] "CONNECT crm.tapuzdelivery.co.il:443:443 HTTP/1.1" 400 -
143.110.235.92 - - [17/Aug/2023:07:52:43 +0000] "CONNECT play.b52.tools:443:443 HTTP/1.1" 400 -
159.89.136.29 - - [17/Aug/2023:07:52:56 +0000] "CONNECT crm.tapuzdelivery.co.il:443:443 HTTP/1.1" 400 -
159.89.136.33 - - [17/Aug/2023:07:52:58 +0000] "CONNECT xenangasia.com:443:443 HTTP/1.1" 400 -
164.92.69.219 - - [17/Aug/2023:07:53:13 +0000] "CONNECT k9win.ca:443:443 HTTP/1.1" 400 -
159.89.136.29 - - [17/Aug/2023:07:53:14 +0000] "CONNECT play.b52.tools:443:443 HTTP/1.1" 400 -
159.89.143.221 - - [17/Aug/2023:07:53:15 +0000] "CONNECT play.b52.tools:443:443 HTTP/1.1" 400 -
143.110.235.92 - - [17/Aug/2023:07:53:32 +0000] "CONNECT play.b52.tools:443:443 HTTP/1.1" 400 -
143.110.235.92 - - [17/Aug/2023:07:53:40 +0000] "CONNECT crm.tapuzdelivery.co.il:443:443 HTTP/1.1" 400 -
159.89.143.238 - - [17/Aug/2023:07:54:04 +0000] "CONNECT vnew88.com:443:443 HTTP/1.1" 400 -
164.92.69.219 - - [17/Aug/2023:07:54:04 +0000] "CONNECT k9win.ca:443:443 HTTP/1.1" 400 -
138.197.28.9 - - [17/Aug/2023:07:54:06 +0000] "CONNECT play.b52.tips:443:443 HTTP/1.1" 400 -
83.97.73.87 - - [17/Aug/2023:07:54:15 +0000] "GET /?XDEBUG_SESSION_START=phpstorm HTTP/1.1" 200 11217
159.89.136.33 - - [17/Aug/2023:07:54:47 +0000] "CONNECT thecao5s.vn:443:443 HTTP/1.1" 400 -
159.89.136.33 - - [17/Aug/2023:07:54:48 +0000] "CONNECT thecao5s.vn:443:443 HTTP/1.1" 400 -
159.89.136.33 - - [17/Aug/2023:07:55:01 +0000] "CONNECT thecao5s.vn:443:443 HTTP/1.1" 400 -
159.89.136.33 - - [17/Aug/2023:07:55:11 +0000] "CONNECT play.b52.tools:443:443 HTTP/1.1" 400 -
159.89.143.238 - - [17/Aug/2023:07:55:17 +0000] "CONNECT vnew88.com:443:443 HTTP/1.1" 400 -
143.110.235.92 - - [17/Aug/2023:07:55:24 +0000] "CONNECT play.b52.tools:443:443 HTTP/1.1" 400 -
138.197.28.9 - - [17/Aug/2023:07:55:33 +0000] "CONNECT b52.tips:443:443 HTTP/1.1" 400 -
159.89.136.29 - - [17/Aug/2023:07:55:35 +0000] "CONNECT play.b52.tools:443:443 HTTP/1.1" 400 -
143.110.235.92 - - [17/Aug/2023:07:55:42 +0000] "CONNECT thecao5s.vn:443:443 HTTP/1.1" 400 -
164.92.69.219 - - [17/Aug/2023:07:55:58 +0000] "CONNECT k9win.ca:443:443 HTTP/1.1" 400 -
159.89.136.33 - - [17/Aug/2023:07:56:13 +0000] "CONNECT deposit1.vipmefete.com:443:443 HTTP/1.1" 400 -
159.89.143.221 - - [17/Aug/2023:07:56:13 +0000] "CONNECT thecao5s.vn:443:443 HTTP/1.1" 400 -
164.92.69.219 - - [17/Aug/2023:07:56:36 +0000] "CONNECT k9win.ca:443:443 HTTP/1.1" 400 -
164.92.69.219 - - [17/Aug/2023:07:56:36 +0000] "CONNECT k9win.ca:443:443 HTTP/1.1" 400 -
159.89.143.221 - - [17/Aug/2023:07:56:37 +0000] "CONNECT deposit1.vipmefete.com:443:443 HTTP/1.1" 400 -
164.92.69.219 - - [17/Aug/2023:07:57:01 +0000] "CONNECT k9win.ca:443:443 HTTP/1.1" 400 -
159.89.136.29 - - [17/Aug/2023:07:57:02 +0000] "CONNECT play.b52.tools:443:443 HTTP/1.1" 400 -
164.92.69.219 - - [17/Aug/2023:07:57:21 +0000] "CONNECT k9win.ca:443:443 HTTP/1.1" 400 -
159.89.143.238 - - [17/Aug/2023:07:57:28 +0000] "CONNECT vnew88.com:443:443 HTTP/1.1" 400 -
143.110.235.92 - - [17/Aug/2023:07:57:34 +0000] "CONNECT play.b52.tools:443:443 HTTP/1.1" 400 -
143.110.235.92 - - [17/Aug/2023:07:58:14 +0000] "CONNECT play.b52.tools:443:443 HTTP/1.1" 400 -
164.92.69.219 - - [17/Aug/2023:07:58:24 +0000] "CONNECT k9win.ca:443:443 HTTP/1.1" 400 -
164.92.69.219 - - [17/Aug/2023:07:58:29 +0000] "CONNECT k9win.ca:443:443 HTTP/1.1" 400 -
138.197.28.9 - - [17/Aug/2023:07:58:34 +0000] "CONNECT b52.tips:443:443 HTTP/1.1" 400 -
104.167.222.2 - - [17/Aug/2023:07:58:38 +0000] "CONNECT google.com:443 HTTP/1.1" 400 -
164.92.69.219 - - [17/Aug/2023:07:58:49 +0000] "CONNECT k9win.ca:443:443 HTTP/1.1" 400 -
159.89.143.238 - - [17/Aug/2023:07:58:53 +0000] "CONNECT vnew88.com:443:443 HTTP/1.1" 400 -
164.92.69.219 - - [17/Aug/2023:07:59:21 +0000] "CONNECT k9win.ca:443:443 HTTP/1.1" 400 -
143.110.235.92 - - [17/Aug/2023:07:59:49 +0000] "CONNECT play.b52.tools:443:443 HTTP/1.1" 400 -
159.89.136.29 - - [17/Aug/2023:08:00:03 +0000] "CONNECT play.b52.tools:443:443 HTTP/1.1" 400 -
159.89.136.33 - - [17/Aug/2023:08:00:12 +0000] "CONNECT play.b52.tools:443:443 HTTP/1.1" 400 -
159.89.143.238 - - [17/Aug/2023:08:00:28 +0000] "CONNECT vnew88.com:443:443 HTTP/1.1" 400 -
164.92.69.219 - - [17/Aug/2023:08:00:35 +0000] "CONNECT k9win.ca:443:443 HTTP/1.1" 400 -
138.197.28.9 - - [17/Aug/2023:08:00:54 +0000] "CONNECT play.b52.tips:443:443 HTTP/1.1" 400 -
159.89.136.33 - - [17/Aug/2023:08:01:09 +0000] "CONNECT play.b52.tools:443:443 HTTP/1.1" 400 -
159.89.136.33 - - [17/Aug/2023:08:01:13 +0000] "CONNECT deposit1.hemenode.biz:443:443 HTTP/1.1" 400 -
159.89.136.29 - - [17/Aug/2023:08:01:25 +0000] "CONNECT www.zjkqhlxx.cn:443:443 HTTP/1.1" 400 -
159.89.136.29 - - [17/Aug/2023:08:01:38 +0000] "CONNECT www.zjkqhlxx.cn:443:443 HTTP/1.1" 400 -
159.89.136.33 - - [17/Aug/2023:08:01:47 +0000] "CONNECT www.zjkqhlxx.cn:443:443 HTTP/1.1" 400 -
143.110.235.92 - - [17/Aug/2023:08:01:54 +0000] "CONNECT www.alibabaexch777.com:443:443 HTTP/1.1" 400 -
159.89.143.221 - - [17/Aug/2023:08:02:05 +0000] "CONNECT www.alibabaexch777.com:443:443 HTTP/1.1" 400 -
164.92.69.219 - - [17/Aug/2023:08:02:09 +0000] "CONNECT k9win.ca:443:443 HTTP/1.1" 400 -
159.89.136.29 - - [17/Aug/2023:08:02:10 +0000] "CONNECT www.alibabaexch777.com:443:443 HTTP/1.1" 400 -
159.89.136.33 - - [17/Aug/2023:08:02:35 +0000] "CONNECT www.alibabaexch777.com:443:443 HTTP/1.1" 400 -
159.89.143.221 - - [17/Aug/2023:08:02:44 +0000] "CONNECT www.alibabaexch777.com:443:443 HTTP/1.1" 400 -
159.89.136.33 - - [17/Aug/2023:08:02:45 +0000] "CONNECT www.alibabaexch777.com:443:443 HTTP/1.1" 400 -
164.92.69.219 - - [17/Aug/2023:08:02:48 +0000] "CONNECT k9win.ca:443:443 HTTP/1.1" 400 -
159.89.143.221 - - [17/Aug/2023:08:03:33 +0000] "CONNECT www.zjkqhlxx.cn:443:443 HTTP/1.1" 400 -
159.89.136.33 - - [17/Aug/2023:08:03:38 +0000] "CONNECT www.zjkqhlxx.cn:443:443 HTTP/1.1" 400 -
159.89.143.221 - - [17/Aug/2023:08:03:50 +0000] "CONNECT www.alibabaexch777.com:443:443 HTTP/1.1" 400 -
159.89.143.238 - - [17/Aug/2023:08:03:53 +0000] "CONNECT vnew88.com:443:443 HTTP/1.1" 400 -
143.110.235.92 - - [17/Aug/2023:08:04:02 +0000] "CONNECT www.zjkqhlxx.cn:443:443 HTTP/1.1" 400 -
164.92.69.219 - - [17/Aug/2023:08:04:02 +0000] "CONNECT k9win.ca:443:443 HTTP/1.1" 400 -
159.89.136.29 - - [17/Aug/2023:08:04:12 +0000] "CONNECT play.b52.tools:443:443 HTTP/1.1" 400 -
159.89.136.33 - - [17/Aug/2023:08:04:31 +0000] "CONNECT www.alibabaexch777.com:443:443 HTTP/1.1" 400 -
159.89.143.221 - - [17/Aug/2023:08:04:38 +0000] "CONNECT www.alibabaexch777.com:443:443 HTTP/1.1" 400 -
159.89.136.33 - - [17/Aug/2023:08:04:38 +0000] "CONNECT www.alibabaexch777.com:443:443 HTTP/1.1" 400 -
164.92.69.219 - - [17/Aug/2023:08:04:38 +0000] "CONNECT k9win.ca:443:443 HTTP/1.1" 400 -
159.89.136.33 - - [17/Aug/2023:08:04:39 +0000] "CONNECT www.alibabaexch777.com:443:443 HTTP/1.1" 400 -
159.89.136.33 - - [17/Aug/2023:08:04:42 +0000] "CONNECT www.alibabaexch777.com:443:443 HTTP/1.1" 400 -
159.89.143.238 - - [17/Aug/2023:08:04:45 +0000] "CONNECT vnew88.com:443:443 HTTP/1.1" 400 -
159.89.136.33 - - [17/Aug/2023:08:04:47 +0000] "CONNECT www.alibabaexch777.com:443:443 HTTP/1.1" 400 -
164.92.69.219 - - [17/Aug/2023:08:04:56 +0000] "CONNECT k9win.ca:443:443 HTTP/1.1" 400 -
159.89.143.221 - - [17/Aug/2023:08:04:57 +0000] "CONNECT play.b52.tools:443:443 HTTP/1.1" 400 -
143.110.235.92 - - [17/Aug/2023:08:05:01 +0000] "CONNECT www.alibabaexch777.com:443:443 HTTP/1.1" 400 -
159.89.143.221 - - [17/Aug/2023:08:05:13 +0000] "CONNECT www.alibabaexch777.com:443:443 HTTP/1.1" 400 -
164.92.69.219 - - [17/Aug/2023:08:05:16 +0000] "CONNECT k9win.ca:443:443 HTTP/1.1" 400 -
159.89.143.221 - - [17/Aug/2023:08:05:18 +0000] "CONNECT www.alibabaexch777.com:443:443 HTTP/1.1" 400 -
159.89.143.238 - - [17/Aug/2023:08:05:26 +0000] "CONNECT vnew88.com:443:443 HTTP/1.1" 400 -
159.89.143.238 - - [17/Aug/2023:08:05:32 +0000] "CONNECT vnew88.com:443:443 HTTP/1.1" 400 -
159.89.136.33 - - [17/Aug/2023:08:05:39 +0000] "CONNECT www.alibabaexch777.com:443:443 HTTP/1.1" 400 -
159.89.143.221 - - [17/Aug/2023:08:06:07 +0000] "CONNECT www.alibabaexch777.com:443:443 HTTP/1.1" 400 -
198.199.106.120 - - [17/Aug/2023:08:06:15 +0000] "GET /hudson HTTP/1.1" 404 754
159.89.136.29 - - [17/Aug/2023:08:06:17 +0000] "CONNECT www.zjkqhlxx.cn:443:443 HTTP/1.1" 400 -
159.89.136.33 - - [17/Aug/2023:08:06:19 +0000] "CONNECT www.zjkqhlxx.cn:443:443 HTTP/1.1" 400 -
164.92.69.219 - - [17/Aug/2023:08:06:24 +0000] "CONNECT k9win.ca:443:443 HTTP/1.1" 400 -
159.89.143.221 - - [17/Aug/2023:08:06:29 +0000] "CONNECT www.alibabaexch777.com:443:443 HTTP/1.1" 400 -
159.89.136.29 - - [17/Aug/2023:08:06:36 +0000] "CONNECT www.alibabaexch777.com:443:443 HTTP/1.1" 400 -
159.89.136.33 - - [17/Aug/2023:08:06:40 +0000] "CONNECT www.alibabaexch777.com:443:443 HTTP/1.1" 400 -
159.89.143.221 - - [17/Aug/2023:08:06:55 +0000] "CONNECT www.alibabaexch777.com:443:443 HTTP/1.1" 400 -
164.92.69.219 - - [17/Aug/2023:08:07:07 +0000] "CONNECT k9win.ca:443:443 HTTP/1.1" 400 -
164.92.69.219 - - [17/Aug/2023:08:07:13 +0000] "CONNECT k9win.ca:443:443 HTTP/1.1" 400 -
164.92.69.219 - - [17/Aug/2023:08:07:13 +0000] "CONNECT k9win.ca:443:443 HTTP/1.1" 400 -
143.110.235.92 - - [17/Aug/2023:08:07:21 +0000] "CONNECT play.b52.tools:443:443 HTTP/1.1" 400 -
143.110.235.92 - - [17/Aug/2023:08:07:27 +0000] "CONNECT www.alibabaexch777.com:443:443 HTTP/1.1" 400 -
159.89.136.33 - - [17/Aug/2023:08:07:33 +0000] "CONNECT www.alibabaexch777.com:443:443 HTTP/1.1" 400 -
159.89.136.29 - - [17/Aug/2023:08:07:36 +0000] "CONNECT www.alibabaexch777.com:443:443 HTTP/1.1" 400 -
159.89.136.29 - - [17/Aug/2023:08:07:42 +0000] "CONNECT www.alibabaexch777.com:443:443 HTTP/1.1" 400 -
159.89.136.29 - - [17/Aug/2023:08:07:43 +0000] "CONNECT www.alibabaexch777.com:443:443 HTTP/1.1" 400 -
164.92.69.219 - - [17/Aug/2023:08:07:48 +0000] "CONNECT k9win.ca:443:443 HTTP/1.1" 400 -
138.197.28.9 - - [17/Aug/2023:08:08:10 +0000] "CONNECT b52.tips:443:443 HTTP/1.1" 400 -
143.110.235.92 - - [17/Aug/2023:08:08:13 +0000] "CONNECT www.alibabaexch777.com:443:443 HTTP/1.1" 400 -
143.110.235.92 - - [17/Aug/2023:08:08:13 +0000] "CONNECT www.alibabaexch777.com:443:443 HTTP/1.1" 400 -
164.92.69.219 - - [17/Aug/2023:08:08:20 +0000] "CONNECT k9win.ca:443:443 HTTP/1.1" 400 -
164.92.69.219 - - [17/Aug/2023:08:08:34 +0000] "CONNECT k9win.ca:443:443 HTTP/1.1" 400 -
164.92.69.219 - - [17/Aug/2023:08:08:38 +0000] "CONNECT k9win.ca:443:443 HTTP/1.1" 400 -
159.89.136.29 - - [17/Aug/2023:08:08:49 +0000] "CONNECT play.b52.tools:443:443 HTTP/1.1" 400 -
143.110.235.92 - - [17/Aug/2023:08:08:50 +0000] "CONNECT www.alibabaexch777.com:443:443 HTTP/1.1" 400 -
143.110.235.92 - - [17/Aug/2023:08:09:08 +0000] "CONNECT play.b52.tools:443:443 HTTP/1.1" 400 -
159.89.143.221 - - [17/Aug/2023:08:09:20 +0000] "CONNECT thesieure.com:443:443 HTTP/1.1" 400 -
159.89.136.29 - - [17/Aug/2023:08:09:22 +0000] "CONNECT thesieure.com:443:443 HTTP/1.1" 400 -
159.89.143.221 - - [17/Aug/2023:08:09:33 +0000] "CONNECT hengfu100.com:443:443 HTTP/1.1" 400 -
159.89.136.29 - - [17/Aug/2023:08:09:37 +0000] "CONNECT napthecaogarena.vn:443:443 HTTP/1.1" 400 -
159.89.136.33 - - [17/Aug/2023:08:09:38 +0000] "CONNECT play.b52.tools:443:443 HTTP/1.1" 400 -
164.92.69.219 - - [17/Aug/2023:08:09:44 +0000] "CONNECT k9win.ca:443:443 HTTP/1.1" 400 -
159.89.143.221 - - [17/Aug/2023:08:09:47 +0000] "CONNECT thesieure.com:443:443 HTTP/1.1" 400 -
45.128.232.152 - - [17/Aug/2023:08:10:05 +0000] "CONNECT duckduckgo.com:443 HTTP/1.1" 400 -
159.89.143.221 - - [17/Aug/2023:08:10:14 +0000] "CONNECT thesieure.com:443:443 HTTP/1.1" 400 -
159.89.143.221 - - [17/Aug/2023:08:10:18 +0000] "CONNECT www.alibabaexch777.com:443:443 HTTP/1.1" 400 -
164.92.69.219 - - [17/Aug/2023:08:10:21 +0000] "CONNECT k9win.ca:443:443 HTTP/1.1" 400 -
159.89.136.33 - - [17/Aug/2023:08:10:28 +0000] "CONNECT play.b52.tools:443:443 HTTP/1.1" 400 -
159.89.143.221 - - [17/Aug/2023:08:10:34 +0000] "CONNECT www.zjkqhlxx.cn:443:443 HTTP/1.1" 400 -
159.89.143.221 - - [17/Aug/2023:08:10:43 +0000] "CONNECT www.alibabaexch777.com:443:443 HTTP/1.1" 400 -
164.92.69.219 - - [17/Aug/2023:08:10:45 +0000] "CONNECT k9win.ca:443:443 HTTP/1.1" 400 -
143.110.235.92 - - [17/Aug/2023:08:10:47 +0000] "CONNECT www.alibabaexch777.com:443:443 HTTP/1.1" 400 -
159.89.143.238 - - [17/Aug/2023:08:11:01 +0000] "CONNECT vnew88.com:443:443 HTTP/1.1" 400 -
159.89.136.29 - - [17/Aug/2023:08:11:09 +0000] "CONNECT www.zjkqhlxx.cn:443:443 HTTP/1.1" 400 -
164.92.69.219 - - [17/Aug/2023:08:11:14 +0000] "CONNECT k9win.ca:443:443 HTTP/1.1" 400 -
159.89.136.33 - - [17/Aug/2023:08:11:15 +0000] "CONNECT www.alibabaexch777.com:443:443 HTTP/1.1" 400 -
159.89.136.29 - - [17/Aug/2023:08:11:18 +0000] "CONNECT www.alibabaexch777.com:443:443 HTTP/1.1" 400 -
159.89.143.221 - - [17/Aug/2023:08:11:21 +0000] "CONNECT www.zjkqhlxx.cn:443:443 HTTP/1.1" 400 -
159.89.143.221 - - [17/Aug/2023:08:11:32 +0000] "CONNECT www.zjkqhlxx.cn:443:443 HTTP/1.1" 400 -
159.89.136.29 - - [17/Aug/2023:08:12:10 +0000] "CONNECT www.zjkqhlxx.cn:443:443 HTTP/1.1" 400 -
143.110.235.92 - - [17/Aug/2023:08:12:39 +0000] "CONNECT play.b52.tools:443:443 HTTP/1.1" 400 -
159.89.136.29 - - [17/Aug/2023:08:13:00 +0000] "CONNECT play.b52.tools:443:443 HTTP/1.1" 400 -
159.89.136.29 - - [17/Aug/2023:08:13:06 +0000] "CONNECT play.b52.tools:443:443 HTTP/1.1" 400 -
159.89.136.33 - - [17/Aug/2023:08:13:19 +0000] "CONNECT play.b52.tools:443:443 HTTP/1.1" 400 -
143.110.235.92 - - [17/Aug/2023:08:13:29 +0000] "CONNECT hengfu100.com:443:443 HTTP/1.1" 400 -
159.89.136.33 - - [17/Aug/2023:08:13:39 +0000] "CONNECT www.t3yanzheng.com:443:443 HTTP/1.1" 400 -
83.97.73.87 - - [17/Aug/2023:08:13:44 +0000] "GET /actuator/gateway/routes HTTP/1.1" 404 771
159.89.143.221 - - [17/Aug/2023:08:13:49 +0000] "CONNECT hengfu100.com:443:443 HTTP/1.1" 400 -
143.110.235.92 - - [17/Aug/2023:08:13:59 +0000] "CONNECT www.t3yanzheng.com:443:443 HTTP/1.1" 400 -
159.89.136.33 - - [17/Aug/2023:08:14:09 +0000] "CONNECT www.zjkqhlxx.cn:443:443 HTTP/1.1" 400 -
159.89.136.33 - - [17/Aug/2023:08:14:21 +0000] "CONNECT shopdangson.net:443:443 HTTP/1.1" 400 -
159.89.136.29 - - [17/Aug/2023:08:14:32 +0000] "CONNECT www.zjkqhlxx.cn:443:443 HTTP/1.1" 400 -
143.110.235.92 - - [17/Aug/2023:08:14:36 +0000] "CONNECT shopdangson.net:443:443 HTTP/1.1" 400 -
143.110.235.92 - - [17/Aug/2023:08:14:37 +0000] "CONNECT www.t3yanzheng.com:443:443 HTTP/1.1" 400 -
143.110.235.92 - - [17/Aug/2023:08:14:47 +0000] "CONNECT play.b52.tools:443:443 HTTP/1.1" 400 -
143.110.235.92 - - [17/Aug/2023:08:14:48 +0000] "CONNECT shopdangson.net:443:443 HTTP/1.1" 400 -
143.110.235.92 - - [17/Aug/2023:08:14:50 +0000] "CONNECT www.zjkqhlxx.cn:443:443 HTTP/1.1" 400 -
138.197.28.9 - - [17/Aug/2023:08:15:09 +0000] "CONNECT play.b52.tips:443:443 HTTP/1.1" 400 -
143.110.235.92 - - [17/Aug/2023:08:15:14 +0000] "CONNECT napthecaogarena.vn:443:443 HTTP/1.1" 400 -
159.89.136.29 - - [17/Aug/2023:08:15:17 +0000] "CONNECT play.b52.tools:443:443 HTTP/1.1" 400 -
159.89.136.29 - - [17/Aug/2023:08:15:17 +0000] "CONNECT www.zjkqhlxx.cn:443:443 HTTP/1.1" 400 -
159.89.136.33 - - [17/Aug/2023:08:15:17 +0000] "CONNECT play.b52.tools:443:443 HTTP/1.1" 400 -
138.197.28.9 - - [17/Aug/2023:08:15:18 +0000] "CONNECT play.b52.tips:443:443 HTTP/1.1" 400 -
159.89.136.33 - - [17/Aug/2023:08:15:20 +0000] "CONNECT shopdangson.net:443:443 HTTP/1.1" 400 -
143.110.235.92 - - [17/Aug/2023:08:15:25 +0000] "CONNECT play.b52.tools:443:443 HTTP/1.1" 400 -
143.110.235.92 - - [17/Aug/2023:08:15:38 +0000] "CONNECT shopdangson.net:443:443 HTTP/1.1" 400 -
159.89.143.221 - - [17/Aug/2023:08:15:50 +0000] "CONNECT www.zjkqhlxx.cn:443:443 HTTP/1.1" 400 -
159.89.143.238 - - [17/Aug/2023:08:15:54 +0000] "CONNECT vnew88.com:443:443 HTTP/1.1" 400 -
143.110.235.92 - - [17/Aug/2023:08:16:00 +0000] "CONNECT play.b52.tools:443:443 HTTP/1.1" 400 -
159.89.143.221 - - [17/Aug/2023:08:16:03 +0000] "CONNECT www.zjkqhlxx.cn:443:443 HTTP/1.1" 400 -
159.89.136.29 - - [17/Aug/2023:08:16:29 +0000] "CONNECT play.b52.tools:443:443 HTTP/1.1" 400 -
138.197.28.9 - - [17/Aug/2023:08:16:34 +0000] "CONNECT b52.tips:443:443 HTTP/1.1" 400 -
164.92.69.219 - - [17/Aug/2023:08:16:35 +0000] "CONNECT k9win.ca:443:443 HTTP/1.1" 400 -
164.92.69.219 - - [17/Aug/2023:08:16:48 +0000] "CONNECT k9win.ca:443:443 HTTP/1.1" 400 -
143.110.235.92 - - [17/Aug/2023:08:16:53 +0000] "CONNECT codevipgiare.com:443:443 HTTP/1.1" 400 -
159.89.136.33 - - [17/Aug/2023:08:16:54 +0000] "CONNECT www.zjkqhlxx.cn:443:443 HTTP/1.1" 400 -
159.89.143.221 - - [17/Aug/2023:08:17:26 +0000] "CONNECT shopdangson.net:443:443 HTTP/1.1" 400 -
159.89.143.221 - - [17/Aug/2023:08:17:27 +0000] "CONNECT play.b52.tools:443:443 HTTP/1.1" 400 -
159.89.136.29 - - [17/Aug/2023:08:17:37 +0000] "CONNECT play.b52.tools:443:443 HTTP/1.1" 400 -
159.89.143.238 - - [17/Aug/2023:08:17:49 +0000] "CONNECT vnew88.com:443:443 HTTP/1.1" 400 -
159.89.136.33 - - [17/Aug/2023:08:18:15 +0000] "CONNECT www.zjkqhlxx.cn:443:443 HTTP/1.1" 400 -
159.89.136.33 - - [17/Aug/2023:08:18:29 +0000] "CONNECT shopdangson.net:443:443 HTTP/1.1" 400 -
159.89.143.221 - - [17/Aug/2023:08:18:50 +0000] "CONNECT play.b52.tools:443:443 HTTP/1.1" 400 -
159.89.143.221 - - [17/Aug/2023:08:18:51 +0000] "CONNECT www.zjkqhlxx.cn:443:443 HTTP/1.1" 400 -
159.89.136.33 - - [17/Aug/2023:08:18:53 +0000] "CONNECT play.b52.tools:443:443 HTTP/1.1" 400 -
45.128.232.140 - - [17/Aug/2023:08:19:00 +0000] "CONNECT google.com:443 HTTP/1.1" 400 -
159.89.136.33 - - [17/Aug/2023:08:19:00 +0000] "CONNECT shopdangson.net:443:443 HTTP/1.1" 400 -
143.110.235.92 - - [17/Aug/2023:08:19:44 +0000] "CONNECT developer.paypal.com:443:443 HTTP/1.1" 400 -
143.110.235.92 - - [17/Aug/2023:08:19:47 +0000] "CONNECT developer.paypal.com:443:443 HTTP/1.1" 400 -
159.89.143.238 - - [17/Aug/2023:08:19:48 +0000] "CONNECT vnew88.com:443:443 HTTP/1.1" 400 -
159.89.143.221 - - [17/Aug/2023:08:19:51 +0000] "CONNECT play.b52.tools:443:443 HTTP/1.1" 400 -
143.110.235.92 - - [17/Aug/2023:08:19:52 +0000] "CONNECT kofs.hr:443:443 HTTP/1.1" 400 -
143.110.235.92 - - [17/Aug/2023:08:20:03 +0000] "CONNECT developer.paypal.com:443:443 HTTP/1.1" 400 -
159.89.143.221 - - [17/Aug/2023:08:20:18 +0000] "CONNECT play.b52.tools:443:443 HTTP/1.1" 400 -
159.89.143.221 - - [17/Aug/2023:08:20:25 +0000] "CONNECT play.b52.tools:443:443 HTTP/1.1" 400 -
143.110.235.92 - - [17/Aug/2023:08:20:28 +0000] "CONNECT play.b52.tools:443:443 HTTP/1.1" 400 -
159.89.143.221 - - [17/Aug/2023:08:20:31 +0000] "CONNECT developer.paypal.com:443:443 HTTP/1.1" 400 -
159.89.136.33 - - [17/Aug/2023:08:20:47 +0000] "CONNECT gmod.fusion-rp.ru:443:443 HTTP/1.1" 400 -
159.89.136.29 - - [17/Aug/2023:08:20:49 +0000] "CONNECT gmod.fusion-rp.ru:443:443 HTTP/1.1" 400 -
143.110.235.92 - - [17/Aug/2023:08:21:12 +0000] "CONNECT gmod.fusion-rp.ru:443:443 HTTP/1.1" 400 -
159.89.136.33 - - [17/Aug/2023:08:21:26 +0000] "CONNECT gmod.fusion-rp.ru:443:443 HTTP/1.1" 400 -
159.89.143.221 - - [17/Aug/2023:08:21:36 +0000] "CONNECT kofs.hr:443:443 HTTP/1.1" 400 -
138.197.28.9 - - [17/Aug/2023:08:21:55 +0000] "CONNECT b52.tips:443:443 HTTP/1.1" 400 -
159.89.143.221 - - [17/Aug/2023:08:22:13 +0000] "CONNECT play.b52.tools:443:443 HTTP/1.1" 400 -
159.89.136.33 - - [17/Aug/2023:08:22:35 +0000] "CONNECT www.paypal.com:443:443 HTTP/1.1" 400 -
159.89.136.29 - - [17/Aug/2023:08:22:40 +0000] "CONNECT www.paypal.com:443:443 HTTP/1.1" 400 -
138.197.28.9 - - [17/Aug/2023:08:22:50 +0000] "CONNECT play.b52.tips:443:443 HTTP/1.1" 400 -
159.89.136.33 - - [17/Aug/2023:08:23:13 +0000] "CONNECT turkcellsuperonlinenet.com:443:443 HTTP/1.1" 400 -
159.89.136.33 - - [17/Aug/2023:08:23:35 +0000] "CONNECT play.b52.tools:443:443 HTTP/1.1" 400 -
159.89.136.29 - - [17/Aug/2023:08:24:05 +0000] "CONNECT turkcellsuperonlinenet.com:443:443 HTTP/1.1" 400 -
159.89.143.238 - - [17/Aug/2023:08:25:14 +0000] "CONNECT vnew88.com:443:443 HTTP/1.1" 400 -
159.89.136.29 - - [17/Aug/2023:08:25:14 +0000] "CONNECT play.b52.tools:443:443 HTTP/1.1" 400 -
138.197.28.9 - - [17/Aug/2023:08:25:17 +0000] "CONNECT play.b52.tips:443:443 HTTP/1.1" 400 -
143.110.235.92 - - [17/Aug/2023:08:25:23 +0000] "CONNECT mobilpay.live:443:443 HTTP/1.1" 400 -
159.89.136.29 - - [17/Aug/2023:08:25:50 +0000] "CONNECT play.b52.tools:443:443 HTTP/1.1" 400 -
159.89.136.33 - - [17/Aug/2023:08:25:56 +0000] "CONNECT play.b52.tools:443:443 HTTP/1.1" 400 -
159.89.136.33 - - [17/Aug/2023:08:26:01 +0000] "CONNECT play.b52.tools:443:443 HTTP/1.1" 400 -
159.89.136.29 - - [17/Aug/2023:08:26:18 +0000] "CONNECT good.game:443:443 HTTP/1.1" 400 -
143.110.235.92 - - [17/Aug/2023:08:26:19 +0000] "CONNECT play.b52.tools:443:443 HTTP/1.1" 400 -
159.89.136.33 - - [17/Aug/2023:08:26:20 +0000] "CONNECT play.b52.tools:443:443 HTTP/1.1" 400 -
159.89.136.33 - - [17/Aug/2023:08:26:22 +0000] "CONNECT hengfu100.com:443:443 HTTP/1.1" 400 -
159.89.136.29 - - [17/Aug/2023:08:26:27 +0000] "CONNECT mobilpay.live:443:443 HTTP/1.1" 400 -
159.89.136.29 - - [17/Aug/2023:08:26:35 +0000] "CONNECT hengfu100.com:443:443 HTTP/1.1" 400 -
159.89.136.33 - - [17/Aug/2023:08:27:21 +0000] "CONNECT hengfu100.com:443:443 HTTP/1.1" 400 -
159.89.143.221 - - [17/Aug/2023:08:27:26 +0000] "CONNECT play.b52.tools:443:443 HTTP/1.1" 400 -
159.89.136.33 - - [17/Aug/2023:08:27:53 +0000] "CONNECT hengfu100.com:443:443 HTTP/1.1" 400 -
159.89.136.33 - - [17/Aug/2023:08:27:56 +0000] "CONNECT play.b52.tools:443:443 HTTP/1.1" 400 -
143.110.235.92 - - [17/Aug/2023:08:28:02 +0000] "CONNECT play.b52.tools:443:443 HTTP/1.1" 400 -
143.110.235.92 - - [17/Aug/2023:08:28:03 +0000] "CONNECT play.b52.tools:443:443 HTTP/1.1" 400 -
159.89.143.238 - - [17/Aug/2023:08:28:12 +0000] "CONNECT vnew88.com:443:443 HTTP/1.1" 400 -
159.89.143.221 - - [17/Aug/2023:08:28:20 +0000] "CONNECT hengfu100.com:443:443 HTTP/1.1" 400 -
159.89.136.29 - - [17/Aug/2023:08:28:27 +0000] "CONNECT luatnguyenphat.vn:443:443 HTTP/1.1" 400 -
159.89.136.29 - - [17/Aug/2023:08:28:56 +0000] "CONNECT luatnguyenphat.vn:443:443 HTTP/1.1" 400 -
159.89.143.221 - - [17/Aug/2023:08:29:19 +0000] "CONNECT play.b52.tools:443:443 HTTP/1.1" 400 -
144.22.187.83 - - [17/Aug/2023:08:29:25 +0000] "GET / HTTP/1.1" 200 11217
159.89.143.238 - - [17/Aug/2023:08:29:50 +0000] "CONNECT vnew88.com:443:443 HTTP/1.1" 400 -
159.89.143.221 - - [17/Aug/2023:08:29:57 +0000] "CONNECT hengfu100.com:443:443 HTTP/1.1" 400 -
78.108.177.54 - - [17/Aug/2023:08:30:29 +0000] "GET / HTTP/1.0" 200 11197
159.89.143.221 - - [17/Aug/2023:08:30:40 +0000] "CONNECT play.b52.tools:443:443 HTTP/1.1" 400 -
159.89.143.221 - - [17/Aug/2023:08:30:40 +0000] "CONNECT play.b52.tools:443:443 HTTP/1.1" 400 -
143.110.235.92 - - [17/Aug/2023:08:30:47 +0000] "CONNECT hengfu100.com:443:443 HTTP/1.1" 400 -
159.89.136.29 - - [17/Aug/2023:08:30:51 +0000] "CONNECT check-host.net:443:443 HTTP/1.1" 400 -
143.110.235.92 - - [17/Aug/2023:08:30:58 +0000] "CONNECT shopdangson.net:443:443 HTTP/1.1" 400 -
143.110.235.92 - - [17/Aug/2023:08:30:59 +0000] "CONNECT check-host.net:443:443 HTTP/1.1" 400 -
143.110.235.92 - - [17/Aug/2023:08:30:59 +0000] "CONNECT hengfu100.com:443:443 HTTP/1.1" 400 -
143.110.235.92 - - [17/Aug/2023:08:31:09 +0000] "CONNECT shopdangson.net:443:443 HTTP/1.1" 400 -
159.89.136.33 - - [17/Aug/2023:08:31:11 +0000] "CONNECT luatnguyenphat.vn:443:443 HTTP/1.1" 400 -
159.89.136.33 - - [17/Aug/2023:08:31:19 +0000] "CONNECT shopdangson.net:443:443 HTTP/1.1" 400 -
159.89.143.221 - - [17/Aug/2023:08:31:26 +0000] "CONNECT check-host.net:443:443 HTTP/1.1" 400 -
143.110.235.92 - - [17/Aug/2023:08:31:28 +0000] "CONNECT check-host.net:443:443 HTTP/1.1" 400 -
159.89.143.221 - - [17/Aug/2023:08:32:00 +0000] "CONNECT play.b52.tools:443:443 HTTP/1.1" 400 -
159.89.136.29 - - [17/Aug/2023:08:32:08 +0000] "CONNECT check-host.net:443:443 HTTP/1.1" 400 -
159.89.143.238 - - [17/Aug/2023:08:32:15 +0000] "CONNECT vnew88.com:443:443 HTTP/1.1" 400 -
164.92.69.219 - - [17/Aug/2023:08:32:19 +0000] "CONNECT k9win.ca:443:443 HTTP/1.1" 400 -
159.89.143.221 - - [17/Aug/2023:08:32:23 +0000] "CONNECT api.joym100.com:443:443 HTTP/1.1" 400 -
164.92.69.219 - - [17/Aug/2023:08:32:24 +0000] "CONNECT k9win.ca:443:443 HTTP/1.1" 400 -
164.92.69.219 - - [17/Aug/2023:08:32:30 +0000] "CONNECT k9win.ca:443:443 HTTP/1.1" 400 -
124.89.86.238 - - [17/Aug/2023:08:32:32 +0000] "GET / HTTP/1.1" 400 -
124.89.86.238 - - [17/Aug/2023:08:32:33 +0000] "GET / HTTP/1.1" 400 -
124.89.86.238 - - [17/Aug/2023:08:32:34 +0000] "GET / HTTP/1.1" 400 -
124.89.86.238 - - [17/Aug/2023:08:32:35 +0000] "GET / HTTP/1.1" 400 -
113.200.137.98 - - [17/Aug/2023:08:32:35 +0000] "GET / HTTP/1.1" 400 -
124.89.86.238 - - [17/Aug/2023:08:32:36 +0000] "GET / HTTP/1.1" 400 -
124.89.86.238 - - [17/Aug/2023:08:32:37 +0000] "GET / HTTP/1.1" 400 -
124.89.86.238 - - [17/Aug/2023:08:32:38 +0000] "GET / HTTP/1.1" 400 -
124.89.86.238 - - [17/Aug/2023:08:32:39 +0000] "GET / HTTP/1.1" 400 -
124.89.86.238 - - [17/Aug/2023:08:32:39 +0000] "GET / HTTP/1.1" 400 -
124.89.86.238 - - [17/Aug/2023:08:32:40 +0000] "GET / HTTP/1.1" 400 -
124.89.86.238 - - [17/Aug/2023:08:32:41 +0000] "GET / HTTP/1.1" 400 -
124.89.86.238 - - [17/Aug/2023:08:32:42 +0000] "GET / HTTP/1.1" 400 -
124.89.86.238 - - [17/Aug/2023:08:32:43 +0000] "GET / HTTP/1.1" 400 -
124.89.86.238 - - [17/Aug/2023:08:32:43 +0000] "GET / HTTP/1.1" 400 -
113.200.137.98 - - [17/Aug/2023:08:32:44 +0000] "GET / HTTP/1.1" 400 -
124.89.86.238 - - [17/Aug/2023:08:32:45 +0000] "GET / HTTP/1.1" 400 -
113.200.137.98 - - [17/Aug/2023:08:32:46 +0000] "GET / HTTP/1.1" 400 -
124.89.86.238 - - [17/Aug/2023:08:32:46 +0000] "GET / HTTP/1.1" 400 -
159.89.136.33 - - [17/Aug/2023:08:32:47 +0000] "CONNECT kofs.hr:443:443 HTTP/1.1" 400 -
124.89.86.238 - - [17/Aug/2023:08:32:47 +0000] "GET / HTTP/1.1" 400 -
124.89.86.238 - - [17/Aug/2023:08:32:48 +0000] "GET / HTTP/1.1" 400 -
159.89.143.221 - - [17/Aug/2023:08:32:49 +0000] "CONNECT play.b52.tools:443:443 HTTP/1.1" 400 -
113.200.137.98 - - [17/Aug/2023:08:32:49 +0000] "GET / HTTP/1.1" 400 -
124.89.86.238 - - [17/Aug/2023:08:32:50 +0000] "GET / HTTP/1.1" 400 -
124.89.86.238 - - [17/Aug/2023:08:32:50 +0000] "GET / HTTP/1.1" 400 -
124.89.86.238 - - [17/Aug/2023:08:32:51 +0000] "GET / HTTP/1.1" 400 -
113.200.137.98 - - [17/Aug/2023:08:32:52 +0000] "GET / HTTP/1.1" 400 -
124.89.86.238 - - [17/Aug/2023:08:32:53 +0000] "GET / HTTP/1.1" 400 -
164.92.69.219 - - [17/Aug/2023:08:32:53 +0000] "CONNECT k9win.ca:443:443 HTTP/1.1" 400 -
124.89.86.238 - - [17/Aug/2023:08:32:54 +0000] "GET / HTTP/1.1" 400 -
113.200.137.98 - - [17/Aug/2023:08:32:54 +0000] "GET / HTTP/1.1" 400 -
113.200.137.98 - - [17/Aug/2023:08:32:55 +0000] "GET / HTTP/1.1" 400 -
113.200.137.98 - - [17/Aug/2023:08:32:56 +0000] "GET / HTTP/1.1" 400 -
124.89.86.238 - - [17/Aug/2023:08:32:57 +0000] "GET / HTTP/1.1" 400 -
124.89.86.238 - - [17/Aug/2023:08:32:58 +0000] "GET / HTTP/1.1" 400 -
113.200.137.98 - - [17/Aug/2023:08:32:58 +0000] "GET / HTTP/1.1" 400 -
124.89.86.238 - - [17/Aug/2023:08:32:59 +0000] "GET / HTTP/1.1" 400 -
124.89.86.238 - - [17/Aug/2023:08:33:00 +0000] "GET / HTTP/1.1" 400 -
124.89.86.238 - - [17/Aug/2023:08:33:01 +0000] "GET / HTTP/1.1" 400 -
124.89.86.238 - - [17/Aug/2023:08:33:02 +0000] "GET / HTTP/1.1" 400 -
113.200.137.98 - - [17/Aug/2023:08:33:02 +0000] "GET / HTTP/1.1" 400 -
124.89.86.238 - - [17/Aug/2023:08:33:03 +0000] "GET / HTTP/1.1" 400 -
124.89.86.238 - - [17/Aug/2023:08:33:04 +0000] "GET / HTTP/1.1" 400 -
113.200.137.98 - - [17/Aug/2023:08:33:05 +0000] "GET / HTTP/1.1" 400 -
113.200.137.98 - - [17/Aug/2023:08:33:06 +0000] "GET / HTTP/1.1" 400 -
113.200.137.98 - - [17/Aug/2023:08:33:06 +0000] "GET / HTTP/1.1" 400 -
113.200.137.98 - - [17/Aug/2023:08:33:07 +0000] "GET / HTTP/1.1" 400 -
124.89.86.238 - - [17/Aug/2023:08:33:08 +0000] "GET / HTTP/1.1" 400 -
124.89.86.238 - - [17/Aug/2023:08:33:09 +0000] "GET / HTTP/1.1" 400 -
164.92.69.219 - - [17/Aug/2023:08:33:09 +0000] "CONNECT k9win.ca:443:443 HTTP/1.1" 400 -
113.200.137.98 - - [17/Aug/2023:08:33:10 +0000] "GET / HTTP/1.1" 400 -
124.89.86.238 - - [17/Aug/2023:08:33:10 +0000] "GET / HTTP/1.1" 400 -
159.89.136.33 - - [17/Aug/2023:08:33:11 +0000] "CONNECT kofs.hr:443:443 HTTP/1.1" 400 -
124.89.86.238 - - [17/Aug/2023:08:33:11 +0000] "GET / HTTP/1.1" 400 -
113.200.137.98 - - [17/Aug/2023:08:33:12 +0000] "GET / HTTP/1.1" 400 -
113.200.137.98 - - [17/Aug/2023:08:33:13 +0000] "GET / HTTP/1.1" 400 -
124.89.86.238 - - [17/Aug/2023:08:33:14 +0000] "GET / HTTP/1.1" 400 -
113.200.137.98 - - [17/Aug/2023:08:33:14 +0000] "GET / HTTP/1.1" 400 -
113.200.137.98 - - [17/Aug/2023:08:33:15 +0000] "GET / HTTP/1.1" 400 -
113.200.137.98 - - [17/Aug/2023:08:33:16 +0000] "GET / HTTP/1.1" 400 -
124.89.86.238 - - [17/Aug/2023:08:33:17 +0000] "GET / HTTP/1.1" 400 -
113.200.137.98 - - [17/Aug/2023:08:33:18 +0000] "GET / HTTP/1.1" 400 -
164.92.69.219 - - [17/Aug/2023:08:33:18 +0000] "CONNECT k9win.ca:443:443 HTTP/1.1" 400 -
113.200.137.98 - - [17/Aug/2023:08:33:18 +0000] "GET / HTTP/1.1" 400 -
113.200.137.98 - - [17/Aug/2023:08:33:19 +0000] "GET / HTTP/1.1" 400 -
124.89.86.238 - - [17/Aug/2023:08:33:20 +0000] "GET / HTTP/1.1" 400 -
124.89.86.238 - - [17/Aug/2023:08:33:21 +0000] "GET / HTTP/1.1" 400 -
124.89.86.238 - - [17/Aug/2023:08:33:22 +0000] "GET / HTTP/1.1" 400 -
113.200.137.98 - - [17/Aug/2023:08:33:22 +0000] "GET / HTTP/1.1" 400 -
124.89.86.238 - - [17/Aug/2023:08:33:23 +0000] "GET / HTTP/1.1" 400 -
159.89.136.33 - - [17/Aug/2023:08:33:24 +0000] "CONNECT play.b52.tools:443:443 HTTP/1.1" 400 -
113.200.137.98 - - [17/Aug/2023:08:33:24 +0000] "GET / HTTP/1.1" 400 -
113.200.137.98 - - [17/Aug/2023:08:33:25 +0000] "GET / HTTP/1.1" 400 -
124.89.86.238 - - [17/Aug/2023:08:33:26 +0000] "GET / HTTP/1.1" 400 -
124.89.86.238 - - [17/Aug/2023:08:33:26 +0000] "GET / HTTP/1.1" 400 -
124.89.86.238 - - [17/Aug/2023:08:33:27 +0000] "GET / HTTP/1.1" 400 -
113.200.137.98 - - [17/Aug/2023:08:33:28 +0000] "GET / HTTP/1.1" 400 -
113.200.137.98 - - [17/Aug/2023:08:33:29 +0000] "GET / HTTP/1.1" 400 -
164.92.69.219 - - [17/Aug/2023:08:33:29 +0000] "CONNECT k9win.ca:443:443 HTTP/1.1" 400 -
124.89.86.238 - - [17/Aug/2023:08:33:30 +0000] "GET / HTTP/1.1" 400 -
124.89.86.238 - - [17/Aug/2023:08:33:30 +0000] "GET / HTTP/1.1" 400 -
124.89.86.238 - - [17/Aug/2023:08:33:31 +0000] "GET / HTTP/1.1" 400 -
124.89.86.238 - - [17/Aug/2023:08:33:32 +0000] "GET / HTTP/1.1" 400 -
124.89.86.238 - - [17/Aug/2023:08:33:33 +0000] "GET / HTTP/1.1" 400 -
124.89.86.238 - - [17/Aug/2023:08:33:34 +0000] "GET / HTTP/1.1" 400 -
124.89.86.238 - - [17/Aug/2023:08:33:34 +0000] "GET / HTTP/1.1" 400 -
113.200.137.98 - - [17/Aug/2023:08:33:35 +0000] "GET / HTTP/1.1" 400 -
113.200.137.98 - - [17/Aug/2023:08:33:36 +0000] "GET / HTTP/1.1" 400 -
159.89.136.29 - - [17/Aug/2023:08:33:36 +0000] "CONNECT kofs.hr:443:443 HTTP/1.1" 400 -
124.89.86.238 - - [17/Aug/2023:08:33:37 +0000] "GET / HTTP/1.1" 400 -
164.92.69.219 - - [17/Aug/2023:08:33:37 +0000] "CONNECT k9win.ca:443:443 HTTP/1.1" 400 -
124.89.86.238 - - [17/Aug/2023:08:33:38 +0000] "GET / HTTP/1.1" 400 -
113.200.137.98 - - [17/Aug/2023:08:33:38 +0000] "GET / HTTP/1.1" 400 -
124.89.86.238 - - [17/Aug/2023:08:33:39 +0000] "GET / HTTP/1.1" 400 -
164.92.69.219 - - [17/Aug/2023:08:33:39 +0000] "CONNECT k9win.ca:443:443 HTTP/1.1" 400 -
124.89.86.238 - - [17/Aug/2023:08:33:40 +0000] "GET / HTTP/1.1" 400 -
113.200.137.98 - - [17/Aug/2023:08:33:41 +0000] "GET / HTTP/1.1" 400 -
124.89.86.238 - - [17/Aug/2023:08:33:42 +0000] "GET / HTTP/1.1" 400 -
124.89.86.238 - - [17/Aug/2023:08:33:42 +0000] "GET / HTTP/1.1" 400 -
113.200.137.98 - - [17/Aug/2023:08:33:43 +0000] "GET / HTTP/1.1" 400 -
124.89.86.238 - - [17/Aug/2023:08:33:44 +0000] "GET / HTTP/1.1" 400 -
124.89.86.238 - - [17/Aug/2023:08:33:45 +0000] "GET / HTTP/1.1" 400 -
124.89.86.238 - - [17/Aug/2023:08:33:46 +0000] "GET / HTTP/1.1" 400 -
124.89.86.238 - - [17/Aug/2023:08:33:46 +0000] "GET / HTTP/1.1" 400 -
113.200.137.98 - - [17/Aug/2023:08:33:47 +0000] "GET / HTTP/1.1" 400 -
143.110.235.92 - - [17/Aug/2023:08:33:48 +0000] "CONNECT play.b52.tools:443:443 HTTP/1.1" 400 -
124.89.86.238 - - [17/Aug/2023:08:33:48 +0000] "GET / HTTP/1.1" 400 -
124.89.86.238 - - [17/Aug/2023:08:33:49 +0000] "GET / HTTP/1.1" 400 -
124.89.86.238 - - [17/Aug/2023:08:33:50 +0000] "GET / HTTP/1.1" 400 -
159.89.136.33 - - [17/Aug/2023:08:33:50 +0000] "CONNECT api.joym100.com:443:443 HTTP/1.1" 400 -
113.200.137.98 - - [17/Aug/2023:08:33:50 +0000] "GET / HTTP/1.1" 400 -
113.200.137.98 - - [17/Aug/2023:08:33:51 +0000] "GET / HTTP/1.1" 400 -
124.89.86.238 - - [17/Aug/2023:08:33:52 +0000] "GET / HTTP/1.1" 400 -
124.89.86.238 - - [17/Aug/2023:08:33:53 +0000] "GET / HTTP/1.1" 400 -
124.89.86.238 - - [17/Aug/2023:08:33:54 +0000] "GET / HTTP/1.1" 400 -
124.89.86.238 - - [17/Aug/2023:08:33:54 +0000] "GET / HTTP/1.1" 400 -
124.89.86.238 - - [17/Aug/2023:08:33:55 +0000] "GET / HTTP/1.1" 400 -
113.200.137.98 - - [17/Aug/2023:08:33:56 +0000] "GET / HTTP/1.1" 400 -
124.89.86.238 - - [17/Aug/2023:08:33:57 +0000] "GET / HTTP/1.1" 400 -
124.89.86.238 - - [17/Aug/2023:08:33:58 +0000] "GET / HTTP/1.1" 400 -
124.89.86.238 - - [17/Aug/2023:08:33:59 +0000] "GET / HTTP/1.1" 400 -
124.89.86.238 - - [17/Aug/2023:08:33:59 +0000] "GET / HTTP/1.1" 400 -
124.89.86.238 - - [17/Aug/2023:08:34:00 +0000] "GET / HTTP/1.1" 400 -
124.89.86.238 - - [17/Aug/2023:08:34:01 +0000] "GET / HTTP/1.1" 400 -
124.89.86.238 - - [17/Aug/2023:08:34:02 +0000] "GET / HTTP/1.1" 400 -
124.89.86.238 - - [17/Aug/2023:08:34:03 +0000] "GET / HTTP/1.1" 400 -
113.200.137.98 - - [17/Aug/2023:08:34:03 +0000] "GET / HTTP/1.1" 400 -
124.89.86.238 - - [17/Aug/2023:08:34:04 +0000] "GET / HTTP/1.1" 400 -
124.89.86.238 - - [17/Aug/2023:08:34:05 +0000] "GET / HTTP/1.1" 400 -
124.89.86.238 - - [17/Aug/2023:08:34:06 +0000] "GET / HTTP/1.1" 400 -
124.89.86.238 - - [17/Aug/2023:08:34:07 +0000] "GET / HTTP/1.1" 400 -
113.200.137.98 - - [17/Aug/2023:08:34:08 +0000] "GET / HTTP/1.1" 400 -
124.89.86.238 - - [17/Aug/2023:08:34:08 +0000] "GET / HTTP/1.1" 400 -
159.89.143.221 - - [17/Aug/2023:08:34:32 +0000] "CONNECT play.b52.tools:443:443 HTTP/1.1" 400 -
143.110.235.92 - - [17/Aug/2023:08:34:36 +0000] "CONNECT www.alibabaexch777.com:443:443 HTTP/1.1" 400 -
143.110.235.92 - - [17/Aug/2023:08:34:38 +0000] "CONNECT www.alibabaexch777.com:443:443 HTTP/1.1" 400 -
159.89.143.238 - - [17/Aug/2023:08:34:43 +0000] "CONNECT vnew88.com:443:443 HTTP/1.1" 400 -
159.89.143.221 - - [17/Aug/2023:08:34:54 +0000] "CONNECT www.alibabaexch777.com:443:443 HTTP/1.1" 400 -
159.89.143.221 - - [17/Aug/2023:08:34:57 +0000] "CONNECT www.carnet.hr:443:443 HTTP/1.1" 400 -
159.89.136.33 - - [17/Aug/2023:08:35:04 +0000] "CONNECT ta88.bio:443:443 HTTP/1.1" 400 -
159.89.136.29 - - [17/Aug/2023:08:35:08 +0000] "CONNECT www.alibabaexch777.com:443:443 HTTP/1.1" 400 -
159.89.143.238 - - [17/Aug/2023:08:35:18 +0000] "CONNECT vnew88.com:443:443 HTTP/1.1" 400 -
143.110.235.92 - - [17/Aug/2023:08:35:21 +0000] "CONNECT www.alibabaexch777.com:443:443 HTTP/1.1" 400 -
159.89.136.33 - - [17/Aug/2023:08:35:29 +0000] "CONNECT ta88.bio:443:443 HTTP/1.1" 400 -
159.89.143.238 - - [17/Aug/2023:08:35:37 +0000] "CONNECT vnew88.com:443:443 HTTP/1.1" 400 -
143.110.235.92 - - [17/Aug/2023:08:36:15 +0000] "CONNECT play.b52.tools:443:443 HTTP/1.1" 400 -
143.110.235.92 - - [17/Aug/2023:08:36:17 +0000] "CONNECT play.b52.tools:443:443 HTTP/1.1" 400 -
159.89.136.29 - - [17/Aug/2023:08:36:34 +0000] "CONNECT play.b52.tools:443:443 HTTP/1.1" 400 -
138.197.28.9 - - [17/Aug/2023:08:36:53 +0000] "CONNECT play.b52.tips:443:443 HTTP/1.1" 400 -
159.89.136.29 - - [17/Aug/2023:08:37:04 +0000] "CONNECT play.b52.tools:443:443 HTTP/1.1" 400 -
159.89.143.238 - - [17/Aug/2023:08:37:08 +0000] "CONNECT vnew88.com:443:443 HTTP/1.1" 400 -
159.89.143.238 - - [17/Aug/2023:08:37:16 +0000] "CONNECT vnew88.com:443:443 HTTP/1.1" 400 -
159.89.143.221 - - [17/Aug/2023:08:37:34 +0000] "CONNECT play.b52.tools:443:443 HTTP/1.1" 400 -
159.89.143.238 - - [17/Aug/2023:08:38:02 +0000] "CONNECT vnew88.com:443:443 HTTP/1.1" 400 -
24.199.102.77 - - [17/Aug/2023:08:38:06 +0000] "CONNECT www.youtube.com:443:443 HTTP/1.1" 400 -
24.199.102.77 - - [17/Aug/2023:08:38:09 +0000] "CONNECT www.youtube.com:443:443 HTTP/1.1" 400 -
24.199.102.77 - - [17/Aug/2023:08:38:11 +0000] "CONNECT www.youtube.com:443:443 HTTP/1.1" 400 -
24.199.102.77 - - [17/Aug/2023:08:38:11 +0000] "CONNECT www.youtube.com:443:443 HTTP/1.1" 400 -
159.89.136.29 - - [17/Aug/2023:08:38:29 +0000] "CONNECT e-dnevnik.hr:443:443 HTTP/1.1" 400 -
24.199.102.77 - - [17/Aug/2023:08:38:47 +0000] "CONNECT api.joym100.com:443:443 HTTP/1.1" 400 -
164.92.69.219 - - [17/Aug/2023:08:38:52 +0000] "CONNECT k9win.ca:443:443 HTTP/1.1" 400 -
159.89.136.33 - - [17/Aug/2023:08:39:52 +0000] "CONNECT play.b52.tools:443:443 HTTP/1.1" 400 -
159.89.136.29 - - [17/Aug/2023:08:39:53 +0000] "CONNECT www.alibabaexch777.com:443:443 HTTP/1.1" 400 -
159.89.136.29 - - [17/Aug/2023:08:40:27 +0000] "CONNECT api.joym100.com:443:443 HTTP/1.1" 400 -
159.89.136.33 - - [17/Aug/2023:08:40:37 +0000] "CONNECT api.joym100.com:443:443 HTTP/1.1" 400 -
164.92.69.219 - - [17/Aug/2023:08:40:41 +0000] "CONNECT k9win.ca:443:443 HTTP/1.1" 400 -
159.89.143.221 - - [17/Aug/2023:08:40:53 +0000] "CONNECT api.joym100.com:443:443 HTTP/1.1" 400 -
159.89.136.29 - - [17/Aug/2023:08:41:18 +0000] "CONNECT api.joym100.com:443:443 HTTP/1.1" 400 -
164.92.69.219 - - [17/Aug/2023:08:41:33 +0000] "CONNECT k9win.ca:443:443 HTTP/1.1" 400 -
138.197.28.9 - - [17/Aug/2023:08:41:55 +0000] "CONNECT b52.tips:443:443 HTTP/1.1" 400 -
143.110.235.92 - - [17/Aug/2023:08:41:58 +0000] "CONNECT e-dnevnik.skole.hr:443:443 HTTP/1.1" 400 -
164.92.69.219 - - [17/Aug/2023:08:42:04 +0000] "CONNECT k9win.ca:443:443 HTTP/1.1" 400 -
159.89.143.221 - - [17/Aug/2023:08:42:05 +0000] "CONNECT play.b52.tools:443:443 HTTP/1.1" 400 -
159.89.143.238 - - [17/Aug/2023:08:42:23 +0000] "CONNECT vnew88.com:443:443 HTTP/1.1" 400 -
143.110.235.92 - - [17/Aug/2023:08:42:27 +0000] "CONNECT play.b52.tools:443:443 HTTP/1.1" 400 -
159.89.143.221 - - [17/Aug/2023:08:42:30 +0000] "CONNECT e-dnevnik.skole.hr:443:443 HTTP/1.1" 400 -
143.110.235.92 - - [17/Aug/2023:08:42:32 +0000] "CONNECT play.b52.tools:443:443 HTTP/1.1" 400 -
164.92.69.219 - - [17/Aug/2023:08:42:46 +0000] "CONNECT k9win.ca:443:443 HTTP/1.1" 400 -
164.92.69.219 - - [17/Aug/2023:08:42:56 +0000] "CONNECT k9win.ca:443:443 HTTP/1.1" 400 -
159.89.136.33 - - [17/Aug/2023:08:43:12 +0000] "CONNECT play.b52.tools:443:443 HTTP/1.1" 400 -
164.92.69.219 - - [17/Aug/2023:08:43:20 +0000] "CONNECT k9win.ca:443:443 HTTP/1.1" 400 -
159.89.136.33 - - [17/Aug/2023:08:43:26 +0000] "CONNECT play.b52.tools:443:443 HTTP/1.1" 400 -
159.89.143.238 - - [17/Aug/2023:08:43:28 +0000] "CONNECT vnew88.com:443:443 HTTP/1.1" 400 -
164.92.69.219 - - [17/Aug/2023:08:43:42 +0000] "CONNECT k9win.ca:443:443 HTTP/1.1" 400 -
159.89.136.33 - - [17/Aug/2023:08:44:09 +0000] "CONNECT play.b52.tools:443:443 HTTP/1.1" 400 -
164.92.69.219 - - [17/Aug/2023:08:44:10 +0000] "CONNECT k9win.ca:443:443 HTTP/1.1" 400 -
143.110.235.92 - - [17/Aug/2023:08:44:27 +0000] "CONNECT play.b52.tools:443:443 HTTP/1.1" 400 -
159.89.143.238 - - [17/Aug/2023:08:44:31 +0000] "CONNECT vnew88.com:443:443 HTTP/1.1" 400 -
164.92.69.219 - - [17/Aug/2023:08:44:44 +0000] "CONNECT k9win.ca:443:443 HTTP/1.1" 400 -
159.89.143.238 - - [17/Aug/2023:08:45:09 +0000] "CONNECT vnew88.com:443:443 HTTP/1.1" 400 -
159.89.136.33 - - [17/Aug/2023:08:45:10 +0000] "CONNECT tj77.bet:443:443 HTTP/1.1" 400 -
164.92.69.219 - - [17/Aug/2023:08:45:19 +0000] "CONNECT k9win.ca:443:443 HTTP/1.1" 400 -
164.92.69.219 - - [17/Aug/2023:08:45:20 +0000] "CONNECT k9win.ca:443:443 HTTP/1.1" 400 -
159.89.143.221 - - [17/Aug/2023:08:45:23 +0000] "CONNECT tj77.bet:443:443 HTTP/1.1" 400 -
159.89.143.221 - - [17/Aug/2023:08:45:31 +0000] "CONNECT tj77.bet:443:443 HTTP/1.1" 400 -
164.92.69.219 - - [17/Aug/2023:08:45:34 +0000] "CONNECT k9win.ca:443:443 HTTP/1.1" 400 -
164.92.69.219 - - [17/Aug/2023:08:45:44 +0000] "CONNECT k9win.ca:443:443 HTTP/1.1" 400 -
159.89.136.33 - - [17/Aug/2023:08:46:19 +0000] "CONNECT tj77.bet:443:443 HTTP/1.1" 400 -
159.89.143.221 - - [17/Aug/2023:08:46:25 +0000] "CONNECT tj77.bet:443:443 HTTP/1.1" 400 -
138.197.28.9 - - [17/Aug/2023:08:46:34 +0000] "CONNECT b52.tips:443:443 HTTP/1.1" 400 -
159.89.136.29 - - [17/Aug/2023:08:46:56 +0000] "CONNECT tj77.bet:443:443 HTTP/1.1" 400 -
159.89.136.29 - - [17/Aug/2023:08:47:25 +0000] "CONNECT play.b52.tools:443:443 HTTP/1.1" 400 -
159.89.136.29 - - [17/Aug/2023:08:48:08 +0000] "CONNECT play.b52.tools:443:443 HTTP/1.1" 400 -
159.89.136.33 - - [17/Aug/2023:08:48:24 +0000] "CONNECT play.b52.tools:443:443 HTTP/1.1" 400 -
159.89.136.29 - - [17/Aug/2023:08:48:29 +0000] "CONNECT tj77.bet:443:443 HTTP/1.1" 400 -
164.92.69.219 - - [17/Aug/2023:08:48:39 +0000] "CONNECT k9win.ca:443:443 HTTP/1.1" 400 -
164.92.69.219 - - [17/Aug/2023:08:48:45 +0000] "CONNECT k9win.ca:443:443 HTTP/1.1" 400 -
159.89.143.238 - - [17/Aug/2023:08:48:47 +0000] "CONNECT vnew88.com:443:443 HTTP/1.1" 400 -
164.92.69.219 - - [17/Aug/2023:08:48:50 +0000] "CONNECT k9win.ca:443:443 HTTP/1.1" 400 -
164.92.69.219 - - [17/Aug/2023:08:48:50 +0000] "CONNECT k9win.ca:443:443 HTTP/1.1" 400 -
164.92.69.219 - - [17/Aug/2023:08:48:56 +0000] "CONNECT k9win.ca:443:443 HTTP/1.1" 400 -
164.92.69.219 - - [17/Aug/2023:08:48:57 +0000] "CONNECT k9win.ca:443:443 HTTP/1.1" 400 -
