159.89.136.29 - - [19/Aug/2023:03:55:37 +0000] "CONNECT lo88.org:443:443 HTTP/1.1" 400 -
159.89.136.29 - - [19/Aug/2023:03:56:00 +0000] "CONNECT sumvip3.club:443:443 HTTP/1.1" 400 -
159.89.136.33 - - [19/Aug/2023:03:56:05 +0000] "CONNECT 51.79.243.160:443:443 HTTP/1.1" 400 -
159.89.136.29 - - [19/Aug/2023:03:56:14 +0000] "CONNECT test.lo88.org:443:443 HTTP/1.1" 400 -
159.89.143.238 - - [19/Aug/2023:03:56:20 +0000] "CONNECT vnew88.com:443:443 HTTP/1.1" 400 -
159.89.143.238 - - [19/Aug/2023:03:56:20 +0000] "CONNECT vnew88.com:443:443 HTTP/1.1" 400 -
159.89.143.238 - - [19/Aug/2023:03:56:21 +0000] "CONNECT vnew88.com:443:443 HTTP/1.1" 400 -
159.89.136.29 - - [19/Aug/2023:03:56:22 +0000] "CONNECT test.lo88.org:443:443 HTTP/1.1" 400 -
138.197.28.9 - - [19/Aug/2023:03:56:38 +0000] "CONNECT play.rikvip.net:443:443 HTTP/1.1" 400 -
159.89.136.33 - - [19/Aug/2023:03:57:07 +0000] "CONNECT 51.79.243.160:443:443 HTTP/1.1" 400 -
159.89.143.238 - - [19/Aug/2023:03:57:15 +0000] "CONNECT vnew88.com:443:443 HTTP/1.1" 400 -
159.89.143.238 - - [19/Aug/2023:03:57:20 +0000] "CONNECT vnew88.com:443:443 HTTP/1.1" 400 -
159.89.143.238 - - [19/Aug/2023:03:57:33 +0000] "CONNECT vnew88.com:443:443 HTTP/1.1" 400 -
159.89.143.238 - - [19/Aug/2023:03:57:43 +0000] "CONNECT vnew88.com:443:443 HTTP/1.1" 400 -
159.89.143.238 - - [19/Aug/2023:03:58:08 +0000] "CONNECT vnew88.com:443:443 HTTP/1.1" 400 -
159.89.136.29 - - [19/Aug/2023:03:59:03 +0000] "CONNECT sumvip3.club:443:443 HTTP/1.1" 400 -
138.197.28.9 - - [19/Aug/2023:03:59:10 +0000] "CONNECT play.rikvip.net:443:443 HTTP/1.1" 400 -
159.89.136.29 - - [19/Aug/2023:03:59:13 +0000] "CONNECT lo88.org:443:443 HTTP/1.1" 400 -
159.89.136.29 - - [19/Aug/2023:03:59:15 +0000] "CONNECT hqlogs.sellpass.io:443:443 HTTP/1.1" 400 -
138.197.28.9 - - [19/Aug/2023:03:59:52 +0000] "CONNECT play.rikvip.net:443:443 HTTP/1.1" 400 -
159.89.143.238 - - [19/Aug/2023:04:00:15 +0000] "CONNECT vnew88.com:443:443 HTTP/1.1" 400 -
159.89.143.238 - - [19/Aug/2023:04:00:15 +0000] "CONNECT vnew88.com:443:443 HTTP/1.1" 400 -
159.89.136.29 - - [19/Aug/2023:04:00:21 +0000] "CONNECT lo88.org:443:443 HTTP/1.1" 400 -
159.89.136.33 - - [19/Aug/2023:04:00:30 +0000] "CONNECT 51.79.243.160:443:443 HTTP/1.1" 400 -
159.89.136.33 - - [19/Aug/2023:04:00:37 +0000] "CONNECT 51.79.243.160:443:443 HTTP/1.1" 400 -
159.89.136.29 - - [19/Aug/2023:04:00:47 +0000] "CONNECT lo88.org:443:443 HTTP/1.1" 400 -
159.89.143.238 - - [19/Aug/2023:04:00:57 +0000] "CONNECT test.lo88.org:443:443 HTTP/1.1" 400 -
159.89.136.33 - - [19/Aug/2023:04:00:59 +0000] "CONNECT 51.79.243.160:443:443 HTTP/1.1" 400 -
159.89.143.238 - - [19/Aug/2023:04:01:06 +0000] "CONNECT sumvip3.club:443:443 HTTP/1.1" 400 -
159.89.143.238 - - [19/Aug/2023:04:01:54 +0000] "CONNECT vnew88.com:443:443 HTTP/1.1" 400 -
159.89.136.29 - - [19/Aug/2023:04:01:57 +0000] "CONNECT k9win.agency:443:443 HTTP/1.1" 400 -
159.89.143.238 - - [19/Aug/2023:04:02:11 +0000] "CONNECT vnew88.com:443:443 HTTP/1.1" 400 -
138.197.28.9 - - [19/Aug/2023:04:02:36 +0000] "CONNECT play.rikvip.net:443:443 HTTP/1.1" 400 -
159.89.136.33 - - [19/Aug/2023:04:02:58 +0000] "CONNECT 51.79.243.160:443:443 HTTP/1.1" 400 -
159.89.143.238 - - [19/Aug/2023:04:03:14 +0000] "CONNECT vnew88.com:443:443 HTTP/1.1" 400 -
138.197.28.9 - - [19/Aug/2023:04:03:37 +0000] "CONNECT play.rikvip.net:443:443 HTTP/1.1" 400 -
159.89.143.238 - - [19/Aug/2023:04:04:18 +0000] "CONNECT vnew88.com:443:443 HTTP/1.1" 400 -
159.89.143.238 - - [19/Aug/2023:04:04:47 +0000] "CONNECT vnew88.com:443:443 HTTP/1.1" 400 -
159.89.143.238 - - [19/Aug/2023:04:05:03 +0000] "CONNECT vnew88.com:443:443 HTTP/1.1" 400 -
159.89.136.29 - - [19/Aug/2023:04:05:07 +0000] "CONNECT k9win.agency:443:443 HTTP/1.1" 400 -
159.89.136.33 - - [19/Aug/2023:04:05:24 +0000] "CONNECT 51.79.243.160:443:443 HTTP/1.1" 400 -
159.89.143.238 - - [19/Aug/2023:04:05:30 +0000] "CONNECT jokercard.net:443:443 HTTP/1.1" 400 -
159.89.136.29 - - [19/Aug/2023:04:05:35 +0000] "CONNECT k9win.agency:443:443 HTTP/1.1" 400 -
159.89.143.238 - - [19/Aug/2023:04:05:39 +0000] "CONNECT sumvip3.club:443:443 HTTP/1.1" 400 -
138.197.28.9 - - [19/Aug/2023:04:05:41 +0000] "CONNECT play.rikvip.net:443:443 HTTP/1.1" 400 -
159.89.136.33 - - [19/Aug/2023:04:05:42 +0000] "CONNECT 51.79.243.160:443:443 HTTP/1.1" 400 -
159.89.143.238 - - [19/Aug/2023:04:05:48 +0000] "CONNECT jokercard.net:443:443 HTTP/1.1" 400 -
159.89.136.33 - - [19/Aug/2023:04:05:55 +0000] "CONNECT 51.79.243.160:443:443 HTTP/1.1" 400 -
138.197.28.9 - - [19/Aug/2023:04:05:57 +0000] "CONNECT play.rikvip.net:443:443 HTTP/1.1" 400 -
159.89.143.238 - - [19/Aug/2023:04:06:05 +0000] "CONNECT jokercard.net:443:443 HTTP/1.1" 400 -
159.89.143.238 - - [19/Aug/2023:04:06:13 +0000] "CONNECT vnew88.com:443:443 HTTP/1.1" 400 -
159.89.136.29 - - [19/Aug/2023:04:06:20 +0000] "CONNECT jokercard.net:443:443 HTTP/1.1" 400 -
159.89.136.29 - - [19/Aug/2023:04:06:29 +0000] "CONNECT jokercard.net:443:443 HTTP/1.1" 400 -
159.89.136.29 - - [19/Aug/2023:04:06:34 +0000] "CONNECT test.lo88.org:443:443 HTTP/1.1" 400 -
138.197.28.9 - - [19/Aug/2023:04:07:00 +0000] "CONNECT play.rikvip.net:443:443 HTTP/1.1" 400 -
159.89.136.33 - - [19/Aug/2023:04:07:22 +0000] "CONNECT 51.79.243.160:443:443 HTTP/1.1" 400 -
159.89.136.29 - - [19/Aug/2023:04:07:48 +0000] "CONNECT shellix.cc:443:443 HTTP/1.1" 400 -
159.89.136.29 - - [19/Aug/2023:04:08:04 +0000] "CONNECT jokercard.net:443:443 HTTP/1.1" 400 -
159.89.136.33 - - [19/Aug/2023:04:08:05 +0000] "CONNECT 51.79.243.160:443:443 HTTP/1.1" 400 -
159.89.143.238 - - [19/Aug/2023:04:08:08 +0000] "CONNECT vnew88.com:443:443 HTTP/1.1" 400 -
159.89.143.238 - - [19/Aug/2023:04:08:17 +0000] "CONNECT vnew88.com:443:443 HTTP/1.1" 400 -
159.89.143.238 - - [19/Aug/2023:04:08:18 +0000] "CONNECT vnew88.com:443:443 HTTP/1.1" 400 -
159.89.136.33 - - [19/Aug/2023:04:08:26 +0000] "CONNECT 51.79.243.160:443:443 HTTP/1.1" 400 -
159.89.136.29 - - [19/Aug/2023:04:08:39 +0000] "CONNECT lo88.org:443:443 HTTP/1.1" 400 -
159.89.143.238 - - [19/Aug/2023:04:08:53 +0000] "CONNECT vnew88.com:443:443 HTTP/1.1" 400 -
159.89.136.33 - - [19/Aug/2023:04:09:25 +0000] "CONNECT 51.79.243.160:443:443 HTTP/1.1" 400 -
138.197.28.9 - - [19/Aug/2023:04:09:28 +0000] "CONNECT play.rikvip.net:443:443 HTTP/1.1" 400 -
159.89.136.29 - - [19/Aug/2023:04:09:31 +0000] "CONNECT test.lo88.org:443:443 HTTP/1.1" 400 -
138.197.28.9 - - [19/Aug/2023:04:09:52 +0000] "CONNECT play.rikvip.net:443:443 HTTP/1.1" 400 -
159.89.136.29 - - [19/Aug/2023:04:10:07 +0000] "CONNECT 185.199.109.153:443:443 HTTP/1.1" 400 -
159.89.143.238 - - [19/Aug/2023:04:10:14 +0000] "CONNECT test.lo88.org:443:443 HTTP/1.1" 400 -
159.89.143.238 - - [19/Aug/2023:04:10:20 +0000] "CONNECT sumvip3.club:443:443 HTTP/1.1" 400 -
159.89.143.238 - - [19/Aug/2023:04:10:24 +0000] "CONNECT jokercard.net:443:443 HTTP/1.1" 400 -
159.89.136.29 - - [19/Aug/2023:04:10:29 +0000] "CONNECT k9win.agency:443:443 HTTP/1.1" 400 -
159.89.136.29 - - [19/Aug/2023:04:10:46 +0000] "CONNECT lo88.org:443:443 HTTP/1.1" 400 -
159.89.136.33 - - [19/Aug/2023:04:10:52 +0000] "CONNECT 51.79.243.160:443:443 HTTP/1.1" 400 -
159.89.143.238 - - [19/Aug/2023:04:10:58 +0000] "CONNECT k9win.agency:443:443 HTTP/1.1" 400 -
159.89.143.238 - - [19/Aug/2023:04:10:59 +0000] "CONNECT jokercard.net:443:443 HTTP/1.1" 400 -
159.89.143.238 - - [19/Aug/2023:04:11:13 +0000] "CONNECT vnew88.com:443:443 HTTP/1.1" 400 -
159.89.143.238 - - [19/Aug/2023:04:11:13 +0000] "CONNECT vnew88.com:443:443 HTTP/1.1" 400 -
159.89.143.238 - - [19/Aug/2023:04:11:28 +0000] "CONNECT vnew88.com:443:443 HTTP/1.1" 400 -
138.197.28.9 - - [19/Aug/2023:04:11:46 +0000] "CONNECT play.rikvip.net:443:443 HTTP/1.1" 400 -
159.89.143.238 - - [19/Aug/2023:04:11:58 +0000] "CONNECT vnew88.com:443:443 HTTP/1.1" 400 -
159.89.136.29 - - [19/Aug/2023:04:12:11 +0000] "CONNECT jokercard.net:443:443 HTTP/1.1" 400 -
159.89.136.33 - - [19/Aug/2023:04:12:19 +0000] "CONNECT 51.79.243.160:443:443 HTTP/1.1" 400 -
159.89.136.29 - - [19/Aug/2023:04:12:26 +0000] "CONNECT sumvip3.club:443:443 HTTP/1.1" 400 -
159.89.136.29 - - [19/Aug/2023:04:12:56 +0000] "CONNECT test.lo88.org:443:443 HTTP/1.1" 400 -
159.89.136.29 - - [19/Aug/2023:04:13:09 +0000] "CONNECT k9win.agency:443:443 HTTP/1.1" 400 -
159.89.136.29 - - [19/Aug/2023:04:13:28 +0000] "CONNECT jokercard.net:443:443 HTTP/1.1" 400 -
159.89.136.29 - - [19/Aug/2023:04:13:39 +0000] "CONNECT jokercard.net:443:443 HTTP/1.1" 400 -
159.89.136.29 - - [19/Aug/2023:04:13:50 +0000] "CONNECT k9win.agency:443:443 HTTP/1.1" 400 -
159.89.136.33 - - [19/Aug/2023:04:14:02 +0000] "CONNECT 51.79.243.160:443:443 HTTP/1.1" 400 -
159.89.136.33 - - [19/Aug/2023:04:14:04 +0000] "CONNECT 51.79.243.160:443:443 HTTP/1.1" 400 -
159.89.143.238 - - [19/Aug/2023:04:14:14 +0000] "CONNECT vnew88.com:443:443 HTTP/1.1" 400 -
159.89.143.238 - - [19/Aug/2023:04:14:18 +0000] "CONNECT vnew88.com:443:443 HTTP/1.1" 400 -
159.89.136.33 - - [19/Aug/2023:04:14:39 +0000] "CONNECT 51.79.243.160:443:443 HTTP/1.1" 400 -
159.89.136.29 - - [19/Aug/2023:04:14:41 +0000] "CONNECT lo88.org:443:443 HTTP/1.1" 400 -
159.89.143.238 - - [19/Aug/2023:04:14:44 +0000] "CONNECT vnew88.com:443:443 HTTP/1.1" 400 -
159.89.143.238 - - [19/Aug/2023:04:14:45 +0000] "CONNECT vnew88.com:443:443 HTTP/1.1" 400 -
159.89.136.33 - - [19/Aug/2023:04:14:46 +0000] "CONNECT 51.79.243.160:443:443 HTTP/1.1" 400 -
138.197.28.9 - - [19/Aug/2023:04:14:46 +0000] "CONNECT play.rikvip.net:443:443 HTTP/1.1" 400 -
138.197.28.9 - - [19/Aug/2023:04:14:51 +0000] "CONNECT play.rikvip.net:443:443 HTTP/1.1" 400 -
159.89.143.238 - - [19/Aug/2023:04:15:06 +0000] "CONNECT vnew88.com:443:443 HTTP/1.1" 400 -
159.89.136.29 - - [19/Aug/2023:04:15:15 +0000] "CONNECT sumvip3.club:443:443 HTTP/1.1" 400 -
159.89.136.33 - - [19/Aug/2023:04:15:22 +0000] "CONNECT 51.79.243.160:443:443 HTTP/1.1" 400 -
159.89.143.238 - - [19/Aug/2023:04:15:30 +0000] "CONNECT lo88.org:443:443 HTTP/1.1" 400 -
159.89.143.238 - - [19/Aug/2023:04:15:37 +0000] "CONNECT shop2fa.com:443:443 HTTP/1.1" 400 -
159.89.136.33 - - [19/Aug/2023:04:15:51 +0000] "CONNECT 51.79.243.160:443:443 HTTP/1.1" 400 -
159.89.136.33 - - [19/Aug/2023:04:16:00 +0000] "CONNECT 51.79.243.160:443:443 HTTP/1.1" 400 -
159.89.136.29 - - [19/Aug/2023:04:16:03 +0000] "CONNECT test.lo88.org:443:443 HTTP/1.1" 400 -
159.89.136.29 - - [19/Aug/2023:04:16:06 +0000] "CONNECT lo88.org:443:443 HTTP/1.1" 400 -
159.89.136.29 - - [19/Aug/2023:04:16:14 +0000] "CONNECT test.lo88.org:443:443 HTTP/1.1" 400 -
138.197.28.9 - - [19/Aug/2023:04:16:18 +0000] "CONNECT play.rikvip.net:443:443 HTTP/1.1" 400 -
159.89.143.238 - - [19/Aug/2023:04:16:28 +0000] "CONNECT vnew88.com:443:443 HTTP/1.1" 400 -
159.89.143.238 - - [19/Aug/2023:04:16:36 +0000] "CONNECT vnew88.com:443:443 HTTP/1.1" 400 -
159.89.143.238 - - [19/Aug/2023:04:17:23 +0000] "CONNECT vnew88.com:443:443 HTTP/1.1" 400 -
138.197.28.9 - - [19/Aug/2023:04:17:38 +0000] "CONNECT play.rikvip.net:443:443 HTTP/1.1" 400 -
159.89.136.29 - - [19/Aug/2023:04:17:45 +0000] "CONNECT sumvip3.club:443:443 HTTP/1.1" 400 -
159.89.136.29 - - [19/Aug/2023:04:17:45 +0000] "CONNECT test.lo88.org:443:443 HTTP/1.1" 400 -
159.89.143.238 - - [19/Aug/2023:04:17:53 +0000] "CONNECT vnew88.com:443:443 HTTP/1.1" 400 -
159.89.143.238 - - [19/Aug/2023:04:17:58 +0000] "CONNECT vnew88.com:443:443 HTTP/1.1" 400 -
138.197.28.9 - - [19/Aug/2023:04:18:00 +0000] "CONNECT play.rikvip.net:443:443 HTTP/1.1" 400 -
159.89.136.29 - - [19/Aug/2023:04:18:03 +0000] "CONNECT k9win.agency:443:443 HTTP/1.1" 400 -
159.89.143.238 - - [19/Aug/2023:04:18:22 +0000] "CONNECT www.stiamadani.ac.id:443:443 HTTP/1.1" 400 -
159.89.136.29 - - [19/Aug/2023:04:18:48 +0000] "CONNECT sumvip3.club:443:443 HTTP/1.1" 400 -
159.89.143.238 - - [19/Aug/2023:04:18:49 +0000] "CONNECT vnew88.com:443:443 HTTP/1.1" 400 -
159.89.136.29 - - [19/Aug/2023:04:18:54 +0000] "CONNECT k9win.agency:443:443 HTTP/1.1" 400 -
159.89.143.238 - - [19/Aug/2023:04:19:14 +0000] "CONNECT vnew88.com:443:443 HTTP/1.1" 400 -
159.89.143.238 - - [19/Aug/2023:04:19:46 +0000] "CONNECT kitchentown.vn:443:443 HTTP/1.1" 400 -
159.89.136.29 - - [19/Aug/2023:04:19:53 +0000] "CONNECT kitchentown.vn:443:443 HTTP/1.1" 400 -
159.89.136.33 - - [19/Aug/2023:04:19:54 +0000] "CONNECT 51.79.243.160:443:443 HTTP/1.1" 400 -
159.89.136.33 - - [19/Aug/2023:04:20:17 +0000] "CONNECT 51.79.243.160:443:443 HTTP/1.1" 400 -
159.89.136.33 - - [19/Aug/2023:04:20:50 +0000] "CONNECT 51.79.243.160:443:443 HTTP/1.1" 400 -
159.89.143.238 - - [19/Aug/2023:04:20:59 +0000] "CONNECT vnew88.com:443:443 HTTP/1.1" 400 -
159.89.136.29 - - [19/Aug/2023:04:21:03 +0000] "CONNECT test.lo88.org:443:443 HTTP/1.1" 400 -
159.89.136.29 - - [19/Aug/2023:04:21:04 +0000] "CONNECT test.lo88.org:443:443 HTTP/1.1" 400 -
159.89.136.33 - - [19/Aug/2023:04:21:14 +0000] "CONNECT 51.79.243.160:443:443 HTTP/1.1" 400 -
159.89.136.29 - - [19/Aug/2023:04:21:15 +0000] "CONNECT arca.live:443:443 HTTP/1.1" 400 -
159.89.143.238 - - [19/Aug/2023:04:21:24 +0000] "CONNECT vnew88.com:443:443 HTTP/1.1" 400 -
159.89.143.238 - - [19/Aug/2023:04:21:39 +0000] "CONNECT vnew88.com:443:443 HTTP/1.1" 400 -
159.89.136.29 - - [19/Aug/2023:04:21:51 +0000] "CONNECT lo88.org:443:443 HTTP/1.1" 400 -
159.89.143.238 - - [19/Aug/2023:04:21:58 +0000] "CONNECT vnew88.com:443:443 HTTP/1.1" 400 -
159.89.143.238 - - [19/Aug/2023:04:22:04 +0000] "CONNECT vnew88.com:443:443 HTTP/1.1" 400 -
138.197.28.9 - - [19/Aug/2023:04:22:09 +0000] "CONNECT play.rikvip.net:443:443 HTTP/1.1" 400 -
159.89.143.238 - - [19/Aug/2023:04:22:39 +0000] "CONNECT vnew88.com:443:443 HTTP/1.1" 400 -
159.89.143.238 - - [19/Aug/2023:04:22:40 +0000] "CONNECT vnew88.com:443:443 HTTP/1.1" 400 -
159.89.143.238 - - [19/Aug/2023:04:22:44 +0000] "CONNECT l7.request.social:443:443 HTTP/1.1" 400 -
138.197.28.9 - - [19/Aug/2023:04:22:53 +0000] "CONNECT play.rikvip.net:443:443 HTTP/1.1" 400 -
159.89.143.238 - - [19/Aug/2023:04:22:57 +0000] "CONNECT vnew88.com:443:443 HTTP/1.1" 400 -
159.89.143.238 - - [19/Aug/2023:04:23:15 +0000] "CONNECT vnew88.com:443:443 HTTP/1.1" 400 -
159.89.143.238 - - [19/Aug/2023:04:23:16 +0000] "CONNECT vnew88.com:443:443 HTTP/1.1" 400 -
159.89.143.238 - - [19/Aug/2023:04:23:47 +0000] "CONNECT vnew88.com:443:443 HTTP/1.1" 400 -
159.89.143.238 - - [19/Aug/2023:04:23:59 +0000] "CONNECT vnew88.com:443:443 HTTP/1.1" 400 -
159.89.143.238 - - [19/Aug/2023:04:24:01 +0000] "CONNECT bantool.net:443:443 HTTP/1.1" 400 -
159.89.143.238 - - [19/Aug/2023:04:24:02 +0000] "CONNECT vnew88.com:443:443 HTTP/1.1" 400 -
139.190.188.54 - - [19/Aug/2023:04:24:12 +0000] "GET / HTTP/1.1" 200 11217
139.190.188.54 - - [19/Aug/2023:04:24:12 +0000] "GET / HTTP/1.1" 200 11217
139.190.188.54 - - [19/Aug/2023:04:24:12 +0000] "GET / HTTP/1.1" 200 11217
139.190.188.54 - - [19/Aug/2023:04:24:12 +0000] "GET / HTTP/1.1" 200 11217
139.190.188.54 - - [19/Aug/2023:04:24:12 +0000] "GET / HTTP/1.1" 200 11217
139.190.188.54 - - [19/Aug/2023:04:24:12 +0000] "GET / HTTP/1.1" 200 11217
138.197.28.9 - - [19/Aug/2023:04:24:51 +0000] "CONNECT play.rikvip.net:443:443 HTTP/1.1" 400 -
138.197.28.9 - - [19/Aug/2023:04:24:57 +0000] "CONNECT play.rikvip.net:443:443 HTTP/1.1" 400 -
159.89.136.29 - - [19/Aug/2023:04:25:19 +0000] "CONNECT test.lo88.org:443:443 HTTP/1.1" 400 -
159.89.143.238 - - [19/Aug/2023:04:25:34 +0000] "CONNECT vnew88.com:443:443 HTTP/1.1" 400 -
138.197.28.9 - - [19/Aug/2023:04:25:51 +0000] "CONNECT play.rikvip.net:443:443 HTTP/1.1" 400 -
138.197.28.9 - - [19/Aug/2023:04:25:53 +0000] "CONNECT play.rikvip.net:443:443 HTTP/1.1" 400 -
159.89.143.238 - - [19/Aug/2023:04:26:18 +0000] "CONNECT vnew88.com:443:443 HTTP/1.1" 400 -
159.89.143.238 - - [19/Aug/2023:04:26:36 +0000] "CONNECT vnew88.com:443:443 HTTP/1.1" 400 -
138.197.28.9 - - [19/Aug/2023:04:26:38 +0000] "CONNECT play.rikvip.net:443:443 HTTP/1.1" 400 -
159.89.143.238 - - [19/Aug/2023:04:26:56 +0000] "CONNECT vnew88.com:443:443 HTTP/1.1" 400 -
159.89.143.238 - - [19/Aug/2023:04:27:15 +0000] "CONNECT vnew88.com:443:443 HTTP/1.1" 400 -
159.89.143.238 - - [19/Aug/2023:04:27:26 +0000] "CONNECT vnew88.com:443:443 HTTP/1.1" 400 -
138.197.28.9 - - [19/Aug/2023:04:27:31 +0000] "CONNECT play.rikvip.net:443:443 HTTP/1.1" 400 -
159.89.136.29 - - [19/Aug/2023:04:27:41 +0000] "CONNECT k9win.agency:443:443 HTTP/1.1" 400 -
138.197.28.9 - - [19/Aug/2023:04:27:42 +0000] "CONNECT play.rikvip.net:443:443 HTTP/1.1" 400 -
159.89.136.33 - - [19/Aug/2023:04:27:45 +0000] "CONNECT 51.79.243.160:443:443 HTTP/1.1" 400 -
159.89.143.238 - - [19/Aug/2023:04:27:46 +0000] "CONNECT vnew88.com:443:443 HTTP/1.1" 400 -
159.89.143.238 - - [19/Aug/2023:04:27:53 +0000] "CONNECT vnew88.com:443:443 HTTP/1.1" 400 -
138.197.28.9 - - [19/Aug/2023:04:28:31 +0000] "CONNECT play.rikvip.net:443:443 HTTP/1.1" 400 -
159.89.136.29 - - [19/Aug/2023:04:28:33 +0000] "CONNECT k9win.agency:443:443 HTTP/1.1" 400 -
159.89.136.29 - - [19/Aug/2023:04:28:41 +0000] "CONNECT sumvip3.club:443:443 HTTP/1.1" 400 -
159.89.136.33 - - [19/Aug/2023:04:28:46 +0000] "CONNECT 51.79.243.160:443:443 HTTP/1.1" 400 -
159.89.136.33 - - [19/Aug/2023:04:28:51 +0000] "CONNECT 51.79.243.160:443:443 HTTP/1.1" 400 -
159.89.143.238 - - [19/Aug/2023:04:29:05 +0000] "CONNECT vnew88.com:443:443 HTTP/1.1" 400 -
159.89.136.33 - - [19/Aug/2023:04:29:08 +0000] "CONNECT 51.79.243.160:443:443 HTTP/1.1" 400 -
159.89.136.29 - - [19/Aug/2023:04:29:14 +0000] "CONNECT test.lo88.org:443:443 HTTP/1.1" 400 -
159.89.136.29 - - [19/Aug/2023:04:29:23 +0000] "CONNECT test.lo88.org:443:443 HTTP/1.1" 400 -
138.197.28.9 - - [19/Aug/2023:04:29:57 +0000] "CONNECT play.rikvip.net:443:443 HTTP/1.1" 400 -
138.197.28.9 - - [19/Aug/2023:04:29:58 +0000] "CONNECT play.rikvip.net:443:443 HTTP/1.1" 400 -
159.89.143.238 - - [19/Aug/2023:04:30:35 +0000] "CONNECT k9win.agency:443:443 HTTP/1.1" 400 -
159.89.136.29 - - [19/Aug/2023:04:30:39 +0000] "CONNECT sumvip3.club:443:443 HTTP/1.1" 400 -
159.89.136.29 - - [19/Aug/2023:04:30:41 +0000] "CONNECT k9win.agency:443:443 HTTP/1.1" 400 -
159.89.143.238 - - [19/Aug/2023:04:30:42 +0000] "CONNECT vnew88.com:443:443 HTTP/1.1" 400 -
159.89.136.29 - - [19/Aug/2023:04:30:52 +0000] "CONNECT sumvip3.club:443:443 HTTP/1.1" 400 -
159.89.136.29 - - [19/Aug/2023:04:31:34 +0000] "CONNECT test.lo88.org:443:443 HTTP/1.1" 400 -
159.89.143.238 - - [19/Aug/2023:04:31:35 +0000] "CONNECT vnew88.com:443:443 HTTP/1.1" 400 -
159.89.143.238 - - [19/Aug/2023:04:31:52 +0000] "CONNECT vnew88.com:443:443 HTTP/1.1" 400 -
159.89.136.33 - - [19/Aug/2023:04:31:53 +0000] "CONNECT 51.79.243.160:443:443 HTTP/1.1" 400 -
159.89.136.29 - - [19/Aug/2023:04:31:56 +0000] "CONNECT sumvip3.club:443:443 HTTP/1.1" 400 -
159.89.136.29 - - [19/Aug/2023:04:31:58 +0000] "CONNECT test.lo88.org:443:443 HTTP/1.1" 400 -
138.197.28.9 - - [19/Aug/2023:04:32:02 +0000] "CONNECT play.rikvip.net:443:443 HTTP/1.1" 400 -
159.89.143.238 - - [19/Aug/2023:04:32:13 +0000] "CONNECT nham24.com:443:443 HTTP/1.1" 400 -
159.89.136.33 - - [19/Aug/2023:04:32:23 +0000] "CONNECT 51.79.243.160:443:443 HTTP/1.1" 400 -
159.89.143.238 - - [19/Aug/2023:04:32:23 +0000] "CONNECT vnew88.com:443:443 HTTP/1.1" 400 -
159.89.136.29 - - [19/Aug/2023:04:32:31 +0000] "CONNECT nham24.com:443:443 HTTP/1.1" 400 -
92.118.39.84 - - [19/Aug/2023:04:32:32 +0000] "CONNECT myipb1a.mrrage.xyz:80 HTTP/1.1" 400 -
159.89.136.29 - - [19/Aug/2023:04:32:48 +0000] "CONNECT xinpian.xinpiangongfang.com:443:443 HTTP/1.1" 400 -
159.89.136.33 - - [19/Aug/2023:04:32:51 +0000] "CONNECT 51.79.243.160:443:443 HTTP/1.1" 400 -
159.89.136.29 - - [19/Aug/2023:04:32:52 +0000] "CONNECT lo88.org:443:443 HTTP/1.1" 400 -
138.197.28.9 - - [19/Aug/2023:04:33:38 +0000] "CONNECT play.rikvip.net:443:443 HTTP/1.1" 400 -
159.89.136.33 - - [19/Aug/2023:04:33:39 +0000] "CONNECT 51.79.243.160:443:443 HTTP/1.1" 400 -
159.89.136.33 - - [19/Aug/2023:04:33:39 +0000] "CONNECT 51.79.243.160:443:443 HTTP/1.1" 400 -
159.89.143.238 - - [19/Aug/2023:04:33:40 +0000] "CONNECT vnew88.com:443:443 HTTP/1.1" 400 -
159.89.143.238 - - [19/Aug/2023:04:33:54 +0000] "CONNECT vnew88.com:443:443 HTTP/1.1" 400 -
138.197.28.9 - - [19/Aug/2023:04:33:59 +0000] "CONNECT play.rikvip.net:443:443 HTTP/1.1" 400 -
159.89.136.29 - - [19/Aug/2023:04:34:00 +0000] "CONNECT test.lo88.org:443:443 HTTP/1.1" 400 -
159.89.143.238 - - [19/Aug/2023:04:34:26 +0000] "CONNECT vnew88.com:443:443 HTTP/1.1" 400 -
159.89.136.29 - - [19/Aug/2023:04:34:35 +0000] "CONNECT jokercard.net:443:443 HTTP/1.1" 400 -
159.89.136.29 - - [19/Aug/2023:04:34:48 +0000] "CONNECT jokercard.net:443:443 HTTP/1.1" 400 -
138.197.28.9 - - [19/Aug/2023:04:34:51 +0000] "CONNECT play.rikvip.net:443:443 HTTP/1.1" 400 -
159.89.143.238 - - [19/Aug/2023:04:35:06 +0000] "CONNECT lo88.org:443:443 HTTP/1.1" 400 -
159.89.136.33 - - [19/Aug/2023:04:35:09 +0000] "CONNECT 51.79.243.160:443:443 HTTP/1.1" 400 -
159.89.136.33 - - [19/Aug/2023:04:35:27 +0000] "CONNECT 51.79.243.160:443:443 HTTP/1.1" 400 -
159.89.136.29 - - [19/Aug/2023:04:35:35 +0000] "CONNECT nham24.com:443:443 HTTP/1.1" 400 -
159.89.136.29 - - [19/Aug/2023:04:36:06 +0000] "CONNECT k9win.agency:443:443 HTTP/1.1" 400 -
159.89.143.238 - - [19/Aug/2023:04:36:10 +0000] "CONNECT jokercard.net:443:443 HTTP/1.1" 400 -
159.89.136.29 - - [19/Aug/2023:04:36:12 +0000] "CONNECT jokercard.net:443:443 HTTP/1.1" 400 -
159.89.143.238 - - [19/Aug/2023:04:36:25 +0000] "CONNECT vnew88.com:443:443 HTTP/1.1" 400 -
159.89.136.33 - - [19/Aug/2023:04:36:31 +0000] "CONNECT 51.79.243.160:443:443 HTTP/1.1" 400 -
159.89.143.238 - - [19/Aug/2023:04:36:42 +0000] "CONNECT vnew88.com:443:443 HTTP/1.1" 400 -
159.89.136.33 - - [19/Aug/2023:04:36:49 +0000] "CONNECT 51.79.243.160:443:443 HTTP/1.1" 400 -
159.89.143.238 - - [19/Aug/2023:04:36:50 +0000] "CONNECT vnew88.com:443:443 HTTP/1.1" 400 -
138.197.28.9 - - [19/Aug/2023:04:36:59 +0000] "CONNECT play.rikvip.net:443:443 HTTP/1.1" 400 -
159.89.143.238 - - [19/Aug/2023:04:37:03 +0000] "CONNECT vnew88.com:443:443 HTTP/1.1" 400 -
159.89.143.238 - - [19/Aug/2023:04:37:30 +0000] "CONNECT vnew88.com:443:443 HTTP/1.1" 400 -
159.89.143.238 - - [19/Aug/2023:04:37:32 +0000] "CONNECT vnew88.com:443:443 HTTP/1.1" 400 -
159.89.136.33 - - [19/Aug/2023:04:37:41 +0000] "CONNECT 51.79.243.160:443:443 HTTP/1.1" 400 -
159.89.143.238 - - [19/Aug/2023:04:37:56 +0000] "CONNECT vnew88.com:443:443 HTTP/1.1" 400 -
159.89.143.238 - - [19/Aug/2023:04:38:16 +0000] "CONNECT jokercard.net:443:443 HTTP/1.1" 400 -
159.89.136.29 - - [19/Aug/2023:04:38:22 +0000] "CONNECT lo88.org:443:443 HTTP/1.1" 400 -
159.89.136.29 - - [19/Aug/2023:04:38:39 +0000] "CONNECT www.hobba.tv:443:443 HTTP/1.1" 400 -
159.89.136.29 - - [19/Aug/2023:04:38:40 +0000] "CONNECT www.hobba.tv:443:443 HTTP/1.1" 400 -
159.89.143.238 - - [19/Aug/2023:04:39:16 +0000] "CONNECT vnew88.com:443:443 HTTP/1.1" 400 -
159.89.136.29 - - [19/Aug/2023:04:39:25 +0000] "CONNECT k9win.agency:443:443 HTTP/1.1" 400 -
159.89.143.238 - - [19/Aug/2023:04:40:05 +0000] "CONNECT vnew88.com:443:443 HTTP/1.1" 400 -
159.89.143.238 - - [19/Aug/2023:04:40:15 +0000] "CONNECT jokercard.net:443:443 HTTP/1.1" 400 -
159.89.136.29 - - [19/Aug/2023:04:40:16 +0000] "CONNECT sumvip3.club:443:443 HTTP/1.1" 400 -
159.89.143.238 - - [19/Aug/2023:04:40:21 +0000] "CONNECT test.lo88.org:443:443 HTTP/1.1" 400 -
159.89.143.238 - - [19/Aug/2023:04:40:22 +0000] "CONNECT jokercard.net:443:443 HTTP/1.1" 400 -
159.89.136.33 - - [19/Aug/2023:04:40:34 +0000] "CONNECT 51.79.243.160:443:443 HTTP/1.1" 400 -
159.89.136.29 - - [19/Aug/2023:04:40:46 +0000] "CONNECT jokercard.net:443:443 HTTP/1.1" 400 -
159.89.136.33 - - [19/Aug/2023:04:40:57 +0000] "CONNECT 51.79.243.160:443:443 HTTP/1.1" 400 -
159.89.143.238 - - [19/Aug/2023:04:41:15 +0000] "CONNECT vnew88.com:443:443 HTTP/1.1" 400 -
159.89.143.238 - - [19/Aug/2023:04:41:20 +0000] "CONNECT vnew88.com:443:443 HTTP/1.1" 400 -
138.197.28.9 - - [19/Aug/2023:04:41:22 +0000] "CONNECT play.rikvip.net:443:443 HTTP/1.1" 400 -
159.89.136.29 - - [19/Aug/2023:04:41:24 +0000] "CONNECT lo88.org:443:443 HTTP/1.1" 400 -
159.89.143.238 - - [19/Aug/2023:04:41:45 +0000] "CONNECT vnew88.com:443:443 HTTP/1.1" 400 -
159.89.136.29 - - [19/Aug/2023:04:41:49 +0000] "CONNECT developer.paypal.com:443:443 HTTP/1.1" 400 -
159.89.136.29 - - [19/Aug/2023:04:41:50 +0000] "CONNECT jokercard.net:443:443 HTTP/1.1" 400 -
138.197.28.9 - - [19/Aug/2023:04:41:54 +0000] "CONNECT play.rikvip.net:443:443 HTTP/1.1" 400 -
138.197.28.9 - - [19/Aug/2023:04:41:59 +0000] "CONNECT play.rikvip.net:443:443 HTTP/1.1" 400 -
159.89.136.29 - - [19/Aug/2023:04:41:59 +0000] "CONNECT jokercard.net:443:443 HTTP/1.1" 400 -
159.89.143.238 - - [19/Aug/2023:04:42:11 +0000] "CONNECT vnew88.com:443:443 HTTP/1.1" 400 -
159.89.143.238 - - [19/Aug/2023:04:42:49 +0000] "CONNECT vnew88.com:443:443 HTTP/1.1" 400 -
159.89.136.29 - - [19/Aug/2023:04:43:14 +0000] "CONNECT jokercard.net:443:443 HTTP/1.1" 400 -
159.89.136.29 - - [19/Aug/2023:04:43:17 +0000] "CONNECT sumvip3.club:443:443 HTTP/1.1" 400 -
138.197.28.9 - - [19/Aug/2023:04:43:24 +0000] "CONNECT play.rikvip.net:443:443 HTTP/1.1" 400 -
159.89.136.33 - - [19/Aug/2023:04:43:24 +0000] "CONNECT 51.79.243.160:443:443 HTTP/1.1" 400 -
159.89.136.29 - - [19/Aug/2023:04:43:37 +0000] "CONNECT lo88.org:443:443 HTTP/1.1" 400 -
159.89.143.238 - - [19/Aug/2023:04:43:43 +0000] "CONNECT null:443:443 HTTP/1.1" 400 -
159.89.136.33 - - [19/Aug/2023:04:43:48 +0000] "CONNECT 51.79.243.160:443:443 HTTP/1.1" 400 -
138.197.28.9 - - [19/Aug/2023:04:43:57 +0000] "CONNECT play.rikvip.net:443:443 HTTP/1.1" 400 -
159.89.136.29 - - [19/Aug/2023:04:44:13 +0000] "CONNECT null:443:443 HTTP/1.1" 400 -
159.89.136.33 - - [19/Aug/2023:04:44:15 +0000] "CONNECT 51.79.243.160:443:443 HTTP/1.1" 400 -
138.197.28.9 - - [19/Aug/2023:04:44:21 +0000] "CONNECT play.rikvip.net:443:443 HTTP/1.1" 400 -
138.197.28.9 - - [19/Aug/2023:04:44:23 +0000] "CONNECT play.rikvip.net:443:443 HTTP/1.1" 400 -
159.89.136.29 - - [19/Aug/2023:04:45:00 +0000] "CONNECT jokercard.net:443:443 HTTP/1.1" 400 -
159.89.136.29 - - [19/Aug/2023:04:45:02 +0000] "CONNECT web.rubika.ir:443:443 HTTP/1.1" 400 -
159.89.143.238 - - [19/Aug/2023:04:45:12 +0000] "CONNECT lo88.org:443:443 HTTP/1.1" 400 -
159.89.136.29 - - [19/Aug/2023:04:45:19 +0000] "CONNECT lo88.org:443:443 HTTP/1.1" 400 -
159.89.136.29 - - [19/Aug/2023:04:45:45 +0000] "CONNECT sunipstresser.com:443:443 HTTP/1.1" 400 -
138.197.28.9 - - [19/Aug/2023:04:45:47 +0000] "CONNECT play.rikvip.net:443:443 HTTP/1.1" 400 -
159.89.136.29 - - [19/Aug/2023:04:45:58 +0000] "CONNECT jokercard.net:443:443 HTTP/1.1" 400 -
159.89.136.33 - - [19/Aug/2023:04:46:00 +0000] "CONNECT 51.79.243.160:443:443 HTTP/1.1" 400 -
159.89.136.29 - - [19/Aug/2023:04:46:03 +0000] "CONNECT booboo.cc:443:443 HTTP/1.1" 400 -
159.89.136.33 - - [19/Aug/2023:04:46:08 +0000] "CONNECT 51.79.243.160:443:443 HTTP/1.1" 400 -
138.197.28.9 - - [19/Aug/2023:04:46:09 +0000] "CONNECT play.rikvip.net:443:443 HTTP/1.1" 400 -
159.89.136.29 - - [19/Aug/2023:04:46:25 +0000] "CONNECT web.rubika.ir:443:443 HTTP/1.1" 400 -
159.89.143.238 - - [19/Aug/2023:04:46:32 +0000] "CONNECT sumvip3.club:443:443 HTTP/1.1" 400 -
138.197.28.9 - - [19/Aug/2023:04:46:46 +0000] "CONNECT play.rikvip.net:443:443 HTTP/1.1" 400 -
159.89.136.29 - - [19/Aug/2023:04:47:18 +0000] "CONNECT sumvip3.club:443:443 HTTP/1.1" 400 -
159.89.143.238 - - [19/Aug/2023:04:47:24 +0000] "CONNECT k9win.agency:443:443 HTTP/1.1" 400 -
159.89.136.29 - - [19/Aug/2023:04:47:33 +0000] "CONNECT coccoc.com:443:443 HTTP/1.1" 400 -
159.89.136.29 - - [19/Aug/2023:04:47:56 +0000] "CONNECT test.lo88.org:443:443 HTTP/1.1" 400 -
159.89.136.29 - - [19/Aug/2023:04:48:44 +0000] "CONNECT sumvip3.club:443:443 HTTP/1.1" 400 -
159.89.143.238 - - [19/Aug/2023:04:48:45 +0000] "CONNECT poki.com:443:443 HTTP/1.1" 400 -
159.89.136.29 - - [19/Aug/2023:04:48:50 +0000] "CONNECT sumvip3.club:443:443 HTTP/1.1" 400 -
159.89.136.29 - - [19/Aug/2023:04:49:48 +0000] "CONNECT sumvip3.club:443:443 HTTP/1.1" 400 -
138.197.28.9 - - [19/Aug/2023:04:50:00 +0000] "CONNECT play.rikvip.net:443:443 HTTP/1.1" 400 -
159.89.136.33 - - [19/Aug/2023:04:50:10 +0000] "CONNECT 51.79.243.160:443:443 HTTP/1.1" 400 -
159.89.136.29 - - [19/Aug/2023:04:50:17 +0000] "CONNECT k9win.agency:443:443 HTTP/1.1" 400 -
159.89.136.33 - - [19/Aug/2023:04:50:21 +0000] "CONNECT 51.79.243.160:443:443 HTTP/1.1" 400 -
159.89.143.238 - - [19/Aug/2023:04:50:45 +0000] "CONNECT eveil-arg.com:443:443 HTTP/1.1" 400 -
159.89.136.33 - - [19/Aug/2023:04:50:46 +0000] "CONNECT 51.79.243.160:443:443 HTTP/1.1" 400 -
159.89.136.29 - - [19/Aug/2023:04:50:53 +0000] "CONNECT lo88.org:443:443 HTTP/1.1" 400 -
159.89.143.238 - - [19/Aug/2023:04:51:33 +0000] "CONNECT k9win.agency:443:443 HTTP/1.1" 400 -
159.89.143.238 - - [19/Aug/2023:04:51:38 +0000] "CONNECT test.lo88.org:443:443 HTTP/1.1" 400 -
159.89.136.29 - - [19/Aug/2023:04:51:46 +0000] "CONNECT www.stiamadani.ac.id:443:443 HTTP/1.1" 400 -
159.89.136.29 - - [19/Aug/2023:04:51:52 +0000] "CONNECT test.lo88.org:443:443 HTTP/1.1" 400 -
159.89.136.29 - - [19/Aug/2023:04:51:57 +0000] "CONNECT k9win.agency:443:443 HTTP/1.1" 400 -
159.89.136.29 - - [19/Aug/2023:04:52:11 +0000] "CONNECT shinyo.adina.com.vn:443:443 HTTP/1.1" 400 -
138.197.28.9 - - [19/Aug/2023:04:52:43 +0000] "CONNECT play.rikvip.net:443:443 HTTP/1.1" 400 -
159.89.136.29 - - [19/Aug/2023:04:53:01 +0000] "CONNECT phonixsms.com:443:443 HTTP/1.1" 400 -
159.89.136.29 - - [19/Aug/2023:04:53:08 +0000] "CONNECT k9win.agency:443:443 HTTP/1.1" 400 -
138.197.28.9 - - [19/Aug/2023:04:53:17 +0000] "CONNECT play.rikvip.net:443:443 HTTP/1.1" 400 -
159.89.136.29 - - [19/Aug/2023:04:53:20 +0000] "CONNECT sumvip3.club:443:443 HTTP/1.1" 400 -
159.89.143.238 - - [19/Aug/2023:04:53:26 +0000] "CONNECT lo88.org:443:443 HTTP/1.1" 400 -
159.89.143.238 - - [19/Aug/2023:04:53:34 +0000] "CONNECT phonixsms.com:443:443 HTTP/1.1" 400 -
159.89.136.29 - - [19/Aug/2023:04:53:35 +0000] "CONNECT phonixsms.com:443:443 HTTP/1.1" 400 -
159.89.136.29 - - [19/Aug/2023:04:53:49 +0000] "CONNECT sumvip3.club:443:443 HTTP/1.1" 400 -
159.89.136.33 - - [19/Aug/2023:04:53:59 +0000] "CONNECT 51.79.243.160:443:443 HTTP/1.1" 400 -
138.197.28.9 - - [19/Aug/2023:04:54:45 +0000] "CONNECT play.rikvip.net:443:443 HTTP/1.1" 400 -
159.89.143.238 - - [19/Aug/2023:04:54:46 +0000] "CONNECT phonixsms.com:443:443 HTTP/1.1" 400 -
138.197.28.9 - - [19/Aug/2023:04:54:48 +0000] "CONNECT play.rikvip.net:443:443 HTTP/1.1" 400 -
159.89.136.29 - - [19/Aug/2023:04:54:54 +0000] "CONNECT sumvip3.club:443:443 HTTP/1.1" 400 -
159.89.143.238 - - [19/Aug/2023:04:54:59 +0000] "CONNECT phonixsms.com:443:443 HTTP/1.1" 400 -
159.89.143.238 - - [19/Aug/2023:04:55:16 +0000] "CONNECT lo88.org:443:443 HTTP/1.1" 400 -
138.197.28.9 - - [19/Aug/2023:04:55:52 +0000] "CONNECT play.rikvip.net:443:443 HTTP/1.1" 400 -
159.89.136.29 - - [19/Aug/2023:04:56:05 +0000] "CONNECT test.lo88.org:443:443 HTTP/1.1" 400 -
159.89.136.29 - - [19/Aug/2023:04:56:37 +0000] "CONNECT lo88.org:443:443 HTTP/1.1" 400 -
159.89.136.29 - - [19/Aug/2023:04:56:37 +0000] "CONNECT lo88.org:443:443 HTTP/1.1" 400 -
138.197.28.9 - - [19/Aug/2023:04:56:52 +0000] "CONNECT play.rikvip.net:443:443 HTTP/1.1" 400 -
159.89.143.238 - - [19/Aug/2023:04:57:13 +0000] "CONNECT k9win.agency:443:443 HTTP/1.1" 400 -
159.89.143.238 - - [19/Aug/2023:04:57:20 +0000] "CONNECT test.lo88.org:443:443 HTTP/1.1" 400 -
138.197.28.9 - - [19/Aug/2023:04:57:24 +0000] "CONNECT play.rikvip.net:443:443 HTTP/1.1" 400 -
159.89.136.29 - - [19/Aug/2023:04:57:32 +0000] "CONNECT lo88.org:443:443 HTTP/1.1" 400 -
159.89.143.238 - - [19/Aug/2023:04:57:52 +0000] "CONNECT sumvip3.club:443:443 HTTP/1.1" 400 -
159.89.143.238 - - [19/Aug/2023:04:58:05 +0000] "CONNECT test.lo88.org:443:443 HTTP/1.1" 400 -
159.89.143.238 - - [19/Aug/2023:04:58:09 +0000] "CONNECT sumvip3.club:443:443 HTTP/1.1" 400 -
159.89.136.29 - - [19/Aug/2023:04:58:16 +0000] "CONNECT test.lo88.org:443:443 HTTP/1.1" 400 -
159.89.136.29 - - [19/Aug/2023:04:58:51 +0000] "CONNECT lo88.org:443:443 HTTP/1.1" 400 -
159.89.143.238 - - [19/Aug/2023:04:58:53 +0000] "CONNECT sumvip3.club:443:443 HTTP/1.1" 400 -
138.197.28.9 - - [19/Aug/2023:04:59:15 +0000] "CONNECT play.rikvip.net:443:443 HTTP/1.1" 400 -
138.197.28.9 - - [19/Aug/2023:04:59:22 +0000] "CONNECT play.rikvip.net:443:443 HTTP/1.1" 400 -
138.197.28.9 - - [19/Aug/2023:04:59:37 +0000] "CONNECT play.rikvip.net:443:443 HTTP/1.1" 400 -
159.89.136.29 - - [19/Aug/2023:04:59:38 +0000] "CONNECT lo88.org:443:443 HTTP/1.1" 400 -
159.89.136.29 - - [19/Aug/2023:04:59:45 +0000] "CONNECT lo88.org:443:443 HTTP/1.1" 400 -
138.197.28.9 - - [19/Aug/2023:04:59:51 +0000] "CONNECT play.rikvip.net:443:443 HTTP/1.1" 400 -
138.197.28.9 - - [19/Aug/2023:04:59:52 +0000] "CONNECT play.rikvip.net:443:443 HTTP/1.1" 400 -
138.197.28.9 - - [19/Aug/2023:04:59:54 +0000] "CONNECT play.rikvip.net:443:443 HTTP/1.1" 400 -
159.89.136.29 - - [19/Aug/2023:05:00:02 +0000] "CONNECT jokercard.net:443:443 HTTP/1.1" 400 -
159.89.143.238 - - [19/Aug/2023:05:00:10 +0000] "CONNECT lo88.org:443:443 HTTP/1.1" 400 -
159.89.136.29 - - [19/Aug/2023:05:00:12 +0000] "CONNECT test.lo88.org:443:443 HTTP/1.1" 400 -
159.89.136.29 - - [19/Aug/2023:05:00:17 +0000] "CONNECT lo88.org:443:443 HTTP/1.1" 400 -
159.89.136.29 - - [19/Aug/2023:05:00:34 +0000] "CONNECT shop2fa.com:443:443 HTTP/1.1" 400 -
159.89.136.29 - - [19/Aug/2023:05:00:35 +0000] "CONNECT test.lo88.org:443:443 HTTP/1.1" 400 -
159.89.136.33 - - [19/Aug/2023:05:00:39 +0000] "CONNECT 51.79.243.160:443:443 HTTP/1.1" 400 -
159.89.136.29 - - [19/Aug/2023:05:00:51 +0000] "CONNECT lo88.org:443:443 HTTP/1.1" 400 -
159.89.136.33 - - [19/Aug/2023:05:00:52 +0000] "CONNECT 51.79.243.160:443:443 HTTP/1.1" 400 -
159.89.136.33 - - [19/Aug/2023:05:00:58 +0000] "CONNECT 51.79.243.160:443:443 HTTP/1.1" 400 -
159.89.136.29 - - [19/Aug/2023:05:01:37 +0000] "CONNECT lo88.org:443:443 HTTP/1.1" 400 -
159.89.143.238 - - [19/Aug/2023:05:02:16 +0000] "CONNECT test.lo88.org:443:443 HTTP/1.1" 400 -
198.98.58.175 - - [19/Aug/2023:05:02:35 +0000] "CONNECT ip138.com:443 HTTP/1.1" 400 -
159.89.136.33 - - [19/Aug/2023:05:02:37 +0000] "CONNECT 51.79.243.160:443:443 HTTP/1.1" 400 -
159.89.136.29 - - [19/Aug/2023:05:02:52 +0000] "CONNECT jokercard.net:443:443 HTTP/1.1" 400 -
159.89.136.29 - - [19/Aug/2023:05:03:04 +0000] "CONNECT k9win.agency:443:443 HTTP/1.1" 400 -
159.89.136.29 - - [19/Aug/2023:05:03:12 +0000] "CONNECT lo88.org:443:443 HTTP/1.1" 400 -
159.89.136.29 - - [19/Aug/2023:05:04:04 +0000] "CONNECT www.wish.com:443:443 HTTP/1.1" 400 -
159.89.143.238 - - [19/Aug/2023:05:04:45 +0000] "CONNECT sumvip3.club:443:443 HTTP/1.1" 400 -
159.89.136.29 - - [19/Aug/2023:05:04:57 +0000] "CONNECT sumvip3.club:443:443 HTTP/1.1" 400 -
159.89.136.29 - - [19/Aug/2023:05:05:11 +0000] "CONNECT www.flightradar24.com:443:443 HTTP/1.1" 400 -
159.89.136.33 - - [19/Aug/2023:05:05:22 +0000] "CONNECT 51.79.243.160:443:443 HTTP/1.1" 400 -
159.89.136.33 - - [19/Aug/2023:05:05:23 +0000] "CONNECT 51.79.243.160:443:443 HTTP/1.1" 400 -
159.89.143.238 - - [19/Aug/2023:05:05:28 +0000] "CONNECT sumvip3.club:443:443 HTTP/1.1" 400 -
159.89.143.238 - - [19/Aug/2023:05:05:31 +0000] "CONNECT test.lo88.org:443:443 HTTP/1.1" 400 -
159.89.136.33 - - [19/Aug/2023:05:05:41 +0000] "CONNECT 51.79.243.160:443:443 HTTP/1.1" 400 -
159.89.143.238 - - [19/Aug/2023:05:05:42 +0000] "CONNECT test.lo88.org:443:443 HTTP/1.1" 400 -
159.89.136.29 - - [19/Aug/2023:05:05:43 +0000] "CONNECT sumvip3.club:443:443 HTTP/1.1" 400 -
159.89.143.238 - - [19/Aug/2023:05:05:45 +0000] "CONNECT test.lo88.org:443:443 HTTP/1.1" 400 -
159.89.136.33 - - [19/Aug/2023:05:06:01 +0000] "CONNECT 51.79.243.160:443:443 HTTP/1.1" 400 -
138.197.28.9 - - [19/Aug/2023:05:06:02 +0000] "CONNECT play.rikvip.net:443:443 HTTP/1.1" 400 -
138.197.28.9 - - [19/Aug/2023:05:06:16 +0000] "CONNECT play.rikvip.net:443:443 HTTP/1.1" 400 -
159.89.136.29 - - [19/Aug/2023:05:06:30 +0000] "CONNECT sumvip3.club:443:443 HTTP/1.1" 400 -
159.89.136.29 - - [19/Aug/2023:05:06:40 +0000] "CONNECT k9win.agency:443:443 HTTP/1.1" 400 -
159.89.136.29 - - [19/Aug/2023:05:06:45 +0000] "CONNECT sumvip3.club:443:443 HTTP/1.1" 400 -
159.89.136.29 - - [19/Aug/2023:05:06:58 +0000] "CONNECT jokercard.net:443:443 HTTP/1.1" 400 -
138.197.28.9 - - [19/Aug/2023:05:07:05 +0000] "CONNECT play.rikvip.net:443:443 HTTP/1.1" 400 -
159.89.143.238 - - [19/Aug/2023:05:07:07 +0000] "CONNECT test.lo88.org:443:443 HTTP/1.1" 400 -
159.89.136.29 - - [19/Aug/2023:05:07:11 +0000] "CONNECT jokercard.net:443:443 HTTP/1.1" 400 -
159.89.136.29 - - [19/Aug/2023:05:07:31 +0000] "CONNECT lo88.org:443:443 HTTP/1.1" 400 -
159.89.143.238 - - [19/Aug/2023:05:07:35 +0000] "CONNECT jokercard.net:443:443 HTTP/1.1" 400 -
159.89.143.238 - - [19/Aug/2023:05:07:36 +0000] "CONNECT k9win.agency:443:443 HTTP/1.1" 400 -
138.197.28.9 - - [19/Aug/2023:05:07:41 +0000] "CONNECT play.rikvip.net:443:443 HTTP/1.1" 400 -
159.89.136.33 - - [19/Aug/2023:05:08:12 +0000] "CONNECT 51.79.243.160:443:443 HTTP/1.1" 400 -
159.89.136.29 - - [19/Aug/2023:05:08:14 +0000] "CONNECT eveil-arg.com:443:443 HTTP/1.1" 400 -
159.89.136.29 - - [19/Aug/2023:05:09:22 +0000] "CONNECT sumvip3.club:443:443 HTTP/1.1" 400 -
159.89.136.29 - - [19/Aug/2023:05:09:30 +0000] "CONNECT k9win.agency:443:443 HTTP/1.1" 400 -
159.89.143.238 - - [19/Aug/2023:05:09:31 +0000] "CONNECT lo88.org:443:443 HTTP/1.1" 400 -
159.89.136.29 - - [19/Aug/2023:05:09:50 +0000] "CONNECT sumvip3.club:443:443 HTTP/1.1" 400 -
138.197.28.9 - - [19/Aug/2023:05:10:01 +0000] "CONNECT play.rikvip.net:443:443 HTTP/1.1" 400 -
159.89.136.29 - - [19/Aug/2023:05:10:03 +0000] "CONNECT jokercard.net:443:443 HTTP/1.1" 400 -
159.89.143.238 - - [19/Aug/2023:05:10:22 +0000] "CONNECT lo88.org:443:443 HTTP/1.1" 400 -
159.89.136.33 - - [19/Aug/2023:05:10:22 +0000] "CONNECT 51.79.243.160:443:443 HTTP/1.1" 400 -
159.89.136.33 - - [19/Aug/2023:05:10:33 +0000] "CONNECT 51.79.243.160:443:443 HTTP/1.1" 400 -
159.89.136.33 - - [19/Aug/2023:05:10:34 +0000] "CONNECT 51.79.243.160:443:443 HTTP/1.1" 400 -
159.89.136.29 - - [19/Aug/2023:05:10:58 +0000] "CONNECT feds.rip:443:443 HTTP/1.1" 400 -
159.89.136.33 - - [19/Aug/2023:05:10:58 +0000] "CONNECT 51.79.243.160:443:443 HTTP/1.1" 400 -
159.89.136.33 - - [19/Aug/2023:05:11:00 +0000] "CONNECT 51.79.243.160:443:443 HTTP/1.1" 400 -
159.89.136.29 - - [19/Aug/2023:05:11:26 +0000] "CONNECT k9win.agency:443:443 HTTP/1.1" 400 -
159.89.136.33 - - [19/Aug/2023:05:11:39 +0000] "CONNECT 51.79.243.160:443:443 HTTP/1.1" 400 -
159.89.143.238 - - [19/Aug/2023:05:11:46 +0000] "CONNECT test.lo88.org:443:443 HTTP/1.1" 400 -
159.89.136.29 - - [19/Aug/2023:05:11:53 +0000] "CONNECT sumvip3.club:443:443 HTTP/1.1" 400 -
159.89.143.238 - - [19/Aug/2023:05:12:09 +0000] "CONNECT jokercard.net:443:443 HTTP/1.1" 400 -
159.89.136.29 - - [19/Aug/2023:05:12:23 +0000] "CONNECT sumvip3.club:443:443 HTTP/1.1" 400 -
159.89.143.238 - - [19/Aug/2023:05:12:25 +0000] "CONNECT jokercard.net:443:443 HTTP/1.1" 400 -
159.89.136.29 - - [19/Aug/2023:05:12:25 +0000] "CONNECT lo88.org:443:443 HTTP/1.1" 400 -
159.89.143.238 - - [19/Aug/2023:05:12:35 +0000] "CONNECT nguyennhatbaoan.tk:443:443 HTTP/1.1" 400 -
138.197.28.9 - - [19/Aug/2023:05:12:41 +0000] "CONNECT play.rikvip.net:443:443 HTTP/1.1" 400 -
159.89.136.33 - - [19/Aug/2023:05:12:55 +0000] "CONNECT 51.79.243.160:443:443 HTTP/1.1" 400 -
159.89.143.238 - - [19/Aug/2023:05:13:03 +0000] "CONNECT www.codashop.com:443:443 HTTP/1.1" 400 -
159.89.136.29 - - [19/Aug/2023:05:13:11 +0000] "CONNECT nguyennhatbaoan.tk:443:443 HTTP/1.1" 400 -
159.89.136.29 - - [19/Aug/2023:05:13:11 +0000] "CONNECT nguyennhatbaoan.tk:443:443 HTTP/1.1" 400 -
159.89.136.29 - - [19/Aug/2023:05:14:03 +0000] "CONNECT lo88.org:443:443 HTTP/1.1" 400 -
159.89.143.238 - - [19/Aug/2023:05:14:14 +0000] "CONNECT sumvip3.club:443:443 HTTP/1.1" 400 -
138.197.28.9 - - [19/Aug/2023:05:14:54 +0000] "CONNECT play.rikvip.net:443:443 HTTP/1.1" 400 -
159.89.136.29 - - [19/Aug/2023:05:14:55 +0000] "CONNECT sumvip3.club:443:443 HTTP/1.1" 400 -
138.197.28.9 - - [19/Aug/2023:05:14:58 +0000] "CONNECT play.rikvip.net:443:443 HTTP/1.1" 400 -
159.89.136.29 - - [19/Aug/2023:05:15:29 +0000] "CONNECT k9win.agency:443:443 HTTP/1.1" 400 -
159.89.136.29 - - [19/Aug/2023:05:15:31 +0000] "CONNECT sumvip3.club:443:443 HTTP/1.1" 400 -
159.89.136.29 - - [19/Aug/2023:05:15:41 +0000] "CONNECT k9win.agency:443:443 HTTP/1.1" 400 -
159.89.136.33 - - [19/Aug/2023:05:15:45 +0000] "CONNECT 51.79.243.160:443:443 HTTP/1.1" 400 -
138.197.28.9 - - [19/Aug/2023:05:16:18 +0000] "CONNECT play.rikvip.net:443:443 HTTP/1.1" 400 -
159.89.143.238 - - [19/Aug/2023:05:16:35 +0000] "CONNECT stargate.cam:443:443 HTTP/1.1" 400 -
159.89.136.29 - - [19/Aug/2023:05:16:35 +0000] "CONNECT k9win.agency:443:443 HTTP/1.1" 400 -
138.197.28.9 - - [19/Aug/2023:05:16:50 +0000] "CONNECT play.rikvip.net:443:443 HTTP/1.1" 400 -
159.89.143.238 - - [19/Aug/2023:05:16:52 +0000] "CONNECT stargate.cam:443:443 HTTP/1.1" 400 -
159.89.136.33 - - [19/Aug/2023:05:16:58 +0000] "CONNECT 51.79.243.160:443:443 HTTP/1.1" 400 -
159.89.136.29 - - [19/Aug/2023:05:17:03 +0000] "CONNECT dream88.me:443:443 HTTP/1.1" 400 -
159.89.136.29 - - [19/Aug/2023:05:17:04 +0000] "CONNECT k9win.agency:443:443 HTTP/1.1" 400 -
159.89.136.29 - - [19/Aug/2023:05:17:06 +0000] "CONNECT sumvip3.club:443:443 HTTP/1.1" 400 -
138.197.28.9 - - [19/Aug/2023:05:17:08 +0000] "CONNECT play.rikvip.net:443:443 HTTP/1.1" 400 -
159.89.136.33 - - [19/Aug/2023:05:17:19 +0000] "CONNECT 51.79.243.160:443:443 HTTP/1.1" 400 -
138.197.28.9 - - [19/Aug/2023:05:17:34 +0000] "CONNECT play.rikvip.net:443:443 HTTP/1.1" 400 -
159.89.136.29 - - [19/Aug/2023:05:17:39 +0000] "CONNECT k9win.agency:443:443 HTTP/1.1" 400 -
159.89.143.238 - - [19/Aug/2023:05:17:47 +0000] "CONNECT 45.88.228.202:30120:443:443 HTTP/1.1" 400 -
159.89.136.33 - - [19/Aug/2023:05:18:22 +0000] "CONNECT 51.79.243.160:443:443 HTTP/1.1" 400 -
138.197.28.9 - - [19/Aug/2023:05:18:33 +0000] "CONNECT play.rikvip.net:443:443 HTTP/1.1" 400 -
159.89.136.33 - - [19/Aug/2023:05:18:45 +0000] "CONNECT 51.79.243.160:443:443 HTTP/1.1" 400 -
138.197.28.9 - - [19/Aug/2023:05:18:49 +0000] "CONNECT play.rikvip.net:443:443 HTTP/1.1" 400 -
159.89.136.33 - - [19/Aug/2023:05:19:02 +0000] "CONNECT 51.79.243.160:443:443 HTTP/1.1" 400 -
159.89.143.238 - - [19/Aug/2023:05:19:38 +0000] "CONNECT k2tor.at:443:443 HTTP/1.1" 400 -
159.89.136.29 - - [19/Aug/2023:05:19:48 +0000] "CONNECT www.stiamadani.ac.id:443:443 HTTP/1.1" 400 -
138.197.28.9 - - [19/Aug/2023:05:19:56 +0000] "CONNECT play.rikvip.net:443:443 HTTP/1.1" 400 -
159.89.136.33 - - [19/Aug/2023:05:20:06 +0000] "CONNECT 51.79.243.160:443:443 HTTP/1.1" 400 -
159.89.136.29 - - [19/Aug/2023:05:20:22 +0000] "CONNECT lo88.org:443:443 HTTP/1.1" 400 -
159.89.136.33 - - [19/Aug/2023:05:20:22 +0000] "CONNECT 51.79.243.160:443:443 HTTP/1.1" 400 -
159.89.136.29 - - [19/Aug/2023:05:20:27 +0000] "CONNECT 45.88.228.202:30120:443:443 HTTP/1.1" 400 -
159.89.136.33 - - [19/Aug/2023:05:20:39 +0000] "CONNECT 51.79.243.160:443:443 HTTP/1.1" 400 -
159.89.136.29 - - [19/Aug/2023:05:20:39 +0000] "CONNECT 45.88.228.202:30120:443:443 HTTP/1.1" 400 -
159.89.143.238 - - [19/Aug/2023:05:21:20 +0000] "CONNECT test.lo88.org:443:443 HTTP/1.1" 400 -
159.89.136.33 - - [19/Aug/2023:05:21:48 +0000] "CONNECT 51.79.243.160:443:443 HTTP/1.1" 400 -
159.89.143.238 - - [19/Aug/2023:05:21:50 +0000] "CONNECT dream88.me:443:443 HTTP/1.1" 400 -
159.89.136.29 - - [19/Aug/2023:05:22:02 +0000] "CONNECT lo88.org:443:443 HTTP/1.1" 400 -
138.197.28.9 - - [19/Aug/2023:05:22:17 +0000] "CONNECT play.rikvip.net:443:443 HTTP/1.1" 400 -
159.89.136.29 - - [19/Aug/2023:05:22:55 +0000] "CONNECT k9win.agency:443:443 HTTP/1.1" 400 -
159.89.143.238 - - [19/Aug/2023:05:23:06 +0000] "CONNECT k9win.agency:443:443 HTTP/1.1" 400 -
159.89.136.33 - - [19/Aug/2023:05:23:09 +0000] "CONNECT 51.79.243.160:443:443 HTTP/1.1" 400 -
159.89.136.29 - - [19/Aug/2023:05:23:15 +0000] "CONNECT www.stiamadani.ac.id:443:443 HTTP/1.1" 400 -
159.89.136.29 - - [19/Aug/2023:05:23:16 +0000] "CONNECT www.stiamadani.ac.id:443:443 HTTP/1.1" 400 -
159.89.143.238 - - [19/Aug/2023:05:23:33 +0000] "CONNECT k9win.agency:443:443 HTTP/1.1" 400 -
159.89.143.238 - - [19/Aug/2023:05:23:46 +0000] "CONNECT www.stiamadani.ac.id:443:443 HTTP/1.1" 400 -
159.89.136.29 - - [19/Aug/2023:05:24:06 +0000] "CONNECT k9win.agency:443:443 HTTP/1.1" 400 -
159.89.143.238 - - [19/Aug/2023:05:25:11 +0000] "CONNECT sumvip3.club:443:443 HTTP/1.1" 400 -
159.89.136.33 - - [19/Aug/2023:05:25:18 +0000] "CONNECT 51.79.243.160:443:443 HTTP/1.1" 400 -
159.89.136.33 - - [19/Aug/2023:05:25:19 +0000] "CONNECT 51.79.243.160:443:443 HTTP/1.1" 400 -
138.197.28.9 - - [19/Aug/2023:05:25:37 +0000] "CONNECT play.rikvip.net:443:443 HTTP/1.1" 400 -
159.89.136.29 - - [19/Aug/2023:05:25:41 +0000] "CONNECT 198.251.82.233:30170:443:443 HTTP/1.1" 400 -
159.89.136.29 - - [19/Aug/2023:05:25:46 +0000] "CONNECT k9win.agency:443:443 HTTP/1.1" 400 -
159.89.136.29 - - [19/Aug/2023:05:25:49 +0000] "CONNECT sumvip3.club:443:443 HTTP/1.1" 400 -
159.89.136.29 - - [19/Aug/2023:05:25:50 +0000] "CONNECT sumvip3.club:443:443 HTTP/1.1" 400 -
159.89.136.29 - - [19/Aug/2023:05:25:53 +0000] "CONNECT 198.251.82.233:30170:443:443 HTTP/1.1" 400 -
159.89.136.33 - - [19/Aug/2023:05:25:59 +0000] "CONNECT 51.79.243.160:443:443 HTTP/1.1" 400 -
138.197.28.9 - - [19/Aug/2023:05:25:59 +0000] "CONNECT play.rikvip.net:443:443 HTTP/1.1" 400 -
159.89.136.33 - - [19/Aug/2023:05:26:03 +0000] "CONNECT 51.79.243.160:443:443 HTTP/1.1" 400 -
159.89.136.29 - - [19/Aug/2023:05:26:46 +0000] "CONNECT k9win.agency:443:443 HTTP/1.1" 400 -
159.89.143.238 - - [19/Aug/2023:05:26:57 +0000] "CONNECT test.lo88.org:443:443 HTTP/1.1" 400 -
159.89.136.29 - - [19/Aug/2023:05:27:01 +0000] "CONNECT test.lo88.org:443:443 HTTP/1.1" 400 -
159.89.136.29 - - [19/Aug/2023:05:27:24 +0000] "CONNECT k9win.agency:443:443 HTTP/1.1" 400 -
159.89.136.29 - - [19/Aug/2023:05:27:32 +0000] "CONNECT sumvip3.club:443:443 HTTP/1.1" 400 -
159.89.136.29 - - [19/Aug/2023:05:27:35 +0000] "CONNECT jokercard.net:443:443 HTTP/1.1" 400 -
159.89.143.238 - - [19/Aug/2023:05:27:53 +0000] "CONNECT psychocoding.net:443:443 HTTP/1.1" 400 -
138.197.28.9 - - [19/Aug/2023:05:28:09 +0000] "CONNECT play.rikvip.net:443:443 HTTP/1.1" 400 -
159.89.136.29 - - [19/Aug/2023:05:28:20 +0000] "CONNECT coccoc.com:443:443 HTTP/1.1" 400 -
159.89.136.29 - - [19/Aug/2023:05:28:31 +0000] "CONNECT 198.251.82.233:30170:443:443 HTTP/1.1" 400 -
159.89.136.29 - - [19/Aug/2023:05:28:39 +0000] "CONNECT sumvip3.club:443:443 HTTP/1.1" 400 -
159.89.136.29 - - [19/Aug/2023:05:28:43 +0000] "CONNECT 198.251.82.233:30170:443:443 HTTP/1.1" 400 -
159.89.143.238 - - [19/Aug/2023:05:28:54 +0000] "CONNECT 198.251.82.233:30170:443:443 HTTP/1.1" 400 -
138.197.28.9 - - [19/Aug/2023:05:29:51 +0000] "CONNECT play.rikvip.net:443:443 HTTP/1.1" 400 -
159.89.143.238 - - [19/Aug/2023:05:30:18 +0000] "CONNECT 198.251.82.233:30170:443:443 HTTP/1.1" 400 -
159.89.136.33 - - [19/Aug/2023:05:30:26 +0000] "CONNECT 51.79.243.160:443:443 HTTP/1.1" 400 -
138.197.28.9 - - [19/Aug/2023:05:30:38 +0000] "CONNECT play.rikvip.net:443:443 HTTP/1.1" 400 -
159.89.143.238 - - [19/Aug/2023:05:30:49 +0000] "CONNECT k9win.agency:443:443 HTTP/1.1" 400 -
159.89.136.29 - - [19/Aug/2023:05:30:50 +0000] "CONNECT jokercard.net:443:443 HTTP/1.1" 400 -
159.89.136.29 - - [19/Aug/2023:05:31:10 +0000] "CONNECT jokercard.net:443:443 HTTP/1.1" 400 -
159.89.136.29 - - [19/Aug/2023:05:31:33 +0000] "CONNECT www.stiamadani.ac.id:443:443 HTTP/1.1" 400 -
138.197.28.9 - - [19/Aug/2023:05:31:33 +0000] "CONNECT play.rikvip.net:443:443 HTTP/1.1" 400 -
159.89.136.29 - - [19/Aug/2023:05:31:36 +0000] "CONNECT k9win.agency:443:443 HTTP/1.1" 400 -
159.89.136.29 - - [19/Aug/2023:05:31:42 +0000] "CONNECT www.stiamadani.ac.id:443:443 HTTP/1.1" 400 -
138.197.28.9 - - [19/Aug/2023:05:31:52 +0000] "CONNECT play.rikvip.net:443:443 HTTP/1.1" 400 -
159.89.136.29 - - [19/Aug/2023:05:32:23 +0000] "CONNECT test.lo88.org:443:443 HTTP/1.1" 400 -
159.89.136.33 - - [19/Aug/2023:05:32:24 +0000] "CONNECT 51.79.243.160:443:443 HTTP/1.1" 400 -
159.89.136.29 - - [19/Aug/2023:05:32:25 +0000] "CONNECT jokercard.net:443:443 HTTP/1.1" 400 -
138.197.28.9 - - [19/Aug/2023:05:32:26 +0000] "CONNECT play.rikvip.net:443:443 HTTP/1.1" 400 -
159.89.136.33 - - [19/Aug/2023:05:32:35 +0000] "CONNECT 51.79.243.160:443:443 HTTP/1.1" 400 -
138.197.28.9 - - [19/Aug/2023:05:32:52 +0000] "CONNECT play.rikvip.net:443:443 HTTP/1.1" 400 -
159.89.136.29 - - [19/Aug/2023:05:32:56 +0000] "CONNECT www.stiamadani.ac.id:443:443 HTTP/1.1" 400 -
138.197.28.9 - - [19/Aug/2023:05:32:59 +0000] "CONNECT play.rikvip.net:443:443 HTTP/1.1" 400 -
138.197.28.9 - - [19/Aug/2023:05:33:14 +0000] "CONNECT play.rikvip.net:443:443 HTTP/1.1" 400 -
138.197.28.9 - - [19/Aug/2023:05:33:15 +0000] "CONNECT play.rikvip.net:443:443 HTTP/1.1" 400 -
138.197.28.9 - - [19/Aug/2023:05:33:19 +0000] "CONNECT play.rikvip.net:443:443 HTTP/1.1" 400 -
138.197.28.9 - - [19/Aug/2023:05:33:30 +0000] "CONNECT play.rikvip.net:443:443 HTTP/1.1" 400 -
159.89.136.29 - - [19/Aug/2023:05:34:05 +0000] "CONNECT k9win.agency:443:443 HTTP/1.1" 400 -
159.89.143.238 - - [19/Aug/2023:05:34:41 +0000] "CONNECT jokercard.net:443:443 HTTP/1.1" 400 -
159.89.136.29 - - [19/Aug/2023:05:34:42 +0000] "CONNECT test.lo88.org:443:443 HTTP/1.1" 400 -
138.197.28.9 - - [19/Aug/2023:05:34:47 +0000] "CONNECT play.rikvip.net:443:443 HTTP/1.1" 400 -
159.89.143.238 - - [19/Aug/2023:05:34:48 +0000] "CONNECT sumvip3.club:443:443 HTTP/1.1" 400 -
159.89.136.29 - - [19/Aug/2023:05:34:50 +0000] "CONNECT test.lo88.org:443:443 HTTP/1.1" 400 -
138.197.28.9 - - [19/Aug/2023:05:34:54 +0000] "CONNECT play.rikvip.net:443:443 HTTP/1.1" 400 -
159.89.136.33 - - [19/Aug/2023:05:35:11 +0000] "CONNECT 51.79.243.160:443:443 HTTP/1.1" 400 -
159.89.143.238 - - [19/Aug/2023:05:35:13 +0000] "CONNECT k9win.agency:443:443 HTTP/1.1" 400 -
138.197.28.9 - - [19/Aug/2023:05:35:46 +0000] "CONNECT play.rikvip.net:443:443 HTTP/1.1" 400 -
159.89.143.238 - - [19/Aug/2023:05:36:28 +0000] "CONNECT sumvip3.club:443:443 HTTP/1.1" 400 -
159.89.143.238 - - [19/Aug/2023:05:36:38 +0000] "CONNECT jokercard.net:443:443 HTTP/1.1" 400 -
